#
# There is insufficient memory for the Java Runtime Environment to continue.
# Native memory allocation (malloc) failed to allocate 32744 bytes. Error detail: Chunk::new
# Possible reasons:
#   The system is out of physical RAM or swap space
#   This process is running with CompressedOops enabled, and the Java Heap may be blocking the growth of the native heap
# Possible solutions:
#   Reduce memory load on the system
#   Increase physical memory or swap space
#   Check if swap backing store is full
#   Decrease Java heap size (-Xmx/-Xms)
#   Decrease number of Java threads
#   Decrease Java thread stack sizes (-Xss)
#   Set larger code cache with -XX:ReservedCodeCacheSize=
#   JVM is running with Unscaled Compressed Oops mode in which the Java heap is
#     placed in the first 4GB address space. The Java Heap base address is the
#     maximum limit for the native heap growth. Please use -XX:HeapBaseMinAddress
#     to set the Java Heap base and to place the Java Heap above 4GB virtual address.
# This output file may be truncated or incomplete.
#
#  Out of Memory Error (arena.cpp:168), pid=18244, tid=3432
#
# JRE version: OpenJDK Runtime Environment Temurin-21.0.12.1+1 (21.0.12.1+1) (build 21.0.12.1+1-LTS)
# Java VM: OpenJDK 64-Bit Server VM Temurin-21.0.12.1+1 (21.0.12.1+1-LTS, mixed mode, sharing, tiered, compressed oops, compressed class ptrs, g1 gc, windows-amd64)
# No core dump will be written. Minidumps are not enabled by default on client versions of Windows
#

---------------  S U M M A R Y ------------

Command Line: --add-opens=java.base/java.util=ALL-UNNAMED --add-opens=java.base/java.lang=ALL-UNNAMED --add-opens=java.base/java.lang.invoke=ALL-UNNAMED --add-opens=java.prefs/java.util.prefs=ALL-UNNAMED --add-exports=jdk.compiler/com.sun.tools.javac.api=ALL-UNNAMED --add-exports=jdk.compiler/com.sun.tools.javac.util=ALL-UNNAMED --add-opens=java.base/java.nio.charset=ALL-UNNAMED --add-opens=java.base/java.net=ALL-UNNAMED --add-opens=java.base/java.util.concurrent.atomic=ALL-UNNAMED -Xmx2048m -Dfile.encoding=UTF-8 -Duser.country=ZA -Duser.language=en -Duser.variant -javaagent:C:\Users\nhlan\.gradle\wrapper\dists\gradle-8.9-bin\90cnw93cvbtalezasaz0blq0a\gradle-8.9\lib\agents\gradle-instrumentation-agent-8.9.jar org.gradle.launcher.daemon.bootstrap.GradleDaemon 8.9

Host: 11th Gen Intel(R) Core(TM) i5-1135G7 @ 2.40GHz, 8 cores, 7G,  Windows 11 , 64 bit Build 26100 (10.0.26100.9444)
Time: Wed Sep 30 04:49:37 2026 South Africa Standard Time elapsed time: 1027.235118 seconds (0d 0h 17m 7s)

---------------  T H R E A D  ---------------

Current thread (0x0000018c79b70080):  JavaThread "C2 CompilerThread0" daemon [_thread_in_native, id=3432, stack(0x0000005479800000,0x0000005479900000) (1024K)]


Current CompileTask:
C2:1027235 13311       4       sun.nio.fs.WindowsPathParser::parse (504 bytes)

Stack: [0x0000005479800000,0x0000005479900000]
Native frames: (J=compiled Java code, j=interpreted, Vv=VM code, C=native code)
V  [jvm.dll+0x6d83e9]
V  [jvm.dll+0x8b5736]
V  [jvm.dll+0x8b7cee]
V  [jvm.dll+0x8b83d3]
V  [jvm.dll+0x284596]
V  [jvm.dll+0xc685d]
V  [jvm.dll+0xc6da1]
V  [jvm.dll+0xc6985]
V  [jvm.dll+0x89f18c]
V  [jvm.dll+0x2543f3]
V  [jvm.dll+0x6fdc47]
V  [jvm.dll+0x24baa7]
V  [jvm.dll+0x1cb4ae]
V  [jvm.dll+0x25baad]
V  [jvm.dll+0x25a03a]
V  [jvm.dll+0x3f8aae]
V  [jvm.dll+0x8600cd]
V  [jvm.dll+0x6d6c1d]
C  [ucrtbase.dll+0x2cd30]
C  [KERNEL32.DLL+0x2cd87]
C  [ntdll.dll+0xacaec]


---------------  P R O C E S S  ---------------

Threads class SMR info:
_java_thread_list=0x0000018c51b69770, length=151, elements={
0x0000018c6edd1d80, 0x0000018c79619310, 0x0000018c7961aa90, 0x0000018c7961c210,
0x0000018c7961cc70, 0x0000018c7961d6d0, 0x0000018c7961e130, 0x0000018c79b70080,
0x0000018c79b849a0, 0x0000018c79d743d0, 0x0000018c79dd7a40, 0x0000018c7eb675d0,
0x0000018c7f213a70, 0x0000018c7f22b7a0, 0x0000018c7f7a2500, 0x0000018c7f79f080,
0x0000018c7f7a17e0, 0x0000018c7f7a3220, 0x0000018c7f7a3f40, 0x0000018c7f7a1150,
0x0000018c7f7a52f0, 0x0000018c7f7a6010, 0x0000018c521e6d70, 0x0000018c521e6050,
0x0000018c521e7400, 0x0000018c79f197a0, 0x0000018c79f19e30, 0x0000018c53cf0510,
0x0000018c53cf1230, 0x0000018c53cef7f0, 0x0000018c7f79f710, 0x0000018c79f1ab50,
0x0000018c521eb5a0, 0x0000018c521ecfe0, 0x0000018c79f17d60, 0x0000018c79f17040,
0x0000018c79f183f0, 0x0000018c79f176d0, 0x0000018c79f15c90, 0x0000018c79f16320,
0x0000018c79f1b1e0, 0x0000018c53cf3300, 0x0000018c53cf4020, 0x0000018c7f7a2b90,
0x0000018c7f506ad0, 0x0000018c7f505090, 0x0000018c7f5077f0, 0x0000018c7f504370,
0x0000018c7f504a00, 0x0000018c7f50ac70, 0x0000018c7f5098c0, 0x0000018c7f508ba0,
0x0000018c51649350, 0x0000018c5164ce60, 0x0000018c516499e0, 0x0000018c5164db80,
0x0000018c5164e8a0, 0x0000018c5164ef30, 0x0000018c5164bab0, 0x0000018c5164fc50,
0x0000018c5164f5c0, 0x0000018c79bcd0d0, 0x0000018c79bcca40, 0x0000018c79bca2e0,
0x0000018c79bc9c50, 0x0000018c79bca970, 0x0000018c79bcb000, 0x0000018c79bcbd20,
0x0000018c79bcb690, 0x0000018c52f5b8e0, 0x0000018c52f59ea0, 0x0000018c52f58460,
0x0000018c52f59810, 0x0000018c52f5b250, 0x0000018c52f59180, 0x0000018c52f5a530,
0x0000018c52f58af0, 0x0000018c52f5d320, 0x0000018c52f5c600, 0x0000018c52f5bf70,
0x0000018c52f5cc90, 0x0000018c52f5e040, 0x0000018c52f5d9b0, 0x0000018c52f5abc0,
0x0000018c52f5e6d0, 0x0000018c52f5ed60, 0x0000018c52f5f3f0, 0x0000018c52f5fa80,
0x0000018c7f505720, 0x0000018c7f503ce0, 0x0000018c7f507e80, 0x0000018c7f508510,
0x0000018c7f505db0, 0x0000018c7f506440, 0x0000018c7f509f50, 0x0000018c7f509230,
0x0000018c7f50a5e0, 0x0000018c7f507160, 0x0000018c7f50b300, 0x0000018c5164b420,
0x0000018c5164c140, 0x0000018c51648cc0, 0x0000018c5164d4f0, 0x0000018c5164a070,
0x0000018c5164c7d0, 0x0000018c5164a700, 0x0000018c5164e210, 0x0000018c5164ad90,
0x0000018c516502e0, 0x0000018c53cf3990, 0x0000018c53cf2c70, 0x0000018c53cf4d40,
0x0000018c53cf53d0, 0x0000018c53cf46b0, 0x0000018c7f7a38b0, 0x0000018c7f7a0430,
0x0000018c7f7a5980, 0x0000018c7f7a45d0, 0x0000018c7f7a4c60, 0x0000018c79f18a80,
0x0000018c79f1c590, 0x0000018c79f19110, 0x0000018c79f1d2b0, 0x0000018c521e9b60,
0x0000018c79bcc3b0, 0x0000018c545a36c0, 0x0000018c545a3d50, 0x0000018c545a0f60,
0x0000018c545a08d0, 0x0000018c545a4a70, 0x0000018c545a43e0, 0x0000018c545a2310,
0x0000018c545a15f0, 0x0000018c545a29a0, 0x0000018c545a1c80, 0x0000018c545a5100,
0x0000018c545a5790, 0x0000018c545a64b0, 0x0000018c545a5e20, 0x0000018c545a3030,
0x0000018c545a6b40, 0x0000018c545a71d0, 0x0000018c545a7860, 0x0000018c545a7ef0,
0x0000018c51c73930, 0x0000018c51c72c10, 0x0000018c51c75370, 0x0000018c51c74ce0,
0x0000018c51c732a0, 0x0000018c51c72580, 0x0000018c51c76090
}

Java Threads: ( => current thread )
  0x0000018c6edd1d80 JavaThread "main"                              [_thread_blocked, id=5748, stack(0x0000005478a00000,0x0000005478b00000) (1024K)]
  0x0000018c79619310 JavaThread "Reference Handler"          daemon [_thread_blocked, id=20916, stack(0x0000005479200000,0x0000005479300000) (1024K)]
  0x0000018c7961aa90 JavaThread "Finalizer"                  daemon [_thread_blocked, id=26632, stack(0x0000005479300000,0x0000005479400000) (1024K)]
  0x0000018c7961c210 JavaThread "Signal Dispatcher"          daemon [_thread_blocked, id=43428, stack(0x0000005479400000,0x0000005479500000) (1024K)]
  0x0000018c7961cc70 JavaThread "Attach Listener"            daemon [_thread_blocked, id=20748, stack(0x0000005479500000,0x0000005479600000) (1024K)]
  0x0000018c7961d6d0 JavaThread "Service Thread"             daemon [_thread_blocked, id=8064, stack(0x0000005479600000,0x0000005479700000) (1024K)]
  0x0000018c7961e130 JavaThread "Monitor Deflation Thread"   daemon [_thread_blocked, id=44072, stack(0x0000005479700000,0x0000005479800000) (1024K)]
=>0x0000018c79b70080 JavaThread "C2 CompilerThread0"         daemon [_thread_in_native, id=3432, stack(0x0000005479800000,0x0000005479900000) (1024K)]
  0x0000018c79b849a0 JavaThread "C1 CompilerThread0"         daemon [_thread_blocked, id=43396, stack(0x0000005479900000,0x0000005479a00000) (1024K)]
  0x0000018c79d743d0 JavaThread "Common-Cleaner"             daemon [_thread_blocked, id=30548, stack(0x0000005479a00000,0x0000005479b00000) (1024K)]
  0x0000018c79dd7a40 JavaThread "Notification Thread"        daemon [_thread_blocked, id=35972, stack(0x0000005479b00000,0x0000005479c00000) (1024K)]
  0x0000018c7eb675d0 JavaThread "Daemon health stats"               [_thread_blocked, id=44000, stack(0x000000547a000000,0x000000547a100000) (1024K)]
  0x0000018c7f213a70 JavaThread "Incoming local TCP Connector on port 63113"        [_thread_in_native, id=15648, stack(0x000000547a100000,0x000000547a200000) (1024K)]
  0x0000018c7f22b7a0 JavaThread "Daemon periodic checks"            [_thread_blocked, id=39104, stack(0x000000547a200000,0x000000547a300000) (1024K)]
  0x0000018c7f7a2500 JavaThread "Cache worker for journal cache (C:\Users\nhlan\.gradle\caches\journal-1)"        [_thread_blocked, id=24496, stack(0x000000547ad00000,0x000000547ae00000) (1024K)]
  0x0000018c7f79f080 JavaThread "File lock request listener"        [_thread_in_native, id=31456, stack(0x000000547ae00000,0x000000547af00000) (1024K)]
  0x0000018c7f7a17e0 JavaThread "Cache worker for file hash cache (C:\Users\nhlan\.gradle\caches\8.9\fileHashes)"        [_thread_blocked, id=29716, stack(0x000000547af00000,0x000000547b000000) (1024K)]
  0x0000018c7f7a3220 JavaThread "File watcher server"        daemon [_thread_in_native, id=44272, stack(0x000000547b500000,0x000000547b600000) (1024K)]
  0x0000018c7f7a3f40 JavaThread "File watcher consumer"      daemon [_thread_blocked, id=30424, stack(0x000000547b600000,0x000000547b700000) (1024K)]
  0x0000018c7f7a1150 JavaThread "Cache worker for file content cache (C:\Users\nhlan\.gradle\caches\8.9\fileContent)"        [_thread_blocked, id=41160, stack(0x000000547b700000,0x000000547b800000) (1024K)]
  0x0000018c7f7a52f0 JavaThread "jar transforms"                    [_thread_blocked, id=39120, stack(0x000000547b900000,0x000000547ba00000) (1024K)]
  0x0000018c7f7a6010 JavaThread "jar transforms Thread 2"           [_thread_blocked, id=23000, stack(0x000000547bb00000,0x000000547bc00000) (1024K)]
  0x0000018c521e6d70 JavaThread "jar transforms Thread 3"           [_thread_blocked, id=34540, stack(0x000000547bc00000,0x000000547bd00000) (1024K)]
  0x0000018c521e6050 JavaThread "jar transforms Thread 4"           [_thread_blocked, id=15104, stack(0x000000547bd00000,0x000000547be00000) (1024K)]
  0x0000018c521e7400 JavaThread "jar transforms Thread 5"           [_thread_blocked, id=29860, stack(0x000000547be00000,0x000000547bf00000) (1024K)]
  0x0000018c79f197a0 JavaThread "jar transforms Thread 6"           [_thread_blocked, id=29472, stack(0x000000547d500000,0x000000547d600000) (1024K)]
  0x0000018c79f19e30 JavaThread "jar transforms Thread 7"           [_thread_blocked, id=26516, stack(0x000000547d600000,0x000000547d700000) (1024K)]
  0x0000018c53cf0510 JavaThread "Memory manager"                    [_thread_blocked, id=28048, stack(0x000000547d700000,0x000000547d800000) (1024K)]
  0x0000018c53cf1230 JavaThread "jar transforms Thread 8"           [_thread_blocked, id=9712, stack(0x000000547d800000,0x000000547d900000) (1024K)]
  0x0000018c53cef7f0 JavaThread "pool-3-thread-1"                   [_thread_blocked, id=9248, stack(0x000000547d900000,0x000000547da00000) (1024K)]
  0x0000018c7f79f710 JavaThread "pool-6-thread-1"                   [_thread_blocked, id=12548, stack(0x000000547ca00000,0x000000547cb00000) (1024K)]
  0x0000018c79f1ab50 JavaThread "pool-9-thread-1"                   [_thread_blocked, id=20052, stack(0x000000547ce00000,0x000000547cf00000) (1024K)]
  0x0000018c521eb5a0 JavaThread "Daemon Thread 3"                   [_thread_blocked, id=45040, stack(0x0000005478600000,0x0000005478700000) (1024K)]
  0x0000018c521ecfe0 JavaThread "Daemon Thread 4"                   [_thread_blocked, id=15012, stack(0x0000005478700000,0x0000005478800000) (1024K)]
  0x0000018c79f17d60 JavaThread "Daemon Thread 5"                   [_thread_blocked, id=26204, stack(0x000000547a400000,0x000000547a500000) (1024K)]
  0x0000018c79f17040 JavaThread "Daemon Thread 6"                   [_thread_blocked, id=34860, stack(0x000000547a500000,0x000000547a600000) (1024K)]
  0x0000018c79f183f0 JavaThread "Handler for socket connection from /127.0.0.1:63113 to /127.0.0.1:17518"        [_thread_in_native, id=30856, stack(0x000000547a600000,0x000000547a700000) (1024K)]
  0x0000018c79f176d0 JavaThread "Daemon Thread 7"                   [_thread_blocked, id=9576, stack(0x000000547a700000,0x000000547a800000) (1024K)]
  0x0000018c79f15c90 JavaThread "Daemon Thread 8"                   [_thread_blocked, id=30920, stack(0x000000547b000000,0x000000547b100000) (1024K)]
  0x0000018c79f16320 JavaThread "Daemon Thread 9"                   [_thread_blocked, id=6016, stack(0x000000547b100000,0x000000547b200000) (1024K)]
  0x0000018c79f1b1e0 JavaThread "Daemon Thread 10"                  [_thread_blocked, id=8632, stack(0x000000547b800000,0x000000547b900000) (1024K)]
  0x0000018c53cf3300 JavaThread "Daemon Thread 11"                  [_thread_blocked, id=8148, stack(0x000000547bf00000,0x000000547c000000) (1024K)]
  0x0000018c53cf4020 JavaThread "Cancel handler"                    [_thread_blocked, id=2376, stack(0x000000547c300000,0x000000547c400000) (1024K)]
  0x0000018c7f7a2b90 JavaThread "Daemon Thread 12"                  [_thread_blocked, id=13484, stack(0x000000547c800000,0x000000547c900000) (1024K)]
  0x0000018c7f506ad0 JavaThread "Daemon Thread 13"                  [_thread_blocked, id=34132, stack(0x000000547cc00000,0x000000547cd00000) (1024K)]
  0x0000018c7f505090 JavaThread "Daemon Thread 14"                  [_thread_blocked, id=21996, stack(0x000000547d000000,0x000000547d100000) (1024K)]
  0x0000018c7f5077f0 JavaThread "Daemon Thread 15"                  [_thread_blocked, id=31024, stack(0x000000547d400000,0x000000547d500000) (1024K)]
  0x0000018c7f504370 JavaThread "Daemon Thread 16"                  [_thread_blocked, id=9508, stack(0x000000547da00000,0x000000547db00000) (1024K)]
  0x0000018c7f504a00 JavaThread "Daemon Thread 17"                  [_thread_blocked, id=37468, stack(0x000000547dc00000,0x000000547dd00000) (1024K)]
  0x0000018c7f50ac70 JavaThread "Daemon Thread 18"                  [_thread_blocked, id=17156, stack(0x000000547dd00000,0x000000547de00000) (1024K)]
  0x0000018c7f5098c0 JavaThread "Daemon Thread 19"                  [_thread_blocked, id=19380, stack(0x000000547e000000,0x000000547e100000) (1024K)]
  0x0000018c7f508ba0 JavaThread "Daemon Thread 20"                  [_thread_blocked, id=6004, stack(0x000000547e200000,0x000000547e300000) (1024K)]
  0x0000018c51649350 JavaThread "Daemon Thread 21"                  [_thread_blocked, id=37360, stack(0x000000547e500000,0x000000547e600000) (1024K)]
  0x0000018c5164ce60 JavaThread "Daemon worker Thread 3"            [_thread_in_Java, id=17140, stack(0x000000547e800000,0x000000547e900000) (1024K)]
  0x0000018c516499e0 JavaThread "Daemon Thread 22"                  [_thread_blocked, id=21956, stack(0x000000547ea00000,0x000000547eb00000) (1024K)]
  0x0000018c5164db80 JavaThread "Daemon Thread 23"                  [_thread_blocked, id=21980, stack(0x000000547ef00000,0x000000547f000000) (1024K)]
  0x0000018c5164e8a0 JavaThread "Daemon Thread 24"                  [_thread_blocked, id=39384, stack(0x000000547f200000,0x000000547f300000) (1024K)]
  0x0000018c5164ef30 JavaThread "Handler for socket connection from /127.0.0.1:63113 to /127.0.0.1:17537"        [_thread_in_native, id=38744, stack(0x000000547f300000,0x000000547f400000) (1024K)]
  0x0000018c5164bab0 JavaThread "Handler for socket connection from /127.0.0.1:63113 to /127.0.0.1:17538"        [_thread_in_native, id=4492, stack(0x000000547f400000,0x000000547f500000) (1024K)]
  0x0000018c5164fc50 JavaThread "VFS cleanup Thread 3"              [_thread_blocked, id=28136, stack(0x000000547f500000,0x000000547f600000) (1024K)]
  0x0000018c5164f5c0 JavaThread "VFS cleanup Thread 5"              [_thread_blocked, id=40276, stack(0x000000547f600000,0x000000547f700000) (1024K)]
  0x0000018c79bcd0d0 JavaThread "VFS cleanup Thread 19"             [_thread_blocked, id=20128, stack(0x000000547f900000,0x000000547fa00000) (1024K)]
  0x0000018c79bcca40 JavaThread "VFS cleanup Thread 7"              [_thread_blocked, id=36344, stack(0x000000547fa00000,0x000000547fb00000) (1024K)]
  0x0000018c79bca2e0 JavaThread "VFS cleanup Thread 8"              [_thread_blocked, id=40916, stack(0x000000547fb00000,0x000000547fc00000) (1024K)]
  0x0000018c79bc9c50 JavaThread "VFS cleanup Thread 9"              [_thread_blocked, id=13080, stack(0x000000547fc00000,0x000000547fd00000) (1024K)]
  0x0000018c79bca970 JavaThread "VFS cleanup Thread 10"             [_thread_blocked, id=32472, stack(0x000000547fd00000,0x000000547fe00000) (1024K)]
  0x0000018c79bcb000 JavaThread "VFS cleanup Thread 11"             [_thread_in_Java, id=21976, stack(0x000000547fe00000,0x000000547ff00000) (1024K)]
  0x0000018c79bcbd20 JavaThread "VFS cleanup Thread 12"             [_thread_blocked, id=33432, stack(0x000000547ff00000,0x0000005480000000) (1024K)]
  0x0000018c79bcb690 JavaThread "VFS cleanup Thread 4"              [_thread_blocked, id=24500, stack(0x0000005400000000,0x0000005400100000) (1024K)]
  0x0000018c52f5b8e0 JavaThread "VFS cleanup Thread 14"             [_thread_blocked, id=29328, stack(0x0000005400100000,0x0000005400200000) (1024K)]
  0x0000018c52f59ea0 JavaThread "VFS cleanup Thread 15"             [_thread_blocked, id=37584, stack(0x0000005400200000,0x0000005400300000) (1024K)]
  0x0000018c52f58460 JavaThread "VFS cleanup Thread 16"             [_thread_blocked, id=38136, stack(0x0000005400300000,0x0000005400400000) (1024K)]
  0x0000018c52f59810 JavaThread "VFS cleanup Thread 18"             [_thread_blocked, id=23888, stack(0x0000005400400000,0x0000005400500000) (1024K)]
  0x0000018c52f5b250 JavaThread "VFS cleanup Thread 17"             [_thread_blocked, id=36560, stack(0x0000005400500000,0x0000005400600000) (1024K)]
  0x0000018c52f59180 JavaThread "VFS cleanup Thread 6"              [_thread_blocked, id=1736, stack(0x0000005400600000,0x0000005400700000) (1024K)]
  0x0000018c52f5a530 JavaThread "VFS cleanup Thread 20"             [_thread_blocked, id=30272, stack(0x0000005400700000,0x0000005400800000) (1024K)]
  0x0000018c52f58af0 JavaThread "VFS cleanup Thread 13"             [_thread_blocked, id=21820, stack(0x0000005400800000,0x0000005400900000) (1024K)]
  0x0000018c52f5d320 JavaThread "VFS cleanup Thread 21"             [_thread_blocked, id=18168, stack(0x0000005400900000,0x0000005400a00000) (1024K)]
  0x0000018c52f5c600 JavaThread "Cancel handler"                    [_thread_blocked, id=17396, stack(0x0000005400a00000,0x0000005400b00000) (1024K)]
  0x0000018c52f5bf70 JavaThread "Handler for socket connection from /127.0.0.1:63113 to /127.0.0.1:17539"        [_thread_in_native, id=22016, stack(0x0000005400b00000,0x0000005400c00000) (1024K)]
  0x0000018c52f5cc90 JavaThread "Handler for socket connection from /127.0.0.1:63113 to /127.0.0.1:17540"        [_thread_in_native, id=14332, stack(0x0000005400c00000,0x0000005400d00000) (1024K)]
  0x0000018c52f5e040 JavaThread "Cancel handler"                    [_thread_blocked, id=10708, stack(0x0000005400d00000,0x0000005400e00000) (1024K)]
  0x0000018c52f5d9b0 JavaThread "Cancel handler"                    [_thread_blocked, id=34404, stack(0x0000005400e00000,0x0000005400f00000) (1024K)]
  0x0000018c52f5abc0 JavaThread "Handler for socket connection from /127.0.0.1:63113 to /127.0.0.1:17541"        [_thread_in_native, id=44316, stack(0x0000005400f00000,0x0000005401000000) (1024K)]
  0x0000018c52f5e6d0 JavaThread "Cancel handler"                    [_thread_blocked, id=20620, stack(0x0000005401000000,0x0000005401100000) (1024K)]
  0x0000018c52f5ed60 JavaThread "Handler for socket connection from /127.0.0.1:63113 to /127.0.0.1:17542"        [_thread_in_native, id=1616, stack(0x0000005401100000,0x0000005401200000) (1024K)]
  0x0000018c52f5f3f0 JavaThread "Asynchronous log dispatcher for DefaultDaemonConnection: socket connection from /127.0.0.1:63113 to /127.0.0.1:17518"        [_thread_blocked, id=42612, stack(0x0000005401200000,0x0000005401300000) (1024K)]
  0x0000018c52f5fa80 JavaThread "Cancel handler"                    [_thread_blocked, id=22376, stack(0x0000005401300000,0x0000005401400000) (1024K)]
  0x0000018c7f505720 JavaThread "Cancel handler"                    [_thread_blocked, id=13076, stack(0x0000005401400000,0x0000005401500000) (1024K)]
  0x0000018c7f503ce0 JavaThread "Handler for socket connection from /127.0.0.1:63113 to /127.0.0.1:17543"        [_thread_in_native, id=42308, stack(0x0000005401500000,0x0000005401600000) (1024K)]
  0x0000018c7f507e80 JavaThread "Stdin handler"                     [_thread_blocked, id=31868, stack(0x0000005401600000,0x0000005401700000) (1024K)]
  0x0000018c7f508510 JavaThread "Handler for socket connection from /127.0.0.1:63113 to /127.0.0.1:17544"        [_thread_in_native, id=22360, stack(0x0000005401700000,0x0000005401800000) (1024K)]
  0x0000018c7f505db0 JavaThread "Cancel handler"                    [_thread_blocked, id=42500, stack(0x0000005401800000,0x0000005401900000) (1024K)]
  0x0000018c7f506440 JavaThread "Daemon client event forwarder"        [_thread_blocked, id=18452, stack(0x0000005401900000,0x0000005401a00000) (1024K)]
  0x0000018c7f509f50 JavaThread "Handler for socket connection from /127.0.0.1:63113 to /127.0.0.1:17545"        [_thread_in_native, id=40388, stack(0x0000005401a00000,0x0000005401b00000) (1024K)]
  0x0000018c7f509230 JavaThread "Cancel handler"                    [_thread_blocked, id=34060, stack(0x0000005401b00000,0x0000005401c00000) (1024K)]
  0x0000018c7f50a5e0 JavaThread "Handler for socket connection from /127.0.0.1:63113 to /127.0.0.1:17546"        [_thread_in_native, id=24664, stack(0x0000005401c00000,0x0000005401d00000) (1024K)]
  0x0000018c7f507160 JavaThread "Cancel handler"                    [_thread_blocked, id=34876, stack(0x0000005401d00000,0x0000005401e00000) (1024K)]
  0x0000018c7f50b300 JavaThread "Handler for socket connection from /127.0.0.1:63113 to /127.0.0.1:17547"        [_thread_in_native, id=29756, stack(0x0000005401e00000,0x0000005401f00000) (1024K)]
  0x0000018c5164b420 JavaThread "Handler for socket connection from /127.0.0.1:63113 to /127.0.0.1:17548"        [_thread_in_native, id=44924, stack(0x0000005401f00000,0x0000005402000000) (1024K)]
  0x0000018c5164c140 JavaThread "Cancel handler"                    [_thread_blocked, id=14780, stack(0x0000005402000000,0x0000005402100000) (1024K)]
  0x0000018c51648cc0 JavaThread "Cancel handler"                    [_thread_blocked, id=18504, stack(0x0000005402100000,0x0000005402200000) (1024K)]
  0x0000018c5164d4f0 JavaThread "Handler for socket connection from /127.0.0.1:63113 to /127.0.0.1:17549"        [_thread_in_native, id=42264, stack(0x0000005402200000,0x0000005402300000) (1024K)]
  0x0000018c5164a070 JavaThread "Cancel handler"                    [_thread_blocked, id=34864, stack(0x0000005402300000,0x0000005402400000) (1024K)]
  0x0000018c5164c7d0 JavaThread "Handler for socket connection from /127.0.0.1:63113 to /127.0.0.1:17550"        [_thread_in_native, id=26332, stack(0x0000005402400000,0x0000005402500000) (1024K)]
  0x0000018c5164a700 JavaThread "Cancel handler"                    [_thread_blocked, id=28332, stack(0x0000005402500000,0x0000005402600000) (1024K)]
  0x0000018c5164e210 JavaThread "Handler for socket connection from /127.0.0.1:63113 to /127.0.0.1:17551"        [_thread_in_native, id=17124, stack(0x0000005402600000,0x0000005402700000) (1024K)]
  0x0000018c5164ad90 JavaThread "Cancel handler"                    [_thread_blocked, id=30400, stack(0x0000005402700000,0x0000005402800000) (1024K)]
  0x0000018c516502e0 JavaThread "Cancel handler"                    [_thread_blocked, id=23784, stack(0x0000005402800000,0x0000005402900000) (1024K)]
  0x0000018c53cf3990 JavaThread "Handler for socket connection from /127.0.0.1:63113 to /127.0.0.1:17552"        [_thread_in_native, id=23372, stack(0x0000005402900000,0x0000005402a00000) (1024K)]
  0x0000018c53cf2c70 JavaThread "Handler for socket connection from /127.0.0.1:63113 to /127.0.0.1:17553"        [_thread_in_native, id=14820, stack(0x0000005402a00000,0x0000005402b00000) (1024K)]
  0x0000018c53cf4d40 JavaThread "Handler for socket connection from /127.0.0.1:63113 to /127.0.0.1:17554"        [_thread_in_native, id=43780, stack(0x0000005402b00000,0x0000005402c00000) (1024K)]
  0x0000018c53cf53d0 JavaThread "Handler for socket connection from /127.0.0.1:63113 to /127.0.0.1:17555"        [_thread_in_native, id=17808, stack(0x0000005402c00000,0x0000005402d00000) (1024K)]
  0x0000018c53cf46b0 JavaThread "Cancel handler"                    [_thread_blocked, id=16008, stack(0x0000005402d00000,0x0000005402e00000) (1024K)]
  0x0000018c7f7a38b0 JavaThread "Cancel handler"                    [_thread_blocked, id=44188, stack(0x0000005402e00000,0x0000005402f00000) (1024K)]
  0x0000018c7f7a0430 JavaThread "Handler for socket connection from /127.0.0.1:63113 to /127.0.0.1:17556"        [_thread_in_native, id=30796, stack(0x0000005402f00000,0x0000005403000000) (1024K)]
  0x0000018c7f7a5980 JavaThread "Cancel handler"                    [_thread_blocked, id=17340, stack(0x0000005403000000,0x0000005403100000) (1024K)]
  0x0000018c7f7a45d0 JavaThread "Cancel handler"                    [_thread_blocked, id=32780, stack(0x0000005403100000,0x0000005403200000) (1024K)]
  0x0000018c7f7a4c60 JavaThread "Handler for socket connection from /127.0.0.1:63113 to /127.0.0.1:17557"        [_thread_in_native, id=44508, stack(0x0000005403200000,0x0000005403300000) (1024K)]
  0x0000018c79f18a80 JavaThread "Cancel handler"                    [_thread_blocked, id=30300, stack(0x0000005403300000,0x0000005403400000) (1024K)]
  0x0000018c79f1c590 JavaThread "Cancel handler"                    [_thread_blocked, id=44104, stack(0x0000005403400000,0x0000005403500000) (1024K)]
  0x0000018c79f19110 JavaThread "Daemon Thread 25"                  [_thread_blocked, id=20396, stack(0x0000005403500000,0x0000005403600000) (1024K)]
  0x0000018c79f1d2b0 JavaThread "Daemon Thread 26"                  [_thread_blocked, id=34296, stack(0x0000005403600000,0x0000005403700000) (1024K)]
  0x0000018c521e9b60 JavaThread "Handler for socket connection from /127.0.0.1:63113 to /127.0.0.1:17558"        [_thread_in_native, id=19708, stack(0x0000005403700000,0x0000005403800000) (1024K)]
  0x0000018c79bcc3b0 JavaThread "Handler for socket connection from /127.0.0.1:63113 to /127.0.0.1:17559"        [_thread_in_native, id=23284, stack(0x0000005403800000,0x0000005403900000) (1024K)]
  0x0000018c545a36c0 JavaThread "Cancel handler"                    [_thread_blocked, id=39300, stack(0x0000005403900000,0x0000005403a00000) (1024K)]
  0x0000018c545a3d50 JavaThread "Daemon Thread 27"                  [_thread_blocked, id=2416, stack(0x0000005403a00000,0x0000005403b00000) (1024K)]
  0x0000018c545a0f60 JavaThread "Handler for socket connection from /127.0.0.1:63113 to /127.0.0.1:17561"        [_thread_in_native, id=40688, stack(0x0000005403b00000,0x0000005403c00000) (1024K)]
  0x0000018c545a08d0 JavaThread "Cancel handler"                    [_thread_blocked, id=40944, stack(0x0000005403c00000,0x0000005403d00000) (1024K)]
  0x0000018c545a4a70 JavaThread "Daemon Thread 28"                  [_thread_blocked, id=27220, stack(0x0000005403d00000,0x0000005403e00000) (1024K)]
  0x0000018c545a43e0 JavaThread "Cancel handler"                    [_thread_blocked, id=38776, stack(0x0000005403e00000,0x0000005403f00000) (1024K)]
  0x0000018c545a2310 JavaThread "Handler for socket connection from /127.0.0.1:63113 to /127.0.0.1:17560"        [_thread_in_native, id=17160, stack(0x0000005403f00000,0x0000005404000000) (1024K)]
  0x0000018c545a15f0 JavaThread "Cancel handler"                    [_thread_blocked, id=18828, stack(0x0000005404000000,0x0000005404100000) (1024K)]
  0x0000018c545a29a0 JavaThread "Daemon Thread 29"                  [_thread_blocked, id=44280, stack(0x0000005404100000,0x0000005404200000) (1024K)]
  0x0000018c545a1c80 JavaThread "Handler for socket connection from /127.0.0.1:63113 to /127.0.0.1:17562"        [_thread_in_native, id=12744, stack(0x0000005404200000,0x0000005404300000) (1024K)]
  0x0000018c545a5100 JavaThread "Daemon Thread 30"                  [_thread_blocked, id=17080, stack(0x0000005404300000,0x0000005404400000) (1024K)]
  0x0000018c545a5790 JavaThread "Cancel handler"                    [_thread_blocked, id=16032, stack(0x0000005404400000,0x0000005404500000) (1024K)]
  0x0000018c545a64b0 JavaThread "Handler for socket connection from /127.0.0.1:63113 to /127.0.0.1:17563"        [_thread_in_native, id=1912, stack(0x0000005404500000,0x0000005404600000) (1024K)]
  0x0000018c545a5e20 JavaThread "Daemon Thread 31"                  [_thread_blocked, id=19052, stack(0x0000005404600000,0x0000005404700000) (1024K)]
  0x0000018c545a3030 JavaThread "Cancel handler"                    [_thread_blocked, id=3964, stack(0x0000005404700000,0x0000005404800000) (1024K)]
  0x0000018c545a6b40 JavaThread "Handler for socket connection from /127.0.0.1:63113 to /127.0.0.1:17564"        [_thread_in_native, id=22824, stack(0x0000005404800000,0x0000005404900000) (1024K)]
  0x0000018c545a71d0 JavaThread "Daemon Thread 32"                  [_thread_blocked, id=26716, stack(0x0000005404900000,0x0000005404a00000) (1024K)]
  0x0000018c545a7860 JavaThread "Daemon Thread 33"                  [_thread_blocked, id=20776, stack(0x0000005404a00000,0x0000005404b00000) (1024K)]
  0x0000018c545a7ef0 JavaThread "Handler for socket connection from /127.0.0.1:63113 to /127.0.0.1:17566"        [_thread_in_native, id=12388, stack(0x0000005404b00000,0x0000005404c00000) (1024K)]
  0x0000018c51c73930 JavaThread "Cancel handler"                    [_thread_blocked, id=13792, stack(0x0000005404c00000,0x0000005404d00000) (1024K)]
  0x0000018c51c72c10 JavaThread "Daemon Thread 34"                  [_thread_blocked, id=22096, stack(0x0000005404d00000,0x0000005404e00000) (1024K)]
  0x0000018c51c75370 JavaThread "Handler for socket connection from /127.0.0.1:63113 to /127.0.0.1:17565"        [_thread_in_native, id=34956, stack(0x0000005404e00000,0x0000005404f00000) (1024K)]
  0x0000018c51c74ce0 JavaThread "Handler for socket connection from /127.0.0.1:63113 to /127.0.0.1:17567"        [_thread_in_native, id=7300, stack(0x0000005404f00000,0x0000005405000000) (1024K)]
  0x0000018c51c732a0 JavaThread "Cancel handler"                    [_thread_blocked, id=30924, stack(0x0000005405000000,0x0000005405100000) (1024K)]
  0x0000018c51c72580 JavaThread "Cancel handler"                    [_thread_blocked, id=33236, stack(0x0000005405100000,0x0000005405200000) (1024K)]
  0x0000018c51c76090 JavaThread "Cancel handler"                    [_thread_blocked, id=44240, stack(0x0000005405200000,0x0000005405300000) (1024K)]
Total: 151

Other Threads:
  0x0000018c795f1660 VMThread "VM Thread"                           [id=39272, stack(0x0000005479100000,0x0000005479200000) (1024K)]
  0x0000018c795dfd50 WatcherThread "VM Periodic Task Thread"        [id=18416, stack(0x0000005479000000,0x0000005479100000) (1024K)]
  0x0000018c7145f100 WorkerThread "GC Thread#0"                     [id=25152, stack(0x0000005478b00000,0x0000005478c00000) (1024K)]
  0x0000018c7e69b1d0 WorkerThread "GC Thread#1"                     [id=41268, stack(0x0000005479c00000,0x0000005479d00000) (1024K)]
  0x0000018c7e3dbe20 WorkerThread "GC Thread#2"                     [id=40096, stack(0x0000005479d00000,0x0000005479e00000) (1024K)]
  0x0000018c7e9001d0 WorkerThread "GC Thread#3"                     [id=9596, stack(0x0000005479e00000,0x0000005479f00000) (1024K)]
  0x0000018c7e900580 WorkerThread "GC Thread#4"                     [id=23536, stack(0x0000005479f00000,0x000000547a000000) (1024K)]
  0x0000018c7f641970 WorkerThread "GC Thread#5"                     [id=31152, stack(0x000000547aa00000,0x000000547ab00000) (1024K)]
  0x0000018c7f641d20 WorkerThread "GC Thread#6"                     [id=44972, stack(0x000000547ab00000,0x000000547ac00000) (1024K)]
  0x0000018c7f22d880 WorkerThread "GC Thread#7"                     [id=19876, stack(0x000000547ac00000,0x000000547ad00000) (1024K)]
  0x0000018c71470000 ConcurrentGCThread "G1 Main Marker"            [id=39988, stack(0x0000005478c00000,0x0000005478d00000) (1024K)]
  0x0000018c71470a20 WorkerThread "G1 Conc#0"                       [id=13488, stack(0x0000005478d00000,0x0000005478e00000) (1024K)]
  0x0000018c52823c20 WorkerThread "G1 Conc#1"                       [id=32888, stack(0x000000547b200000,0x000000547b300000) (1024K)]
  0x0000018c794ac460 ConcurrentGCThread "G1 Refine#0"               [id=21740, stack(0x0000005478e00000,0x0000005478f00000) (1024K)]
  0x0000018c794acef0 ConcurrentGCThread "G1 Service"                [id=9116, stack(0x0000005478f00000,0x0000005479000000) (1024K)]
Total: 15

Threads with active compile tasks:
C2 CompilerThread0  1027333 13311       4       sun.nio.fs.WindowsPathParser::parse (504 bytes)
Total: 1

VM state: not at safepoint (normal execution)

VM Mutex/Monitor currently owned by a thread: None

Heap address: 0x0000000080000000, size: 2048 MB, Compressed Oops mode: 32-bit

CDS archive(s) mapped at: [0x0000018c0f000000-0x0000018c0fba0000-0x0000018c0fba0000), size 12189696, SharedBaseAddress: 0x0000018c0f000000, ArchiveRelocationMode: 1.
Compressed class space mapped at: 0x0000018c10000000-0x0000018c50000000, reserved size: 1073741824
Narrow klass base: 0x0000018c0f000000, Narrow klass shift: 0, Narrow klass range: 0x100000000

GC Precious Log:
 CardTable entry size: 512
 Card Set container configuration: InlinePtr #cards 5 size 8 Array Of Cards #cards 12 size 40 Howl #buckets 4 coarsen threshold 1843 Howl Bitmap #cards 512 size 80 coarsen threshold 460 Card regions per heap region 1 cards per card region 2048
 CPUs: 8 total, 8 available
 Memory: 7886M
 Large Page Support: Disabled
 NUMA Support: Disabled
 Compressed Oops: Enabled (32-bit)
 Heap Region Size: 1M
 Heap Min Capacity: 8M
 Heap Initial Capacity: 124M
 Heap Max Capacity: 2G
 Pre-touch: Disabled
 Parallel Workers: 8
 Concurrent Workers: 2
 Concurrent Refinement Workers: 8
 Periodic GC: Disabled

Heap:
 garbage-first heap   total 162816K, used 133393K [0x0000000080000000, 0x0000000100000000)
  region size 1024K, 43 young (44032K), 5 survivors (5120K)
 Metaspace       used 92645K, committed 94720K, reserved 1179648K
  class space    used 12676K, committed 13696K, reserved 1048576K

Heap Regions: E=young(eden), S=young(survivor), O=old, HS=humongous(starts), HC=humongous(continues), CS=collection set, F=free, TAMS=top-at-mark-start, PB=parsable bottom
|   0|0x0000000080000000, 0x0000000080100000, 0x0000000080100000|100%|HS|  |TAMS 0x0000000080000000| PB 0x0000000080000000| Complete 
|   1|0x0000000080100000, 0x0000000080200000, 0x0000000080200000|100%|HC|  |TAMS 0x0000000080100000| PB 0x0000000080100000| Complete 
|   2|0x0000000080200000, 0x0000000080300000, 0x0000000080300000|100%|HC|  |TAMS 0x0000000080200000| PB 0x0000000080200000| Complete 
|   3|0x0000000080300000, 0x0000000080400000, 0x0000000080400000|100%|HC|  |TAMS 0x0000000080300000| PB 0x0000000080300000| Complete 
|   4|0x0000000080400000, 0x0000000080500000, 0x0000000080500000|100%| O|  |TAMS 0x0000000080400000| PB 0x0000000080400000| Untracked 
|   5|0x0000000080500000, 0x0000000080600000, 0x0000000080600000|100%| O|  |TAMS 0x0000000080500000| PB 0x0000000080500000| Untracked 
|   6|0x0000000080600000, 0x0000000080700000, 0x0000000080700000|100%| O|  |TAMS 0x0000000080600000| PB 0x0000000080600000| Untracked 
|   7|0x0000000080700000, 0x0000000080800000, 0x0000000080800000|100%| O|  |TAMS 0x0000000080700000| PB 0x0000000080700000| Untracked 
|   8|0x0000000080800000, 0x0000000080900000, 0x0000000080900000|100%| O|  |TAMS 0x0000000080800000| PB 0x0000000080800000| Untracked 
|   9|0x0000000080900000, 0x0000000080a00000, 0x0000000080a00000|100%| O|  |TAMS 0x0000000080900000| PB 0x0000000080900000| Untracked 
|  10|0x0000000080a00000, 0x0000000080b00000, 0x0000000080b00000|100%| O|  |TAMS 0x0000000080a00000| PB 0x0000000080a00000| Untracked 
|  11|0x0000000080b00000, 0x0000000080c00000, 0x0000000080c00000|100%|HS|  |TAMS 0x0000000080b00000| PB 0x0000000080b00000| Complete 
|  12|0x0000000080c00000, 0x0000000080d00000, 0x0000000080d00000|100%| O|  |TAMS 0x0000000080c00000| PB 0x0000000080c00000| Untracked 
|  13|0x0000000080d00000, 0x0000000080e00000, 0x0000000080e00000|100%| O|  |TAMS 0x0000000080d00000| PB 0x0000000080d00000| Untracked 
|  14|0x0000000080e00000, 0x0000000080f00000, 0x0000000080f00000|100%| O|  |TAMS 0x0000000080e00000| PB 0x0000000080e00000| Untracked 
|  15|0x0000000080f00000, 0x0000000081000000, 0x0000000081000000|100%| O|  |TAMS 0x0000000080f00000| PB 0x0000000080f00000| Untracked 
|  16|0x0000000081000000, 0x0000000081100000, 0x0000000081100000|100%| O|  |TAMS 0x0000000081000000| PB 0x0000000081000000| Untracked 
|  17|0x0000000081100000, 0x0000000081200000, 0x0000000081200000|100%| O|  |TAMS 0x0000000081100000| PB 0x0000000081100000| Untracked 
|  18|0x0000000081200000, 0x0000000081300000, 0x0000000081300000|100%| O|  |TAMS 0x0000000081200000| PB 0x0000000081200000| Untracked 
|  19|0x0000000081300000, 0x0000000081400000, 0x0000000081400000|100%| O|  |TAMS 0x0000000081300000| PB 0x0000000081300000| Untracked 
|  20|0x0000000081400000, 0x0000000081500000, 0x0000000081500000|100%| O|  |TAMS 0x0000000081400000| PB 0x0000000081400000| Untracked 
|  21|0x0000000081500000, 0x0000000081600000, 0x0000000081600000|100%| O|  |TAMS 0x0000000081500000| PB 0x0000000081500000| Untracked 
|  22|0x0000000081600000, 0x0000000081700000, 0x0000000081700000|100%| O|  |TAMS 0x0000000081600000| PB 0x0000000081600000| Untracked 
|  23|0x0000000081700000, 0x0000000081800000, 0x0000000081800000|100%| O|  |TAMS 0x0000000081700000| PB 0x0000000081700000| Untracked 
|  24|0x0000000081800000, 0x0000000081900000, 0x0000000081900000|100%| O|  |TAMS 0x0000000081800000| PB 0x0000000081800000| Untracked 
|  25|0x0000000081900000, 0x0000000081a00000, 0x0000000081a00000|100%| O|  |TAMS 0x0000000081900000| PB 0x0000000081900000| Untracked 
|  26|0x0000000081a00000, 0x0000000081b00000, 0x0000000081b00000|100%| O|  |TAMS 0x0000000081a00000| PB 0x0000000081a00000| Untracked 
|  27|0x0000000081b00000, 0x0000000081c00000, 0x0000000081c00000|100%| O|  |TAMS 0x0000000081b00000| PB 0x0000000081b00000| Untracked 
|  28|0x0000000081c00000, 0x0000000081d00000, 0x0000000081d00000|100%| O|  |TAMS 0x0000000081c00000| PB 0x0000000081c00000| Untracked 
|  29|0x0000000081d00000, 0x0000000081e00000, 0x0000000081e00000|100%| O|  |TAMS 0x0000000081d00000| PB 0x0000000081d00000| Untracked 
|  30|0x0000000081e00000, 0x0000000081f00000, 0x0000000081f00000|100%| O|  |TAMS 0x0000000081e00000| PB 0x0000000081e00000| Untracked 
|  31|0x0000000081f00000, 0x0000000082000000, 0x0000000082000000|100%| O|  |TAMS 0x0000000081f00000| PB 0x0000000081f00000| Untracked 
|  32|0x0000000082000000, 0x0000000082100000, 0x0000000082100000|100%| O|  |TAMS 0x0000000082000000| PB 0x0000000082000000| Untracked 
|  33|0x0000000082100000, 0x0000000082200000, 0x0000000082200000|100%| O|  |TAMS 0x0000000082100000| PB 0x0000000082100000| Untracked 
|  34|0x0000000082200000, 0x0000000082300000, 0x0000000082300000|100%| O|  |TAMS 0x0000000082200000| PB 0x0000000082200000| Untracked 
|  35|0x0000000082300000, 0x0000000082400000, 0x0000000082400000|100%| O|  |TAMS 0x0000000082300000| PB 0x0000000082300000| Untracked 
|  36|0x0000000082400000, 0x0000000082500000, 0x0000000082500000|100%| O|  |TAMS 0x0000000082400000| PB 0x0000000082400000| Untracked 
|  37|0x0000000082500000, 0x0000000082600000, 0x0000000082600000|100%| O|  |TAMS 0x0000000082500000| PB 0x0000000082500000| Untracked 
|  38|0x0000000082600000, 0x0000000082700000, 0x0000000082700000|100%| O|  |TAMS 0x0000000082600000| PB 0x0000000082600000| Untracked 
|  39|0x0000000082700000, 0x0000000082800000, 0x0000000082800000|100%| O|  |TAMS 0x0000000082700000| PB 0x0000000082700000| Untracked 
|  40|0x0000000082800000, 0x0000000082900000, 0x0000000082900000|100%| O|  |TAMS 0x0000000082800000| PB 0x0000000082800000| Untracked 
|  41|0x0000000082900000, 0x0000000082a00000, 0x0000000082a00000|100%|HS|  |TAMS 0x0000000082900000| PB 0x0000000082900000| Complete 
|  42|0x0000000082a00000, 0x0000000082b00000, 0x0000000082b00000|100%| O|  |TAMS 0x0000000082a00000| PB 0x0000000082a00000| Untracked 
|  43|0x0000000082b00000, 0x0000000082c00000, 0x0000000082c00000|100%|HS|  |TAMS 0x0000000082b00000| PB 0x0000000082b00000| Complete 
|  44|0x0000000082c00000, 0x0000000082d00000, 0x0000000082d00000|100%|HS|  |TAMS 0x0000000082c00000| PB 0x0000000082c00000| Complete 
|  45|0x0000000082d00000, 0x0000000082e00000, 0x0000000082e00000|100%|HS|  |TAMS 0x0000000082d00000| PB 0x0000000082d00000| Complete 
|  46|0x0000000082e00000, 0x0000000082f00000, 0x0000000082f00000|100%|HS|  |TAMS 0x0000000082e00000| PB 0x0000000082e00000| Complete 
|  47|0x0000000082f00000, 0x0000000083000000, 0x0000000083000000|100%| O|  |TAMS 0x0000000082f00000| PB 0x0000000082f00000| Untracked 
|  48|0x0000000083000000, 0x0000000083100000, 0x0000000083100000|100%| O|  |TAMS 0x0000000083000000| PB 0x0000000083000000| Untracked 
|  49|0x0000000083100000, 0x0000000083200000, 0x0000000083200000|100%| O|  |TAMS 0x0000000083100000| PB 0x0000000083100000| Untracked 
|  50|0x0000000083200000, 0x0000000083300000, 0x0000000083300000|100%| O|  |TAMS 0x0000000083200000| PB 0x0000000083200000| Untracked 
|  51|0x0000000083300000, 0x0000000083400000, 0x0000000083400000|100%|HS|  |TAMS 0x0000000083300000| PB 0x0000000083300000| Complete 
|  52|0x0000000083400000, 0x0000000083500000, 0x0000000083500000|100%| O|  |TAMS 0x0000000083400000| PB 0x0000000083400000| Untracked 
|  53|0x0000000083500000, 0x0000000083600000, 0x0000000083600000|100%| O|  |TAMS 0x0000000083500000| PB 0x0000000083500000| Untracked 
|  54|0x0000000083600000, 0x0000000083700000, 0x0000000083700000|100%| O|  |TAMS 0x0000000083600000| PB 0x0000000083600000| Untracked 
|  55|0x0000000083700000, 0x0000000083800000, 0x0000000083800000|100%| O|  |TAMS 0x0000000083700000| PB 0x0000000083700000| Untracked 
|  56|0x0000000083800000, 0x0000000083900000, 0x0000000083900000|100%| O|  |TAMS 0x0000000083800000| PB 0x0000000083800000| Untracked 
|  57|0x0000000083900000, 0x0000000083a00000, 0x0000000083a00000|100%| O|  |TAMS 0x0000000083900000| PB 0x0000000083900000| Untracked 
|  58|0x0000000083a00000, 0x0000000083b00000, 0x0000000083b00000|100%| O|  |TAMS 0x0000000083a00000| PB 0x0000000083a00000| Untracked 
|  59|0x0000000083b00000, 0x0000000083c00000, 0x0000000083c00000|100%|HS|  |TAMS 0x0000000083b00000| PB 0x0000000083b00000| Complete 
|  60|0x0000000083c00000, 0x0000000083d00000, 0x0000000083d00000|100%| O|  |TAMS 0x0000000083c00000| PB 0x0000000083c00000| Untracked 
|  61|0x0000000083d00000, 0x0000000083e00000, 0x0000000083e00000|100%| O|  |TAMS 0x0000000083d00000| PB 0x0000000083d00000| Untracked 
|  62|0x0000000083e00000, 0x0000000083f00000, 0x0000000083f00000|100%| O|  |TAMS 0x0000000083e00000| PB 0x0000000083e00000| Untracked 
|  63|0x0000000083f00000, 0x0000000084000000, 0x0000000084000000|100%| O|  |TAMS 0x0000000083f00000| PB 0x0000000083f00000| Untracked 
|  64|0x0000000084000000, 0x0000000084100000, 0x0000000084100000|100%| O|  |TAMS 0x0000000084000000| PB 0x0000000084000000| Untracked 
|  65|0x0000000084100000, 0x0000000084200000, 0x0000000084200000|100%| O|  |TAMS 0x0000000084100000| PB 0x0000000084100000| Untracked 
|  66|0x0000000084200000, 0x0000000084300000, 0x0000000084300000|100%| O|  |TAMS 0x0000000084200000| PB 0x0000000084200000| Untracked 
|  67|0x0000000084300000, 0x0000000084400000, 0x0000000084400000|100%| O|  |TAMS 0x0000000084300000| PB 0x0000000084300000| Untracked 
|  68|0x0000000084400000, 0x0000000084500000, 0x0000000084500000|100%| O|Cm|TAMS 0x0000000084400000| PB 0x0000000084400000| Complete 
|  69|0x0000000084500000, 0x0000000084600000, 0x0000000084600000|100%| O|  |TAMS 0x0000000084500000| PB 0x0000000084500000| Untracked 
|  70|0x0000000084600000, 0x0000000084700000, 0x0000000084700000|100%|HS|  |TAMS 0x0000000084600000| PB 0x0000000084600000| Complete 
|  71|0x0000000084700000, 0x0000000084800000, 0x0000000084800000|100%| O|  |TAMS 0x0000000084700000| PB 0x0000000084700000| Untracked 
|  72|0x0000000084800000, 0x0000000084900000, 0x0000000084900000|100%| O|  |TAMS 0x0000000084800000| PB 0x0000000084800000| Untracked 
|  73|0x0000000084900000, 0x0000000084a00000, 0x0000000084a00000|100%| O|  |TAMS 0x0000000084900000| PB 0x0000000084900000| Untracked 
|  74|0x0000000084a00000, 0x0000000084b00000, 0x0000000084b00000|100%| O|  |TAMS 0x0000000084a00000| PB 0x0000000084a00000| Untracked 
|  75|0x0000000084b00000, 0x0000000084c00000, 0x0000000084c00000|100%| O|  |TAMS 0x0000000084b00000| PB 0x0000000084b00000| Untracked 
|  76|0x0000000084c00000, 0x0000000084d00000, 0x0000000084d00000|100%| O|  |TAMS 0x0000000084c00000| PB 0x0000000084c00000| Untracked 
|  77|0x0000000084d00000, 0x0000000084e00000, 0x0000000084e00000|100%| O|Cm|TAMS 0x0000000084d00000| PB 0x0000000084d00000| Complete 
|  78|0x0000000084e00000, 0x0000000084f00000, 0x0000000084f00000|100%| O|  |TAMS 0x0000000084e00000| PB 0x0000000084e00000| Untracked 
|  79|0x0000000084f00000, 0x0000000085000000, 0x0000000085000000|100%| O|Cm|TAMS 0x0000000084f00000| PB 0x0000000084f00000| Complete 
|  80|0x0000000085000000, 0x0000000085100000, 0x0000000085100000|100%| O|  |TAMS 0x0000000085000000| PB 0x0000000085000000| Untracked 
|  81|0x0000000085100000, 0x0000000085200000, 0x0000000085200000|100%| O|  |TAMS 0x0000000085100000| PB 0x0000000085100000| Untracked 
|  82|0x0000000085200000, 0x0000000085300000, 0x0000000085300000|100%| O|Cm|TAMS 0x0000000085200000| PB 0x0000000085200000| Complete 
|  83|0x0000000085300000, 0x00000000853604b0, 0x0000000085400000| 37%| O|  |TAMS 0x0000000085300000| PB 0x0000000085300000| Untracked 
|  84|0x0000000085400000, 0x0000000085400000, 0x0000000085500000|  0%| F|  |TAMS 0x0000000085400000| PB 0x0000000085400000| Untracked 
|  85|0x0000000085500000, 0x0000000085500000, 0x0000000085600000|  0%| F|  |TAMS 0x0000000085500000| PB 0x0000000085500000| Untracked 
|  86|0x0000000085600000, 0x0000000085600000, 0x0000000085700000|  0%| F|  |TAMS 0x0000000085600000| PB 0x0000000085600000| Untracked 
|  87|0x0000000085700000, 0x00000000857e4180, 0x0000000085800000| 89%| S|CS|TAMS 0x0000000085700000| PB 0x0000000085700000| Complete 
|  88|0x0000000085800000, 0x0000000085800000, 0x0000000085900000|  0%| F|  |TAMS 0x0000000085800000| PB 0x0000000085800000| Untracked 
|  89|0x0000000085900000, 0x0000000085900000, 0x0000000085a00000|  0%| F|  |TAMS 0x0000000085900000| PB 0x0000000085900000| Untracked 
|  90|0x0000000085a00000, 0x0000000085a00000, 0x0000000085b00000|  0%| F|  |TAMS 0x0000000085a00000| PB 0x0000000085a00000| Untracked 
|  91|0x0000000085b00000, 0x0000000085b00000, 0x0000000085c00000|  0%| F|  |TAMS 0x0000000085b00000| PB 0x0000000085b00000| Untracked 
|  92|0x0000000085c00000, 0x0000000085c00000, 0x0000000085d00000|  0%| F|  |TAMS 0x0000000085c00000| PB 0x0000000085c00000| Untracked 
|  93|0x0000000085d00000, 0x0000000085d00000, 0x0000000085e00000|  0%| F|  |TAMS 0x0000000085d00000| PB 0x0000000085d00000| Untracked 
|  94|0x0000000085e00000, 0x0000000085f00000, 0x0000000085f00000|100%| S|CS|TAMS 0x0000000085e00000| PB 0x0000000085e00000| Complete 
|  95|0x0000000085f00000, 0x0000000086000000, 0x0000000086000000|100%| S|CS|TAMS 0x0000000085f00000| PB 0x0000000085f00000| Complete 
|  96|0x0000000086000000, 0x0000000086100000, 0x0000000086100000|100%| S|CS|TAMS 0x0000000086000000| PB 0x0000000086000000| Complete 
|  97|0x0000000086100000, 0x0000000086200000, 0x0000000086200000|100%| S|CS|TAMS 0x0000000086100000| PB 0x0000000086100000| Complete 
|  98|0x0000000086200000, 0x0000000086200000, 0x0000000086300000|  0%| F|  |TAMS 0x0000000086200000| PB 0x0000000086200000| Untracked 
|  99|0x0000000086300000, 0x0000000086300000, 0x0000000086400000|  0%| F|  |TAMS 0x0000000086300000| PB 0x0000000086300000| Untracked 
| 100|0x0000000086400000, 0x0000000086400000, 0x0000000086500000|  0%| F|  |TAMS 0x0000000086400000| PB 0x0000000086400000| Untracked 
| 101|0x0000000086500000, 0x0000000086500000, 0x0000000086600000|  0%| F|  |TAMS 0x0000000086500000| PB 0x0000000086500000| Untracked 
| 102|0x0000000086600000, 0x0000000086600000, 0x0000000086700000|  0%| F|  |TAMS 0x0000000086600000| PB 0x0000000086600000| Untracked 
| 103|0x0000000086700000, 0x0000000086700000, 0x0000000086800000|  0%| F|  |TAMS 0x0000000086700000| PB 0x0000000086700000| Untracked 
| 104|0x0000000086800000, 0x0000000086800000, 0x0000000086900000|  0%| F|  |TAMS 0x0000000086800000| PB 0x0000000086800000| Untracked 
| 105|0x0000000086900000, 0x0000000086900000, 0x0000000086a00000|  0%| F|  |TAMS 0x0000000086900000| PB 0x0000000086900000| Untracked 
| 106|0x0000000086a00000, 0x0000000086a00000, 0x0000000086b00000|  0%| F|  |TAMS 0x0000000086a00000| PB 0x0000000086a00000| Untracked 
| 107|0x0000000086b00000, 0x0000000086b00000, 0x0000000086c00000|  0%| F|  |TAMS 0x0000000086b00000| PB 0x0000000086b00000| Untracked 
| 108|0x0000000086c00000, 0x0000000086c00000, 0x0000000086d00000|  0%| F|  |TAMS 0x0000000086c00000| PB 0x0000000086c00000| Untracked 
| 109|0x0000000086d00000, 0x0000000086d00000, 0x0000000086e00000|  0%| F|  |TAMS 0x0000000086d00000| PB 0x0000000086d00000| Untracked 
| 110|0x0000000086e00000, 0x0000000086e00000, 0x0000000086f00000|  0%| F|  |TAMS 0x0000000086e00000| PB 0x0000000086e00000| Untracked 
| 111|0x0000000086f00000, 0x0000000086f00000, 0x0000000087000000|  0%| F|  |TAMS 0x0000000086f00000| PB 0x0000000086f00000| Untracked 
| 112|0x0000000087000000, 0x0000000087000000, 0x0000000087100000|  0%| F|  |TAMS 0x0000000087000000| PB 0x0000000087000000| Untracked 
| 113|0x0000000087100000, 0x0000000087100000, 0x0000000087200000|  0%| F|  |TAMS 0x0000000087100000| PB 0x0000000087100000| Untracked 
| 114|0x0000000087200000, 0x0000000087200000, 0x0000000087300000|  0%| F|  |TAMS 0x0000000087200000| PB 0x0000000087200000| Untracked 
| 115|0x0000000087300000, 0x00000000873138e0, 0x0000000087400000|  7%| E|  |TAMS 0x0000000087300000| PB 0x0000000087300000| Complete 
| 116|0x0000000087400000, 0x0000000087500000, 0x0000000087500000|100%| E|CS|TAMS 0x0000000087400000| PB 0x0000000087400000| Complete 
| 117|0x0000000087500000, 0x0000000087600000, 0x0000000087600000|100%| E|CS|TAMS 0x0000000087500000| PB 0x0000000087500000| Complete 
| 118|0x0000000087600000, 0x0000000087700000, 0x0000000087700000|100%| E|CS|TAMS 0x0000000087600000| PB 0x0000000087600000| Complete 
| 119|0x0000000087700000, 0x0000000087800000, 0x0000000087800000|100%| E|CS|TAMS 0x0000000087700000| PB 0x0000000087700000| Complete 
| 120|0x0000000087800000, 0x0000000087900000, 0x0000000087900000|100%| E|CS|TAMS 0x0000000087800000| PB 0x0000000087800000| Complete 
| 121|0x0000000087900000, 0x0000000087a00000, 0x0000000087a00000|100%| E|CS|TAMS 0x0000000087900000| PB 0x0000000087900000| Complete 
| 122|0x0000000087a00000, 0x0000000087b00000, 0x0000000087b00000|100%| E|CS|TAMS 0x0000000087a00000| PB 0x0000000087a00000| Complete 
| 123|0x0000000087b00000, 0x0000000087c00000, 0x0000000087c00000|100%| E|CS|TAMS 0x0000000087b00000| PB 0x0000000087b00000| Complete 
| 124|0x0000000087c00000, 0x0000000087d00000, 0x0000000087d00000|100%| E|CS|TAMS 0x0000000087c00000| PB 0x0000000087c00000| Complete 
| 125|0x0000000087d00000, 0x0000000087e00000, 0x0000000087e00000|100%| E|  |TAMS 0x0000000087d00000| PB 0x0000000087d00000| Complete 
| 126|0x0000000087e00000, 0x0000000087f00000, 0x0000000087f00000|100%| E|CS|TAMS 0x0000000087e00000| PB 0x0000000087e00000| Complete 
| 127|0x0000000087f00000, 0x0000000088000000, 0x0000000088000000|100%| E|CS|TAMS 0x0000000087f00000| PB 0x0000000087f00000| Complete 
| 128|0x0000000088000000, 0x0000000088100000, 0x0000000088100000|100%| E|CS|TAMS 0x0000000088000000| PB 0x0000000088000000| Complete 
| 129|0x0000000088100000, 0x0000000088200000, 0x0000000088200000|100%| E|CS|TAMS 0x0000000088100000| PB 0x0000000088100000| Complete 
| 130|0x0000000088200000, 0x0000000088300000, 0x0000000088300000|100%| E|CS|TAMS 0x0000000088200000| PB 0x0000000088200000| Complete 
| 131|0x0000000088300000, 0x0000000088400000, 0x0000000088400000|100%| E|CS|TAMS 0x0000000088300000| PB 0x0000000088300000| Complete 
| 132|0x0000000088400000, 0x0000000088500000, 0x0000000088500000|100%| E|CS|TAMS 0x0000000088400000| PB 0x0000000088400000| Complete 
| 133|0x0000000088500000, 0x0000000088600000, 0x0000000088600000|100%| E|CS|TAMS 0x0000000088500000| PB 0x0000000088500000| Complete 
| 134|0x0000000088600000, 0x0000000088700000, 0x0000000088700000|100%| E|CS|TAMS 0x0000000088600000| PB 0x0000000088600000| Complete 
| 135|0x0000000088700000, 0x0000000088800000, 0x0000000088800000|100%| E|CS|TAMS 0x0000000088700000| PB 0x0000000088700000| Complete 
| 136|0x0000000088800000, 0x0000000088900000, 0x0000000088900000|100%| E|CS|TAMS 0x0000000088800000| PB 0x0000000088800000| Complete 
| 137|0x0000000088900000, 0x0000000088a00000, 0x0000000088a00000|100%| E|CS|TAMS 0x0000000088900000| PB 0x0000000088900000| Complete 
| 138|0x0000000088a00000, 0x0000000088b00000, 0x0000000088b00000|100%| E|CS|TAMS 0x0000000088a00000| PB 0x0000000088a00000| Complete 
| 139|0x0000000088b00000, 0x0000000088c00000, 0x0000000088c00000|100%| E|CS|TAMS 0x0000000088b00000| PB 0x0000000088b00000| Complete 
| 140|0x0000000088c00000, 0x0000000088d00000, 0x0000000088d00000|100%| E|CS|TAMS 0x0000000088c00000| PB 0x0000000088c00000| Complete 
| 141|0x0000000088d00000, 0x0000000088e00000, 0x0000000088e00000|100%| E|CS|TAMS 0x0000000088d00000| PB 0x0000000088d00000| Complete 
| 142|0x0000000088e00000, 0x0000000088f00000, 0x0000000088f00000|100%| E|CS|TAMS 0x0000000088e00000| PB 0x0000000088e00000| Complete 
| 143|0x0000000088f00000, 0x0000000089000000, 0x0000000089000000|100%| E|CS|TAMS 0x0000000088f00000| PB 0x0000000088f00000| Complete 
| 144|0x0000000089000000, 0x0000000089100000, 0x0000000089100000|100%| E|CS|TAMS 0x0000000089000000| PB 0x0000000089000000| Complete 
| 145|0x0000000089100000, 0x0000000089200000, 0x0000000089200000|100%| E|CS|TAMS 0x0000000089100000| PB 0x0000000089100000| Complete 
| 146|0x0000000089200000, 0x0000000089300000, 0x0000000089300000|100%| E|CS|TAMS 0x0000000089200000| PB 0x0000000089200000| Complete 
| 147|0x0000000089300000, 0x0000000089400000, 0x0000000089400000|100%| E|CS|TAMS 0x0000000089300000| PB 0x0000000089300000| Complete 
| 148|0x0000000089400000, 0x0000000089500000, 0x0000000089500000|100%| E|CS|TAMS 0x0000000089400000| PB 0x0000000089400000| Complete 
| 149|0x0000000089500000, 0x0000000089600000, 0x0000000089600000|100%| E|CS|TAMS 0x0000000089500000| PB 0x0000000089500000| Complete 
| 150|0x0000000089600000, 0x0000000089700000, 0x0000000089700000|100%| E|CS|TAMS 0x0000000089600000| PB 0x0000000089600000| Complete 
| 151|0x0000000089700000, 0x0000000089800000, 0x0000000089800000|100%| E|CS|TAMS 0x0000000089700000| PB 0x0000000089700000| Complete 
| 152|0x0000000089800000, 0x0000000089900000, 0x0000000089900000|100%| E|CS|TAMS 0x0000000089800000| PB 0x0000000089800000| Complete 
|2042|0x00000000ffa00000, 0x00000000ffb00000, 0x00000000ffb00000|100%| O|  |TAMS 0x00000000ffa00000| PB 0x00000000ffa00000| Untracked 
|2043|0x00000000ffb00000, 0x00000000ffc00000, 0x00000000ffc00000|100%| O|  |TAMS 0x00000000ffb00000| PB 0x00000000ffb00000| Untracked 
|2044|0x00000000ffc00000, 0x00000000ffd00000, 0x00000000ffd00000|100%| O|  |TAMS 0x00000000ffc00000| PB 0x00000000ffc00000| Untracked 
|2045|0x00000000ffd00000, 0x00000000ffe00000, 0x00000000ffe00000|100%| O|  |TAMS 0x00000000ffd00000| PB 0x00000000ffd00000| Untracked 
|2046|0x00000000ffe00000, 0x00000000fff00000, 0x00000000fff00000|100%| O|  |TAMS 0x00000000ffe00000| PB 0x00000000ffe00000| Untracked 
|2047|0x00000000fff00000, 0x0000000100000000, 0x0000000100000000|100%| O|  |TAMS 0x00000000fff00000| PB 0x00000000fff00000| Untracked 

Card table byte_map: [0x0000018c74cf0000,0x0000018c750f0000] _byte_map_base: 0x0000018c748f0000

Marking Bits: (CMBitMap*) 0x0000018c7145f720
 Bits: [0x0000018c750f0000, 0x0000018c770f0000)

Polling page: 0x0000018c6eee0000

Metaspace:

Usage:
  Non-class:     78.09 MB used.
      Class:     12.38 MB used.
       Both:     90.47 MB used.

Virtual space:
  Non-class space:      128.00 MB reserved,      79.12 MB ( 62%) committed,  2 nodes.
      Class space:        1.00 GB reserved,      13.38 MB (  1%) committed,  1 nodes.
             Both:        1.12 GB reserved,      92.50 MB (  8%) committed. 

Chunk freelists:
   Non-Class:  784.00 KB
       Class:  2.58 MB
        Both:  3.35 MB

MaxMetaspaceSize: unlimited
CompressedClassSpaceSize: 1.00 GB
Initial GC threshold: 21.00 MB
Current GC threshold: 153.88 MB
CDS: on
 - commit_granule_bytes: 65536.
 - commit_granule_words: 8192.
 - virtual_space_node_default_size: 8388608.
 - enlarge_chunks_in_place: 1.
 - use_allocation_guard: 0.


Internal statistics:

num_allocs_failed_limit: 9.
num_arena_births: 3812.
num_arena_deaths: 0.
num_vsnodes_births: 3.
num_vsnodes_deaths: 0.
num_space_committed: 1478.
num_space_uncommitted: 0.
num_chunks_returned_to_freelist: 9.
num_chunks_taken_from_freelist: 8076.
num_chunk_merges: 9.
num_chunk_splits: 5293.
num_chunks_enlarged: 3361.
num_inconsistent_stats: 0.

CodeHeap 'non-profiled nmethods': size=120000Kb used=6491Kb max_used=6979Kb free=113508Kb
 bounds [0x0000018c07ad0000, 0x0000018c081b0000, 0x0000018c0f000000]
CodeHeap 'profiled nmethods': size=120000Kb used=18214Kb max_used=21190Kb free=101786Kb
 bounds [0x0000018c00000000, 0x0000018c014c0000, 0x0000018c07530000]
CodeHeap 'non-nmethods': size=5760Kb used=2940Kb max_used=3019Kb free=2819Kb
 bounds [0x0000018c07530000, 0x0000018c07840000, 0x0000018c07ad0000]
CodeCache: size=245760Kb, used=27645Kb, max_used=31188Kb, free=218113Kb
 total_blobs=10196, nmethods=9231, adapters=867, full_count=0
Compilation: enabled, stopped_count=0, restarted_count=0

Compilation events (20 events):
Event: 1017.453 Thread 0x0000018c79b849a0 13302       3       java.lang.Class::getEnumConstants (21 bytes)
Event: 1017.470 Thread 0x0000018c79b849a0 nmethod 13302 0x0000018c0049ea10 code [0x0000018c0049ebe0, 0x0000018c0049ef48]
Event: 1017.513 Thread 0x0000018c79b70080 nmethod 13299 0x0000018c07b3fa90 code [0x0000018c07b3fc60, 0x0000018c07b40770]
Event: 1017.514 Thread 0x0000018c79b70080 13303       4       java.lang.Integer::rotateRight (9 bytes)
Event: 1017.514 Thread 0x0000018c79b70080 nmethod 13303 0x0000018c07c06c90 code [0x0000018c07c06e00, 0x0000018c07c06e70]
Event: 1017.562 Thread 0x0000018c79b849a0 13304       3       org.gradle.internal.serialize.BaseSerializerFactory$EnumSerializer::read (6 bytes)
Event: 1017.563 Thread 0x0000018c79b849a0 nmethod 13304 0x0000018c005b2d10 code [0x0000018c005b2f20, 0x0000018c005b3538]
Event: 1018.275 Thread 0x0000018c79b849a0 13305       3       java.lang.ThreadLocal::createMap (14 bytes)
Event: 1018.275 Thread 0x0000018c79b849a0 nmethod 13305 0x0000018c0064b510 code [0x0000018c0064b6c0, 0x0000018c0064b8d0]
Event: 1019.362 Thread 0x0000018c79b849a0 13306       3       org.gradle.internal.serialize.OutputStreamBackedEncoder::writeString (28 bytes)
Event: 1019.365 Thread 0x0000018c79b849a0 nmethod 13306 0x0000018c002eb190 code [0x0000018c002eb380, 0x0000018c002eb700]
Event: 1019.557 Thread 0x0000018c79b70080 13307   !   4       java.io.File::toPath (54 bytes)
Event: 1019.573 Thread 0x0000018c79b70080 nmethod 13307 0x0000018c07af6210 code [0x0000018c07af63e0, 0x0000018c07af6c40]
Event: 1020.748 Thread 0x0000018c79b70080 13308       4       sun.nio.fs.NativeBuffers::getNativeBufferFromCache (51 bytes)
Event: 1020.760 Thread 0x0000018c79b70080 nmethod 13308 0x0000018c07aec110 code [0x0000018c07aec2c0, 0x0000018c07aec558]
Event: 1024.093 Thread 0x0000018c79b70080 13309       4       sun.nio.fs.WindowsFileAttributes::fromFileAttributeData (104 bytes)
Event: 1024.095 Thread 0x0000018c79b70080 nmethod 13309 0x0000018c07b0fc10 code [0x0000018c07b0fda0, 0x0000018c07b0fee0]
Event: 1024.538 Thread 0x0000018c79b70080 13310       4       sun.nio.fs.WindowsFileSystemProvider::readAttributes (63 bytes)
Event: 1024.660 Thread 0x0000018c79b70080 nmethod 13310 0x0000018c081a5a90 code [0x0000018c081a5f60, 0x0000018c081a8870]
Event: 1027.207 Thread 0x0000018c79b70080 13311       4       sun.nio.fs.WindowsPathParser::parse (504 bytes)

GC Heap History (20 events):
Event: 32.086 GC heap before
{Heap before GC invocations=26 (full 0):
 garbage-first heap   total 116736K, used 77788K [0x0000000080000000, 0x0000000100000000)
  region size 1024K, 9 young (9216K), 4 survivors (4096K)
 Metaspace       used 67894K, committed 69824K, reserved 1114112K
  class space    used 9449K, committed 10368K, reserved 1048576K
}
Event: 32.090 GC heap after
{Heap after GC invocations=27 (full 0):
 garbage-first heap   total 116736K, used 74210K [0x0000000080000000, 0x0000000100000000)
  region size 1024K, 2 young (2048K), 2 survivors (2048K)
 Metaspace       used 67894K, committed 69824K, reserved 1114112K
  class space    used 9449K, committed 10368K, reserved 1048576K
}
Event: 32.663 GC heap before
{Heap before GC invocations=28 (full 0):
 garbage-first heap   total 126976K, used 110050K [0x0000000080000000, 0x0000000100000000)
  region size 1024K, 36 young (36864K), 2 survivors (2048K)
 Metaspace       used 70728K, committed 72576K, reserved 1114112K
  class space    used 9987K, committed 10880K, reserved 1048576K
}
Event: 32.667 GC heap after
{Heap after GC invocations=29 (full 0):
 garbage-first heap   total 126976K, used 74774K [0x0000000080000000, 0x0000000100000000)
  region size 1024K, 3 young (3072K), 3 survivors (3072K)
 Metaspace       used 70728K, committed 72576K, reserved 1114112K
  class space    used 9987K, committed 10880K, reserved 1048576K
}
Event: 33.508 GC heap before
{Heap before GC invocations=29 (full 0):
 garbage-first heap   total 126976K, used 118806K [0x0000000080000000, 0x0000000100000000)
  region size 1024K, 46 young (47104K), 3 survivors (3072K)
 Metaspace       used 74472K, committed 76480K, reserved 1114112K
  class space    used 10542K, committed 11520K, reserved 1048576K
}
Event: 33.512 GC heap after
{Heap after GC invocations=30 (full 0):
 garbage-first heap   total 126976K, used 76512K [0x0000000080000000, 0x0000000100000000)
  region size 1024K, 5 young (5120K), 5 survivors (5120K)
 Metaspace       used 74472K, committed 76480K, reserved 1114112K
  class space    used 10542K, committed 11520K, reserved 1048576K
}
Event: 33.827 GC heap before
{Heap before GC invocations=30 (full 0):
 garbage-first heap   total 126976K, used 95968K [0x0000000080000000, 0x0000000100000000)
  region size 1024K, 26 young (26624K), 5 survivors (5120K)
 Metaspace       used 76143K, committed 78144K, reserved 1179648K
  class space    used 10716K, committed 11712K, reserved 1048576K
}
Event: 33.834 GC heap after
{Heap after GC invocations=31 (full 0):
 garbage-first heap   total 126976K, used 80603K [0x0000000080000000, 0x0000000100000000)
  region size 1024K, 6 young (6144K), 6 survivors (6144K)
 Metaspace       used 76143K, committed 78144K, reserved 1179648K
  class space    used 10716K, committed 11712K, reserved 1048576K
}
Event: 34.674 GC heap before
{Heap before GC invocations=32 (full 0):
 garbage-first heap   total 143360K, used 119515K [0x0000000080000000, 0x0000000100000000)
  region size 1024K, 40 young (40960K), 6 survivors (6144K)
 Metaspace       used 80840K, committed 82944K, reserved 1179648K
  class space    used 11264K, committed 12288K, reserved 1048576K
}
Event: 34.681 GC heap after
{Heap after GC invocations=33 (full 0):
 garbage-first heap   total 143360K, used 82444K [0x0000000080000000, 0x0000000100000000)
  region size 1024K, 2 young (2048K), 2 survivors (2048K)
 Metaspace       used 80840K, committed 82944K, reserved 1179648K
  class space    used 11264K, committed 12288K, reserved 1048576K
}
Event: 114.653 GC heap before
{Heap before GC invocations=33 (full 0):
 garbage-first heap   total 143360K, used 128524K [0x0000000080000000, 0x0000000100000000)
  region size 1024K, 48 young (49152K), 2 survivors (2048K)
 Metaspace       used 83459K, committed 85504K, reserved 1179648K
  class space    used 11466K, committed 12480K, reserved 1048576K
}
Event: 114.676 GC heap after
{Heap after GC invocations=34 (full 0):
 garbage-first heap   total 143360K, used 86199K [0x0000000080000000, 0x0000000100000000)
  region size 1024K, 6 young (6144K), 6 survivors (6144K)
 Metaspace       used 83459K, committed 85504K, reserved 1179648K
  class space    used 11466K, committed 12480K, reserved 1048576K
}
Event: 127.455 GC heap before
{Heap before GC invocations=34 (full 0):
 garbage-first heap   total 143360K, used 130231K [0x0000000080000000, 0x0000000100000000)
  region size 1024K, 49 young (50176K), 6 survivors (6144K)
 Metaspace       used 84029K, committed 86080K, reserved 1179648K
  class space    used 11498K, committed 12480K, reserved 1048576K
}
Event: 127.474 GC heap after
{Heap after GC invocations=35 (full 0):
 garbage-first heap   total 143360K, used 89139K [0x0000000080000000, 0x0000000100000000)
  region size 1024K, 6 young (6144K), 6 survivors (6144K)
 Metaspace       used 84029K, committed 86080K, reserved 1179648K
  class space    used 11498K, committed 12480K, reserved 1048576K
}
Event: 128.516 GC heap before
{Heap before GC invocations=36 (full 0):
 garbage-first heap   total 150528K, used 131123K [0x0000000080000000, 0x0000000100000000)
  region size 1024K, 46 young (47104K), 6 survivors (6144K)
 Metaspace       used 86566K, committed 88576K, reserved 1179648K
  class space    used 11860K, committed 12864K, reserved 1048576K
}
Event: 128.524 GC heap after
{Heap after GC invocations=37 (full 0):
 garbage-first heap   total 150528K, used 92360K [0x0000000080000000, 0x0000000100000000)
  region size 1024K, 3 young (3072K), 3 survivors (3072K)
 Metaspace       used 86566K, committed 88576K, reserved 1179648K
  class space    used 11860K, committed 12864K, reserved 1048576K
}
Event: 129.187 GC heap before
{Heap before GC invocations=37 (full 0):
 garbage-first heap   total 150528K, used 137416K [0x0000000080000000, 0x0000000100000000)
  region size 1024K, 47 young (48128K), 3 survivors (3072K)
 Metaspace       used 89302K, committed 91456K, reserved 1179648K
  class space    used 12264K, committed 13312K, reserved 1048576K
}
Event: 129.193 GC heap after
{Heap after GC invocations=38 (full 0):
 garbage-first heap   total 150528K, used 94933K [0x0000000080000000, 0x0000000100000000)
  region size 1024K, 6 young (6144K), 6 survivors (6144K)
 Metaspace       used 89302K, committed 91456K, reserved 1179648K
  class space    used 12264K, committed 13312K, reserved 1048576K
}
Event: 528.780 GC heap before
{Heap before GC invocations=38 (full 0):
 garbage-first heap   total 150528K, used 138965K [0x0000000080000000, 0x0000000100000000)
  region size 1024K, 49 young (50176K), 6 survivors (6144K)
 Metaspace       used 92480K, committed 94528K, reserved 1179648K
  class space    used 12674K, committed 13696K, reserved 1048576K
}
Event: 529.012 GC heap after
{Heap after GC invocations=39 (full 0):
 garbage-first heap   total 150528K, used 96529K [0x0000000080000000, 0x0000000100000000)
  region size 1024K, 5 young (5120K), 5 survivors (5120K)
 Metaspace       used 92480K, committed 94528K, reserved 1179648K
  class space    used 12674K, committed 13696K, reserved 1048576K
}

Dll operation events (20 events):
Event: 0.170 Attempting to load shared library C:\Users\nhlan\.vscode\extensions\redhat.java-1.56.0-win32-x64\jre\21.0.12.1-win32-x86_64\bin\nio.dll
Event: 0.173 Loaded shared library C:\Users\nhlan\.vscode\extensions\redhat.java-1.56.0-win32-x64\jre\21.0.12.1-win32-x86_64\bin\nio.dll
Event: 0.177 Attempting to load shared library C:\Users\nhlan\.vscode\extensions\redhat.java-1.56.0-win32-x64\jre\21.0.12.1-win32-x86_64\bin\zip.dll
Event: 0.177 Loaded shared library C:\Users\nhlan\.vscode\extensions\redhat.java-1.56.0-win32-x64\jre\21.0.12.1-win32-x86_64\bin\zip.dll
Event: 0.700 Attempting to load shared library C:\Users\nhlan\.vscode\extensions\redhat.java-1.56.0-win32-x64\jre\21.0.12.1-win32-x86_64\bin\jimage.dll
Event: 0.700 Loaded shared library C:\Users\nhlan\.vscode\extensions\redhat.java-1.56.0-win32-x64\jre\21.0.12.1-win32-x86_64\bin\jimage.dll
Event: 1.027 Attempting to load shared library C:\Users\nhlan\.vscode\extensions\redhat.java-1.56.0-win32-x64\jre\21.0.12.1-win32-x86_64\bin\verify.dll
Event: 1.028 Loaded shared library C:\Users\nhlan\.vscode\extensions\redhat.java-1.56.0-win32-x64\jre\21.0.12.1-win32-x86_64\bin\verify.dll
Event: 1.235 Attempting to load shared library C:\Users\nhlan\.gradle\native\c067742578af261105cb4f569cf0c3c89f3d7b1fecec35dd04571415982c5e48\windows-amd64\native-platform.dll
Event: 1.244 Loaded shared library C:\Users\nhlan\.gradle\native\c067742578af261105cb4f569cf0c3c89f3d7b1fecec35dd04571415982c5e48\windows-amd64\native-platform.dll
Event: 1.250 Attempting to load shared library C:\Users\nhlan\.gradle\native\100fb08df4bc3b14c8652ba06237920a3bd2aa13389f12d3474272988ae205f9\windows-amd64\native-platform-file-events.dll
Event: 1.680 Loaded shared library C:\Users\nhlan\.gradle\native\100fb08df4bc3b14c8652ba06237920a3bd2aa13389f12d3474272988ae205f9\windows-amd64\native-platform-file-events.dll
Event: 7.696 Attempting to load shared library C:\Users\nhlan\.vscode\extensions\redhat.java-1.56.0-win32-x64\jre\21.0.12.1-win32-x86_64\bin\management.dll
Event: 7.701 Loaded shared library C:\Users\nhlan\.vscode\extensions\redhat.java-1.56.0-win32-x64\jre\21.0.12.1-win32-x86_64\bin\management.dll
Event: 7.704 Attempting to load shared library C:\Users\nhlan\.vscode\extensions\redhat.java-1.56.0-win32-x64\jre\21.0.12.1-win32-x86_64\bin\management_ext.dll
Event: 7.706 Loaded shared library C:\Users\nhlan\.vscode\extensions\redhat.java-1.56.0-win32-x64\jre\21.0.12.1-win32-x86_64\bin\management_ext.dll
Event: 8.517 Attempting to load shared library C:\Users\nhlan\.vscode\extensions\redhat.java-1.56.0-win32-x64\jre\21.0.12.1-win32-x86_64\bin\extnet.dll
Event: 8.570 Loaded shared library C:\Users\nhlan\.vscode\extensions\redhat.java-1.56.0-win32-x64\jre\21.0.12.1-win32-x86_64\bin\extnet.dll
Event: 8.893 Attempting to load shared library C:\Users\nhlan\.vscode\extensions\redhat.java-1.56.0-win32-x64\jre\21.0.12.1-win32-x86_64\bin\sunmscapi.dll
Event: 10.129 Loaded shared library C:\Users\nhlan\.vscode\extensions\redhat.java-1.56.0-win32-x64\jre\21.0.12.1-win32-x86_64\bin\sunmscapi.dll

Deoptimization events (20 events):
Event: 1007.717 Thread 0x0000018c7f50ac70 DEOPT PACKING pc=0x0000018c07e6ba0c sp=0x000000547ddfdf00
Event: 1007.717 Thread 0x0000018c7f50ac70 DEOPT UNPACKING pc=0x0000018c07587ba2 sp=0x000000547ddfde90 mode 2
Event: 1007.724 Thread 0x0000018c51649350 Uncommon trap: trap_request=0xffffff54 fr.pc=0x0000018c07c7eb54 relative=0x0000000000002194
Event: 1007.724 Thread 0x0000018c51649350 Uncommon trap: reason=speculate_null_assert action=make_not_entrant pc=0x0000018c07c7eb54 method=jdk.internal.util.ReferencedKeyMap.existingKey(Ljdk/internal/util/ReferencedKeyMap;Ljava/lang/Object;)Ljava/lang/Object; @ 18 c2
Event: 1007.724 Thread 0x0000018c5164db80 Uncommon trap: trap_request=0xffffff54 fr.pc=0x0000018c07c7eb54 relative=0x0000000000002194
Event: 1007.724 Thread 0x0000018c5164db80 Uncommon trap: reason=speculate_null_assert action=make_not_entrant pc=0x0000018c07c7eb54 method=jdk.internal.util.ReferencedKeyMap.existingKey(Ljdk/internal/util/ReferencedKeyMap;Ljava/lang/Object;)Ljava/lang/Object; @ 18 c2
Event: 1007.724 Thread 0x0000018c5164e8a0 Uncommon trap: trap_request=0xffffff54 fr.pc=0x0000018c07c7eb54 relative=0x0000000000002194
Event: 1007.724 Thread 0x0000018c5164e8a0 Uncommon trap: reason=speculate_null_assert action=make_not_entrant pc=0x0000018c07c7eb54 method=jdk.internal.util.ReferencedKeyMap.existingKey(Ljdk/internal/util/ReferencedKeyMap;Ljava/lang/Object;)Ljava/lang/Object; @ 18 c2
Event: 1007.725 Thread 0x0000018c51649350 DEOPT PACKING pc=0x0000018c07c7eb54 sp=0x000000547e5fe160
Event: 1007.725 Thread 0x0000018c5164db80 DEOPT PACKING pc=0x0000018c07c7eb54 sp=0x000000547effe0b0
Event: 1007.725 Thread 0x0000018c5164e8a0 DEOPT PACKING pc=0x0000018c07c7eb54 sp=0x000000547f2fe1a0
Event: 1007.729 Thread 0x0000018c5164e8a0 DEOPT UNPACKING pc=0x0000018c07587ba2 sp=0x000000547f2fde10 mode 2
Event: 1007.729 Thread 0x0000018c51649350 DEOPT UNPACKING pc=0x0000018c07587ba2 sp=0x000000547e5fddd0 mode 2
Event: 1007.729 Thread 0x0000018c5164db80 DEOPT UNPACKING pc=0x0000018c07587ba2 sp=0x000000547effdd20 mode 2
Event: 1008.793 Thread 0x0000018c7f213a70 Uncommon trap: trap_request=0xffffff45 fr.pc=0x0000018c08176590 relative=0x0000000000000370
Event: 1008.794 Thread 0x0000018c7f213a70 Uncommon trap: reason=unstable_if action=reinterpret pc=0x0000018c08176590 method=org.gradle.internal.logging.sink.OutputEventRenderer.onOutput(Lorg/gradle/internal/logging/events/OutputEvent;)V @ 24 c2
Event: 1008.794 Thread 0x0000018c7f213a70 DEOPT PACKING pc=0x0000018c08176590 sp=0x000000547a1ff090
Event: 1008.794 Thread 0x0000018c7f213a70 DEOPT UNPACKING pc=0x0000018c07587ba2 sp=0x000000547a1fefe0 mode 2
Event: 1017.455 Thread 0x0000018c7f213a70 DEOPT PACKING pc=0x0000018c0073f337 sp=0x000000547a1fe840
Event: 1017.455 Thread 0x0000018c7f213a70 DEOPT UNPACKING pc=0x0000018c075886e2 sp=0x000000547a1fdcb8 mode 0

Classes loaded (20 events):
Event: 129.314 Loading class javax/crypto/JceSecurity$3
Event: 129.314 Loading class javax/crypto/JceSecurity$3 done
Event: 129.314 Loading class javax/crypto/ProviderVerifier
Event: 129.314 Loading class javax/crypto/ProviderVerifier done
Event: 129.371 Loading class java/security/cert/CertificateEncodingException
Event: 129.371 Loading class java/security/cert/CertificateEncodingException done
Event: 129.564 Loading class java/text/MessageFormat$Field
Event: 129.564 Loading class java/text/MessageFormat$Field done
Event: 129.623 Loading class java/lang/Short$ShortCache
Event: 129.623 Loading class java/lang/Short$ShortCache done
Event: 129.632 Loading class java/io/ObjectStreamClass$ExceptionInfo
Event: 129.633 Loading class java/io/ObjectStreamClass$ExceptionInfo done
Event: 129.701 Loading class java/net/UrlDeserializedState
Event: 129.701 Loading class java/net/UrlDeserializedState done
Event: 129.701 Loading class java/net/Proxy
Event: 129.702 Loading class java/net/Proxy done
Event: 1006.383 Loading class sun/net/ConnectionResetException
Event: 1006.409 Loading class sun/net/ConnectionResetException done
Event: 1007.007 Loading class java/util/concurrent/CompletableFuture$Signaller
Event: 1007.298 Loading class java/util/concurrent/CompletableFuture$Signaller done

Classes unloaded (0 events):
No events

Classes redefined (0 events):
No events

Internal exceptions (20 events):
Event: 129.610 Thread 0x0000018c517878f0 Implicit null exception at 0x0000018c07d3fa87 to 0x0000018c07d3fb54
Event: 129.611 Thread 0x0000018c517878f0 Exception <a 'sun/nio/fs/WindowsException'{0x0000000086f87060}> (0x0000000086f87060) 
thrown [s\src\hotspot\share\prims\jni.cpp, line 520]
Event: 129.630 Thread 0x0000018c521ea1f0 Implicit null exception at 0x0000018c0805b451 to 0x0000018c0805b934
Event: 129.655 Thread 0x0000018c521ea1f0 Implicit null exception at 0x0000018c080c47da to 0x0000018c080c4d90
Event: 129.696 Thread 0x0000018c521e87b0 Exception <a 'java/lang/NoSuchMethodError'{0x0000000086c5eb28}: static Lorg/gradle/tooling/internal/provider/serialization/ClassLoaderDetails;.<clinit>()V> (0x0000000086c5eb28) 
thrown [s\src\hotspot\share\prims\jni.cpp, line 1111]
Event: 129.698 Thread 0x0000018c521e87b0 Exception <a 'java/lang/NoSuchMethodError'{0x0000000086c7c9f8}: static Lorg/gradle/tooling/internal/provider/serialization/WellKnownClassLoaderRegistry$KnownClassLoaderSpec;.<clinit>()V> (0x0000000086c7c9f8) 
thrown [s\src\hotspot\share\prims\jni.cpp, line 1111]
Event: 129.699 Thread 0x0000018c521e87b0 Exception <a 'java/lang/NoSuchMethodError'{0x0000000086c7e4a0}: static Lorg/gradle/internal/classloader/ClassLoaderSpec;.<clinit>()V> (0x0000000086c7e4a0) 
thrown [s\src\hotspot\share\prims\jni.cpp, line 1111]
Event: 129.700 Thread 0x0000018c521e87b0 Exception <a 'java/lang/NoSuchMethodError'{0x0000000086c933a0}: static Lorg/gradle/internal/classloader/ClassLoaderSpec;.<clinit>()V> (0x0000000086c933a0) 
thrown [s\src\hotspot\share\prims\jni.cpp, line 1111]
Event: 129.700 Thread 0x0000018c521e87b0 Exception <a 'java/lang/NoSuchMethodError'{0x0000000086c9f970}: static Lorg/gradle/internal/classloader/VisitableURLClassLoader$Spec;.<clinit>()V> (0x0000000086c9f970) 
thrown [s\src\hotspot\share\prims\jni.cpp, line 1111]
Event: 129.705 Thread 0x0000018c521e87b0 Exception <a 'java/lang/NoSuchMethodError'{0x0000000086cc1558}: static [Ljava/net/URL;.<clinit>()V> (0x0000000086cc1558) 
thrown [s\src\hotspot\share\prims\jni.cpp, line 1111]
Event: 1006.380 Thread 0x0000018c7f508510 Exception <a 'java/io/IOException'{0x0000000088a16c88}> (0x0000000088a16c88) 
thrown [s\src\hotspot\share\prims\jni.cpp, line 520]
Event: 1006.382 Thread 0x0000018c7f503ce0 Exception <a 'java/io/IOException'{0x0000000088d40e88}> (0x0000000088d40e88) 
thrown [s\src\hotspot\share\prims\jni.cpp, line 520]
Event: 1006.423 Thread 0x0000018c7f50a5e0 Exception <a 'sun/net/ConnectionResetException'{0x0000000088ab4e10}: Connection reset> (0x0000000088ab4e10) 
thrown [s\src\hotspot\share\prims\jni.cpp, line 539]
Event: 1006.450 Thread 0x0000018c79f18a80 Exception <a 'java/io/IOException'{0x0000000088fa0418}> (0x0000000088fa0418) 
thrown [s\src\hotspot\share\prims\jni.cpp, line 520]
Event: 1006.632 Thread 0x0000018c521e9b60 Exception <a 'sun/net/ConnectionResetException'{0x0000000088fdaeb8}: Connection reset> (0x0000000088fdaeb8) 
thrown [s\src\hotspot\share\prims\jni.cpp, line 539]
Event: 1006.641 Thread 0x0000018c7f7a45d0 Exception <a 'java/io/IOException'{0x0000000088d03b00}> (0x0000000088d03b00) 
thrown [s\src\hotspot\share\prims\jni.cpp, line 520]
Event: 1006.652 Thread 0x0000018c53cf53d0 Exception <a 'java/io/IOException'{0x0000000088e02398}> (0x0000000088e02398) 
thrown [s\src\hotspot\share\prims\jni.cpp, line 520]
Event: 1006.669 Thread 0x0000018c7f509230 Exception <a 'sun/net/ConnectionResetException'{0x0000000088989a18}: Connection reset> (0x0000000088989a18) 
thrown [s\src\hotspot\share\prims\jni.cpp, line 539]
Event: 1006.676 Thread 0x0000018c5164ad90 Exception <a 'sun/net/ConnectionResetException'{0x00000000889c8aa8}: Connection reset> (0x00000000889c8aa8) 
thrown [s\src\hotspot\share\prims\jni.cpp, line 539]
Event: 1006.680 Thread 0x0000018c5164c140 Exception <a 'sun/net/ConnectionResetException'{0x0000000088953538}: Connection reset> (0x0000000088953538) 
thrown [s\src\hotspot\share\prims\jni.cpp, line 539]

ZGC Phase Switch (0 events):
No events

VM Operations (20 events):
Event: 1013.352 Executing safepoint VM operation: Cleanup
Event: 1013.552 Executing safepoint VM operation: Cleanup done
Event: 1014.573 Executing safepoint VM operation: Cleanup
Event: 1014.770 Executing safepoint VM operation: Cleanup done
Event: 1015.779 Executing safepoint VM operation: Cleanup
Event: 1016.012 Executing safepoint VM operation: Cleanup done
Event: 1017.022 Executing safepoint VM operation: Cleanup
Event: 1017.362 Executing safepoint VM operation: Cleanup done
Event: 1018.376 Executing safepoint VM operation: Cleanup
Event: 1018.952 Executing safepoint VM operation: Cleanup done
Event: 1019.966 Executing safepoint VM operation: Cleanup
Event: 1019.981 Executing safepoint VM operation: Cleanup done
Event: 1021.999 Executing safepoint VM operation: Cleanup
Event: 1022.045 Executing safepoint VM operation: Cleanup done
Event: 1022.898 Executing non-safepoint VM operation: HandshakeAllThreads (HandshakeForDeflation)
Event: 1023.275 Executing non-safepoint VM operation: HandshakeAllThreads (HandshakeForDeflation) done
Event: 1023.276 Executing non-safepoint VM operation: RendezvousGCThreads
Event: 1023.276 Executing non-safepoint VM operation: RendezvousGCThreads done
Event: 1025.304 Executing safepoint VM operation: Cleanup
Event: 1025.348 Executing safepoint VM operation: Cleanup done

Memory protections (0 events):
No events

Nmethod flushes (20 events):
Event: 529.656 Thread 0x0000018c795f1660 flushing  nmethod 0x0000018c00c99910
Event: 529.656 Thread 0x0000018c795f1660 flushing  nmethod 0x0000018c00c9f510
Event: 529.656 Thread 0x0000018c795f1660 flushing  nmethod 0x0000018c00ca1190
Event: 529.656 Thread 0x0000018c795f1660 flushing  nmethod 0x0000018c00ca2d90
Event: 529.656 Thread 0x0000018c795f1660 flushing  nmethod 0x0000018c00ca3490
Event: 529.656 Thread 0x0000018c795f1660 flushing  nmethod 0x0000018c00db9d10
Event: 529.656 Thread 0x0000018c795f1660 flushing  nmethod 0x0000018c00dba110
Event: 529.656 Thread 0x0000018c795f1660 flushing  nmethod 0x0000018c00dba510
Event: 529.656 Thread 0x0000018c795f1660 flushing  nmethod 0x0000018c00dba890
Event: 529.656 Thread 0x0000018c795f1660 flushing  nmethod 0x0000018c00dbc510
Event: 529.656 Thread 0x0000018c795f1660 flushing  nmethod 0x0000018c00dbdc10
Event: 529.656 Thread 0x0000018c795f1660 flushing  nmethod 0x0000018c00dbef10
Event: 529.656 Thread 0x0000018c795f1660 flushing  nmethod 0x0000018c00dbf690
Event: 529.656 Thread 0x0000018c795f1660 flushing  nmethod 0x0000018c00dc0710
Event: 529.656 Thread 0x0000018c795f1660 flushing  nmethod 0x0000018c00dc1210
Event: 529.656 Thread 0x0000018c795f1660 flushing  nmethod 0x0000018c00e22d10
Event: 529.656 Thread 0x0000018c795f1660 flushing  nmethod 0x0000018c00e89090
Event: 529.656 Thread 0x0000018c795f1660 flushing  nmethod 0x0000018c00fd2e90
Event: 529.656 Thread 0x0000018c795f1660 flushing  nmethod 0x0000018c011e1910
Event: 529.657 Thread 0x0000018c795f1660 flushing  nmethod 0x0000018c011f7310

Events (20 events):
Event: 1015.209 Thread 0x0000018c545a4a70 Thread added: 0x0000018c545a2310
Event: 1015.757 Thread 0x0000018c545a4a70 Thread added: 0x0000018c545a15f0
Event: 1016.018 Thread 0x0000018c7f213a70 Thread added: 0x0000018c545a29a0
Event: 1016.384 Thread 0x0000018c545a29a0 Thread added: 0x0000018c545a1c80
Event: 1016.488 Thread 0x0000018c7f213a70 Thread added: 0x0000018c545a5100
Event: 1016.519 Thread 0x0000018c545a29a0 Thread added: 0x0000018c545a5790
Event: 1016.534 Thread 0x0000018c545a5100 Thread added: 0x0000018c545a64b0
Event: 1016.901 Thread 0x0000018c7f213a70 Thread added: 0x0000018c545a5e20
Event: 1017.367 Thread 0x0000018c545a5100 Thread added: 0x0000018c545a3030
Event: 1017.368 Thread 0x0000018c545a5e20 Thread added: 0x0000018c545a6b40
Event: 1017.434 Thread 0x0000018c7f213a70 Thread added: 0x0000018c545a71d0
Event: 1017.439 Thread 0x0000018c7f213a70 Thread added: 0x0000018c545a7860
Event: 1017.449 Thread 0x0000018c545a7860 Thread added: 0x0000018c545a7ef0
Event: 1017.466 Thread 0x0000018c545a7860 Thread added: 0x0000018c51c73930
Event: 1017.467 Thread 0x0000018c7f213a70 Thread added: 0x0000018c51c72c10
Event: 1017.778 Thread 0x0000018c545a71d0 Thread added: 0x0000018c51c75370
Event: 1017.784 Thread 0x0000018c51c72c10 Thread added: 0x0000018c51c74ce0
Event: 1017.864 Thread 0x0000018c545a71d0 Thread added: 0x0000018c51c732a0
Event: 1018.310 Thread 0x0000018c51c72c10 Thread added: 0x0000018c51c72580
Event: 1018.965 Thread 0x0000018c545a5e20 Thread added: 0x0000018c51c76090


Dynamic libraries:
0x00007ff62f870000 - 0x00007ff62f87e000 	C:\Users\nhlan\.vscode\extensions\redhat.java-1.56.0-win32-x64\jre\21.0.12.1-win32-x86_64\bin\java.exe
0x00007fffa7220000 - 0x00007fffa7487000 	C:\WINDOWS\SYSTEM32\ntdll.dll
0x00007fffa6650000 - 0x00007fffa671b000 	C:\WINDOWS\System32\KERNEL32.DLL
0x00007fffa49d0000 - 0x00007fffa4dd2000 	C:\WINDOWS\System32\KERNELBASE.dll
0x00007fff9da80000 - 0x00007fff9db1f000 	C:\WINDOWS\SYSTEM32\apphelp.dll
0x00007fffa4420000 - 0x00007fffa456c000 	C:\WINDOWS\System32\ucrtbase.dll
0x00007fff9ef20000 - 0x00007fff9ef38000 	C:\Users\nhlan\.vscode\extensions\redhat.java-1.56.0-win32-x64\jre\21.0.12.1-win32-x86_64\bin\jli.dll
0x00007fffa6ab0000 - 0x00007fffa6c7f000 	C:\WINDOWS\System32\USER32.dll
0x00007fffa4de0000 - 0x00007fffa4e07000 	C:\WINDOWS\System32\win32u.dll
0x00007fffa71b0000 - 0x00007fffa71db000 	C:\WINDOWS\System32\GDI32.dll
0x00007fffa4e10000 - 0x00007fffa4f39000 	C:\WINDOWS\System32\gdi32full.dll
0x00007fff9ec50000 - 0x00007fff9ec6e000 	C:\Users\nhlan\.vscode\extensions\redhat.java-1.56.0-win32-x64\jre\21.0.12.1-win32-x86_64\bin\VCRUNTIME140.dll
0x00007fffa4580000 - 0x00007fffa4623000 	C:\WINDOWS\System32\msvcp_win.dll
0x00007fff8b470000 - 0x00007fff8b700000 	C:\WINDOWS\WinSxS\amd64_microsoft.windows.common-controls_6595b64144ccf1df_6.0.26100.9278_none_3e0d1ba8e3303201\COMCTL32.dll
0x00007fffa6980000 - 0x00007fffa6a29000 	C:\WINDOWS\System32\msvcrt.dll
0x00007fffa4f40000 - 0x00007fffa4f71000 	C:\WINDOWS\System32\IMM32.DLL
0x00007fff814d0000 - 0x00007fff815c2000 	C:\Program Files\Windhawk\Engine\1.7.3\64\windhawk.dll
0x00007fffa5d70000 - 0x00007fffa5e2c000 	C:\WINDOWS\System32\ADVAPI32.dll
0x00007fffa58f0000 - 0x00007fffa5999000 	C:\WINDOWS\System32\sechost.dll
0x00007fffa6760000 - 0x00007fffa6878000 	C:\WINDOWS\System32\RPCRT4.dll
0x00007fff81910000 - 0x00007fff81938000 	C:\ProgramData\Windhawk\Engine\Mods\64\explorer-details-better-file-sizes_1.4.11_675263.dll
0x00007fffa5570000 - 0x00007fffa570a000 	C:\WINDOWS\System32\ole32.dll
0x00007fffa59a0000 - 0x00007fffa5d25000 	C:\WINDOWS\System32\combase.dll
0x00007fffa5270000 - 0x00007fffa5349000 	C:\WINDOWS\System32\OLEAUT32.dll
0x00007fffa5ea0000 - 0x00007fffa6638000 	C:\WINDOWS\System32\SHELL32.dll
0x00007fff81170000 - 0x00007fff81319000 	C:\ProgramData\Windhawk\Engine\Mods\64\libc++.whl
0x00007fff81320000 - 0x00007fff8135a000 	C:\ProgramData\Windhawk\Engine\Mods\64\libunwind.whl
0x00007fff9c3e0000 - 0x00007fff9c4d5000 	C:\WINDOWS\SYSTEM32\PROPSYS.dll
0x00007fff9fa40000 - 0x00007fff9fa4c000 	C:\Users\nhlan\.vscode\extensions\redhat.java-1.56.0-win32-x64\jre\21.0.12.1-win32-x86_64\bin\vcruntime140_1.dll
0x00007fff70010000 - 0x00007fff7009d000 	C:\Users\nhlan\.vscode\extensions\redhat.java-1.56.0-win32-x64\jre\21.0.12.1-win32-x86_64\bin\msvcp140.dll
0x00007ffef3e00000 - 0x00007ffef4ba2000 	C:\Users\nhlan\.vscode\extensions\redhat.java-1.56.0-win32-x64\jre\21.0.12.1-win32-x86_64\bin\server\jvm.dll
0x00007fffa51e0000 - 0x00007fffa5260000 	C:\WINDOWS\System32\WS2_32.dll
0x00007fff98d50000 - 0x00007fff98d86000 	C:\WINDOWS\SYSTEM32\WINMM.dll
0x00007fffa4280000 - 0x00007fffa42de000 	C:\WINDOWS\SYSTEM32\POWRPROF.dll
0x00007fff98600000 - 0x00007fff9860b000 	C:\WINDOWS\SYSTEM32\VERSION.dll
0x00007fffa4260000 - 0x00007fffa4275000 	C:\WINDOWS\SYSTEM32\UMPDC.dll
0x00007fffa30f0000 - 0x00007fffa310b000 	C:\WINDOWS\SYSTEM32\kernel.appcore.dll
0x00007fff9f610000 - 0x00007fff9f61a000 	C:\Users\nhlan\.vscode\extensions\redhat.java-1.56.0-win32-x64\jre\21.0.12.1-win32-x86_64\bin\jimage.dll
0x00007fffa15f0000 - 0x00007fffa183c000 	C:\WINDOWS\SYSTEM32\DBGHELP.DLL
0x00007fff88780000 - 0x00007fff887bb000 	C:\WINDOWS\SYSTEM32\dbgcore.DLL
0x00007fffa4850000 - 0x00007fffa48fc000 	C:\WINDOWS\System32\bcryptPrimitives.dll
0x00007fff9f5b0000 - 0x00007fff9f5bf000 	C:\Users\nhlan\.vscode\extensions\redhat.java-1.56.0-win32-x64\jre\21.0.12.1-win32-x86_64\bin\instrument.dll
0x00007fff9eb70000 - 0x00007fff9eb90000 	C:\Users\nhlan\.vscode\extensions\redhat.java-1.56.0-win32-x64\jre\21.0.12.1-win32-x86_64\bin\java.dll
0x00007fffa1e50000 - 0x00007fffa26fe000 	C:\WINDOWS\SYSTEM32\windows.storage.dll
0x00007fffa5090000 - 0x00007fffa518b000 	C:\WINDOWS\System32\SHCORE.dll
0x00007fffa6a30000 - 0x00007fffa6a96000 	C:\WINDOWS\System32\shlwapi.dll
0x00007fffa4340000 - 0x00007fffa4369000 	C:\WINDOWS\SYSTEM32\profapi.dll
0x00007fff9e740000 - 0x00007fff9e758000 	C:\Users\nhlan\.vscode\extensions\redhat.java-1.56.0-win32-x64\jre\21.0.12.1-win32-x86_64\bin\zip.dll
0x00007fff9f5e0000 - 0x00007fff9f5f0000 	C:\Users\nhlan\.vscode\extensions\redhat.java-1.56.0-win32-x64\jre\21.0.12.1-win32-x86_64\bin\net.dll
0x00007fff98670000 - 0x00007fff9879a000 	C:\WINDOWS\SYSTEM32\WINHTTP.dll
0x00007fffa36b0000 - 0x00007fffa371c000 	C:\WINDOWS\system32\mswsock.dll
0x00007fff9da60000 - 0x00007fff9da76000 	C:\Users\nhlan\.vscode\extensions\redhat.java-1.56.0-win32-x64\jre\21.0.12.1-win32-x86_64\bin\nio.dll
0x00007fff9f330000 - 0x00007fff9f340000 	C:\Users\nhlan\.vscode\extensions\redhat.java-1.56.0-win32-x64\jre\21.0.12.1-win32-x86_64\bin\verify.dll
0x00007fff7fb50000 - 0x00007fff7fb77000 	C:\Users\nhlan\.gradle\native\c067742578af261105cb4f569cf0c3c89f3d7b1fecec35dd04571415982c5e48\windows-amd64\native-platform.dll
0x00007fff1fb20000 - 0x00007fff1fc64000 	C:\Users\nhlan\.gradle\native\100fb08df4bc3b14c8652ba06237920a3bd2aa13389f12d3474272988ae205f9\windows-amd64\native-platform-file-events.dll
0x00007fff9ee60000 - 0x00007fff9ee6a000 	C:\Users\nhlan\.vscode\extensions\redhat.java-1.56.0-win32-x64\jre\21.0.12.1-win32-x86_64\bin\management.dll
0x00007fff9ed80000 - 0x00007fff9ed8c000 	C:\Users\nhlan\.vscode\extensions\redhat.java-1.56.0-win32-x64\jre\21.0.12.1-win32-x86_64\bin\management_ext.dll
0x00007fffa6640000 - 0x00007fffa6648000 	C:\WINDOWS\System32\PSAPI.DLL
0x00007fffa39a0000 - 0x00007fffa39bb000 	C:\WINDOWS\SYSTEM32\CRYPTSP.dll
0x00007fffa3050000 - 0x00007fffa3089000 	C:\WINDOWS\system32\rsaenh.dll
0x00007fffa3760000 - 0x00007fffa3794000 	C:\WINDOWS\SYSTEM32\USERENV.dll
0x00007fffa4310000 - 0x00007fffa433a000 	C:\WINDOWS\SYSTEM32\bcrypt.dll
0x00007fffa39c0000 - 0x00007fffa39cc000 	C:\WINDOWS\SYSTEM32\CRYPTBASE.dll
0x00007fffa2b30000 - 0x00007fffa2b63000 	C:\WINDOWS\SYSTEM32\IPHLPAPI.DLL
0x00007fffa6aa0000 - 0x00007fffa6aaa000 	C:\WINDOWS\System32\NSI.dll
0x00007fff9e8d0000 - 0x00007fff9e8d9000 	C:\Users\nhlan\.vscode\extensions\redhat.java-1.56.0-win32-x64\jre\21.0.12.1-win32-x86_64\bin\extnet.dll
0x00007fff9ea40000 - 0x00007fff9ea4e000 	C:\Users\nhlan\.vscode\extensions\redhat.java-1.56.0-win32-x64\jre\21.0.12.1-win32-x86_64\bin\sunmscapi.dll
0x00007fffa4630000 - 0x00007fffa47ae000 	C:\WINDOWS\System32\CRYPT32.dll
0x00007fffa3be0000 - 0x00007fffa3c10000 	C:\WINDOWS\SYSTEM32\ncrypt.dll
0x00007fffa3b90000 - 0x00007fffa3bcf000 	C:\WINDOWS\SYSTEM32\NTASN1.dll
0x00007fff7e6f0000 - 0x00007fff7e6f8000 	C:\WINDOWS\system32\wshunix.dll

JVMTI agents:
C:\Users\nhlan\.gradle\wrapper\dists\gradle-8.9-bin\90cnw93cvbtalezasaz0blq0a\gradle-8.9\lib\agents\gradle-instrumentation-agent-8.9.jar path:C:\Users\nhlan\.vscode\extensions\redhat.java-1.56.0-win32-x64\jre\21.0.12.1-win32-x86_64\bin\instrument.dll, loaded, initialized, instrumentlib options:none

dbghelp: loaded successfully - version: 4.0.5 - missing functions: none
symbol engine: initialized successfully - sym options: 0x614 - pdb path: .;C:\Users\nhlan\.vscode\extensions\redhat.java-1.56.0-win32-x64\jre\21.0.12.1-win32-x86_64\bin;C:\WINDOWS\SYSTEM32;C:\WINDOWS\WinSxS\amd64_microsoft.windows.common-controls_6595b64144ccf1df_6.0.26100.9278_none_3e0d1ba8e3303201;C:\Program Files\Windhawk\Engine\1.7.3\64;C:\ProgramData\Windhawk\Engine\Mods\64;C:\Users\nhlan\.vscode\extensions\redhat.java-1.56.0-win32-x64\jre\21.0.12.1-win32-x86_64\bin\server;C:\Users\nhlan\.gradle\native\c067742578af261105cb4f569cf0c3c89f3d7b1fecec35dd04571415982c5e48\windows-amd64;C:\Users\nhlan\.gradle\native\100fb08df4bc3b14c8652ba06237920a3bd2aa13389f12d3474272988ae205f9\windows-amd64

VM Arguments:
jvm_args: --add-opens=java.base/java.util=ALL-UNNAMED --add-opens=java.base/java.lang=ALL-UNNAMED --add-opens=java.base/java.lang.invoke=ALL-UNNAMED --add-opens=java.prefs/java.util.prefs=ALL-UNNAMED --add-exports=jdk.compiler/com.sun.tools.javac.api=ALL-UNNAMED --add-exports=jdk.compiler/com.sun.tools.javac.util=ALL-UNNAMED --add-opens=java.base/java.nio.charset=ALL-UNNAMED --add-opens=java.base/java.net=ALL-UNNAMED --add-opens=java.base/java.util.concurrent.atomic=ALL-UNNAMED -Xmx2048m -Dfile.encoding=UTF-8 -Duser.country=ZA -Duser.language=en -Duser.variant -javaagent:C:\Users\nhlan\.gradle\wrapper\dists\gradle-8.9-bin\90cnw93cvbtalezasaz0blq0a\gradle-8.9\lib\agents\gradle-instrumentation-agent-8.9.jar 
java_command: org.gradle.launcher.daemon.bootstrap.GradleDaemon 8.9
java_class_path (initial): C:\Users\nhlan\.gradle\wrapper\dists\gradle-8.9-bin\90cnw93cvbtalezasaz0blq0a\gradle-8.9\lib\gradle-daemon-main-8.9.jar
Launcher Type: SUN_STANDARD

[Global flags]
     intx CICompilerCount                          = 4                                         {product} {ergonomic}
     uint ConcGCThreads                            = 2                                         {product} {ergonomic}
     uint G1ConcRefinementThreads                  = 8                                         {product} {ergonomic}
   size_t G1HeapRegionSize                         = 1048576                                   {product} {ergonomic}
    uintx GCDrainStackTargetSize                   = 64                                        {product} {ergonomic}
   size_t InitialHeapSize                          = 130023424                                 {product} {ergonomic}
   size_t MarkStackSize                            = 4194304                                   {product} {ergonomic}
   size_t MaxHeapSize                              = 2147483648                                {product} {command line}
   size_t MaxNewSize                               = 1287651328                                {product} {ergonomic}
   size_t MinHeapDeltaBytes                        = 1048576                                   {product} {ergonomic}
   size_t MinHeapSize                              = 8388608                                   {product} {ergonomic}
    uintx NonNMethodCodeHeapSize                   = 5839372                                {pd product} {ergonomic}
    uintx NonProfiledCodeHeapSize                  = 122909434                              {pd product} {ergonomic}
    uintx ProfiledCodeHeapSize                     = 122909434                              {pd product} {ergonomic}
    uintx ReservedCodeCacheSize                    = 251658240                              {pd product} {ergonomic}
     bool SegmentedCodeCache                       = true                                      {product} {ergonomic}
   size_t SoftMaxHeapSize                          = 2147483648                             {manageable} {ergonomic}
     bool UseCompressedOops                        = true                           {product lp64_product} {ergonomic}
     bool UseG1GC                                  = true                                      {product} {ergonomic}
     bool UseLargePagesIndividualAllocation        = false                                  {pd product} {ergonomic}

Logging:
Log output configuration:
 #0: stdout all=warning uptime,level,tags foldmultilines=false
 #1: stderr all=off uptime,level,tags foldmultilines=false

Release file:
JAVA_VERSION="21.0.12.1" 
MODULES="java.base java.compiler java.datatransfer java.xml java.prefs java.desktop java.instrument java.logging java.management java.security.sasl java.naming java.rmi java.management.rmi java.net.http java.scripting java.security.jgss java.transaction.xa java.sql java.sql.rowset java.xml.crypto java.se java.smartcardio jdk.accessibility jdk.internal.jvmstat jdk.attach jdk.charsets jdk.internal.opt jdk.zipfs jdk.compiler jdk.crypto.ec jdk.crypto.cryptoki jdk.crypto.mscapi jdk.dynalink jdk.internal.ed jdk.editpad jdk.hotspot.agent jdk.httpserver jdk.internal.le jdk.internal.vm.ci jdk.internal.vm.compiler jdk.internal.vm.compiler.management jdk.jartool jdk.javadoc jdk.jcmd jdk.management jdk.management.agent jdk.jconsole jdk.jdeps jdk.jdwp.agent jdk.jdi jdk.jfr jdk.jshell jdk.jsobject jdk.jstatd jdk.localedata jdk.management.jfr jdk.naming.dns jdk.naming.rmi jdk.net jdk.nio.mapmode jdk.random jdk.sctp jdk.security.auth jdk.security.jgss jdk.unsupported jdk.unsupported.desktop jdk.xml.dom" 

Environment Variables:
JAVA_HOME=C:\Program Files\Java\jdk-20
PATH=C:\Program Files\Common Files\Oracle\Java\javapath;C:\Windows\system32;C:\Windows;C:\Windows\System32\Wbem;C:\Windows\System32\WindowsPowerShell\v1.0\;C:\Windows\System32\OpenSSH\;C:\Program Files\dotnet\;C:\WINDOWS\system32;C:\WINDOWS;C:\WINDOWS\System32\Wbem;C:\WINDOWS\System32\WindowsPowerShell\v1.0\;C:\WINDOWS\System32\OpenSSH\;C:\Program Files\Java\jdk-20\bin;C:\Program Files (x86)\Microsoft SQL Server\160\DTS\Binn\;C:\Program Files (x86)\Microsoft SQL Server\160\Tools\Binn\;C:\Program Files\Microsoft SQL Server\160\Tools\Binn\;C:\Program Files\Microsoft SQL Server\Client SDK\ODBC\170\Tools\Binn\;C:\Program Files\Microsoft SQL Server\160\DTS\Binn\;C:\Program Files\RedHat\Podman\;C:\Program Files\Git\cmd;C:\Program Files\nodejs\;C:\Program Files\Amazon\AWSCLIV2\;C:\Program Files\GitHub CLI\;C:\Users\nhlan\AppData\Local\Microsoft\WindowsApps;C:\Users\nhlan\.dotnet\tools;C:\Users\nhlan\AppData\Local\Programs\Microsoft VS Code\bin;C:\Program Files\Azure Data Studio\bin;C:\Users\nhlan\AppData\Local\Microsoft\WinGet\Packages\Astronomer.Astro_Microsoft.Winget.Source_8wekyb3d8bbwe;C:\Users\nhlan\AppData\Local\Programs\Kiro\bin;C:\Users\nhlan\AppData\Local\GitHubDesktop\bin;C:\Users\nhlan\AppData\Roaming\npm
USERNAME=nhlanhla
OS=Windows_NT
PROCESSOR_IDENTIFIER=Intel64 Family 6 Model 140 Stepping 1, GenuineIntel
TMP=C:\Users\nhlan\AppData\Local\Temp
TEMP=C:\Users\nhlan\AppData\Local\Temp




Periodic native trim disabled

---------------  S Y S T E M  ---------------

OS:
 Windows 11 , 64 bit Build 26100 (10.0.26100.9444)
OS uptime: 19 days 15:15 hours
Hyper-V role detected

CPU: total 8 (initial active 8) (4 cores per cpu, 2 threads per core) family 6 model 140 stepping 1 microcode 0xb6, cx8, cmov, fxsr, ht, mmx, 3dnowpref, sse, sse2, sse3, ssse3, sse4.1, sse4.2, popcnt, lzcnt, tsc, tscinvbit, avx, avx2, aes, erms, clmul, bmi1, bmi2, adx, avx512f, avx512dq, avx512cd, avx512bw, avx512vl, sha, fma, vzeroupper, avx512_vpopcntdq, avx512_vpclmulqdq, avx512_vaes, avx512_vnni, clflush, clflushopt, clwb, avx512_vbmi2, avx512_vbmi, hv, rdtscp, rdpid, fsrm, gfni, avx512_bitalg, f16c, cet_ibt, cet_ss, avx512_ifma
Processor Information for the first 8 processors :
  Max Mhz: 2419, Current Mhz: 2419, Mhz Limit: 2419

Memory: 4k page, system-wide physical 7886M (226M free)
TotalPageFile size 32462M (AvailPageFile size 198M)
current process WorkingSet (physical memory assigned to process): 49M, peak: 393M
current process commit charge ("private bytes"): 448M, peak: 461M

vm_info: OpenJDK 64-Bit Server VM (21.0.12.1+1-LTS) for windows-amd64 JRE (21.0.12.1+1-LTS), built on 2026-08-18T00:00:00Z by "admin" with MS VC++ 17.12 (VS2022)

END.
