#
# There is insufficient memory for the Java Runtime Environment to continue.
# Native memory allocation (mmap) failed to map 46137344 bytes. Error detail: G1 virtual space
# Possible reasons:
#   The system is out of physical RAM or swap space
#   This process is running with CompressedOops enabled, and the Java Heap may be blocking the growth of the native heap
# Possible solutions:
#   Reduce memory load on the system
#   Increase physical memory or swap space
#   Check if swap backing store is full
#   Decrease Java heap size (-Xmx/-Xms)
#   Decrease number of Java threads
#   Decrease Java thread stack sizes (-Xss)
#   Set larger code cache with -XX:ReservedCodeCacheSize=
#   JVM is running with Unscaled Compressed Oops mode in which the Java heap is
#     placed in the first 4GB address space. The Java Heap base address is the
#     maximum limit for the native heap growth. Please use -XX:HeapBaseMinAddress
#     to set the Java Heap base and to place the Java Heap above 4GB virtual address.
# This output file may be truncated or incomplete.
#
#  Out of Memory Error (os_windows.cpp:3732), pid=41092, tid=20172
#
# JRE version: OpenJDK Runtime Environment Temurin-21.0.12.1+1 (21.0.12.1+1) (build 21.0.12.1+1-LTS)
# Java VM: OpenJDK 64-Bit Server VM Temurin-21.0.12.1+1 (21.0.12.1+1-LTS, mixed mode, sharing, tiered, compressed oops, compressed class ptrs, g1 gc, windows-amd64)
# No core dump will be written. Minidumps are not enabled by default on client versions of Windows
#

---------------  S U M M A R Y ------------

Command Line: --add-opens=java.base/java.util=ALL-UNNAMED --add-opens=java.base/java.lang=ALL-UNNAMED --add-opens=java.base/java.lang.invoke=ALL-UNNAMED --add-opens=java.prefs/java.util.prefs=ALL-UNNAMED --add-exports=jdk.compiler/com.sun.tools.javac.api=ALL-UNNAMED --add-exports=jdk.compiler/com.sun.tools.javac.util=ALL-UNNAMED --add-opens=java.base/java.nio.charset=ALL-UNNAMED --add-opens=java.base/java.net=ALL-UNNAMED --add-opens=java.base/java.util.concurrent.atomic=ALL-UNNAMED -Xmx2048m -Dfile.encoding=UTF-8 -Duser.country=ZA -Duser.language=en -Duser.variant -javaagent:C:\Users\nhlan\.gradle\wrapper\dists\gradle-8.9-bin\90cnw93cvbtalezasaz0blq0a\gradle-8.9\lib\agents\gradle-instrumentation-agent-8.9.jar org.gradle.launcher.daemon.bootstrap.GradleDaemon 8.9

Host: 11th Gen Intel(R) Core(TM) i5-1135G7 @ 2.40GHz, 8 cores, 7G,  Windows 11 , 64 bit Build 26100 (10.0.26100.9444)
Time: Wed Sep 30 04:51:15 2026 South Africa Standard Time elapsed time: 114.710458 seconds (0d 0h 1m 54s)

---------------  T H R E A D  ---------------

Current thread (0x000001b6a9708d30):  VMThread "VM Thread"          [id=20172, stack(0x0000009be0700000,0x0000009be0800000) (1024K)]

Stack: [0x0000009be0700000,0x0000009be0800000]
Native frames: (J=compiled Java code, j=interpreted, Vv=VM code, C=native code)
V  [jvm.dll+0x6d83e9]
V  [jvm.dll+0x8b5736]
V  [jvm.dll+0x8b7cee]
V  [jvm.dll+0x8b83d3]
V  [jvm.dll+0x284596]
V  [jvm.dll+0x6d4d05]
V  [jvm.dll+0x6c898a]
V  [jvm.dll+0x35f2f8]
V  [jvm.dll+0x366f36]
V  [jvm.dll+0x3b804e]
V  [jvm.dll+0x3b82f8]
V  [jvm.dll+0x33320c]
V  [jvm.dll+0x33329a]
V  [jvm.dll+0x377382]
V  [jvm.dll+0x375b1a]
V  [jvm.dll+0x332951]
V  [jvm.dll+0x37517a]
V  [jvm.dll+0x8be0c0]
V  [jvm.dll+0x8bf434]
V  [jvm.dll+0x8bf960]
V  [jvm.dll+0x8bfc03]
V  [jvm.dll+0x8600cd]
V  [jvm.dll+0x6d6c1d]
C  [ucrtbase.dll+0x2cd30]
C  [KERNEL32.DLL+0x2cd87]
C  [ntdll.dll+0xacaec]

VM_Operation (0x0000009be1cf6b60): G1CollectForAllocation, mode: safepoint, requested by thread 0x000001b6a99eef80


---------------  P R O C E S S  ---------------

Threads class SMR info:
_java_thread_list=0x000001b6f0eead20, length=34, elements={
0x000001b68f8d3960, 0x000001b6a97305f0, 0x000001b6a9731f70, 0x000001b6a97329d0,
0x000001b6a9735440, 0x000001b6a9735ea0, 0x000001b6a9736900, 0x000001b6a9737690,
0x000001b6a973b5b0, 0x000001b6a99f1620, 0x000001b6a9a67370, 0x000001b6f04f4870,
0x000001b6f05cb6b0, 0x000001b6f0638d40, 0x000001b6ef8b7010, 0x000001b6a99eef80,
0x000001b6a99d1cf0, 0x000001b6a99d2380, 0x000001b6a99d3dc0, 0x000001b6a99d2a10,
0x000001b6a99d4ae0, 0x000001b6a99d4450, 0x000001b6a99d30a0, 0x000001b6a99d3730,
0x000001b6a99d1660, 0x000001b6f0bbeed0, 0x000001b6f0bbfbf0, 0x000001b6f0bbd490,
0x000001b6f0bc0280, 0x000001b6f0bbe1b0, 0x000001b6f0bbce00, 0x000001b6f0bc0910,
0x000001b6f0bbf560, 0x000001b6f0bbdb20
}

Java Threads: ( => current thread )
  0x000001b68f8d3960 JavaThread "main"                              [_thread_blocked, id=3384, stack(0x0000009be0000000,0x0000009be0100000) (1024K)]
  0x000001b6a97305f0 JavaThread "Reference Handler"          daemon [_thread_blocked, id=9480, stack(0x0000009be0800000,0x0000009be0900000) (1024K)]
  0x000001b6a9731f70 JavaThread "Finalizer"                  daemon [_thread_blocked, id=35896, stack(0x0000009be0900000,0x0000009be0a00000) (1024K)]
  0x000001b6a97329d0 JavaThread "Signal Dispatcher"          daemon [_thread_blocked, id=40684, stack(0x0000009be0a00000,0x0000009be0b00000) (1024K)]
  0x000001b6a9735440 JavaThread "Attach Listener"            daemon [_thread_blocked, id=4604, stack(0x0000009be0b00000,0x0000009be0c00000) (1024K)]
  0x000001b6a9735ea0 JavaThread "Service Thread"             daemon [_thread_blocked, id=21984, stack(0x0000009be0c00000,0x0000009be0d00000) (1024K)]
  0x000001b6a9736900 JavaThread "Monitor Deflation Thread"   daemon [_thread_blocked, id=36416, stack(0x0000009be0d00000,0x0000009be0e00000) (1024K)]
  0x000001b6a9737690 JavaThread "C2 CompilerThread0"         daemon [_thread_blocked, id=3540, stack(0x0000009be0e00000,0x0000009be0f00000) (1024K)]
  0x000001b6a973b5b0 JavaThread "C1 CompilerThread0"         daemon [_thread_blocked, id=21304, stack(0x0000009be0f00000,0x0000009be1000000) (1024K)]
  0x000001b6a99f1620 JavaThread "Common-Cleaner"             daemon [_thread_blocked, id=42368, stack(0x0000009be1000000,0x0000009be1100000) (1024K)]
  0x000001b6a9a67370 JavaThread "Notification Thread"        daemon [_thread_blocked, id=28808, stack(0x0000009be1100000,0x0000009be1200000) (1024K)]
  0x000001b6f04f4870 JavaThread "Daemon health stats"               [_thread_blocked, id=34804, stack(0x0000009be1600000,0x0000009be1700000) (1024K)]
  0x000001b6f05cb6b0 JavaThread "Incoming local TCP Connector on port 17711"        [_thread_in_native, id=38652, stack(0x0000009be1700000,0x0000009be1800000) (1024K)]
  0x000001b6f0638d40 JavaThread "Daemon periodic checks"            [_thread_blocked, id=10680, stack(0x0000009be1800000,0x0000009be1900000) (1024K)]
  0x000001b6ef8b7010 JavaThread "Daemon"                            [_thread_blocked, id=44588, stack(0x0000009be1900000,0x0000009be1a00000) (1024K)]
  0x000001b6a99eef80 JavaThread "Daemon worker"                     [_thread_blocked, id=31724, stack(0x0000009be1c00000,0x0000009be1d00000) (1024K)]
  0x000001b6a99d1cf0 JavaThread "Handler for socket connection from /127.0.0.1:17711 to /127.0.0.1:17759"        [_thread_in_native, id=14912, stack(0x0000009be1a00000,0x0000009be1b00000) (1024K)]
  0x000001b6a99d2380 JavaThread "Cancel handler"                    [_thread_blocked, id=24740, stack(0x0000009be1b00000,0x0000009be1c00000) (1024K)]
  0x000001b6a99d3dc0 JavaThread "Asynchronous log dispatcher for DefaultDaemonConnection: socket connection from /127.0.0.1:17711 to /127.0.0.1:17759"        [_thread_blocked, id=36324, stack(0x0000009be1d00000,0x0000009be1e00000) (1024K)]
  0x000001b6a99d2a10 JavaThread "Stdin handler"                     [_thread_blocked, id=40676, stack(0x0000009be1e00000,0x0000009be1f00000) (1024K)]
  0x000001b6a99d4ae0 JavaThread "Daemon client event forwarder"        [_thread_blocked, id=22400, stack(0x0000009be1f00000,0x0000009be2000000) (1024K)]
  0x000001b6a99d4450 JavaThread "Cache worker for journal cache (C:\Users\nhlan\.gradle\caches\journal-1)"        [_thread_blocked, id=1584, stack(0x0000009be2300000,0x0000009be2400000) (1024K)]
  0x000001b6a99d30a0 JavaThread "File lock request listener"        [_thread_in_native, id=20632, stack(0x0000009be2400000,0x0000009be2500000) (1024K)]
  0x000001b6a99d3730 JavaThread "Cache worker for file hash cache (C:\Users\nhlan\.gradle\caches\8.9\fileHashes)"        [_thread_blocked, id=20392, stack(0x0000009be2500000,0x0000009be2600000) (1024K)]
  0x000001b6a99d1660 JavaThread "File lock release action executor"        [_thread_blocked, id=1496, stack(0x0000009be2600000,0x0000009be2700000) (1024K)]
  0x000001b6f0bbeed0 JavaThread "Cache worker for file hash cache (C:\Users\nhlan\Documents\School\Richfield\BCS Articulation\Semester 2\Mobile App Development 700\SmartPantryManager\smart-pantry-manager (1)\android\.gradle\8.9\fileHashes)"        [_thread_blocked, id=7236, stack(0x0000009be2800000,0x0000009be2900000) (1024K)]
  0x000001b6f0bbfbf0 JavaThread "Cache worker for Build Output Cleanup Cache (C:\Users\nhlan\Documents\School\Richfield\BCS Articulation\Semester 2\Mobile App Development 700\SmartPantryManager\smart-pantry-manager (1)\android\.gradle\buildOutputCleanup)"        [_thread_blocked, id=29300, stack(0x0000009be2900000,0x0000009be2a00000) (1024K)]
  0x000001b6f0bbd490 JavaThread "File watcher server"        daemon [_thread_in_native, id=21868, stack(0x0000009be2a00000,0x0000009be2b00000) (1024K)]
  0x000001b6f0bc0280 JavaThread "File watcher consumer"      daemon [_thread_blocked, id=352, stack(0x0000009be2b00000,0x0000009be2c00000) (1024K)]
  0x000001b6f0bbe1b0 JavaThread "Cache worker for checksums cache (C:\Users\nhlan\Documents\School\Richfield\BCS Articulation\Semester 2\Mobile App Development 700\SmartPantryManager\smart-pantry-manager (1)\android\.gradle\8.9\checksums)"        [_thread_blocked, id=44448, stack(0x0000009be2c00000,0x0000009be2d00000) (1024K)]
  0x000001b6f0bbce00 JavaThread "Cache worker for file content cache (C:\Users\nhlan\.gradle\caches\8.9\fileContent)"        [_thread_blocked, id=15468, stack(0x0000009be2d00000,0x0000009be2e00000) (1024K)]
  0x000001b6f0bc0910 JavaThread "Cache worker for cache directory md-rule (C:\Users\nhlan\.gradle\caches\8.9\md-rule)"        [_thread_blocked, id=3256, stack(0x0000009be2e00000,0x0000009be2f00000) (1024K)]
  0x000001b6f0bbf560 JavaThread "Cache worker for cache directory md-supplier (C:\Users\nhlan\.gradle\caches\8.9\md-supplier)"        [_thread_blocked, id=18912, stack(0x0000009be2f00000,0x0000009be3000000) (1024K)]
  0x000001b6f0bbdb20 JavaThread "jar transforms"                    [_thread_blocked, id=40096, stack(0x0000009bdfc00000,0x0000009bdfd00000) (1024K)]
Total: 34

Other Threads:
=>0x000001b6a9708d30 VMThread "VM Thread"                           [id=20172, stack(0x0000009be0700000,0x0000009be0800000) (1024K)]
  0x000001b6a96f4a60 WatcherThread "VM Periodic Task Thread"        [id=40256, stack(0x0000009be0600000,0x0000009be0700000) (1024K)]
  0x000001b69201db80 WorkerThread "GC Thread#0"                     [id=12212, stack(0x0000009be0100000,0x0000009be0200000) (1024K)]
  0x000001b6ef1bb7b0 WorkerThread "GC Thread#1"                     [id=17812, stack(0x0000009be1200000,0x0000009be1300000) (1024K)]
  0x000001b6ef1e95e0 WorkerThread "GC Thread#2"                     [id=31756, stack(0x0000009be1300000,0x0000009be1400000) (1024K)]
  0x000001b6efb30690 WorkerThread "GC Thread#3"                     [id=7716, stack(0x0000009be1400000,0x0000009be1500000) (1024K)]
  0x000001b6efb30a40 WorkerThread "GC Thread#4"                     [id=25076, stack(0x0000009be1500000,0x0000009be1600000) (1024K)]
  0x000001b6ef9d7100 WorkerThread "GC Thread#5"                     [id=32700, stack(0x0000009be2000000,0x0000009be2100000) (1024K)]
  0x000001b6ef9d8720 WorkerThread "GC Thread#6"                     [id=37784, stack(0x0000009be2100000,0x0000009be2200000) (1024K)]
  0x000001b6ef9d7c10 WorkerThread "GC Thread#7"                     [id=15920, stack(0x0000009be2200000,0x0000009be2300000) (1024K)]
  0x000001b68f98eab0 ConcurrentGCThread "G1 Main Marker"            [id=40416, stack(0x0000009be0200000,0x0000009be0300000) (1024K)]
  0x000001b69202f4c0 WorkerThread "G1 Conc#0"                       [id=29964, stack(0x0000009be0300000,0x0000009be0400000) (1024K)]
  0x000001b6f0ed29b0 WorkerThread "G1 Conc#1"                       [id=38800, stack(0x0000009be2700000,0x0000009be2800000) (1024K)]
  0x000001b6a95cb790 ConcurrentGCThread "G1 Refine#0"               [id=38452, stack(0x0000009be0400000,0x0000009be0500000) (1024K)]
  0x000001b6a95cd0b0 ConcurrentGCThread "G1 Service"                [id=5324, stack(0x0000009be0500000,0x0000009be0600000) (1024K)]
Total: 15

Threads with active compile tasks:
C1 CompilerThread0  114925 4883       3       org.codehaus.groovy.reflection.CachedClass::isAssignableFrom (21 bytes)
Total: 1

VM state: at safepoint (normal execution)

VM Mutex/Monitor currently owned by a thread:  ([mutex/lock_event])
[0x00007ffef4abf5b0] Threads_lock - owner thread: 0x000001b6a9708d30
[0x00007ffef4abf6b0] Heap_lock - owner thread: 0x000001b6a99eef80

Heap address: 0x0000000080000000, size: 2048 MB, Compressed Oops mode: 32-bit

CDS archive(s) mapped at: [0x000001b6aa000000-0x000001b6aaba0000-0x000001b6aaba0000), size 12189696, SharedBaseAddress: 0x000001b6aa000000, ArchiveRelocationMode: 1.
Compressed class space mapped at: 0x000001b6ab000000-0x000001b6eb000000, reserved size: 1073741824
Narrow klass base: 0x000001b6aa000000, Narrow klass shift: 0, Narrow klass range: 0x100000000

GC Precious Log:
 CardTable entry size: 512
 Card Set container configuration: InlinePtr #cards 5 size 8 Array Of Cards #cards 12 size 40 Howl #buckets 4 coarsen threshold 1843 Howl Bitmap #cards 512 size 80 coarsen threshold 460 Card regions per heap region 1 cards per card region 2048
 CPUs: 8 total, 8 available
 Memory: 7886M
 Large Page Support: Disabled
 NUMA Support: Disabled
 Compressed Oops: Enabled (32-bit)
 Heap Region Size: 1M
 Heap Min Capacity: 8M
 Heap Initial Capacity: 124M
 Heap Max Capacity: 2G
 Pre-touch: Disabled
 Parallel Workers: 8
 Concurrent Workers: 2
 Concurrent Refinement Workers: 8
 Periodic GC: Disabled

Heap:
 garbage-first heap   total 126976K, used 34222K [0x0000000080000000, 0x0000000100000000)
  region size 1024K, 1 young (1024K), 1 survivors (1024K)
 Metaspace       used 38413K, committed 39744K, reserved 1114112K
  class space    used 5503K, committed 6144K, reserved 1048576K

Heap Regions: E=young(eden), S=young(survivor), O=old, HS=humongous(starts), HC=humongous(continues), CS=collection set, F=free, TAMS=top-at-mark-start, PB=parsable bottom
|   0|0x0000000080000000, 0x0000000080100000, 0x0000000080100000|100%|HS|  |TAMS 0x0000000080000000| PB 0x0000000080000000| Complete 
|   1|0x0000000080100000, 0x0000000080200000, 0x0000000080200000|100%|HC|  |TAMS 0x0000000080100000| PB 0x0000000080100000| Complete 
|   2|0x0000000080200000, 0x0000000080300000, 0x0000000080300000|100%|HC|  |TAMS 0x0000000080200000| PB 0x0000000080200000| Complete 
|   3|0x0000000080300000, 0x0000000080400000, 0x0000000080400000|100%|HC|  |TAMS 0x0000000080300000| PB 0x0000000080300000| Complete 
|   4|0x0000000080400000, 0x0000000080500000, 0x0000000080500000|100%| O|  |TAMS 0x0000000080400000| PB 0x0000000080400000| Untracked 
|   5|0x0000000080500000, 0x0000000080600000, 0x0000000080600000|100%| O|  |TAMS 0x0000000080500000| PB 0x0000000080500000| Untracked 
|   6|0x0000000080600000, 0x0000000080700000, 0x0000000080700000|100%| O|  |TAMS 0x0000000080600000| PB 0x0000000080600000| Untracked 
|   7|0x0000000080700000, 0x0000000080800000, 0x0000000080800000|100%| O|  |TAMS 0x0000000080700000| PB 0x0000000080700000| Untracked 
|   8|0x0000000080800000, 0x0000000080900000, 0x0000000080900000|100%| O|  |TAMS 0x0000000080800000| PB 0x0000000080800000| Untracked 
|   9|0x0000000080900000, 0x0000000080a00000, 0x0000000080a00000|100%| O|  |TAMS 0x0000000080900000| PB 0x0000000080900000| Untracked 
|  10|0x0000000080a00000, 0x0000000080b00000, 0x0000000080b00000|100%|HS|  |TAMS 0x0000000080a00000| PB 0x0000000080a00000| Complete 
|  11|0x0000000080b00000, 0x0000000080c00000, 0x0000000080c00000|100%| O|  |TAMS 0x0000000080b00000| PB 0x0000000080b00000| Untracked 
|  12|0x0000000080c00000, 0x0000000080d00000, 0x0000000080d00000|100%| O|  |TAMS 0x0000000080c00000| PB 0x0000000080c00000| Untracked 
|  13|0x0000000080d00000, 0x0000000080e00000, 0x0000000080e00000|100%| O|  |TAMS 0x0000000080d00000| PB 0x0000000080d00000| Untracked 
|  14|0x0000000080e00000, 0x0000000080f00000, 0x0000000080f00000|100%| O|  |TAMS 0x0000000080e00000| PB 0x0000000080e00000| Untracked 
|  15|0x0000000080f00000, 0x0000000081000000, 0x0000000081000000|100%| O|  |TAMS 0x0000000080f00000| PB 0x0000000080f00000| Untracked 
|  16|0x0000000081000000, 0x0000000081100000, 0x0000000081100000|100%| O|  |TAMS 0x0000000081000000| PB 0x0000000081000000| Untracked 
|  17|0x0000000081100000, 0x0000000081200000, 0x0000000081200000|100%| O|  |TAMS 0x0000000081100000| PB 0x0000000081100000| Untracked 
|  18|0x0000000081200000, 0x0000000081300000, 0x0000000081300000|100%| O|  |TAMS 0x0000000081200000| PB 0x0000000081200000| Untracked 
|  19|0x0000000081300000, 0x0000000081400000, 0x0000000081400000|100%| O|  |TAMS 0x0000000081300000| PB 0x0000000081300000| Untracked 
|  20|0x0000000081400000, 0x0000000081500000, 0x0000000081500000|100%| O|  |TAMS 0x0000000081400000| PB 0x0000000081400000| Untracked 
|  21|0x0000000081500000, 0x0000000081600000, 0x0000000081600000|100%| O|  |TAMS 0x0000000081500000| PB 0x0000000081500000| Untracked 
|  22|0x0000000081600000, 0x0000000081700000, 0x0000000081700000|100%| O|  |TAMS 0x0000000081600000| PB 0x0000000081600000| Untracked 
|  23|0x0000000081700000, 0x0000000081800000, 0x0000000081800000|100%| O|  |TAMS 0x0000000081700000| PB 0x0000000081700000| Untracked 
|  24|0x0000000081800000, 0x0000000081800000, 0x0000000081900000|  0%| F|  |TAMS 0x0000000081800000| PB 0x0000000081800000| Untracked 
|  25|0x0000000081900000, 0x0000000081a00000, 0x0000000081a00000|100%| O|  |TAMS 0x0000000081900000| PB 0x0000000081900000| Untracked 
|  26|0x0000000081a00000, 0x0000000081b00000, 0x0000000081b00000|100%| O|  |TAMS 0x0000000081a00000| PB 0x0000000081a00000| Untracked 
|  27|0x0000000081b00000, 0x0000000081c00000, 0x0000000081c00000|100%| O|  |TAMS 0x0000000081b00000| PB 0x0000000081b00000| Untracked 
|  28|0x0000000081c00000, 0x0000000081d00000, 0x0000000081d00000|100%| O|  |TAMS 0x0000000081c00000| PB 0x0000000081c00000| Untracked 
|  29|0x0000000081d00000, 0x0000000081e00000, 0x0000000081e00000|100%| O|  |TAMS 0x0000000081d00000| PB 0x0000000081d00000| Untracked 
|  30|0x0000000081e00000, 0x0000000081f00000, 0x0000000081f00000|100%| O|  |TAMS 0x0000000081e00000| PB 0x0000000081e00000| Untracked 
|  31|0x0000000081f00000, 0x0000000082000000, 0x0000000082000000|100%| O|  |TAMS 0x0000000081f00000| PB 0x0000000081f00000| Untracked 
|  32|0x0000000082000000, 0x0000000082100000, 0x0000000082100000|100%| O|  |TAMS 0x0000000082000000| PB 0x0000000082000000| Untracked 
|  33|0x0000000082100000, 0x00000000821ba620, 0x0000000082200000| 72%| O|  |TAMS 0x0000000082100000| PB 0x0000000082100000| Untracked 
|  34|0x0000000082200000, 0x0000000082200000, 0x0000000082300000|  0%| F|  |TAMS 0x0000000082200000| PB 0x0000000082200000| Untracked 
|  35|0x0000000082300000, 0x0000000082300000, 0x0000000082400000|  0%| F|  |TAMS 0x0000000082300000| PB 0x0000000082300000| Untracked 
|  36|0x0000000082400000, 0x0000000082400000, 0x0000000082500000|  0%| F|  |TAMS 0x0000000082400000| PB 0x0000000082400000| Untracked 
|  37|0x0000000082500000, 0x0000000082500000, 0x0000000082600000|  0%| F|  |TAMS 0x0000000082500000| PB 0x0000000082500000| Untracked 
|  38|0x0000000082600000, 0x0000000082600000, 0x0000000082700000|  0%| F|  |TAMS 0x0000000082600000| PB 0x0000000082600000| Untracked 
|  39|0x0000000082700000, 0x0000000082700000, 0x0000000082800000|  0%| F|  |TAMS 0x0000000082700000| PB 0x0000000082700000| Untracked 
|  40|0x0000000082800000, 0x0000000082800000, 0x0000000082900000|  0%| F|  |TAMS 0x0000000082800000| PB 0x0000000082800000| Untracked 
|  41|0x0000000082900000, 0x0000000082900000, 0x0000000082a00000|  0%| F|  |TAMS 0x0000000082900000| PB 0x0000000082900000| Untracked 
|  42|0x0000000082a00000, 0x0000000082a00000, 0x0000000082b00000|  0%| F|  |TAMS 0x0000000082a00000| PB 0x0000000082a00000| Untracked 
|  43|0x0000000082b00000, 0x0000000082b00000, 0x0000000082c00000|  0%| F|  |TAMS 0x0000000082b00000| PB 0x0000000082b00000| Untracked 
|  44|0x0000000082c00000, 0x0000000082c00000, 0x0000000082d00000|  0%| F|  |TAMS 0x0000000082c00000| PB 0x0000000082c00000| Untracked 
|  45|0x0000000082d00000, 0x0000000082d00000, 0x0000000082e00000|  0%| F|  |TAMS 0x0000000082d00000| PB 0x0000000082d00000| Untracked 
|  46|0x0000000082e00000, 0x0000000082e00000, 0x0000000082f00000|  0%| F|  |TAMS 0x0000000082e00000| PB 0x0000000082e00000| Untracked 
|  47|0x0000000082f00000, 0x0000000082f00000, 0x0000000083000000|  0%| F|  |TAMS 0x0000000082f00000| PB 0x0000000082f00000| Untracked 
|  48|0x0000000083000000, 0x0000000083000000, 0x0000000083100000|  0%| F|  |TAMS 0x0000000083000000| PB 0x0000000083000000| Untracked 
|  49|0x0000000083100000, 0x0000000083100000, 0x0000000083200000|  0%| F|  |TAMS 0x0000000083100000| PB 0x0000000083100000| Untracked 
|  50|0x0000000083200000, 0x0000000083200000, 0x0000000083300000|  0%| F|  |TAMS 0x0000000083200000| PB 0x0000000083200000| Untracked 
|  51|0x0000000083300000, 0x0000000083300000, 0x0000000083400000|  0%| F|  |TAMS 0x0000000083300000| PB 0x0000000083300000| Untracked 
|  52|0x0000000083400000, 0x0000000083400000, 0x0000000083500000|  0%| F|  |TAMS 0x0000000083400000| PB 0x0000000083400000| Untracked 
|  53|0x0000000083500000, 0x0000000083500000, 0x0000000083600000|  0%| F|  |TAMS 0x0000000083500000| PB 0x0000000083500000| Untracked 
|  54|0x0000000083600000, 0x0000000083600000, 0x0000000083700000|  0%| F|  |TAMS 0x0000000083600000| PB 0x0000000083600000| Untracked 
|  55|0x0000000083700000, 0x0000000083700000, 0x0000000083800000|  0%| F|  |TAMS 0x0000000083700000| PB 0x0000000083700000| Untracked 
|  56|0x0000000083800000, 0x0000000083800000, 0x0000000083900000|  0%| F|  |TAMS 0x0000000083800000| PB 0x0000000083800000| Untracked 
|  57|0x0000000083900000, 0x0000000083900000, 0x0000000083a00000|  0%| F|  |TAMS 0x0000000083900000| PB 0x0000000083900000| Untracked 
|  58|0x0000000083a00000, 0x0000000083a00000, 0x0000000083b00000|  0%| F|  |TAMS 0x0000000083a00000| PB 0x0000000083a00000| Untracked 
|  59|0x0000000083b00000, 0x0000000083b00000, 0x0000000083c00000|  0%| F|  |TAMS 0x0000000083b00000| PB 0x0000000083b00000| Untracked 
|  60|0x0000000083c00000, 0x0000000083c00000, 0x0000000083d00000|  0%| F|  |TAMS 0x0000000083c00000| PB 0x0000000083c00000| Untracked 
|  61|0x0000000083d00000, 0x0000000083d00000, 0x0000000083e00000|  0%| F|  |TAMS 0x0000000083d00000| PB 0x0000000083d00000| Untracked 
|  62|0x0000000083e00000, 0x0000000083e00000, 0x0000000083f00000|  0%| F|  |TAMS 0x0000000083e00000| PB 0x0000000083e00000| Untracked 
|  63|0x0000000083f00000, 0x0000000083f00000, 0x0000000084000000|  0%| F|  |TAMS 0x0000000083f00000| PB 0x0000000083f00000| Untracked 
|  64|0x0000000084000000, 0x0000000084000000, 0x0000000084100000|  0%| F|  |TAMS 0x0000000084000000| PB 0x0000000084000000| Untracked 
|  65|0x0000000084100000, 0x0000000084100000, 0x0000000084200000|  0%| F|  |TAMS 0x0000000084100000| PB 0x0000000084100000| Untracked 
|  66|0x0000000084200000, 0x0000000084200000, 0x0000000084300000|  0%| F|  |TAMS 0x0000000084200000| PB 0x0000000084200000| Untracked 
|  67|0x0000000084300000, 0x0000000084300000, 0x0000000084400000|  0%| F|  |TAMS 0x0000000084300000| PB 0x0000000084300000| Untracked 
|  68|0x0000000084400000, 0x0000000084400000, 0x0000000084500000|  0%| F|  |TAMS 0x0000000084400000| PB 0x0000000084400000| Untracked 
|  69|0x0000000084500000, 0x0000000084500000, 0x0000000084600000|  0%| F|  |TAMS 0x0000000084500000| PB 0x0000000084500000| Untracked 
|  70|0x0000000084600000, 0x0000000084600000, 0x0000000084700000|  0%| F|  |TAMS 0x0000000084600000| PB 0x0000000084600000| Untracked 
|  71|0x0000000084700000, 0x0000000084700000, 0x0000000084800000|  0%| F|  |TAMS 0x0000000084700000| PB 0x0000000084700000| Untracked 
|  72|0x0000000084800000, 0x0000000084800000, 0x0000000084900000|  0%| F|  |TAMS 0x0000000084800000| PB 0x0000000084800000| Untracked 
|  73|0x0000000084900000, 0x0000000084900000, 0x0000000084a00000|  0%| F|  |TAMS 0x0000000084900000| PB 0x0000000084900000| Untracked 
|  74|0x0000000084a00000, 0x0000000084a00000, 0x0000000084b00000|  0%| F|  |TAMS 0x0000000084a00000| PB 0x0000000084a00000| Untracked 
|  75|0x0000000084b00000, 0x0000000084b00000, 0x0000000084c00000|  0%| F|  |TAMS 0x0000000084b00000| PB 0x0000000084b00000| Untracked 
|  76|0x0000000084c00000, 0x0000000084c00000, 0x0000000084d00000|  0%| F|  |TAMS 0x0000000084c00000| PB 0x0000000084c00000| Untracked 
|  77|0x0000000084d00000, 0x0000000084d00000, 0x0000000084e00000|  0%| F|  |TAMS 0x0000000084d00000| PB 0x0000000084d00000| Untracked 
|  78|0x0000000084e00000, 0x0000000084e00000, 0x0000000084f00000|  0%| F|  |TAMS 0x0000000084e00000| PB 0x0000000084e00000| Untracked 
|  79|0x0000000084f00000, 0x0000000084fb1450, 0x0000000085000000| 69%| S|CS|TAMS 0x0000000084f00000| PB 0x0000000084f00000| Complete 
|  80|0x0000000085000000, 0x0000000085000000, 0x0000000085100000|  0%| F|  |TAMS 0x0000000085000000| PB 0x0000000085000000| Untracked 
|  81|0x0000000085100000, 0x0000000085100000, 0x0000000085200000|  0%| F|  |TAMS 0x0000000085100000| PB 0x0000000085100000| Untracked 
|  82|0x0000000085200000, 0x0000000085200000, 0x0000000085300000|  0%| F|  |TAMS 0x0000000085200000| PB 0x0000000085200000| Untracked 
|  83|0x0000000085300000, 0x0000000085300000, 0x0000000085400000|  0%| F|  |TAMS 0x0000000085300000| PB 0x0000000085300000| Untracked 
|  84|0x0000000085400000, 0x0000000085400000, 0x0000000085500000|  0%| F|  |TAMS 0x0000000085400000| PB 0x0000000085400000| Untracked 
|  85|0x0000000085500000, 0x0000000085500000, 0x0000000085600000|  0%| F|  |TAMS 0x0000000085500000| PB 0x0000000085500000| Untracked 
|  86|0x0000000085600000, 0x0000000085600000, 0x0000000085700000|  0%| F|  |TAMS 0x0000000085600000| PB 0x0000000085600000| Untracked 
|  87|0x0000000085700000, 0x0000000085700000, 0x0000000085800000|  0%| F|  |TAMS 0x0000000085700000| PB 0x0000000085700000| Untracked 
|  88|0x0000000085800000, 0x0000000085800000, 0x0000000085900000|  0%| F|  |TAMS 0x0000000085800000| PB 0x0000000085800000| Untracked 
|  89|0x0000000085900000, 0x0000000085900000, 0x0000000085a00000|  0%| F|  |TAMS 0x0000000085900000| PB 0x0000000085900000| Untracked 
|  90|0x0000000085a00000, 0x0000000085a00000, 0x0000000085b00000|  0%| F|  |TAMS 0x0000000085a00000| PB 0x0000000085a00000| Untracked 
|  91|0x0000000085b00000, 0x0000000085b00000, 0x0000000085c00000|  0%| F|  |TAMS 0x0000000085b00000| PB 0x0000000085b00000| Untracked 
|  92|0x0000000085c00000, 0x0000000085c00000, 0x0000000085d00000|  0%| F|  |TAMS 0x0000000085c00000| PB 0x0000000085c00000| Untracked 
|  93|0x0000000085d00000, 0x0000000085d00000, 0x0000000085e00000|  0%| F|  |TAMS 0x0000000085d00000| PB 0x0000000085d00000| Untracked 
|  94|0x0000000085e00000, 0x0000000085e00000, 0x0000000085f00000|  0%| F|  |TAMS 0x0000000085e00000| PB 0x0000000085e00000| Untracked 
|  95|0x0000000085f00000, 0x0000000085f00000, 0x0000000086000000|  0%| F|  |TAMS 0x0000000085f00000| PB 0x0000000085f00000| Untracked 
|  96|0x0000000086000000, 0x0000000086000000, 0x0000000086100000|  0%| F|  |TAMS 0x0000000086000000| PB 0x0000000086000000| Untracked 
|  97|0x0000000086100000, 0x0000000086100000, 0x0000000086200000|  0%| F|  |TAMS 0x0000000086100000| PB 0x0000000086100000| Untracked 
|  98|0x0000000086200000, 0x0000000086200000, 0x0000000086300000|  0%| F|  |TAMS 0x0000000086200000| PB 0x0000000086200000| Untracked 
|  99|0x0000000086300000, 0x0000000086300000, 0x0000000086400000|  0%| F|  |TAMS 0x0000000086300000| PB 0x0000000086300000| Untracked 
| 100|0x0000000086400000, 0x0000000086400000, 0x0000000086500000|  0%| F|  |TAMS 0x0000000086400000| PB 0x0000000086400000| Untracked 
| 101|0x0000000086500000, 0x0000000086500000, 0x0000000086600000|  0%| F|  |TAMS 0x0000000086500000| PB 0x0000000086500000| Untracked 
| 102|0x0000000086600000, 0x0000000086600000, 0x0000000086700000|  0%| F|  |TAMS 0x0000000086600000| PB 0x0000000086600000| Untracked 
| 103|0x0000000086700000, 0x0000000086700000, 0x0000000086800000|  0%| F|  |TAMS 0x0000000086700000| PB 0x0000000086700000| Untracked 
| 104|0x0000000086800000, 0x0000000086800000, 0x0000000086900000|  0%| F|  |TAMS 0x0000000086800000| PB 0x0000000086800000| Untracked 
| 105|0x0000000086900000, 0x0000000086900000, 0x0000000086a00000|  0%| F|  |TAMS 0x0000000086900000| PB 0x0000000086900000| Untracked 
| 106|0x0000000086a00000, 0x0000000086a00000, 0x0000000086b00000|  0%| F|  |TAMS 0x0000000086a00000| PB 0x0000000086a00000| Untracked 
| 107|0x0000000086b00000, 0x0000000086b00000, 0x0000000086c00000|  0%| F|  |TAMS 0x0000000086b00000| PB 0x0000000086b00000| Untracked 
| 108|0x0000000086c00000, 0x0000000086c00000, 0x0000000086d00000|  0%| F|  |TAMS 0x0000000086c00000| PB 0x0000000086c00000| Untracked 
| 109|0x0000000086d00000, 0x0000000086d00000, 0x0000000086e00000|  0%| F|  |TAMS 0x0000000086d00000| PB 0x0000000086d00000| Untracked 
| 110|0x0000000086e00000, 0x0000000086e00000, 0x0000000086f00000|  0%| F|  |TAMS 0x0000000086e00000| PB 0x0000000086e00000| Untracked 
| 111|0x0000000086f00000, 0x0000000086f00000, 0x0000000087000000|  0%| F|  |TAMS 0x0000000086f00000| PB 0x0000000086f00000| Untracked 
| 112|0x0000000087000000, 0x0000000087000000, 0x0000000087100000|  0%| F|  |TAMS 0x0000000087000000| PB 0x0000000087000000| Untracked 
| 113|0x0000000087100000, 0x0000000087100000, 0x0000000087200000|  0%| F|  |TAMS 0x0000000087100000| PB 0x0000000087100000| Untracked 
| 114|0x0000000087200000, 0x0000000087200000, 0x0000000087300000|  0%| F|  |TAMS 0x0000000087200000| PB 0x0000000087200000| Untracked 
| 115|0x0000000087300000, 0x0000000087300000, 0x0000000087400000|  0%| F|  |TAMS 0x0000000087300000| PB 0x0000000087300000| Untracked 
| 116|0x0000000087400000, 0x0000000087400000, 0x0000000087500000|  0%| F|  |TAMS 0x0000000087400000| PB 0x0000000087400000| Untracked 
| 117|0x0000000087500000, 0x0000000087500000, 0x0000000087600000|  0%| F|  |TAMS 0x0000000087500000| PB 0x0000000087500000| Untracked 
| 118|0x0000000087600000, 0x0000000087600000, 0x0000000087700000|  0%| F|  |TAMS 0x0000000087600000| PB 0x0000000087600000| Untracked 
| 119|0x0000000087700000, 0x0000000087700000, 0x0000000087800000|  0%| F|  |TAMS 0x0000000087700000| PB 0x0000000087700000| Untracked 
| 120|0x0000000087800000, 0x0000000087800000, 0x0000000087900000|  0%| F|  |TAMS 0x0000000087800000| PB 0x0000000087800000| Untracked 
| 121|0x0000000087900000, 0x0000000087900000, 0x0000000087a00000|  0%| F|  |TAMS 0x0000000087900000| PB 0x0000000087900000| Untracked 
| 122|0x0000000087a00000, 0x0000000087a00000, 0x0000000087b00000|  0%| F|  |TAMS 0x0000000087a00000| PB 0x0000000087a00000| Untracked 
| 123|0x0000000087b00000, 0x0000000087b00000, 0x0000000087c00000|  0%| F|  |TAMS 0x0000000087b00000| PB 0x0000000087b00000| Untracked 

Card table byte_map: [0x000001b6a48c0000,0x000001b6a4cc0000] _byte_map_base: 0x000001b6a44c0000

Marking Bits: (CMBitMap*) 0x000001b68f98e200
 Bits: [0x000001b6a4cc0000, 0x000001b6a6cc0000)

Polling page: 0x000001b68fe50000

Metaspace:

Usage:
  Non-class:     32.14 MB used.
      Class:      5.37 MB used.
       Both:     37.51 MB used.

Virtual space:
  Non-class space:       64.00 MB reserved,      32.81 MB ( 51%) committed,  1 nodes.
      Class space:        1.00 GB reserved,       6.00 MB ( <1%) committed,  1 nodes.
             Both:        1.06 GB reserved,      38.81 MB (  4%) committed. 

Chunk freelists:
   Non-Class:  14.30 MB
       Class:  10.02 MB
        Both:  24.32 MB

MaxMetaspaceSize: unlimited
CompressedClassSpaceSize: 1.00 GB
Initial GC threshold: 21.00 MB
Current GC threshold: 59.00 MB
CDS: on
 - commit_granule_bytes: 65536.
 - commit_granule_words: 8192.
 - virtual_space_node_default_size: 8388608.
 - enlarge_chunks_in_place: 1.
 - use_allocation_guard: 0.


Internal statistics:

num_allocs_failed_limit: 6.
num_arena_births: 2212.
num_arena_deaths: 0.
num_vsnodes_births: 2.
num_vsnodes_deaths: 0.
num_space_committed: 621.
num_space_uncommitted: 0.
num_chunks_returned_to_freelist: 6.
num_chunks_taken_from_freelist: 3928.
num_chunk_merges: 3.
num_chunk_splits: 2523.
num_chunks_enlarged: 1567.
num_inconsistent_stats: 0.

CodeHeap 'non-profiled nmethods': size=120000Kb used=2476Kb max_used=2476Kb free=117523Kb
 bounds [0x000001b69cc60000, 0x000001b69ced0000, 0x000001b6a4190000]
CodeHeap 'profiled nmethods': size=120000Kb used=8317Kb max_used=8380Kb free=111682Kb
 bounds [0x000001b695190000, 0x000001b6959c0000, 0x000001b69c6c0000]
CodeHeap 'non-nmethods': size=5760Kb used=2748Kb max_used=2790Kb free=3011Kb
 bounds [0x000001b69c6c0000, 0x000001b69c980000, 0x000001b69cc60000]
CodeCache: size=245760Kb, used=13541Kb, max_used=13646Kb, free=232216Kb
 total_blobs=5176, nmethods=4355, adapters=726, full_count=0
Compilation: enabled, stopped_count=0, restarted_count=0

Compilation events (20 events):
Event: 114.079 Thread 0x000001b6a973b5b0 4872       1       java.beans.FeatureDescriptor::setPreferred (6 bytes)
Event: 114.079 Thread 0x000001b6a973b5b0 nmethod 4872 0x000001b69ceca990 code [0x000001b69cecab20, 0x000001b69cecabf0]
Event: 114.138 Thread 0x000001b6a973b5b0 4875       3       org.gradle.internal.service.DefaultServiceRegistry::find (142 bytes)
Event: 114.152 Thread 0x000001b6a973b5b0 nmethod 4875 0x000001b6952cf490 code [0x000001b6952cf860, 0x000001b6952d12b8]
Event: 114.367 Thread 0x000001b6a973b5b0 4876       3       java.lang.Class::forName (10 bytes)
Event: 114.367 Thread 0x000001b6a973b5b0 nmethod 4876 0x000001b695265690 code [0x000001b695265840, 0x000001b695265998]
Event: 114.367 Thread 0x000001b6a973b5b0 4877       3       java.lang.Class::forName (23 bytes)
Event: 114.367 Thread 0x000001b6a973b5b0 nmethod 4877 0x000001b6952cef10 code [0x000001b6952cf0e0, 0x000001b6952cf350]
Event: 114.510 Thread 0x000001b6a973b5b0 4878       3       org.codehaus.groovy.util.ReferenceType$2::createReference (11 bytes)
Event: 114.510 Thread 0x000001b6a973b5b0 nmethod 4878 0x000001b6952ce790 code [0x000001b6952ce960, 0x000001b6952cedb0]
Event: 114.510 Thread 0x000001b6a973b5b0 4879       3       org.codehaus.groovy.util.ReferenceType$WeakRef::<init> (12 bytes)
Event: 114.510 Thread 0x000001b6a973b5b0 nmethod 4879 0x000001b695566810 code [0x000001b6955669e0, 0x000001b695566d68]
Event: 114.522 Thread 0x000001b6a973b5b0 4880       1       java.util.stream.Node::getChildCount (2 bytes)
Event: 114.522 Thread 0x000001b6a973b5b0 nmethod 4880 0x000001b69cecac90 code [0x000001b69cecae20, 0x000001b69cecaee8]
Event: 114.541 Thread 0x000001b6a973b5b0 4881       3       java.util.stream.Collectors::joining (34 bytes)
Event: 114.543 Thread 0x000001b6a9737690 4882       4       java.lang.reflect.Modifier::isPublic (12 bytes)
Event: 114.543 Thread 0x000001b6a9737690 nmethod 4882 0x000001b69cecaf90 code [0x000001b69cecb100, 0x000001b69cecb170]
Event: 114.560 Thread 0x000001b6a973b5b0 nmethod 4881 0x000001b695565310 code [0x000001b6955655a0, 0x000001b6955663d8]
Event: 114.563 Thread 0x000001b6a973b5b0 4883       3       org.codehaus.groovy.reflection.CachedClass::isAssignableFrom (21 bytes)
Event: 114.568 Thread 0x000001b6a973b5b0 nmethod 4883 0x000001b695564e10 code [0x000001b695564fc0, 0x000001b695565238]

GC Heap History (19 events):
Event: 4.616 GC heap before
{Heap before GC invocations=0 (full 0):
 garbage-first heap   total 126976K, used 26624K [0x0000000080000000, 0x0000000100000000)
  region size 1024K, 23 young (23552K), 0 survivors (0K)
 Metaspace       used 1100K, committed 1216K, reserved 1114112K
  class space    used 80K, committed 128K, reserved 1048576K
}
Event: 5.067 GC heap after
{Heap after GC invocations=1 (full 0):
 garbage-first heap   total 126976K, used 10112K [0x0000000080000000, 0x0000000100000000)
  region size 1024K, 3 young (3072K), 3 survivors (3072K)
 Metaspace       used 1100K, committed 1216K, reserved 1114112K
  class space    used 80K, committed 128K, reserved 1048576K
}
Event: 8.139 GC heap before
{Heap before GC invocations=1 (full 0):
 garbage-first heap   total 126976K, used 40832K [0x0000000080000000, 0x0000000100000000)
  region size 1024K, 33 young (33792K), 3 survivors (3072K)
 Metaspace       used 4271K, committed 4480K, reserved 1114112K
  class space    used 545K, committed 640K, reserved 1048576K
}
Event: 8.146 GC heap after
{Heap after GC invocations=2 (full 0):
 garbage-first heap   total 126976K, used 11837K [0x0000000080000000, 0x0000000100000000)
  region size 1024K, 2 young (2048K), 2 survivors (2048K)
 Metaspace       used 4271K, committed 4480K, reserved 1114112K
  class space    used 545K, committed 640K, reserved 1048576K
}
Event: 24.142 GC heap before
{Heap before GC invocations=2 (full 0):
 garbage-first heap   total 126976K, used 86589K [0x0000000080000000, 0x0000000100000000)
  region size 1024K, 74 young (75776K), 2 survivors (2048K)
 Metaspace       used 12746K, committed 13120K, reserved 1114112K
  class space    used 1729K, committed 1920K, reserved 1048576K
}
Event: 24.288 GC heap after
{Heap after GC invocations=3 (full 0):
 garbage-first heap   total 126976K, used 21055K [0x0000000080000000, 0x0000000100000000)
  region size 1024K, 10 young (10240K), 10 survivors (10240K)
 Metaspace       used 12746K, committed 13120K, reserved 1114112K
  class space    used 1729K, committed 1920K, reserved 1048576K
}
Event: 33.166 GC heap before
{Heap before GC invocations=3 (full 0):
 garbage-first heap   total 126976K, used 75327K [0x0000000080000000, 0x0000000100000000)
  region size 1024K, 64 young (65536K), 10 survivors (10240K)
 Metaspace       used 20883K, committed 21504K, reserved 1114112K
  class space    used 3042K, committed 3328K, reserved 1048576K
}
Event: 33.179 GC heap after
{Heap after GC invocations=4 (full 0):
 garbage-first heap   total 126976K, used 24803K [0x0000000080000000, 0x0000000100000000)
  region size 1024K, 4 young (4096K), 4 survivors (4096K)
 Metaspace       used 20883K, committed 21504K, reserved 1114112K
  class space    used 3042K, committed 3328K, reserved 1048576K
}
Event: 40.061 GC heap before
{Heap before GC invocations=5 (full 0):
 garbage-first heap   total 86016K, used 71907K [0x0000000080000000, 0x0000000100000000)
  region size 1024K, 50 young (51200K), 4 survivors (4096K)
 Metaspace       used 26980K, committed 27968K, reserved 1114112K
  class space    used 4028K, committed 4480K, reserved 1048576K
}
Event: 40.076 GC heap after
{Heap after GC invocations=6 (full 0):
 garbage-first heap   total 86016K, used 27328K [0x0000000080000000, 0x0000000100000000)
  region size 1024K, 7 young (7168K), 7 survivors (7168K)
 Metaspace       used 26980K, committed 27968K, reserved 1114112K
  class space    used 4028K, committed 4480K, reserved 1048576K
}
Event: 62.988 GC heap before
{Heap before GC invocations=6 (full 0):
 garbage-first heap   total 86016K, used 69312K [0x0000000080000000, 0x0000000100000000)
  region size 1024K, 49 young (50176K), 7 survivors (7168K)
 Metaspace       used 34449K, committed 35648K, reserved 1114112K
  class space    used 5017K, committed 5632K, reserved 1048576K
}
Event: 63.000 GC heap after
{Heap after GC invocations=7 (full 0):
 garbage-first heap   total 86016K, used 31021K [0x0000000080000000, 0x0000000100000000)
  region size 1024K, 7 young (7168K), 7 survivors (7168K)
 Metaspace       used 34449K, committed 35648K, reserved 1114112K
  class space    used 5017K, committed 5632K, reserved 1048576K
}
Event: 63.205 GC heap before
{Heap before GC invocations=7 (full 0):
 garbage-first heap   total 86016K, used 32045K [0x0000000080000000, 0x0000000100000000)
  region size 1024K, 9 young (9216K), 7 survivors (7168K)
 Metaspace       used 34901K, committed 36096K, reserved 1114112K
  class space    used 5046K, committed 5632K, reserved 1048576K
}
Event: 63.226 GC heap after
{Heap after GC invocations=8 (full 0):
 garbage-first heap   total 86016K, used 31324K [0x0000000080000000, 0x0000000100000000)
  region size 1024K, 1 young (1024K), 1 survivors (1024K)
 Metaspace       used 34901K, committed 36096K, reserved 1114112K
  class space    used 5046K, committed 5632K, reserved 1048576K
}
Event: 95.539 GC heap before
{Heap before GC invocations=9 (full 0):
 garbage-first heap   total 86016K, used 78428K [0x0000000080000000, 0x0000000100000000)
  region size 1024K, 43 young (44032K), 1 survivors (1024K)
 Metaspace       used 38071K, committed 39360K, reserved 1114112K
  class space    used 5445K, committed 6080K, reserved 1048576K
}
Event: 110.670 GC heap after
{Heap after GC invocations=10 (full 0):
 garbage-first heap   total 86016K, used 34375K [0x0000000080000000, 0x0000000100000000)
  region size 1024K, 4 young (4096K), 4 survivors (4096K)
 Metaspace       used 38071K, committed 39360K, reserved 1114112K
  class space    used 5445K, committed 6080K, reserved 1048576K
}
Event: 112.741 GC heap before
{Heap before GC invocations=10 (full 0):
 garbage-first heap   total 86016K, used 35399K [0x0000000080000000, 0x0000000100000000)
  region size 1024K, 5 young (5120K), 4 survivors (4096K)
 Metaspace       used 38178K, committed 39488K, reserved 1114112K
  class space    used 5473K, committed 6144K, reserved 1048576K
}
Event: 112.836 GC heap after
{Heap after GC invocations=11 (full 0):
 garbage-first heap   total 86016K, used 34094K [0x0000000080000000, 0x0000000100000000)
  region size 1024K, 1 young (1024K), 1 survivors (1024K)
 Metaspace       used 38178K, committed 39488K, reserved 1114112K
  class space    used 5473K, committed 6144K, reserved 1048576K
}
Event: 114.576 GC heap before
{Heap before GC invocations=11 (full 0):
 garbage-first heap   total 86016K, used 37166K [0x0000000080000000, 0x0000000100000000)
  region size 1024K, 4 young (4096K), 1 survivors (1024K)
 Metaspace       used 38413K, committed 39744K, reserved 1114112K
  class space    used 5503K, committed 6144K, reserved 1048576K
}

Dll operation events (20 events):
Event: 3.487 Attempting to load shared library C:\Users\nhlan\.vscode\extensions\redhat.java-1.56.0-win32-x64\jre\21.0.12.1-win32-x86_64\bin\nio.dll
Event: 3.487 Loaded shared library C:\Users\nhlan\.vscode\extensions\redhat.java-1.56.0-win32-x64\jre\21.0.12.1-win32-x86_64\bin\nio.dll
Event: 3.512 Attempting to load shared library C:\Users\nhlan\.vscode\extensions\redhat.java-1.56.0-win32-x64\jre\21.0.12.1-win32-x86_64\bin\zip.dll
Event: 3.512 Loaded shared library C:\Users\nhlan\.vscode\extensions\redhat.java-1.56.0-win32-x64\jre\21.0.12.1-win32-x86_64\bin\zip.dll
Event: 4.346 Attempting to load shared library C:\Users\nhlan\.vscode\extensions\redhat.java-1.56.0-win32-x64\jre\21.0.12.1-win32-x86_64\bin\jimage.dll
Event: 4.346 Loaded shared library C:\Users\nhlan\.vscode\extensions\redhat.java-1.56.0-win32-x64\jre\21.0.12.1-win32-x86_64\bin\jimage.dll
Event: 5.089 Attempting to load shared library C:\Users\nhlan\.vscode\extensions\redhat.java-1.56.0-win32-x64\jre\21.0.12.1-win32-x86_64\bin\verify.dll
Event: 5.102 Loaded shared library C:\Users\nhlan\.vscode\extensions\redhat.java-1.56.0-win32-x64\jre\21.0.12.1-win32-x86_64\bin\verify.dll
Event: 6.092 Attempting to load shared library C:\Users\nhlan\.gradle\native\c067742578af261105cb4f569cf0c3c89f3d7b1fecec35dd04571415982c5e48\windows-amd64\native-platform.dll
Event: 6.391 Loaded shared library C:\Users\nhlan\.gradle\native\c067742578af261105cb4f569cf0c3c89f3d7b1fecec35dd04571415982c5e48\windows-amd64\native-platform.dll
Event: 6.398 Attempting to load shared library C:\Users\nhlan\.gradle\native\100fb08df4bc3b14c8652ba06237920a3bd2aa13389f12d3474272988ae205f9\windows-amd64\native-platform-file-events.dll
Event: 6.428 Loaded shared library C:\Users\nhlan\.gradle\native\100fb08df4bc3b14c8652ba06237920a3bd2aa13389f12d3474272988ae205f9\windows-amd64\native-platform-file-events.dll
Event: 11.941 Attempting to load shared library C:\Users\nhlan\.vscode\extensions\redhat.java-1.56.0-win32-x64\jre\21.0.12.1-win32-x86_64\bin\management.dll
Event: 11.943 Loaded shared library C:\Users\nhlan\.vscode\extensions\redhat.java-1.56.0-win32-x64\jre\21.0.12.1-win32-x86_64\bin\management.dll
Event: 11.947 Attempting to load shared library C:\Users\nhlan\.vscode\extensions\redhat.java-1.56.0-win32-x64\jre\21.0.12.1-win32-x86_64\bin\management_ext.dll
Event: 11.952 Loaded shared library C:\Users\nhlan\.vscode\extensions\redhat.java-1.56.0-win32-x64\jre\21.0.12.1-win32-x86_64\bin\management_ext.dll
Event: 13.994 Attempting to load shared library C:\Users\nhlan\.vscode\extensions\redhat.java-1.56.0-win32-x64\jre\21.0.12.1-win32-x86_64\bin\extnet.dll
Event: 14.061 Loaded shared library C:\Users\nhlan\.vscode\extensions\redhat.java-1.56.0-win32-x64\jre\21.0.12.1-win32-x86_64\bin\extnet.dll
Event: 18.532 Attempting to load shared library C:\Users\nhlan\.vscode\extensions\redhat.java-1.56.0-win32-x64\jre\21.0.12.1-win32-x86_64\bin\sunmscapi.dll
Event: 18.653 Loaded shared library C:\Users\nhlan\.vscode\extensions\redhat.java-1.56.0-win32-x64\jre\21.0.12.1-win32-x86_64\bin\sunmscapi.dll

Deoptimization events (20 events):
Event: 71.639 Thread 0x000001b6a99eef80 Uncommon trap: trap_request=0xffffffde fr.pc=0x000001b69ce9b0f0 relative=0x00000000000040d0
Event: 71.639 Thread 0x000001b6a99eef80 Uncommon trap: reason=class_check action=maybe_recompile pc=0x000001b69ce9b0f0 method=jdk.internal.loader.URLClassPath.getResource(Ljava/lang/String;Z)Ljdk/internal/loader/Resource; @ 53 c2
Event: 71.639 Thread 0x000001b6a99eef80 DEOPT PACKING pc=0x000001b69ce9b0f0 sp=0x0000009be1cf8930
Event: 71.639 Thread 0x000001b6a99eef80 DEOPT UNPACKING pc=0x000001b69c717ba2 sp=0x0000009be1cf8740 mode 2
Event: 72.181 Thread 0x000001b6a99eef80 Uncommon trap: trap_request=0xffffffde fr.pc=0x000001b69ce7dd30 relative=0x0000000000000830
Event: 72.181 Thread 0x000001b6a99eef80 Uncommon trap: reason=class_check action=maybe_recompile pc=0x000001b69ce7dd30 method=jdk.internal.loader.URLClassPath.getLoader(I)Ljdk/internal/loader/URLClassPath$Loader; @ 190 c2
Event: 72.181 Thread 0x000001b6a99eef80 DEOPT PACKING pc=0x000001b69ce7dd30 sp=0x0000009be1cf9a80
Event: 72.181 Thread 0x000001b6a99eef80 DEOPT UNPACKING pc=0x000001b69c717ba2 sp=0x0000009be1cf9a40 mode 2
Event: 72.181 Thread 0x000001b6a99eef80 Uncommon trap: trap_request=0xffffffde fr.pc=0x000001b69ce9b0f0 relative=0x00000000000040d0
Event: 72.181 Thread 0x000001b6a99eef80 Uncommon trap: reason=class_check action=maybe_recompile pc=0x000001b69ce9b0f0 method=jdk.internal.loader.URLClassPath.getResource(Ljava/lang/String;Z)Ljdk/internal/loader/Resource; @ 53 c2
Event: 72.181 Thread 0x000001b6a99eef80 DEOPT PACKING pc=0x000001b69ce9b0f0 sp=0x0000009be1cf9b10
Event: 72.181 Thread 0x000001b6a99eef80 DEOPT UNPACKING pc=0x000001b69c717ba2 sp=0x0000009be1cf9920 mode 2
Event: 73.340 Thread 0x000001b6a99eef80 Uncommon trap: trap_request=0xffffffde fr.pc=0x000001b69ccf0bd0 relative=0x0000000000001210
Event: 73.340 Thread 0x000001b6a99eef80 Uncommon trap: reason=class_check action=maybe_recompile pc=0x000001b69ccf0bd0 method=jdk.internal.loader.Resource.getBytes()[B @ 10 c2
Event: 73.340 Thread 0x000001b6a99eef80 DEOPT PACKING pc=0x000001b69ccf0bd0 sp=0x0000009be1cf97b0
Event: 73.340 Thread 0x000001b6a99eef80 DEOPT UNPACKING pc=0x000001b69c717ba2 sp=0x0000009be1cf9798 mode 2
Event: 113.975 Thread 0x000001b6a99eef80 Uncommon trap: trap_request=0xffffffde fr.pc=0x000001b69ccf0bd0 relative=0x0000000000001210
Event: 113.975 Thread 0x000001b6a99eef80 Uncommon trap: reason=class_check action=maybe_recompile pc=0x000001b69ccf0bd0 method=jdk.internal.loader.Resource.getBytes()[B @ 10 c2
Event: 113.976 Thread 0x000001b6a99eef80 DEOPT PACKING pc=0x000001b69ccf0bd0 sp=0x0000009be1cf8630
Event: 113.979 Thread 0x000001b6a99eef80 DEOPT UNPACKING pc=0x000001b69c717ba2 sp=0x0000009be1cf8618 mode 2

Classes loaded (20 events):
Event: 68.755 Loading class java/util/stream/Streams$RangeIntSpliterator
Event: 68.755 Loading class java/util/stream/Streams$RangeIntSpliterator done
Event: 69.482 Loading class jdk/internal/loader/URLClassPath$FileLoader
Event: 69.484 Loading class jdk/internal/loader/URLClassPath$FileLoader done
Event: 69.490 Loading class jdk/internal/loader/URLClassPath$FileLoader$1
Event: 69.491 Loading class jdk/internal/loader/URLClassPath$FileLoader$1 done
Event: 71.005 Loading class java/security/CodeSigner
Event: 71.006 Loading class java/security/CodeSigner done
Event: 71.069 Loading class java/lang/ProcessBuilder
Event: 71.071 Loading class java/lang/ProcessBuilder done
Event: 76.763 Loading class com/sun/beans/finder/MethodFinder
Event: 76.763 Loading class com/sun/beans/finder/AbstractFinder
Event: 76.764 Loading class com/sun/beans/finder/AbstractFinder done
Event: 76.764 Loading class com/sun/beans/finder/MethodFinder done
Event: 76.764 Loading class com/sun/beans/finder/MethodFinder$1
Event: 76.764 Loading class com/sun/beans/finder/MethodFinder$1 done
Event: 76.764 Loading class com/sun/beans/finder/FinderUtils
Event: 76.764 Loading class com/sun/beans/finder/FinderUtils done
Event: 113.893 Loading class java/util/function/IntBinaryOperator
Event: 113.893 Loading class java/util/function/IntBinaryOperator done

Classes unloaded (0 events):
No events

Classes redefined (0 events):
No events

Internal exceptions (20 events):
Event: 71.638 Thread 0x000001b6a99eef80 Exception <a 'java/lang/ClassNotFoundException'{0x0000000082e41118}: org/gradle/plugin/use/internal/PluginsAwareScriptCustomizer> (0x0000000082e41118) 
thrown [s\src\hotspot\share\classfile\systemDictionary.cpp, line 313]
Event: 71.639 Thread 0x000001b6a99eef80 Exception <a 'java/lang/ClassNotFoundException'{0x0000000082e514b8}: org/gradle/initialization/SettingsScriptCustomizer> (0x0000000082e514b8) 
thrown [s\src\hotspot\share\classfile\systemDictionary.cpp, line 313]
Event: 71.640 Thread 0x000001b6a99eef80 Exception <a 'java/lang/ClassNotFoundException'{0x0000000082e5e820}: settings_da791v1ba3ya6dg65uyh2v90jCustomizer> (0x0000000082e5e820) 
thrown [s\src\hotspot\share\classfile\systemDictionary.cpp, line 313]
Event: 76.424 Thread 0x000001b6a99eef80 Exception <a 'java/lang/ClassNotFoundException'{0x0000000082d84178}: groovy/lang/Closure$1BeanInfo> (0x0000000082d84178) 
thrown [s\src\hotspot\share\classfile\systemDictionary.cpp, line 313]
Event: 76.425 Thread 0x000001b6a99eef80 Exception <a 'java/lang/ClassNotFoundException'{0x0000000082d90e78}: groovy/lang/ClosureBeanInfo> (0x0000000082d90e78) 
thrown [s\src\hotspot\share\classfile\systemDictionary.cpp, line 313]
Event: 76.550 Thread 0x000001b6a99eef80 Exception <a 'java/lang/ClassNotFoundException'{0x0000000082d9db38}: groovy/lang/ClosureCustomizer> (0x0000000082d9db38) 
thrown [s\src\hotspot\share\classfile\systemDictionary.cpp, line 313]
Event: 76.763 Thread 0x000001b6a99eef80 Exception <a 'java/lang/ClassNotFoundException'{0x0000000082dcea08}: groovy/lang/Closure$1Customizer> (0x0000000082dcea08) 
thrown [s\src\hotspot\share\classfile\systemDictionary.cpp, line 313]
Event: 85.394 Thread 0x000001b6a99eef80 Exception <a 'java/lang/NoSuchMethodError'{0x0000000082b978b0}: 'void java.lang.invoke.Invokers$Holder.invoke_MT(java.lang.Object, java.lang.Object, java.lang.Object, java.lang.Object)'> (0x0000000082b978b0) 
thrown [s\src\hotspot\share\interpreter\linkResolver.cpp, line 773]
Event: 89.988 Thread 0x000001b6a99eef80 Exception <a 'java/lang/ClassNotFoundException'{0x0000000082a7d018}: org/gradle/initialization/DefaultSettings_DecoratedBeanInfo> (0x0000000082a7d018) 
thrown [s\src\hotspot\share\classfile\systemDictionary.cpp, line 313]
Event: 89.989 Thread 0x000001b6a99eef80 Exception <a 'java/lang/ClassNotFoundException'{0x0000000082a8b350}: org/gradle/initialization/DefaultSettingsBeanInfo> (0x0000000082a8b350) 
thrown [s\src\hotspot\share\classfile\systemDictionary.cpp, line 313]
Event: 89.990 Thread 0x000001b6a99eef80 Exception <a 'java/lang/ClassNotFoundException'{0x0000000082a9a280}: org/gradle/api/internal/project/AbstractPluginAwareBeanInfo> (0x0000000082a9a280) 
thrown [s\src\hotspot\share\classfile\systemDictionary.cpp, line 313]
Event: 90.491 Thread 0x000001b6a99eef80 Exception <a 'java/lang/ClassNotFoundException'{0x0000000082aa88c0}: org/gradle/api/internal/project/AbstractPluginAwareCustomizer> (0x0000000082aa88c0) 
thrown [s\src\hotspot\share\classfile\systemDictionary.cpp, line 313]
Event: 91.069 Thread 0x000001b6a99eef80 Exception <a 'java/lang/ClassNotFoundException'{0x0000000082abcf70}: org/gradle/initialization/DefaultSettingsCustomizer> (0x0000000082abcf70) 
thrown [s\src\hotspot\share\classfile\systemDictionary.cpp, line 313]
Event: 93.646 Thread 0x000001b6a99eef80 Exception <a 'java/lang/ClassNotFoundException'{0x000000008291d488}: org/gradle/initialization/DefaultSettings_DecoratedCustomizer> (0x000000008291d488) 
thrown [s\src\hotspot\share\classfile\systemDictionary.cpp, line 313]
Event: 113.683 Thread 0x000001b6a99eef80 Exception <a 'java/lang/ClassNotFoundException'{0x000000008511e138}: org/gradle/internal/metaobject/ConfigureDelegateBeanInfo> (0x000000008511e138) 
thrown [s\src\hotspot\share\classfile\systemDictionary.cpp, line 313]
Event: 113.695 Thread 0x000001b6a99eef80 Exception <a 'java/lang/ClassNotFoundException'{0x000000008512d7b0}: org/gradle/internal/metaobject/ConfigureDelegateCustomizer> (0x000000008512d7b0) 
thrown [s\src\hotspot\share\classfile\systemDictionary.cpp, line 313]
Event: 113.993 Thread 0x000001b6a99eef80 Exception <a 'java/lang/ClassNotFoundException'{0x000000008501d570}: org/gradle/plugin/management/internal/DefaultPluginManagementSpec_DecoratedBeanInfo> (0x000000008501d570) 
thrown [s\src\hotspot\share\classfile\systemDictionary.cpp, line 313]
Event: 114.008 Thread 0x000001b6a99eef80 Exception <a 'java/lang/ClassNotFoundException'{0x000000008502fe38}: org/gradle/plugin/management/internal/DefaultPluginManagementSpecBeanInfo> (0x000000008502fe38) 
thrown [s\src\hotspot\share\classfile\systemDictionary.cpp, line 313]
Event: 114.017 Thread 0x000001b6a99eef80 Exception <a 'java/lang/ClassNotFoundException'{0x0000000085041f68}: org/gradle/plugin/management/internal/DefaultPluginManagementSpecCustomizer> (0x0000000085041f68) 
thrown [s\src\hotspot\share\classfile\systemDictionary.cpp, line 313]
Event: 114.039 Thread 0x000001b6a99eef80 Exception <a 'java/lang/ClassNotFoundException'{0x0000000085067c80}: org/gradle/plugin/management/internal/DefaultPluginManagementSpec_DecoratedCustomizer> (0x0000000085067c80) 
thrown [s\src\hotspot\share\classfile\systemDictionary.cpp, line 313]

ZGC Phase Switch (0 events):
No events

VM Operations (20 events):
Event: 89.379 Executing safepoint VM operation: Cleanup done
Event: 90.379 Executing safepoint VM operation: Cleanup
Event: 90.489 Executing safepoint VM operation: Cleanup done
Event: 91.504 Executing safepoint VM operation: Cleanup
Event: 91.520 Executing safepoint VM operation: Cleanup done
Event: 92.522 Executing safepoint VM operation: Cleanup
Event: 92.696 Executing safepoint VM operation: Cleanup done
Event: 93.700 Executing safepoint VM operation: Cleanup
Event: 93.795 Executing safepoint VM operation: Cleanup done
Event: 94.806 Executing safepoint VM operation: Cleanup
Event: 95.070 Executing safepoint VM operation: Cleanup done
Event: 95.414 Executing safepoint VM operation: G1CollectForAllocation (G1 Evacuation Pause)
Event: 110.670 Executing safepoint VM operation: G1CollectForAllocation (G1 Evacuation Pause) done
Event: 111.680 Executing safepoint VM operation: Cleanup
Event: 111.822 Executing safepoint VM operation: Cleanup done
Event: 112.699 Executing safepoint VM operation: G1CollectForAllocation (G1 Evacuation Pause)
Event: 112.836 Executing safepoint VM operation: G1CollectForAllocation (G1 Evacuation Pause) done
Event: 113.847 Executing safepoint VM operation: Cleanup
Event: 113.862 Executing safepoint VM operation: Cleanup done
Event: 114.564 Executing safepoint VM operation: G1CollectForAllocation (G1 Evacuation Pause)

Memory protections (0 events):
No events

Nmethod flushes (20 events):
Event: 63.352 Thread 0x000001b6a9708d30 flushing  nmethod 0x000001b6952d9b90
Event: 63.352 Thread 0x000001b6a9708d30 flushing  nmethod 0x000001b6952daf90
Event: 63.352 Thread 0x000001b6a9708d30 flushing  nmethod 0x000001b6952db790
Event: 63.352 Thread 0x000001b6a9708d30 flushing  nmethod 0x000001b6952dc710
Event: 63.352 Thread 0x000001b6a9708d30 flushing  nmethod 0x000001b69532b810
Event: 63.352 Thread 0x000001b6a9708d30 flushing  nmethod 0x000001b69532d890
Event: 63.352 Thread 0x000001b6a9708d30 flushing  nmethod 0x000001b69532e610
Event: 63.352 Thread 0x000001b6a9708d30 flushing  nmethod 0x000001b69532ea10
Event: 63.352 Thread 0x000001b6a9708d30 flushing  nmethod 0x000001b695397b90
Event: 63.352 Thread 0x000001b6a9708d30 flushing  nmethod 0x000001b69539be90
Event: 63.352 Thread 0x000001b6a9708d30 flushing  nmethod 0x000001b69539cd90
Event: 63.352 Thread 0x000001b6a9708d30 flushing  nmethod 0x000001b6954b9f90
Event: 63.352 Thread 0x000001b6a9708d30 flushing  nmethod 0x000001b6954bcd10
Event: 63.352 Thread 0x000001b6a9708d30 flushing  nmethod 0x000001b6954be310
Event: 63.352 Thread 0x000001b6a9708d30 flushing  nmethod 0x000001b6954bf110
Event: 63.352 Thread 0x000001b6a9708d30 flushing  nmethod 0x000001b6954bf810
Event: 63.352 Thread 0x000001b6a9708d30 flushing  nmethod 0x000001b6954c1d10
Event: 63.352 Thread 0x000001b6a9708d30 flushing  nmethod 0x000001b6954c2990
Event: 63.352 Thread 0x000001b6a9708d30 flushing  nmethod 0x000001b6954c4990
Event: 63.352 Thread 0x000001b6a9708d30 flushing  nmethod 0x000001b695683290

Events (20 events):
Event: 21.512 Thread 0x000001b6a99edc50 Thread exited: 0x000001b6a99edc50
Event: 21.520 Thread 0x000001b6a990e580 Thread exited: 0x000001b6a990e580
Event: 21.661 Thread 0x000001b6ef8b7010 Thread added: 0x000001b6a99d1cf0
Event: 21.681 Thread 0x000001b6ef8b7010 Thread added: 0x000001b6a99d2380
Event: 21.696 Thread 0x000001b6a99eef80 Thread added: 0x000001b6a99d3dc0
Event: 21.699 Thread 0x000001b6a99eef80 Thread added: 0x000001b6a99d2a10
Event: 21.700 Thread 0x000001b6a99eef80 Thread added: 0x000001b6a99d4ae0
Event: 27.163 Thread 0x000001b6a99eef80 Thread added: 0x000001b6a99d4450
Event: 27.415 Thread 0x000001b6a99eef80 Thread added: 0x000001b6a99d30a0
Event: 28.836 Thread 0x000001b6a99eef80 Thread added: 0x000001b6a99d3730
Event: 29.821 Thread 0x000001b6a99d30a0 Thread added: 0x000001b6a99d1660
Event: 33.537 Thread 0x000001b6a99eef80 Thread added: 0x000001b6f0bbeed0
Event: 33.951 Thread 0x000001b6a99eef80 Thread added: 0x000001b6f0bbfbf0
Event: 36.659 Thread 0x000001b6a99eef80 Thread added: 0x000001b6f0bbd490
Event: 36.777 Thread 0x000001b6a99eef80 Thread added: 0x000001b6f0bc0280
Event: 38.573 Thread 0x000001b6a99eef80 Thread added: 0x000001b6f0bbe1b0
Event: 39.322 Thread 0x000001b6a99eef80 Thread added: 0x000001b6f0bbce00
Event: 41.501 Thread 0x000001b6a99eef80 Thread added: 0x000001b6f0bc0910
Event: 49.155 Thread 0x000001b6a99eef80 Thread added: 0x000001b6f0bbf560
Event: 69.233 Thread 0x000001b6a99eef80 Thread added: 0x000001b6f0bbdb20


Dynamic libraries:
0x00007ff62f870000 - 0x00007ff62f87e000 	C:\Users\nhlan\.vscode\extensions\redhat.java-1.56.0-win32-x64\jre\21.0.12.1-win32-x86_64\bin\java.exe
0x00007fffa7220000 - 0x00007fffa7487000 	C:\WINDOWS\SYSTEM32\ntdll.dll
0x00007fffa6650000 - 0x00007fffa671b000 	C:\WINDOWS\System32\KERNEL32.DLL
0x00007fffa49d0000 - 0x00007fffa4dd2000 	C:\WINDOWS\System32\KERNELBASE.dll
0x00007fffa4420000 - 0x00007fffa456c000 	C:\WINDOWS\System32\ucrtbase.dll
0x00007fff9ef20000 - 0x00007fff9ef38000 	C:\Users\nhlan\.vscode\extensions\redhat.java-1.56.0-win32-x64\jre\21.0.12.1-win32-x86_64\bin\jli.dll
0x00007fff9ec50000 - 0x00007fff9ec6e000 	C:\Users\nhlan\.vscode\extensions\redhat.java-1.56.0-win32-x64\jre\21.0.12.1-win32-x86_64\bin\VCRUNTIME140.dll
0x00007fffa6ab0000 - 0x00007fffa6c7f000 	C:\WINDOWS\System32\USER32.dll
0x00007fffa4de0000 - 0x00007fffa4e07000 	C:\WINDOWS\System32\win32u.dll
0x00007fffa71b0000 - 0x00007fffa71db000 	C:\WINDOWS\System32\GDI32.dll
0x00007fffa4e10000 - 0x00007fffa4f39000 	C:\WINDOWS\System32\gdi32full.dll
0x00007fffa4580000 - 0x00007fffa4623000 	C:\WINDOWS\System32\msvcp_win.dll
0x00007fff8b470000 - 0x00007fff8b700000 	C:\WINDOWS\WinSxS\amd64_microsoft.windows.common-controls_6595b64144ccf1df_6.0.26100.9278_none_3e0d1ba8e3303201\COMCTL32.dll
0x00007fffa6980000 - 0x00007fffa6a29000 	C:\WINDOWS\System32\msvcrt.dll
0x00007fffa4f40000 - 0x00007fffa4f71000 	C:\WINDOWS\System32\IMM32.DLL
0x00007fff814d0000 - 0x00007fff815c2000 	C:\Program Files\Windhawk\Engine\1.7.3\64\windhawk.dll
0x00007fffa5d70000 - 0x00007fffa5e2c000 	C:\WINDOWS\System32\ADVAPI32.dll
0x00007fffa58f0000 - 0x00007fffa5999000 	C:\WINDOWS\System32\sechost.dll
0x00007fffa6760000 - 0x00007fffa6878000 	C:\WINDOWS\System32\RPCRT4.dll
0x00007fff81910000 - 0x00007fff81938000 	C:\ProgramData\Windhawk\Engine\Mods\64\explorer-details-better-file-sizes_1.4.11_675263.dll
0x00007fffa5570000 - 0x00007fffa570a000 	C:\WINDOWS\System32\ole32.dll
0x00007fffa59a0000 - 0x00007fffa5d25000 	C:\WINDOWS\System32\combase.dll
0x00007fffa5270000 - 0x00007fffa5349000 	C:\WINDOWS\System32\OLEAUT32.dll
0x00007fffa5ea0000 - 0x00007fffa6638000 	C:\WINDOWS\System32\SHELL32.dll
0x00007fff9c3e0000 - 0x00007fff9c4d5000 	C:\WINDOWS\SYSTEM32\PROPSYS.dll
0x00007fff81170000 - 0x00007fff81319000 	C:\ProgramData\Windhawk\Engine\Mods\64\libc++.whl
0x00007fff81320000 - 0x00007fff8135a000 	C:\ProgramData\Windhawk\Engine\Mods\64\libunwind.whl
0x00007fff9fa40000 - 0x00007fff9fa4c000 	C:\Users\nhlan\.vscode\extensions\redhat.java-1.56.0-win32-x64\jre\21.0.12.1-win32-x86_64\bin\vcruntime140_1.dll
0x00007fff70010000 - 0x00007fff7009d000 	C:\Users\nhlan\.vscode\extensions\redhat.java-1.56.0-win32-x64\jre\21.0.12.1-win32-x86_64\bin\msvcp140.dll
0x00007ffef3e00000 - 0x00007ffef4ba2000 	C:\Users\nhlan\.vscode\extensions\redhat.java-1.56.0-win32-x64\jre\21.0.12.1-win32-x86_64\bin\server\jvm.dll
0x00007fffa51e0000 - 0x00007fffa5260000 	C:\WINDOWS\System32\WS2_32.dll
0x00007fffa4280000 - 0x00007fffa42de000 	C:\WINDOWS\SYSTEM32\POWRPROF.dll
0x00007fff98d50000 - 0x00007fff98d86000 	C:\WINDOWS\SYSTEM32\WINMM.dll
0x00007fff98600000 - 0x00007fff9860b000 	C:\WINDOWS\SYSTEM32\VERSION.dll
0x00007fffa4260000 - 0x00007fffa4275000 	C:\WINDOWS\SYSTEM32\UMPDC.dll
0x00007fffa30f0000 - 0x00007fffa310b000 	C:\WINDOWS\SYSTEM32\kernel.appcore.dll
0x00007fff9f610000 - 0x00007fff9f61a000 	C:\Users\nhlan\.vscode\extensions\redhat.java-1.56.0-win32-x64\jre\21.0.12.1-win32-x86_64\bin\jimage.dll
0x00007fffa15f0000 - 0x00007fffa183c000 	C:\WINDOWS\SYSTEM32\DBGHELP.DLL
0x00007fff88780000 - 0x00007fff887bb000 	C:\WINDOWS\SYSTEM32\dbgcore.DLL
0x00007fffa4850000 - 0x00007fffa48fc000 	C:\WINDOWS\System32\bcryptPrimitives.dll
0x00007fff9f5b0000 - 0x00007fff9f5bf000 	C:\Users\nhlan\.vscode\extensions\redhat.java-1.56.0-win32-x64\jre\21.0.12.1-win32-x86_64\bin\instrument.dll
0x00007fff9eb70000 - 0x00007fff9eb90000 	C:\Users\nhlan\.vscode\extensions\redhat.java-1.56.0-win32-x64\jre\21.0.12.1-win32-x86_64\bin\java.dll
0x00007fffa1e50000 - 0x00007fffa26fe000 	C:\WINDOWS\SYSTEM32\windows.storage.dll
0x00007fffa5090000 - 0x00007fffa518b000 	C:\WINDOWS\System32\SHCORE.dll
0x00007fffa6a30000 - 0x00007fffa6a96000 	C:\WINDOWS\System32\shlwapi.dll
0x00007fffa4340000 - 0x00007fffa4369000 	C:\WINDOWS\SYSTEM32\profapi.dll
0x00007fff9e740000 - 0x00007fff9e758000 	C:\Users\nhlan\.vscode\extensions\redhat.java-1.56.0-win32-x64\jre\21.0.12.1-win32-x86_64\bin\zip.dll
0x00007fff9f5e0000 - 0x00007fff9f5f0000 	C:\Users\nhlan\.vscode\extensions\redhat.java-1.56.0-win32-x64\jre\21.0.12.1-win32-x86_64\bin\net.dll
0x00007fff98670000 - 0x00007fff9879a000 	C:\WINDOWS\SYSTEM32\WINHTTP.dll
0x00007fffa36b0000 - 0x00007fffa371c000 	C:\WINDOWS\system32\mswsock.dll
0x00007fff9da60000 - 0x00007fff9da76000 	C:\Users\nhlan\.vscode\extensions\redhat.java-1.56.0-win32-x64\jre\21.0.12.1-win32-x86_64\bin\nio.dll
0x00007fff9f330000 - 0x00007fff9f340000 	C:\Users\nhlan\.vscode\extensions\redhat.java-1.56.0-win32-x64\jre\21.0.12.1-win32-x86_64\bin\verify.dll
0x00007fff7fb50000 - 0x00007fff7fb77000 	C:\Users\nhlan\.gradle\native\c067742578af261105cb4f569cf0c3c89f3d7b1fecec35dd04571415982c5e48\windows-amd64\native-platform.dll
0x00007fff1fb20000 - 0x00007fff1fc64000 	C:\Users\nhlan\.gradle\native\100fb08df4bc3b14c8652ba06237920a3bd2aa13389f12d3474272988ae205f9\windows-amd64\native-platform-file-events.dll
0x00007fff9ee60000 - 0x00007fff9ee6a000 	C:\Users\nhlan\.vscode\extensions\redhat.java-1.56.0-win32-x64\jre\21.0.12.1-win32-x86_64\bin\management.dll
0x00007fff9ed80000 - 0x00007fff9ed8c000 	C:\Users\nhlan\.vscode\extensions\redhat.java-1.56.0-win32-x64\jre\21.0.12.1-win32-x86_64\bin\management_ext.dll
0x00007fffa6640000 - 0x00007fffa6648000 	C:\WINDOWS\System32\PSAPI.DLL
0x00007fffa39a0000 - 0x00007fffa39bb000 	C:\WINDOWS\SYSTEM32\CRYPTSP.dll
0x00007fffa3050000 - 0x00007fffa3089000 	C:\WINDOWS\system32\rsaenh.dll
0x00007fffa3760000 - 0x00007fffa3794000 	C:\WINDOWS\SYSTEM32\USERENV.dll
0x00007fffa4310000 - 0x00007fffa433a000 	C:\WINDOWS\SYSTEM32\bcrypt.dll
0x00007fffa39c0000 - 0x00007fffa39cc000 	C:\WINDOWS\SYSTEM32\CRYPTBASE.dll
0x00007fffa2b30000 - 0x00007fffa2b63000 	C:\WINDOWS\SYSTEM32\IPHLPAPI.DLL
0x00007fffa6aa0000 - 0x00007fffa6aaa000 	C:\WINDOWS\System32\NSI.dll
0x00007fff9e8d0000 - 0x00007fff9e8d9000 	C:\Users\nhlan\.vscode\extensions\redhat.java-1.56.0-win32-x64\jre\21.0.12.1-win32-x86_64\bin\extnet.dll
0x00007fff9ea40000 - 0x00007fff9ea4e000 	C:\Users\nhlan\.vscode\extensions\redhat.java-1.56.0-win32-x64\jre\21.0.12.1-win32-x86_64\bin\sunmscapi.dll
0x00007fffa4630000 - 0x00007fffa47ae000 	C:\WINDOWS\System32\CRYPT32.dll
0x00007fffa3be0000 - 0x00007fffa3c10000 	C:\WINDOWS\SYSTEM32\ncrypt.dll
0x00007fffa3b90000 - 0x00007fffa3bcf000 	C:\WINDOWS\SYSTEM32\NTASN1.dll
0x00007fff7e6f0000 - 0x00007fff7e6f8000 	C:\WINDOWS\system32\wshunix.dll

JVMTI agents:
C:\Users\nhlan\.gradle\wrapper\dists\gradle-8.9-bin\90cnw93cvbtalezasaz0blq0a\gradle-8.9\lib\agents\gradle-instrumentation-agent-8.9.jar path:C:\Users\nhlan\.vscode\extensions\redhat.java-1.56.0-win32-x64\jre\21.0.12.1-win32-x86_64\bin\instrument.dll, loaded, initialized, instrumentlib options:none

dbghelp: loaded successfully - version: 4.0.5 - missing functions: none
symbol engine: initialized successfully - sym options: 0x614 - pdb path: .;C:\Users\nhlan\.vscode\extensions\redhat.java-1.56.0-win32-x64\jre\21.0.12.1-win32-x86_64\bin;C:\WINDOWS\SYSTEM32;C:\WINDOWS\WinSxS\amd64_microsoft.windows.common-controls_6595b64144ccf1df_6.0.26100.9278_none_3e0d1ba8e3303201;C:\Program Files\Windhawk\Engine\1.7.3\64;C:\ProgramData\Windhawk\Engine\Mods\64;C:\Users\nhlan\.vscode\extensions\redhat.java-1.56.0-win32-x64\jre\21.0.12.1-win32-x86_64\bin\server;C:\Users\nhlan\.gradle\native\c067742578af261105cb4f569cf0c3c89f3d7b1fecec35dd04571415982c5e48\windows-amd64;C:\Users\nhlan\.gradle\native\100fb08df4bc3b14c8652ba06237920a3bd2aa13389f12d3474272988ae205f9\windows-amd64

VM Arguments:
jvm_args: --add-opens=java.base/java.util=ALL-UNNAMED --add-opens=java.base/java.lang=ALL-UNNAMED --add-opens=java.base/java.lang.invoke=ALL-UNNAMED --add-opens=java.prefs/java.util.prefs=ALL-UNNAMED --add-exports=jdk.compiler/com.sun.tools.javac.api=ALL-UNNAMED --add-exports=jdk.compiler/com.sun.tools.javac.util=ALL-UNNAMED --add-opens=java.base/java.nio.charset=ALL-UNNAMED --add-opens=java.base/java.net=ALL-UNNAMED --add-opens=java.base/java.util.concurrent.atomic=ALL-UNNAMED -Xmx2048m -Dfile.encoding=UTF-8 -Duser.country=ZA -Duser.language=en -Duser.variant -javaagent:C:\Users\nhlan\.gradle\wrapper\dists\gradle-8.9-bin\90cnw93cvbtalezasaz0blq0a\gradle-8.9\lib\agents\gradle-instrumentation-agent-8.9.jar 
java_command: org.gradle.launcher.daemon.bootstrap.GradleDaemon 8.9
java_class_path (initial): C:\Users\nhlan\.gradle\wrapper\dists\gradle-8.9-bin\90cnw93cvbtalezasaz0blq0a\gradle-8.9\lib\gradle-daemon-main-8.9.jar
Launcher Type: SUN_STANDARD

[Global flags]
     intx CICompilerCount                          = 4                                         {product} {ergonomic}
     uint ConcGCThreads                            = 2                                         {product} {ergonomic}
     uint G1ConcRefinementThreads                  = 8                                         {product} {ergonomic}
   size_t G1HeapRegionSize                         = 1048576                                   {product} {ergonomic}
    uintx GCDrainStackTargetSize                   = 64                                        {product} {ergonomic}
   size_t InitialHeapSize                          = 130023424                                 {product} {ergonomic}
   size_t MarkStackSize                            = 4194304                                   {product} {ergonomic}
   size_t MaxHeapSize                              = 2147483648                                {product} {command line}
   size_t MaxNewSize                               = 1287651328                                {product} {ergonomic}
   size_t MinHeapDeltaBytes                        = 1048576                                   {product} {ergonomic}
   size_t MinHeapSize                              = 8388608                                   {product} {ergonomic}
    uintx NonNMethodCodeHeapSize                   = 5839372                                {pd product} {ergonomic}
    uintx NonProfiledCodeHeapSize                  = 122909434                              {pd product} {ergonomic}
    uintx ProfiledCodeHeapSize                     = 122909434                              {pd product} {ergonomic}
    uintx ReservedCodeCacheSize                    = 251658240                              {pd product} {ergonomic}
     bool SegmentedCodeCache                       = true                                      {product} {ergonomic}
   size_t SoftMaxHeapSize                          = 2147483648                             {manageable} {ergonomic}
     bool UseCompressedOops                        = true                           {product lp64_product} {ergonomic}
     bool UseG1GC                                  = true                                      {product} {ergonomic}
     bool UseLargePagesIndividualAllocation        = false                                  {pd product} {ergonomic}

Logging:
Log output configuration:
 #0: stdout all=warning uptime,level,tags foldmultilines=false
 #1: stderr all=off uptime,level,tags foldmultilines=false

Release file:
JAVA_VERSION="21.0.12.1" 
MODULES="java.base java.compiler java.datatransfer java.xml java.prefs java.desktop java.instrument java.logging java.management java.security.sasl java.naming java.rmi java.management.rmi java.net.http java.scripting java.security.jgss java.transaction.xa java.sql java.sql.rowset java.xml.crypto java.se java.smartcardio jdk.accessibility jdk.internal.jvmstat jdk.attach jdk.charsets jdk.internal.opt jdk.zipfs jdk.compiler jdk.crypto.ec jdk.crypto.cryptoki jdk.crypto.mscapi jdk.dynalink jdk.internal.ed jdk.editpad jdk.hotspot.agent jdk.httpserver jdk.internal.le jdk.internal.vm.ci jdk.internal.vm.compiler jdk.internal.vm.compiler.management jdk.jartool jdk.javadoc jdk.jcmd jdk.management jdk.management.agent jdk.jconsole jdk.jdeps jdk.jdwp.agent jdk.jdi jdk.jfr jdk.jshell jdk.jsobject jdk.jstatd jdk.localedata jdk.management.jfr jdk.naming.dns jdk.naming.rmi jdk.net jdk.nio.mapmode jdk.random jdk.sctp jdk.security.auth jdk.security.jgss jdk.unsupported jdk.unsupported.desktop jdk.xml.dom" 

Environment Variables:
JAVA_HOME=C:\Program Files\Java\jdk-20
PATH=C:\Program Files\Common Files\Oracle\Java\javapath;C:\Windows\system32;C:\Windows;C:\Windows\System32\Wbem;C:\Windows\System32\WindowsPowerShell\v1.0\;C:\Windows\System32\OpenSSH\;C:\Program Files\dotnet\;C:\WINDOWS\system32;C:\WINDOWS;C:\WINDOWS\System32\Wbem;C:\WINDOWS\System32\WindowsPowerShell\v1.0\;C:\WINDOWS\System32\OpenSSH\;C:\Program Files\Java\jdk-20\bin;C:\Program Files (x86)\Microsoft SQL Server\160\DTS\Binn\;C:\Program Files (x86)\Microsoft SQL Server\160\Tools\Binn\;C:\Program Files\Microsoft SQL Server\160\Tools\Binn\;C:\Program Files\Microsoft SQL Server\Client SDK\ODBC\170\Tools\Binn\;C:\Program Files\Microsoft SQL Server\160\DTS\Binn\;C:\Program Files\RedHat\Podman\;C:\Program Files\Git\cmd;C:\Program Files\nodejs\;C:\Program Files\Amazon\AWSCLIV2\;C:\Program Files\GitHub CLI\;C:\Users\nhlan\AppData\Local\Microsoft\WindowsApps;C:\Users\nhlan\.dotnet\tools;C:\Users\nhlan\AppData\Local\Programs\Microsoft VS Code\bin;C:\Program Files\Azure Data Studio\bin;C:\Users\nhlan\AppData\Local\Microsoft\WinGet\Packages\Astronomer.Astro_Microsoft.Winget.Source_8wekyb3d8bbwe;C:\Users\nhlan\AppData\Local\Programs\Kiro\bin;C:\Users\nhlan\AppData\Local\GitHubDesktop\bin;C:\Users\nhlan\AppData\Roaming\npm
USERNAME=nhlanhla
OS=Windows_NT
PROCESSOR_IDENTIFIER=Intel64 Family 6 Model 140 Stepping 1, GenuineIntel
TMP=C:\Users\nhlan\AppData\Local\Temp
TEMP=C:\Users\nhlan\AppData\Local\Temp




Periodic native trim disabled

---------------  S Y S T E M  ---------------

OS:
 Windows 11 , 64 bit Build 26100 (10.0.26100.9444)
OS uptime: 19 days 15:16 hours
Hyper-V role detected

CPU: total 8 (initial active 8) (4 cores per cpu, 2 threads per core) family 6 model 140 stepping 1 microcode 0xb6, cx8, cmov, fxsr, ht, mmx, 3dnowpref, sse, sse2, sse3, ssse3, sse4.1, sse4.2, popcnt, lzcnt, tsc, tscinvbit, avx, avx2, aes, erms, clmul, bmi1, bmi2, adx, avx512f, avx512dq, avx512cd, avx512bw, avx512vl, sha, fma, vzeroupper, avx512_vpopcntdq, avx512_vpclmulqdq, avx512_vaes, avx512_vnni, clflush, clflushopt, clwb, avx512_vbmi2, avx512_vbmi, hv, rdtscp, rdpid, fsrm, gfni, avx512_bitalg, f16c, cet_ibt, cet_ss, avx512_ifma
Processor Information for the first 8 processors :
  Max Mhz: 2419, Current Mhz: 2419, Mhz Limit: 2419

Memory: 4k page, system-wide physical 7886M (1047M free)
TotalPageFile size 32462M (AvailPageFile size 22M)
current process WorkingSet (physical memory assigned to process): 108M, peak: 174M
current process commit charge ("private bytes"): 300M, peak: 343M

vm_info: OpenJDK 64-Bit Server VM (21.0.12.1+1-LTS) for windows-amd64 JRE (21.0.12.1+1-LTS), built on 2026-08-18T00:00:00Z by "admin" with MS VC++ 17.12 (VS2022)

END.
