#
# There is insufficient memory for the Java Runtime Environment to continue.
# Native memory allocation (malloc) failed to allocate 1068896 bytes. Error detail: Chunk::new
# Possible reasons:
#   The system is out of physical RAM or swap space
#   This process is running with CompressedOops enabled, and the Java Heap may be blocking the growth of the native heap
# Possible solutions:
#   Reduce memory load on the system
#   Increase physical memory or swap space
#   Check if swap backing store is full
#   Decrease Java heap size (-Xmx/-Xms)
#   Decrease number of Java threads
#   Decrease Java thread stack sizes (-Xss)
#   Set larger code cache with -XX:ReservedCodeCacheSize=
#   JVM is running with Unscaled Compressed Oops mode in which the Java heap is
#     placed in the first 4GB address space. The Java Heap base address is the
#     maximum limit for the native heap growth. Please use -XX:HeapBaseMinAddress
#     to set the Java Heap base and to place the Java Heap above 4GB virtual address.
# This output file may be truncated or incomplete.
#
#  Out of Memory Error (arena.cpp:168), pid=8092, tid=12972
#
# JRE version: OpenJDK Runtime Environment Temurin-21.0.12.1+1 (21.0.12.1+1) (build 21.0.12.1+1-LTS)
# Java VM: OpenJDK 64-Bit Server VM Temurin-21.0.12.1+1 (21.0.12.1+1-LTS, mixed mode, sharing, tiered, compressed oops, compressed class ptrs, g1 gc, windows-amd64)
# No core dump will be written. Minidumps are not enabled by default on client versions of Windows
#

---------------  S U M M A R Y ------------

Command Line: --add-opens=java.base/java.util=ALL-UNNAMED --add-opens=java.base/java.lang=ALL-UNNAMED --add-opens=java.base/java.lang.invoke=ALL-UNNAMED --add-opens=java.prefs/java.util.prefs=ALL-UNNAMED --add-exports=jdk.compiler/com.sun.tools.javac.api=ALL-UNNAMED --add-exports=jdk.compiler/com.sun.tools.javac.util=ALL-UNNAMED --add-opens=java.base/java.nio.charset=ALL-UNNAMED --add-opens=java.base/java.net=ALL-UNNAMED --add-opens=java.base/java.util.concurrent.atomic=ALL-UNNAMED -Xmx2048m -Dfile.encoding=UTF-8 -Duser.country=ZA -Duser.language=en -Duser.variant -javaagent:C:\Users\nhlan\.gradle\wrapper\dists\gradle-8.9-bin\90cnw93cvbtalezasaz0blq0a\gradle-8.9\lib\agents\gradle-instrumentation-agent-8.9.jar org.gradle.launcher.daemon.bootstrap.GradleDaemon 8.9

Host: 11th Gen Intel(R) Core(TM) i5-1135G7 @ 2.40GHz, 8 cores, 7G,  Windows 11 , 64 bit Build 26100 (10.0.26100.9444)
Time: Wed Sep 30 04:52:30 2026 South Africa Standard Time elapsed time: 68.386965 seconds (0d 0h 1m 8s)

---------------  T H R E A D  ---------------

Current thread (0x000002cb36fe8290):  JavaThread "C2 CompilerThread0" daemon [_thread_in_native, id=12972, stack(0x000000f1f9100000,0x000000f1f9200000) (1024K)]


Current CompileTask:
C2:68387 3151   !   4       java.net.URLClassLoader::findClass (47 bytes)

Stack: [0x000000f1f9100000,0x000000f1f9200000]
Native frames: (J=compiled Java code, j=interpreted, Vv=VM code, C=native code)
V  [jvm.dll+0x6d83e9]
V  [jvm.dll+0x8b5736]
V  [jvm.dll+0x8b7cee]
V  [jvm.dll+0x8b83d3]
V  [jvm.dll+0x284596]
V  [jvm.dll+0xc685d]
V  [jvm.dll+0xc6da1]
V  [jvm.dll+0x2fb5ae]
V  [jvm.dll+0x5fee94]
V  [jvm.dll+0x255d67]
V  [jvm.dll+0x25612d]
V  [jvm.dll+0x24e6a0]
V  [jvm.dll+0x24bbe6]
V  [jvm.dll+0x1cb4ae]
V  [jvm.dll+0x25baad]
V  [jvm.dll+0x25a03a]
V  [jvm.dll+0x3f8aae]
V  [jvm.dll+0x8600cd]
V  [jvm.dll+0x6d6c1d]
C  [ucrtbase.dll+0x2cd30]
C  [KERNEL32.DLL+0x2cd87]
C  [ntdll.dll+0xacaec]


---------------  P R O C E S S  ---------------

Threads class SMR info:
_java_thread_list=0x000002cb7d8e47b0, length=34, elements={
0x000002cb1cf25420, 0x000002cb36fe0ff0, 0x000002cb36fe1a50, 0x000002cb36fe55e0,
0x000002cb36fe6040, 0x000002cb36fe6aa0, 0x000002cb36fe7500, 0x000002cb36fe8290,
0x000002cb36fee760, 0x000002cb7c24caa0, 0x000002cb7c209b40, 0x000002cb7ca888c0,
0x000002cb7cd109b0, 0x000002cb7ced36d0, 0x000002cb7cc25000, 0x000002cb7cf011f0,
0x000002cb7ccee210, 0x000002cb7ccef5c0, 0x000002cb7ccf02e0, 0x000002cb7cceef30,
0x000002cb7cced4f0, 0x000002cb7ccefc50, 0x000002cb7ccece60, 0x000002cb7ccedb80,
0x000002cb7c4746c0, 0x000002cb7c473310, 0x000002cb7c474030, 0x000002cb7c4718d0,
0x000002cb7c476e20, 0x000002cb7c4739a0, 0x000002cb7c4753e0, 0x000002cb7c472c80,
0x000002cb7c474d50, 0x000002cb7c471f60
}

Java Threads: ( => current thread )
  0x000002cb1cf25420 JavaThread "main"                              [_thread_blocked, id=45004, stack(0x000000f1f8300000,0x000000f1f8400000) (1024K)]
  0x000002cb36fe0ff0 JavaThread "Reference Handler"          daemon [_thread_blocked, id=7620, stack(0x000000f1f8b00000,0x000000f1f8c00000) (1024K)]
  0x000002cb36fe1a50 JavaThread "Finalizer"                  daemon [_thread_blocked, id=7320, stack(0x000000f1f8c00000,0x000000f1f8d00000) (1024K)]
  0x000002cb36fe55e0 JavaThread "Signal Dispatcher"          daemon [_thread_blocked, id=28336, stack(0x000000f1f8d00000,0x000000f1f8e00000) (1024K)]
  0x000002cb36fe6040 JavaThread "Attach Listener"            daemon [_thread_blocked, id=13384, stack(0x000000f1f8e00000,0x000000f1f8f00000) (1024K)]
  0x000002cb36fe6aa0 JavaThread "Service Thread"             daemon [_thread_blocked, id=41364, stack(0x000000f1f8f00000,0x000000f1f9000000) (1024K)]
  0x000002cb36fe7500 JavaThread "Monitor Deflation Thread"   daemon [_thread_blocked, id=42636, stack(0x000000f1f9000000,0x000000f1f9100000) (1024K)]
=>0x000002cb36fe8290 JavaThread "C2 CompilerThread0"         daemon [_thread_in_native, id=12972, stack(0x000000f1f9100000,0x000000f1f9200000) (1024K)]
  0x000002cb36fee760 JavaThread "C1 CompilerThread0"         daemon [_thread_blocked, id=2616, stack(0x000000f1f9200000,0x000000f1f9300000) (1024K)]
  0x000002cb7c24caa0 JavaThread "Common-Cleaner"             daemon [_thread_blocked, id=39392, stack(0x000000f1f9300000,0x000000f1f9400000) (1024K)]
  0x000002cb7c209b40 JavaThread "Notification Thread"        daemon [_thread_blocked, id=21728, stack(0x000000f1f9400000,0x000000f1f9500000) (1024K)]
  0x000002cb7ca888c0 JavaThread "Daemon health stats"               [_thread_blocked, id=31724, stack(0x000000f1f9900000,0x000000f1f9a00000) (1024K)]
  0x000002cb7cd109b0 JavaThread "Incoming local TCP Connector on port 24473"        [_thread_in_native, id=40472, stack(0x000000f1f9a00000,0x000000f1f9b00000) (1024K)]
  0x000002cb7ced36d0 JavaThread "Daemon periodic checks"            [_thread_in_native, id=43888, stack(0x000000f1f9b00000,0x000000f1f9c00000) (1024K)]
  0x000002cb7cc25000 JavaThread "Daemon"                            [_thread_blocked, id=44072, stack(0x000000f1f9c00000,0x000000f1f9d00000) (1024K)]
  0x000002cb7cf011f0 JavaThread "Daemon worker"                     [_thread_in_vm, id=44052, stack(0x000000f1f9f00000,0x000000f1fa000000) (1024K)]
  0x000002cb7ccee210 JavaThread "Daemon Thread 2"                   [_thread_blocked, id=39660, stack(0x000000f1f9e00000,0x000000f1f9f00000) (1024K)]
  0x000002cb7ccef5c0 JavaThread "Handler for socket connection from /127.0.0.1:24473 to /127.0.0.1:24509"        [_thread_in_native, id=35124, stack(0x000000f1fa000000,0x000000f1fa100000) (1024K)]
  0x000002cb7ccf02e0 JavaThread "Daemon Thread 3"                   [_thread_blocked, id=39796, stack(0x000000f1fa100000,0x000000f1fa200000) (1024K)]
  0x000002cb7cceef30 JavaThread "Daemon Thread 4"                   [_thread_blocked, id=36308, stack(0x000000f1fa200000,0x000000f1fa300000) (1024K)]
  0x000002cb7cced4f0 JavaThread "Daemon Thread 5"                   [_thread_blocked, id=19204, stack(0x000000f1fa300000,0x000000f1fa400000) (1024K)]
  0x000002cb7ccefc50 JavaThread "Daemon Thread 6"                   [_thread_blocked, id=36236, stack(0x000000f1fa400000,0x000000f1fa500000) (1024K)]
  0x000002cb7ccece60 JavaThread "Daemon Thread 7"                   [_thread_blocked, id=36136, stack(0x000000f1fa500000,0x000000f1fa600000) (1024K)]
  0x000002cb7ccedb80 JavaThread "Cancel handler"                    [_thread_blocked, id=12716, stack(0x000000f1fa600000,0x000000f1fa700000) (1024K)]
  0x000002cb7c4746c0 JavaThread "Daemon Thread 8"                   [_thread_blocked, id=14056, stack(0x000000f1fa800000,0x000000f1fa900000) (1024K)]
  0x000002cb7c473310 JavaThread "Daemon Thread 9"                   [_thread_blocked, id=22212, stack(0x000000f1fab00000,0x000000f1fac00000) (1024K)]
  0x000002cb7c474030 JavaThread "Daemon Thread 10"                  [_thread_blocked, id=32000, stack(0x000000f1fad00000,0x000000f1fae00000) (1024K)]
  0x000002cb7c4718d0 JavaThread "Asynchronous log dispatcher for DefaultDaemonConnection: socket connection from /127.0.0.1:24473 to /127.0.0.1:24509"        [_thread_blocked, id=39672, stack(0x000000f1fae00000,0x000000f1faf00000) (1024K)]
  0x000002cb7c476e20 JavaThread "Stdin handler"                     [_thread_blocked, id=13488, stack(0x000000f1fb300000,0x000000f1fb400000) (1024K)]
  0x000002cb7c4739a0 JavaThread "Daemon client event forwarder"        [_thread_blocked, id=25660, stack(0x000000f1fb700000,0x000000f1fb800000) (1024K)]
  0x000002cb7c4753e0 JavaThread "Cache worker for journal cache (C:\Users\nhlan\.gradle\caches\journal-1)"        [_thread_blocked, id=12120, stack(0x000000f1f9d00000,0x000000f1f9e00000) (1024K)]
  0x000002cb7c472c80 JavaThread "File lock request listener"        [_thread_in_native, id=40012, stack(0x000000f1fa900000,0x000000f1faa00000) (1024K)]
  0x000002cb7c474d50 JavaThread "Cache worker for file hash cache (C:\Users\nhlan\.gradle\caches\8.9\fileHashes)"        [_thread_blocked, id=39124, stack(0x000000f1faa00000,0x000000f1fab00000) (1024K)]
  0x000002cb7c471f60 JavaThread "File lock release action executor"        [_thread_blocked, id=15776, stack(0x000000f1fac00000,0x000000f1fad00000) (1024K)]
Total: 34

Other Threads:
  0x000002cb36fbacd0 VMThread "VM Thread"                           [id=7504, stack(0x000000f1f8a00000,0x000000f1f8b00000) (1024K)]
  0x000002cb36fa79f0 WatcherThread "VM Periodic Task Thread"        [id=6980, stack(0x000000f1f8900000,0x000000f1f8a00000) (1024K)]
  0x000002cb1cfddfc0 WorkerThread "GC Thread#0"                     [id=43640, stack(0x000000f1f8400000,0x000000f1f8500000) (1024K)]
  0x000002cb7c617430 WorkerThread "GC Thread#1"                     [id=6816, stack(0x000000f1f9500000,0x000000f1f9600000) (1024K)]
  0x000002cb7c04e0d0 WorkerThread "GC Thread#2"                     [id=21732, stack(0x000000f1f9600000,0x000000f1f9700000) (1024K)]
  0x000002cb7c04e480 WorkerThread "GC Thread#3"                     [id=32796, stack(0x000000f1f9700000,0x000000f1f9800000) (1024K)]
  0x000002cb7c0e24a0 WorkerThread "GC Thread#4"                     [id=7260, stack(0x000000f1f9800000,0x000000f1f9900000) (1024K)]
  0x000002cb7cfac650 WorkerThread "GC Thread#5"                     [id=20940, stack(0x000000f1fa700000,0x000000f1fa800000) (1024K)]
  0x000002cb7cfabef0 WorkerThread "GC Thread#6"                     [id=26500, stack(0x000000f1fb400000,0x000000f1fb500000) (1024K)]
  0x000002cb7cfaca00 WorkerThread "GC Thread#7"                     [id=36900, stack(0x000000f1fb500000,0x000000f1fb600000) (1024K)]
  0x000002cb1f8cc840 ConcurrentGCThread "G1 Main Marker"            [id=22912, stack(0x000000f1f8500000,0x000000f1f8600000) (1024K)]
  0x000002cb1f8cd160 WorkerThread "G1 Conc#0"                       [id=38464, stack(0x000000f1f8600000,0x000000f1f8700000) (1024K)]
  0x000002cb36e7b420 ConcurrentGCThread "G1 Refine#0"               [id=14400, stack(0x000000f1f8700000,0x000000f1f8800000) (1024K)]
  0x000002cb36e7cd60 ConcurrentGCThread "G1 Service"                [id=11140, stack(0x000000f1f8800000,0x000000f1f8900000) (1024K)]
Total: 14

Threads with active compile tasks:
C2 CompilerThread0  68493 3151   !   4       java.net.URLClassLoader::findClass (47 bytes)
Total: 1

VM state: not at safepoint (normal execution)

VM Mutex/Monitor currently owned by a thread: None

Heap address: 0x0000000080000000, size: 2048 MB, Compressed Oops mode: 32-bit

CDS archive(s) mapped at: [0x000002cb37000000-0x000002cb37ba0000-0x000002cb37ba0000), size 12189696, SharedBaseAddress: 0x000002cb37000000, ArchiveRelocationMode: 1.
Compressed class space mapped at: 0x000002cb38000000-0x000002cb78000000, reserved size: 1073741824
Narrow klass base: 0x000002cb37000000, Narrow klass shift: 0, Narrow klass range: 0x100000000

GC Precious Log:
 CardTable entry size: 512
 Card Set container configuration: InlinePtr #cards 5 size 8 Array Of Cards #cards 12 size 40 Howl #buckets 4 coarsen threshold 1843 Howl Bitmap #cards 512 size 80 coarsen threshold 460 Card regions per heap region 1 cards per card region 2048
 CPUs: 8 total, 8 available
 Memory: 7886M
 Large Page Support: Disabled
 NUMA Support: Disabled
 Compressed Oops: Enabled (32-bit)
 Heap Region Size: 1M
 Heap Min Capacity: 8M
 Heap Initial Capacity: 124M
 Heap Max Capacity: 2G
 Pre-touch: Disabled
 Parallel Workers: 8
 Concurrent Workers: 2
 Concurrent Refinement Workers: 8
 Periodic GC: Disabled

Heap:
 garbage-first heap   total 126976K, used 68734K [0x0000000080000000, 0x0000000100000000)
  region size 1024K, 57 young (58368K), 10 survivors (10240K)
 Metaspace       used 18434K, committed 19008K, reserved 1114112K
  class space    used 2622K, committed 2880K, reserved 1048576K

Heap Regions: E=young(eden), S=young(survivor), O=old, HS=humongous(starts), HC=humongous(continues), CS=collection set, F=free, TAMS=top-at-mark-start, PB=parsable bottom
|   0|0x0000000080000000, 0x0000000080100000, 0x0000000080100000|100%|HS|  |TAMS 0x0000000080000000| PB 0x0000000080000000| Complete 
|   1|0x0000000080100000, 0x0000000080200000, 0x0000000080200000|100%|HC|  |TAMS 0x0000000080100000| PB 0x0000000080100000| Complete 
|   2|0x0000000080200000, 0x0000000080300000, 0x0000000080300000|100%|HC|  |TAMS 0x0000000080200000| PB 0x0000000080200000| Complete 
|   3|0x0000000080300000, 0x0000000080400000, 0x0000000080400000|100%|HC|  |TAMS 0x0000000080300000| PB 0x0000000080300000| Complete 
|   4|0x0000000080400000, 0x0000000080500000, 0x0000000080500000|100%| O|  |TAMS 0x0000000080400000| PB 0x0000000080400000| Untracked 
|   5|0x0000000080500000, 0x0000000080600000, 0x0000000080600000|100%| O|  |TAMS 0x0000000080500000| PB 0x0000000080500000| Untracked 
|   6|0x0000000080600000, 0x0000000080700000, 0x0000000080700000|100%| O|  |TAMS 0x0000000080600000| PB 0x0000000080600000| Untracked 
|   7|0x0000000080700000, 0x0000000080800000, 0x0000000080800000|100%| O|  |TAMS 0x0000000080700000| PB 0x0000000080700000| Untracked 
|   8|0x0000000080800000, 0x0000000080900000, 0x0000000080900000|100%| O|  |TAMS 0x0000000080800000| PB 0x0000000080800000| Untracked 
|   9|0x0000000080900000, 0x0000000080a00000, 0x0000000080a00000|100%| O|  |TAMS 0x0000000080900000| PB 0x0000000080900000| Untracked 
|  10|0x0000000080a00000, 0x0000000080a8f578, 0x0000000080b00000| 55%| O|  |TAMS 0x0000000080a00000| PB 0x0000000080a00000| Untracked 
|  11|0x0000000080b00000, 0x0000000080c00000, 0x0000000080c00000|100%|HS|  |TAMS 0x0000000080b00000| PB 0x0000000080b00000| Complete 
|  12|0x0000000080c00000, 0x0000000080c00000, 0x0000000080d00000|  0%| F|  |TAMS 0x0000000080c00000| PB 0x0000000080c00000| Untracked 
|  13|0x0000000080d00000, 0x0000000080d00000, 0x0000000080e00000|  0%| F|  |TAMS 0x0000000080d00000| PB 0x0000000080d00000| Untracked 
|  14|0x0000000080e00000, 0x0000000080e00000, 0x0000000080f00000|  0%| F|  |TAMS 0x0000000080e00000| PB 0x0000000080e00000| Untracked 
|  15|0x0000000080f00000, 0x0000000080f00000, 0x0000000081000000|  0%| F|  |TAMS 0x0000000080f00000| PB 0x0000000080f00000| Untracked 
|  16|0x0000000081000000, 0x0000000081000000, 0x0000000081100000|  0%| F|  |TAMS 0x0000000081000000| PB 0x0000000081000000| Untracked 
|  17|0x0000000081100000, 0x0000000081100000, 0x0000000081200000|  0%| F|  |TAMS 0x0000000081100000| PB 0x0000000081100000| Untracked 
|  18|0x0000000081200000, 0x0000000081200000, 0x0000000081300000|  0%| F|  |TAMS 0x0000000081200000| PB 0x0000000081200000| Untracked 
|  19|0x0000000081300000, 0x0000000081300000, 0x0000000081400000|  0%| F|  |TAMS 0x0000000081300000| PB 0x0000000081300000| Untracked 
|  20|0x0000000081400000, 0x0000000081400000, 0x0000000081500000|  0%| F|  |TAMS 0x0000000081400000| PB 0x0000000081400000| Untracked 
|  21|0x0000000081500000, 0x0000000081500000, 0x0000000081600000|  0%| F|  |TAMS 0x0000000081500000| PB 0x0000000081500000| Untracked 
|  22|0x0000000081600000, 0x0000000081600000, 0x0000000081700000|  0%| F|  |TAMS 0x0000000081600000| PB 0x0000000081600000| Untracked 
|  23|0x0000000081700000, 0x0000000081700000, 0x0000000081800000|  0%| F|  |TAMS 0x0000000081700000| PB 0x0000000081700000| Untracked 
|  24|0x0000000081800000, 0x0000000081800000, 0x0000000081900000|  0%| F|  |TAMS 0x0000000081800000| PB 0x0000000081800000| Untracked 
|  25|0x0000000081900000, 0x0000000081900000, 0x0000000081a00000|  0%| F|  |TAMS 0x0000000081900000| PB 0x0000000081900000| Untracked 
|  26|0x0000000081a00000, 0x0000000081a00000, 0x0000000081b00000|  0%| F|  |TAMS 0x0000000081a00000| PB 0x0000000081a00000| Untracked 
|  27|0x0000000081b00000, 0x0000000081b00000, 0x0000000081c00000|  0%| F|  |TAMS 0x0000000081b00000| PB 0x0000000081b00000| Untracked 
|  28|0x0000000081c00000, 0x0000000081c00000, 0x0000000081d00000|  0%| F|  |TAMS 0x0000000081c00000| PB 0x0000000081c00000| Untracked 
|  29|0x0000000081d00000, 0x0000000081d00000, 0x0000000081e00000|  0%| F|  |TAMS 0x0000000081d00000| PB 0x0000000081d00000| Untracked 
|  30|0x0000000081e00000, 0x0000000081e00000, 0x0000000081f00000|  0%| F|  |TAMS 0x0000000081e00000| PB 0x0000000081e00000| Untracked 
|  31|0x0000000081f00000, 0x0000000081f00000, 0x0000000082000000|  0%| F|  |TAMS 0x0000000081f00000| PB 0x0000000081f00000| Untracked 
|  32|0x0000000082000000, 0x0000000082000000, 0x0000000082100000|  0%| F|  |TAMS 0x0000000082000000| PB 0x0000000082000000| Untracked 
|  33|0x0000000082100000, 0x0000000082100000, 0x0000000082200000|  0%| F|  |TAMS 0x0000000082100000| PB 0x0000000082100000| Untracked 
|  34|0x0000000082200000, 0x0000000082200000, 0x0000000082300000|  0%| F|  |TAMS 0x0000000082200000| PB 0x0000000082200000| Untracked 
|  35|0x0000000082300000, 0x0000000082300000, 0x0000000082400000|  0%| F|  |TAMS 0x0000000082300000| PB 0x0000000082300000| Untracked 
|  36|0x0000000082400000, 0x0000000082400000, 0x0000000082500000|  0%| F|  |TAMS 0x0000000082400000| PB 0x0000000082400000| Untracked 
|  37|0x0000000082500000, 0x0000000082500000, 0x0000000082600000|  0%| F|  |TAMS 0x0000000082500000| PB 0x0000000082500000| Untracked 
|  38|0x0000000082600000, 0x0000000082600000, 0x0000000082700000|  0%| F|  |TAMS 0x0000000082600000| PB 0x0000000082600000| Untracked 
|  39|0x0000000082700000, 0x0000000082700000, 0x0000000082800000|  0%| F|  |TAMS 0x0000000082700000| PB 0x0000000082700000| Untracked 
|  40|0x0000000082800000, 0x0000000082890500, 0x0000000082900000| 56%| S|CS|TAMS 0x0000000082800000| PB 0x0000000082800000| Complete 
|  41|0x0000000082900000, 0x0000000082a00000, 0x0000000082a00000|100%| S|CS|TAMS 0x0000000082900000| PB 0x0000000082900000| Complete 
|  42|0x0000000082a00000, 0x0000000082b00000, 0x0000000082b00000|100%| S|CS|TAMS 0x0000000082a00000| PB 0x0000000082a00000| Complete 
|  43|0x0000000082b00000, 0x0000000082c00000, 0x0000000082c00000|100%| S|CS|TAMS 0x0000000082b00000| PB 0x0000000082b00000| Complete 
|  44|0x0000000082c00000, 0x0000000082d00000, 0x0000000082d00000|100%| S|CS|TAMS 0x0000000082c00000| PB 0x0000000082c00000| Complete 
|  45|0x0000000082d00000, 0x0000000082e00000, 0x0000000082e00000|100%| S|CS|TAMS 0x0000000082d00000| PB 0x0000000082d00000| Complete 
|  46|0x0000000082e00000, 0x0000000082f00000, 0x0000000082f00000|100%| S|CS|TAMS 0x0000000082e00000| PB 0x0000000082e00000| Complete 
|  47|0x0000000082f00000, 0x0000000083000000, 0x0000000083000000|100%| S|CS|TAMS 0x0000000082f00000| PB 0x0000000082f00000| Complete 
|  48|0x0000000083000000, 0x0000000083100000, 0x0000000083100000|100%| S|CS|TAMS 0x0000000083000000| PB 0x0000000083000000| Complete 
|  49|0x0000000083100000, 0x0000000083200000, 0x0000000083200000|100%| S|CS|TAMS 0x0000000083100000| PB 0x0000000083100000| Complete 
|  50|0x0000000083200000, 0x0000000083200000, 0x0000000083300000|  0%| F|  |TAMS 0x0000000083200000| PB 0x0000000083200000| Untracked 
|  51|0x0000000083300000, 0x0000000083300000, 0x0000000083400000|  0%| F|  |TAMS 0x0000000083300000| PB 0x0000000083300000| Untracked 
|  52|0x0000000083400000, 0x0000000083400000, 0x0000000083500000|  0%| F|  |TAMS 0x0000000083400000| PB 0x0000000083400000| Untracked 
|  53|0x0000000083500000, 0x0000000083500000, 0x0000000083600000|  0%| F|  |TAMS 0x0000000083500000| PB 0x0000000083500000| Untracked 
|  54|0x0000000083600000, 0x0000000083600000, 0x0000000083700000|  0%| F|  |TAMS 0x0000000083600000| PB 0x0000000083600000| Untracked 
|  55|0x0000000083700000, 0x0000000083700000, 0x0000000083800000|  0%| F|  |TAMS 0x0000000083700000| PB 0x0000000083700000| Untracked 
|  56|0x0000000083800000, 0x0000000083800000, 0x0000000083900000|  0%| F|  |TAMS 0x0000000083800000| PB 0x0000000083800000| Untracked 
|  57|0x0000000083900000, 0x0000000083900000, 0x0000000083a00000|  0%| F|  |TAMS 0x0000000083900000| PB 0x0000000083900000| Untracked 
|  58|0x0000000083a00000, 0x0000000083a00000, 0x0000000083b00000|  0%| F|  |TAMS 0x0000000083a00000| PB 0x0000000083a00000| Untracked 
|  59|0x0000000083b00000, 0x0000000083b00000, 0x0000000083c00000|  0%| F|  |TAMS 0x0000000083b00000| PB 0x0000000083b00000| Untracked 
|  60|0x0000000083c00000, 0x0000000083c00000, 0x0000000083d00000|  0%| F|  |TAMS 0x0000000083c00000| PB 0x0000000083c00000| Untracked 
|  61|0x0000000083d00000, 0x0000000083d00000, 0x0000000083e00000|  0%| F|  |TAMS 0x0000000083d00000| PB 0x0000000083d00000| Untracked 
|  62|0x0000000083e00000, 0x0000000083e00000, 0x0000000083f00000|  0%| F|  |TAMS 0x0000000083e00000| PB 0x0000000083e00000| Untracked 
|  63|0x0000000083f00000, 0x0000000083f00000, 0x0000000084000000|  0%| F|  |TAMS 0x0000000083f00000| PB 0x0000000083f00000| Untracked 
|  64|0x0000000084000000, 0x0000000084000000, 0x0000000084100000|  0%| F|  |TAMS 0x0000000084000000| PB 0x0000000084000000| Untracked 
|  65|0x0000000084100000, 0x0000000084100000, 0x0000000084200000|  0%| F|  |TAMS 0x0000000084100000| PB 0x0000000084100000| Untracked 
|  66|0x0000000084200000, 0x0000000084200000, 0x0000000084300000|  0%| F|  |TAMS 0x0000000084200000| PB 0x0000000084200000| Untracked 
|  67|0x0000000084300000, 0x0000000084300000, 0x0000000084400000|  0%| F|  |TAMS 0x0000000084300000| PB 0x0000000084300000| Untracked 
|  68|0x0000000084400000, 0x0000000084400000, 0x0000000084500000|  0%| F|  |TAMS 0x0000000084400000| PB 0x0000000084400000| Untracked 
|  69|0x0000000084500000, 0x0000000084500000, 0x0000000084600000|  0%| F|  |TAMS 0x0000000084500000| PB 0x0000000084500000| Untracked 
|  70|0x0000000084600000, 0x0000000084600000, 0x0000000084700000|  0%| F|  |TAMS 0x0000000084600000| PB 0x0000000084600000| Untracked 
|  71|0x0000000084700000, 0x0000000084700000, 0x0000000084800000|  0%| F|  |TAMS 0x0000000084700000| PB 0x0000000084700000| Untracked 
|  72|0x0000000084800000, 0x0000000084800000, 0x0000000084900000|  0%| F|  |TAMS 0x0000000084800000| PB 0x0000000084800000| Untracked 
|  73|0x0000000084900000, 0x0000000084900000, 0x0000000084a00000|  0%| F|  |TAMS 0x0000000084900000| PB 0x0000000084900000| Untracked 
|  74|0x0000000084a00000, 0x0000000084a00000, 0x0000000084b00000|  0%| F|  |TAMS 0x0000000084a00000| PB 0x0000000084a00000| Untracked 
|  75|0x0000000084b00000, 0x0000000084b00000, 0x0000000084c00000|  0%| F|  |TAMS 0x0000000084b00000| PB 0x0000000084b00000| Untracked 
|  76|0x0000000084c00000, 0x0000000084c00000, 0x0000000084d00000|  0%| F|  |TAMS 0x0000000084c00000| PB 0x0000000084c00000| Untracked 
|  77|0x0000000084d00000, 0x0000000084de8b08, 0x0000000084e00000| 90%| E|  |TAMS 0x0000000084d00000| PB 0x0000000084d00000| Complete 
|  78|0x0000000084e00000, 0x0000000084f00000, 0x0000000084f00000|100%| E|CS|TAMS 0x0000000084e00000| PB 0x0000000084e00000| Complete 
|  79|0x0000000084f00000, 0x0000000085000000, 0x0000000085000000|100%| E|CS|TAMS 0x0000000084f00000| PB 0x0000000084f00000| Complete 
|  80|0x0000000085000000, 0x0000000085100000, 0x0000000085100000|100%| E|CS|TAMS 0x0000000085000000| PB 0x0000000085000000| Complete 
|  81|0x0000000085100000, 0x0000000085200000, 0x0000000085200000|100%| E|CS|TAMS 0x0000000085100000| PB 0x0000000085100000| Complete 
|  82|0x0000000085200000, 0x0000000085300000, 0x0000000085300000|100%| E|CS|TAMS 0x0000000085200000| PB 0x0000000085200000| Complete 
|  83|0x0000000085300000, 0x0000000085400000, 0x0000000085400000|100%| E|CS|TAMS 0x0000000085300000| PB 0x0000000085300000| Complete 
|  84|0x0000000085400000, 0x0000000085500000, 0x0000000085500000|100%| E|CS|TAMS 0x0000000085400000| PB 0x0000000085400000| Complete 
|  85|0x0000000085500000, 0x0000000085600000, 0x0000000085600000|100%| E|CS|TAMS 0x0000000085500000| PB 0x0000000085500000| Complete 
|  86|0x0000000085600000, 0x0000000085700000, 0x0000000085700000|100%| E|CS|TAMS 0x0000000085600000| PB 0x0000000085600000| Complete 
|  87|0x0000000085700000, 0x0000000085800000, 0x0000000085800000|100%| E|CS|TAMS 0x0000000085700000| PB 0x0000000085700000| Complete 
|  88|0x0000000085800000, 0x0000000085900000, 0x0000000085900000|100%| E|CS|TAMS 0x0000000085800000| PB 0x0000000085800000| Complete 
|  89|0x0000000085900000, 0x0000000085a00000, 0x0000000085a00000|100%| E|CS|TAMS 0x0000000085900000| PB 0x0000000085900000| Complete 
|  90|0x0000000085a00000, 0x0000000085b00000, 0x0000000085b00000|100%| E|CS|TAMS 0x0000000085a00000| PB 0x0000000085a00000| Complete 
|  91|0x0000000085b00000, 0x0000000085c00000, 0x0000000085c00000|100%| E|CS|TAMS 0x0000000085b00000| PB 0x0000000085b00000| Complete 
|  92|0x0000000085c00000, 0x0000000085d00000, 0x0000000085d00000|100%| E|CS|TAMS 0x0000000085c00000| PB 0x0000000085c00000| Complete 
|  93|0x0000000085d00000, 0x0000000085e00000, 0x0000000085e00000|100%| E|CS|TAMS 0x0000000085d00000| PB 0x0000000085d00000| Complete 
|  94|0x0000000085e00000, 0x0000000085f00000, 0x0000000085f00000|100%| E|CS|TAMS 0x0000000085e00000| PB 0x0000000085e00000| Complete 
|  95|0x0000000085f00000, 0x0000000086000000, 0x0000000086000000|100%| E|CS|TAMS 0x0000000085f00000| PB 0x0000000085f00000| Complete 
|  96|0x0000000086000000, 0x0000000086100000, 0x0000000086100000|100%| E|CS|TAMS 0x0000000086000000| PB 0x0000000086000000| Complete 
|  97|0x0000000086100000, 0x0000000086200000, 0x0000000086200000|100%| E|CS|TAMS 0x0000000086100000| PB 0x0000000086100000| Complete 
|  98|0x0000000086200000, 0x0000000086300000, 0x0000000086300000|100%| E|CS|TAMS 0x0000000086200000| PB 0x0000000086200000| Complete 
|  99|0x0000000086300000, 0x0000000086400000, 0x0000000086400000|100%| E|CS|TAMS 0x0000000086300000| PB 0x0000000086300000| Complete 
| 100|0x0000000086400000, 0x0000000086500000, 0x0000000086500000|100%| E|CS|TAMS 0x0000000086400000| PB 0x0000000086400000| Complete 
| 101|0x0000000086500000, 0x0000000086600000, 0x0000000086600000|100%| E|CS|TAMS 0x0000000086500000| PB 0x0000000086500000| Complete 
| 102|0x0000000086600000, 0x0000000086700000, 0x0000000086700000|100%| E|CS|TAMS 0x0000000086600000| PB 0x0000000086600000| Complete 
| 103|0x0000000086700000, 0x0000000086800000, 0x0000000086800000|100%| E|CS|TAMS 0x0000000086700000| PB 0x0000000086700000| Complete 
| 104|0x0000000086800000, 0x0000000086900000, 0x0000000086900000|100%| E|CS|TAMS 0x0000000086800000| PB 0x0000000086800000| Complete 
| 105|0x0000000086900000, 0x0000000086a00000, 0x0000000086a00000|100%| E|CS|TAMS 0x0000000086900000| PB 0x0000000086900000| Complete 
| 106|0x0000000086a00000, 0x0000000086b00000, 0x0000000086b00000|100%| E|CS|TAMS 0x0000000086a00000| PB 0x0000000086a00000| Complete 
| 107|0x0000000086b00000, 0x0000000086c00000, 0x0000000086c00000|100%| E|CS|TAMS 0x0000000086b00000| PB 0x0000000086b00000| Complete 
| 108|0x0000000086c00000, 0x0000000086d00000, 0x0000000086d00000|100%| E|CS|TAMS 0x0000000086c00000| PB 0x0000000086c00000| Complete 
| 109|0x0000000086d00000, 0x0000000086e00000, 0x0000000086e00000|100%| E|CS|TAMS 0x0000000086d00000| PB 0x0000000086d00000| Complete 
| 110|0x0000000086e00000, 0x0000000086f00000, 0x0000000086f00000|100%| E|CS|TAMS 0x0000000086e00000| PB 0x0000000086e00000| Complete 
| 111|0x0000000086f00000, 0x0000000087000000, 0x0000000087000000|100%| E|CS|TAMS 0x0000000086f00000| PB 0x0000000086f00000| Complete 
| 112|0x0000000087000000, 0x0000000087100000, 0x0000000087100000|100%| E|CS|TAMS 0x0000000087000000| PB 0x0000000087000000| Complete 
| 113|0x0000000087100000, 0x0000000087200000, 0x0000000087200000|100%| E|CS|TAMS 0x0000000087100000| PB 0x0000000087100000| Complete 
| 114|0x0000000087200000, 0x0000000087300000, 0x0000000087300000|100%| E|CS|TAMS 0x0000000087200000| PB 0x0000000087200000| Complete 
| 115|0x0000000087300000, 0x0000000087400000, 0x0000000087400000|100%| E|CS|TAMS 0x0000000087300000| PB 0x0000000087300000| Complete 
| 116|0x0000000087400000, 0x0000000087500000, 0x0000000087500000|100%| E|CS|TAMS 0x0000000087400000| PB 0x0000000087400000| Complete 
| 117|0x0000000087500000, 0x0000000087600000, 0x0000000087600000|100%| E|CS|TAMS 0x0000000087500000| PB 0x0000000087500000| Complete 
| 118|0x0000000087600000, 0x0000000087700000, 0x0000000087700000|100%| E|CS|TAMS 0x0000000087600000| PB 0x0000000087600000| Complete 
| 119|0x0000000087700000, 0x0000000087800000, 0x0000000087800000|100%| E|CS|TAMS 0x0000000087700000| PB 0x0000000087700000| Complete 
| 120|0x0000000087800000, 0x0000000087900000, 0x0000000087900000|100%| E|CS|TAMS 0x0000000087800000| PB 0x0000000087800000| Complete 
| 121|0x0000000087900000, 0x0000000087a00000, 0x0000000087a00000|100%| E|CS|TAMS 0x0000000087900000| PB 0x0000000087900000| Complete 
| 122|0x0000000087a00000, 0x0000000087b00000, 0x0000000087b00000|100%| E|CS|TAMS 0x0000000087a00000| PB 0x0000000087a00000| Complete 
| 123|0x0000000087b00000, 0x0000000087c00000, 0x0000000087c00000|100%| E|CS|TAMS 0x0000000087b00000| PB 0x0000000087b00000| Complete 

Card table byte_map: [0x000002cb32170000,0x000002cb32570000] _byte_map_base: 0x000002cb31d70000

Marking Bits: (CMBitMap*) 0x000002cb1cfde5e0
 Bits: [0x000002cb32570000, 0x000002cb34570000)

Polling page: 0x000002cb1d1b0000

Metaspace:

Usage:
  Non-class:     15.44 MB used.
      Class:      2.56 MB used.
       Both:     18.00 MB used.

Virtual space:
  Non-class space:       64.00 MB reserved,      15.75 MB ( 25%) committed,  1 nodes.
      Class space:        1.00 GB reserved,       2.81 MB ( <1%) committed,  1 nodes.
             Both:        1.06 GB reserved,      18.56 MB (  2%) committed. 

Chunk freelists:
   Non-Class:  15.84 MB
       Class:  13.02 MB
        Both:  28.86 MB

MaxMetaspaceSize: unlimited
CompressedClassSpaceSize: 1.00 GB
Initial GC threshold: 21.00 MB
Current GC threshold: 21.00 MB
CDS: on
 - commit_granule_bytes: 65536.
 - commit_granule_words: 8192.
 - virtual_space_node_default_size: 8388608.
 - enlarge_chunks_in_place: 1.
 - use_allocation_guard: 0.


Internal statistics:

num_allocs_failed_limit: 0.
num_arena_births: 722.
num_arena_deaths: 0.
num_vsnodes_births: 2.
num_vsnodes_deaths: 0.
num_space_committed: 297.
num_space_uncommitted: 0.
num_chunks_returned_to_freelist: 0.
num_chunks_taken_from_freelist: 1407.
num_chunk_merges: 0.
num_chunk_splits: 906.
num_chunks_enlarged: 602.
num_inconsistent_stats: 0.

CodeHeap 'non-profiled nmethods': size=120000Kb used=1647Kb max_used=1647Kb free=118352Kb
 bounds [0x000002cb2a500000, 0x000002cb2a770000, 0x000002cb31a30000]
CodeHeap 'profiled nmethods': size=120000Kb used=6294Kb max_used=6294Kb free=113705Kb
 bounds [0x000002cb22a30000, 0x000002cb23060000, 0x000002cb29f60000]
CodeHeap 'non-nmethods': size=5760Kb used=1555Kb max_used=1588Kb free=4204Kb
 bounds [0x000002cb29f60000, 0x000002cb2a1d0000, 0x000002cb2a500000]
CodeCache: size=245760Kb, used=9496Kb, max_used=9529Kb, free=236261Kb
 total_blobs=3733, nmethods=3160, adapters=478, full_count=0
Compilation: enabled, stopped_count=0, restarted_count=0

Compilation events (20 events):
Event: 68.159 Thread 0x000002cb36fee760 nmethod 3150 0x000002cb2304d710 code [0x000002cb2304d8c0, 0x000002cb2304dc48]
Event: 68.180 Thread 0x000002cb36fe8290 3151   !   4       java.net.URLClassLoader::findClass (47 bytes)
Event: 68.213 Thread 0x000002cb36fee760 3152       3       org.gradle.internal.service.DefaultServiceRegistry::access$1700 (6 bytes)
Event: 68.213 Thread 0x000002cb36fee760 nmethod 3152 0x000002cb2304dd10 code [0x000002cb2304dec0, 0x000002cb2304dfd8]
Event: 68.213 Thread 0x000002cb36fee760 3153       3       java.lang.invoke.VarHandleReferences$FieldInstanceReadWrite::set (35 bytes)
Event: 68.214 Thread 0x000002cb36fee760 nmethod 3153 0x000002cb2304e090 code [0x000002cb2304e2c0, 0x000002cb2304ea80]
Event: 68.270 Thread 0x000002cb36fee760 3155       3       java.lang.invoke.LambdaForm$Name::<init> (99 bytes)
Event: 68.270 Thread 0x000002cb36fee760 nmethod 3155 0x000002cb2304ed90 code [0x000002cb2304ef40, 0x000002cb2304f250]
Event: 68.273 Thread 0x000002cb36fee760 3157       3       java.lang.invoke.Invokers::cachedInvoker (7 bytes)
Event: 68.273 Thread 0x000002cb36fee760 nmethod 3157 0x000002cb2304f310 code [0x000002cb2304f4a0, 0x000002cb2304f5d8]
Event: 68.274 Thread 0x000002cb36fee760 3158       3       java.lang.invoke.Invokers::basicInvoker (103 bytes)
Event: 68.276 Thread 0x000002cb36fee760 nmethod 3158 0x000002cb2304f690 code [0x000002cb2304f940, 0x000002cb230502f0]
Event: 68.280 Thread 0x000002cb36fee760 3159       3       java.lang.invoke.MethodType::methodType (44 bytes)
Event: 68.281 Thread 0x000002cb36fee760 nmethod 3159 0x000002cb23050710 code [0x000002cb23050900, 0x000002cb23050da8]
Event: 68.281 Thread 0x000002cb36fee760 3161       3       java.util.ArrayList::clear (43 bytes)
Event: 68.281 Thread 0x000002cb36fee760 nmethod 3161 0x000002cb23050f10 code [0x000002cb230510c0, 0x000002cb23051438]
Event: 68.281 Thread 0x000002cb36fee760 3160       3       java.lang.invoke.LambdaFormEditor::buffer (12 bytes)
Event: 68.281 Thread 0x000002cb36fee760 nmethod 3160 0x000002cb23051590 code [0x000002cb23051740, 0x000002cb230518f8]
Event: 68.295 Thread 0x000002cb36fee760 3162   !   3       java.lang.invoke.LambdaFormEditor::putInCache (523 bytes)
Event: 68.298 Thread 0x000002cb36fee760 nmethod 3162 0x000002cb23051990 code [0x000002cb23051e20, 0x000002cb230548d0]

GC Heap History (6 events):
Event: 14.420 GC heap before
{Heap before GC invocations=0 (full 0):
 garbage-first heap   total 126976K, used 26624K [0x0000000080000000, 0x0000000100000000)
  region size 1024K, 23 young (23552K), 0 survivors (0K)
 Metaspace       used 1131K, committed 1280K, reserved 1114112K
  class space    used 81K, committed 128K, reserved 1048576K
}
Event: 14.667 GC heap after
{Heap after GC invocations=1 (full 0):
 garbage-first heap   total 126976K, used 10176K [0x0000000080000000, 0x0000000100000000)
  region size 1024K, 3 young (3072K), 3 survivors (3072K)
 Metaspace       used 1131K, committed 1280K, reserved 1114112K
  class space    used 81K, committed 128K, reserved 1048576K
}
Event: 30.658 GC heap before
{Heap before GC invocations=1 (full 0):
 garbage-first heap   total 126976K, used 39872K [0x0000000080000000, 0x0000000100000000)
  region size 1024K, 32 young (32768K), 3 survivors (3072K)
 Metaspace       used 4295K, committed 4480K, reserved 1114112K
  class space    used 545K, committed 640K, reserved 1048576K
}
Event: 30.671 GC heap after
{Heap after GC invocations=2 (full 0):
 garbage-first heap   total 126976K, used 12296K [0x0000000080000000, 0x0000000100000000)
  region size 1024K, 2 young (2048K), 2 survivors (2048K)
 Metaspace       used 4295K, committed 4480K, reserved 1114112K
  class space    used 545K, committed 640K, reserved 1048576K
}
Event: 53.649 GC heap before
{Heap before GC invocations=2 (full 0):
 garbage-first heap   total 126976K, used 88072K [0x0000000080000000, 0x0000000100000000)
  region size 1024K, 74 young (75776K), 2 survivors (2048K)
 Metaspace       used 11406K, committed 11712K, reserved 1114112K
  class space    used 1523K, committed 1664K, reserved 1048576K
}
Event: 53.689 GC heap after
{Heap after GC invocations=3 (full 0):
 garbage-first heap   total 126976K, used 21630K [0x0000000080000000, 0x0000000100000000)
  region size 1024K, 10 young (10240K), 10 survivors (10240K)
 Metaspace       used 11406K, committed 11712K, reserved 1114112K
  class space    used 1523K, committed 1664K, reserved 1048576K
}

Dll operation events (20 events):
Event: 3.869 Attempting to load shared library C:\Users\nhlan\.vscode\extensions\redhat.java-1.56.0-win32-x64\jre\21.0.12.1-win32-x86_64\bin\nio.dll
Event: 3.880 Loaded shared library C:\Users\nhlan\.vscode\extensions\redhat.java-1.56.0-win32-x64\jre\21.0.12.1-win32-x86_64\bin\nio.dll
Event: 3.886 Attempting to load shared library C:\Users\nhlan\.vscode\extensions\redhat.java-1.56.0-win32-x64\jre\21.0.12.1-win32-x86_64\bin\zip.dll
Event: 3.886 Loaded shared library C:\Users\nhlan\.vscode\extensions\redhat.java-1.56.0-win32-x64\jre\21.0.12.1-win32-x86_64\bin\zip.dll
Event: 10.160 Attempting to load shared library C:\Users\nhlan\.vscode\extensions\redhat.java-1.56.0-win32-x64\jre\21.0.12.1-win32-x86_64\bin\jimage.dll
Event: 10.160 Loaded shared library C:\Users\nhlan\.vscode\extensions\redhat.java-1.56.0-win32-x64\jre\21.0.12.1-win32-x86_64\bin\jimage.dll
Event: 15.159 Attempting to load shared library C:\Users\nhlan\.vscode\extensions\redhat.java-1.56.0-win32-x64\jre\21.0.12.1-win32-x86_64\bin\verify.dll
Event: 15.232 Loaded shared library C:\Users\nhlan\.vscode\extensions\redhat.java-1.56.0-win32-x64\jre\21.0.12.1-win32-x86_64\bin\verify.dll
Event: 19.638 Attempting to load shared library C:\Users\nhlan\.gradle\native\c067742578af261105cb4f569cf0c3c89f3d7b1fecec35dd04571415982c5e48\windows-amd64\native-platform.dll
Event: 19.690 Loaded shared library C:\Users\nhlan\.gradle\native\c067742578af261105cb4f569cf0c3c89f3d7b1fecec35dd04571415982c5e48\windows-amd64\native-platform.dll
Event: 19.997 Attempting to load shared library C:\Users\nhlan\.gradle\native\100fb08df4bc3b14c8652ba06237920a3bd2aa13389f12d3474272988ae205f9\windows-amd64\native-platform-file-events.dll
Event: 20.045 Loaded shared library C:\Users\nhlan\.gradle\native\100fb08df4bc3b14c8652ba06237920a3bd2aa13389f12d3474272988ae205f9\windows-amd64\native-platform-file-events.dll
Event: 41.607 Attempting to load shared library C:\Users\nhlan\.vscode\extensions\redhat.java-1.56.0-win32-x64\jre\21.0.12.1-win32-x86_64\bin\management.dll
Event: 41.849 Loaded shared library C:\Users\nhlan\.vscode\extensions\redhat.java-1.56.0-win32-x64\jre\21.0.12.1-win32-x86_64\bin\management.dll
Event: 42.109 Attempting to load shared library C:\Users\nhlan\.vscode\extensions\redhat.java-1.56.0-win32-x64\jre\21.0.12.1-win32-x86_64\bin\management_ext.dll
Event: 42.378 Loaded shared library C:\Users\nhlan\.vscode\extensions\redhat.java-1.56.0-win32-x64\jre\21.0.12.1-win32-x86_64\bin\management_ext.dll
Event: 46.320 Attempting to load shared library C:\Users\nhlan\.vscode\extensions\redhat.java-1.56.0-win32-x64\jre\21.0.12.1-win32-x86_64\bin\extnet.dll
Event: 46.321 Loaded shared library C:\Users\nhlan\.vscode\extensions\redhat.java-1.56.0-win32-x64\jre\21.0.12.1-win32-x86_64\bin\extnet.dll
Event: 47.380 Attempting to load shared library C:\Users\nhlan\.vscode\extensions\redhat.java-1.56.0-win32-x64\jre\21.0.12.1-win32-x86_64\bin\sunmscapi.dll
Event: 47.383 Loaded shared library C:\Users\nhlan\.vscode\extensions\redhat.java-1.56.0-win32-x64\jre\21.0.12.1-win32-x86_64\bin\sunmscapi.dll

Deoptimization events (20 events):
Event: 55.060 Thread 0x000002cb7cf011f0 DEOPT PACKING pc=0x000002cb2a58f120 sp=0x000000f1f9ffbeb0
Event: 55.060 Thread 0x000002cb7cf011f0 DEOPT UNPACKING pc=0x000002cb29fb7ba2 sp=0x000000f1f9ffbe18 mode 2
Event: 55.116 Thread 0x000002cb7cf011f0 Uncommon trap: trap_request=0xffffffcc fr.pc=0x000002cb2a639f9c relative=0x000000000000035c
Event: 55.116 Thread 0x000002cb7cf011f0 Uncommon trap: reason=intrinsic_or_type_checked_inlining action=make_not_entrant pc=0x000002cb2a639f9c method=java.util.Arrays.copyOf([Ljava/lang/Object;ILjava/lang/Class;)[Ljava/lang/Object; @ 35 c2
Event: 55.116 Thread 0x000002cb7cf011f0 DEOPT PACKING pc=0x000002cb2a639f9c sp=0x000000f1f9ffcae0
Event: 55.116 Thread 0x000002cb7cf011f0 DEOPT UNPACKING pc=0x000002cb29fb7ba2 sp=0x000000f1f9ffca70 mode 2
Event: 58.611 Thread 0x000002cb7cf011f0 DEOPT PACKING pc=0x000002cb22b097d9 sp=0x000000f1f9ffad10
Event: 58.611 Thread 0x000002cb7cf011f0 DEOPT UNPACKING pc=0x000002cb29fb86e2 sp=0x000000f1f9ffa1a8 mode 0
Event: 59.643 Thread 0x000002cb7cf011f0 Uncommon trap: trap_request=0xffffff45 fr.pc=0x000002cb2a528510 relative=0x0000000000000e10
Event: 59.643 Thread 0x000002cb7cf011f0 Uncommon trap: reason=unstable_if action=reinterpret pc=0x000002cb2a528510 method=java.io.WinNTFileSystem.resolve(Ljava/lang/String;Ljava/lang/String;)Ljava/lang/String; @ 19 c2
Event: 59.643 Thread 0x000002cb7cf011f0 DEOPT PACKING pc=0x000002cb2a528510 sp=0x000000f1f9ffbb40
Event: 59.643 Thread 0x000002cb7cf011f0 DEOPT UNPACKING pc=0x000002cb29fb7ba2 sp=0x000000f1f9ffbad8 mode 2
Event: 59.671 Thread 0x000002cb7cf011f0 Uncommon trap: trap_request=0xffffff45 fr.pc=0x000002cb2a598364 relative=0x0000000000000684
Event: 59.671 Thread 0x000002cb7cf011f0 Uncommon trap: reason=unstable_if action=reinterpret pc=0x000002cb2a598364 method=java.io.File.getName()Ljava/lang/String; @ 16 c2
Event: 59.671 Thread 0x000002cb7cf011f0 DEOPT PACKING pc=0x000002cb2a598364 sp=0x000000f1f9ffbb00
Event: 59.671 Thread 0x000002cb7cf011f0 DEOPT UNPACKING pc=0x000002cb29fb7ba2 sp=0x000000f1f9ffbad0 mode 2
Event: 60.557 Thread 0x000002cb7cf011f0 Uncommon trap: trap_request=0xffffff45 fr.pc=0x000002cb2a52d494 relative=0x00000000000000f4
Event: 60.557 Thread 0x000002cb7cf011f0 Uncommon trap: reason=unstable_if action=reinterpret pc=0x000002cb2a52d494 method=java.util.HashMap.hash(Ljava/lang/Object;)I @ 1 c2
Event: 60.558 Thread 0x000002cb7cf011f0 DEOPT PACKING pc=0x000002cb2a52d494 sp=0x000000f1f9ffc920
Event: 60.558 Thread 0x000002cb7cf011f0 DEOPT UNPACKING pc=0x000002cb29fb7ba2 sp=0x000000f1f9ffc860 mode 2

Classes loaded (20 events):
Event: 62.134 Loading class java/lang/invoke/BoundMethodHandle$Species_LLLLLLLLLLLLLLLLL
Event: 62.134 Loading class java/lang/invoke/BoundMethodHandle$Species_LLLLLLLLLLLLLLLLL done
Event: 62.702 Loading class java/lang/invoke/BoundMethodHandle$Species_LLLLLLLLLLLLLLLLLL
Event: 62.702 Loading class java/lang/invoke/BoundMethodHandle$Species_LLLLLLLLLLLLLLLLLL done
Event: 62.742 Loading class java/lang/invoke/BoundMethodHandle$Species_LLLLLLLLLLLLLLLLLLL
Event: 62.742 Loading class java/lang/invoke/BoundMethodHandle$Species_LLLLLLLLLLLLLLLLLLL done
Event: 62.747 Loading class java/lang/invoke/BoundMethodHandle$Species_LLLLLLLLLLLLLLLLLLLL
Event: 62.747 Loading class java/lang/invoke/BoundMethodHandle$Species_LLLLLLLLLLLLLLLLLLLL done
Event: 62.755 Loading class java/lang/invoke/BoundMethodHandle$Species_LLLLLLLLLLLLLLLLLLLLL
Event: 62.755 Loading class java/lang/invoke/BoundMethodHandle$Species_LLLLLLLLLLLLLLLLLLLLL done
Event: 62.760 Loading class java/lang/invoke/BoundMethodHandle$Species_LLLLLLLLLLLLLLLLLLLLLL
Event: 62.760 Loading class java/lang/invoke/BoundMethodHandle$Species_LLLLLLLLLLLLLLLLLLLLLL done
Event: 62.776 Loading class java/lang/invoke/BoundMethodHandle$Species_LLLLLLLLLLLLLLLLLLLLLLL
Event: 62.776 Loading class java/lang/invoke/BoundMethodHandle$Species_LLLLLLLLLLLLLLLLLLLLLLL done
Event: 65.306 Loading class java/util/function/LongFunction
Event: 65.306 Loading class java/util/function/LongFunction done
Event: 65.615 Loading class java/security/InvalidKeyException
Event: 65.615 Loading class java/security/KeyException
Event: 65.616 Loading class java/security/KeyException done
Event: 65.616 Loading class java/security/InvalidKeyException done

Classes unloaded (0 events):
No events

Classes redefined (0 events):
No events

Internal exceptions (20 events):
Event: 60.249 Thread 0x000002cb7cf011f0 Exception <a 'java/lang/NoSuchMethodError'{0x0000000085c665b0}: 'int java.lang.invoke.DirectMethodHandle$Holder.invokeSpecialIFC(java.lang.Object, java.lang.Object, java.lang.Object, java.lang.Object)'> (0x0000000085c665b0) 
thrown [s\src\hotspot\share\interpreter\linkResolver.cpp, line 773]
Event: 60.251 Thread 0x000002cb7cf011f0 Exception <a 'java/lang/NoSuchMethodError'{0x0000000085c73a48}: 'java.lang.Object java.lang.invoke.DirectMethodHandle$Holder.invokeInterface(java.lang.Object, java.lang.Object, java.lang.Object)'> (0x0000000085c73a48) 
thrown [s\src\hotspot\share\interpreter\linkResolver.cpp, line 773]
Event: 60.252 Thread 0x000002cb7cf011f0 Exception <a 'java/lang/IncompatibleClassChangeError'{0x0000000085c776f8}: Found class java.lang.Object, but interface was expected> (0x0000000085c776f8) 
thrown [s\src\hotspot\share\interpreter\linkResolver.cpp, line 840]
Event: 60.557 Thread 0x000002cb7cf011f0 Implicit null exception at 0x000002cb2a52d3e6 to 0x000002cb2a52d48a
Event: 60.639 Thread 0x000002cb7cf011f0 Exception <a 'java/lang/NoSuchMethodError'{0x0000000085a78b88}: 'int java.lang.invoke.DirectMethodHandle$Holder.invokeStatic(java.lang.Object, java.lang.Object, java.lang.Object, java.lang.Object)'> (0x0000000085a78b88) 
thrown [s\src\hotspot\share\interpreter\linkResolver.cpp, line 773]
Event: 61.780 Thread 0x000002cb7cf011f0 Exception <a 'java/lang/NoSuchMethodError'{0x000000008582ff68}: 'java.lang.Object java.lang.invoke.DelegatingMethodHandle$Holder.reinvoke_L(java.lang.Object, java.lang.Object, java.lang.Object, java.lang.Object, java.lang.Object, java.lang.Object, java.lang.Object, java.lang.Object, java.lang.Object, java.lang.Object, java.lang.Object, java.lang.Object, java.lang.Object, java.lang.Object, java.lang.Object, java.lang.Object, java.lang.Object, java.lang.Object, java.lang.Object, java.lang.Object, java.lang.O
Event: 61.814 Thread 0x000002cb7cf011f0 Exception <a 'java/lang/NoSuchMethodError'{0x000000008589e040}: 'java.lang.Object java.lang.invoke.DirectMethodHandle$Holder.invokeStatic(java.lang.Object, java.lang.Object, java.lang.Object, java.lang.Object, java.lang.Object, java.lang.Object, java.lang.Object, java.lang.Object, java.lang.Object, java.lang.Object, java.lang.Object, java.lang.Object, java.lang.Object, java.lang.Object, java.lang.Object, java.lang.Object, java.lang.Object)'> (0x000000008589e040) 
thrown [s\src\hotspot\share\interpreter\lin
Event: 62.102 Thread 0x000002cb7cf011f0 Exception <a 'java/lang/NoSuchMethodError'{0x00000000858c7348}: 'java.lang.Object java.lang.invoke.DirectMethodHandle$Holder.invokeStatic(java.lang.Object, java.lang.Object, java.lang.Object, java.lang.Object, java.lang.Object, java.lang.Object, java.lang.Object, java.lang.Object, java.lang.Object, java.lang.Object, java.lang.Object, java.lang.Object, java.lang.Object, java.lang.Object, java.lang.Object, java.lang.Object, java.lang.Object, java.lang.Object)'> (0x00000000858c7348) 
thrown [s\src\hotspot\sha
Event: 62.133 Thread 0x000002cb7cf011f0 Exception <a 'java/lang/NoSuchMethodError'{0x00000000858f1650}: 'java.lang.Object java.lang.invoke.DirectMethodHandle$Holder.invokeStatic(java.lang.Object, java.lang.Object, java.lang.Object, java.lang.Object, java.lang.Object, java.lang.Object, java.lang.Object, java.lang.Object, java.lang.Object, java.lang.Object, java.lang.Object, java.lang.Object, java.lang.Object, java.lang.Object, java.lang.Object, java.lang.Object, java.lang.Object, java.lang.Object, java.lang.Object)'> (0x00000000858f1650) 
thrown 
Event: 62.143 Thread 0x000002cb7cf011f0 Exception <a 'java/lang/NoSuchMethodError'{0x000000008571cdb0}: 'java.lang.Object java.lang.invoke.DirectMethodHandle$Holder.invokeStatic(java.lang.Object, java.lang.Object, java.lang.Object, java.lang.Object, java.lang.Object, java.lang.Object, java.lang.Object, java.lang.Object, java.lang.Object, java.lang.Object, java.lang.Object, java.lang.Object, java.lang.Object, java.lang.Object, java.lang.Object, java.lang.Object, java.lang.Object, java.lang.Object, java.lang.Object, java.lang.Object)'> (0x00000000
Event: 62.740 Thread 0x000002cb7cf011f0 Exception <a 'java/lang/NoSuchMethodError'{0x00000000857493b0}: 'java.lang.Object java.lang.invoke.DirectMethodHandle$Holder.invokeStatic(java.lang.Object, java.lang.Object, java.lang.Object, java.lang.Object, java.lang.Object, java.lang.Object, java.lang.Object, java.lang.Object, java.lang.Object, java.lang.Object, java.lang.Object, java.lang.Object, java.lang.Object, java.lang.Object, java.lang.Object, java.lang.Object, java.lang.Object, java.lang.Object, java.lang.Object, java.lang.Object, java.lang.Obj
Event: 62.743 Thread 0x000002cb7cf011f0 Exception <a 'java/lang/NoSuchMethodError'{0x0000000085776920}: 'java.lang.Object java.lang.invoke.DirectMethodHandle$Holder.invokeStatic(java.lang.Object, java.lang.Object, java.lang.Object, java.lang.Object, java.lang.Object, java.lang.Object, java.lang.Object, java.lang.Object, java.lang.Object, java.lang.Object, java.lang.Object, java.lang.Object, java.lang.Object, java.lang.Object, java.lang.Object, java.lang.Object, java.lang.Object, java.lang.Object, java.lang.Object, java.lang.Object, java.lang.Obj
Event: 62.752 Thread 0x000002cb7cf011f0 Exception <a 'java/lang/NoSuchMethodError'{0x00000000857aa670}: 'java.lang.Object java.lang.invoke.DirectMethodHandle$Holder.invokeStatic(java.lang.Object, java.lang.Object, java.lang.Object, java.lang.Object, java.lang.Object, java.lang.Object, java.lang.Object, java.lang.Object, java.lang.Object, java.lang.Object, java.lang.Object, java.lang.Object, java.lang.Object, java.lang.Object, java.lang.Object, java.lang.Object, java.lang.Object, java.lang.Object, java.lang.Object, java.lang.Object, java.lang.Obj
Event: 62.758 Thread 0x000002cb7cf011f0 Exception <a 'java/lang/NoSuchMethodError'{0x00000000857d95f8}: 'java.lang.Object java.lang.invoke.DirectMethodHandle$Holder.invokeStatic(java.lang.Object, java.lang.Object, java.lang.Object, java.lang.Object, java.lang.Object, java.lang.Object, java.lang.Object, java.lang.Object, java.lang.Object, java.lang.Object, java.lang.Object, java.lang.Object, java.lang.Object, java.lang.Object, java.lang.Object, java.lang.Object, java.lang.Object, java.lang.Object, java.lang.Object, java.lang.Object, java.lang.Obj
Event: 62.766 Thread 0x000002cb7cf011f0 Exception <a 'java/lang/NoSuchMethodError'{0x0000000085609798}: 'java.lang.Object java.lang.invoke.DirectMethodHandle$Holder.invokeStatic(java.lang.Object, java.lang.Object, java.lang.Object, java.lang.Object, java.lang.Object, java.lang.Object, java.lang.Object, java.lang.Object, java.lang.Object, java.lang.Object, java.lang.Object, java.lang.Object, java.lang.Object, java.lang.Object, java.lang.Object, java.lang.Object, java.lang.Object, java.lang.Object, java.lang.Object, java.lang.Object, java.lang.Obj
Event: 62.779 Thread 0x000002cb7cf011f0 Exception <a 'java/lang/NoSuchMethodError'{0x000000008563a970}: 'java.lang.Object java.lang.invoke.DirectMethodHandle$Holder.invokeStatic(java.lang.Object, java.lang.Object, java.lang.Object, java.lang.Object, java.lang.Object, java.lang.Object, java.lang.Object, java.lang.Object, java.lang.Object, java.lang.Object, java.lang.Object, java.lang.Object, java.lang.Object, java.lang.Object, java.lang.Object, java.lang.Object, java.lang.Object, java.lang.Object, java.lang.Object, java.lang.Object, java.lang.Obj
Event: 68.159 Thread 0x000002cb7cf011f0 Exception <a 'java/lang/IncompatibleClassChangeError'{0x0000000084eac1d0}: Found class java.lang.Object, but interface was expected> (0x0000000084eac1d0) 
thrown [s\src\hotspot\share\interpreter\linkResolver.cpp, line 840]
Event: 68.269 Thread 0x000002cb7cf011f0 Exception <a 'java/lang/NoSuchMethodError'{0x0000000084ee0818}: 'java.lang.Object java.lang.invoke.DirectMethodHandle$Holder.newInvokeSpecial(java.lang.Object, java.lang.Object, java.lang.Object, java.lang.Object, java.lang.Object, java.lang.Object, java.lang.Object, java.lang.Object, java.lang.Object, java.lang.Object, java.lang.Object, java.lang.Object, java.lang.Object)'> (0x0000000084ee0818) 
thrown [s\src\hotspot\share\interpreter\linkResolver.cpp, line 773]
Event: 68.270 Thread 0x000002cb7cf011f0 Exception <a 'java/lang/NoSuchMethodError'{0x0000000084ee5cf8}: 'java.lang.Object java.lang.invoke.DirectMethodHandle$Holder.invokeSpecial(java.lang.Object, java.lang.Object, java.lang.Object, java.lang.Object, java.lang.Object, java.lang.Object, java.lang.Object, java.lang.Object, java.lang.Object, java.lang.Object, java.lang.Object, java.lang.Object, java.lang.Object, java.lang.Object)'> (0x0000000084ee5cf8) 
thrown [s\src\hotspot\share\interpreter\linkResolver.cpp, line 773]
Event: 68.271 Thread 0x000002cb7cf011f0 Exception <a 'java/lang/NoSuchMethodError'{0x0000000084eea740}: 'java.lang.Object java.lang.invoke.DelegatingMethodHandle$Holder.reinvoke_L(java.lang.Object, java.lang.Object, java.lang.Object, java.lang.Object, java.lang.Object, java.lang.Object, java.lang.Object, java.lang.Object, java.lang.Object, java.lang.Object, java.lang.Object, java.lang.Object, java.lang.Object)'> (0x0000000084eea740) 
thrown [s\src\hotspot\share\interpreter\linkResolver.cpp, line 773]

ZGC Phase Switch (0 events):
No events

VM Operations (20 events):
Event: 59.067 Executing safepoint VM operation: Cleanup
Event: 59.083 Executing safepoint VM operation: Cleanup done
Event: 60.086 Executing safepoint VM operation: Cleanup
Event: 60.211 Executing safepoint VM operation: Cleanup done
Event: 60.469 Executing non-safepoint VM operation: HandshakeAllThreads (HandshakeForDeflation)
Event: 60.469 Executing non-safepoint VM operation: HandshakeAllThreads (HandshakeForDeflation) done
Event: 60.469 Executing non-safepoint VM operation: RendezvousGCThreads
Event: 60.469 Executing non-safepoint VM operation: RendezvousGCThreads done
Event: 61.475 Executing safepoint VM operation: Cleanup
Event: 61.537 Executing safepoint VM operation: Cleanup done
Event: 62.551 Executing safepoint VM operation: Cleanup
Event: 62.692 Executing safepoint VM operation: Cleanup done
Event: 63.707 Executing safepoint VM operation: Cleanup
Event: 63.707 Executing safepoint VM operation: Cleanup done
Event: 64.716 Executing safepoint VM operation: Cleanup
Event: 64.824 Executing safepoint VM operation: Cleanup done
Event: 65.836 Executing safepoint VM operation: Cleanup
Event: 65.867 Executing safepoint VM operation: Cleanup done
Event: 67.880 Executing safepoint VM operation: Cleanup
Event: 68.113 Executing safepoint VM operation: Cleanup done

Memory protections (0 events):
No events

Nmethod flushes (0 events):
No events

Events (20 events):
Event: 53.736 Thread 0x000002cb7c474030 Thread added: 0x000002cb7c477b40
Event: 53.738 Thread 0x000002cb7ccf02e0 Thread added: 0x000002cb7c478ef0
Event: 53.740 Thread 0x000002cb7cceef30 Thread added: 0x000002cb7e462da0
Event: 53.746 Thread 0x000002cb7c476790 Thread exited: 0x000002cb7c476790
Event: 53.749 Thread 0x000002cb7c4781d0 Thread exited: 0x000002cb7c4781d0
Event: 53.749 Thread 0x000002cb7c478860 Thread exited: 0x000002cb7c478860
Event: 53.750 Thread 0x000002cb7c4725f0 Thread exited: 0x000002cb7c4725f0
Event: 53.750 Thread 0x000002cb7c471f60 Thread exited: 0x000002cb7c471f60
Event: 53.752 Thread 0x000002cb7c4774b0 Thread exited: 0x000002cb7c4774b0
Event: 53.753 Thread 0x000002cb7c474d50 Thread exited: 0x000002cb7c474d50
Event: 53.755 Thread 0x000002cb7c476100 Thread exited: 0x000002cb7c476100
Event: 53.780 Thread 0x000002cb7c4753e0 Thread exited: 0x000002cb7c4753e0
Event: 53.784 Thread 0x000002cb7e462da0 Thread exited: 0x000002cb7e462da0
Event: 53.785 Thread 0x000002cb7c475a70 Thread exited: 0x000002cb7c475a70
Event: 53.788 Thread 0x000002cb7c477b40 Thread exited: 0x000002cb7c477b40
Event: 53.861 Thread 0x000002cb7c478ef0 Thread exited: 0x000002cb7c478ef0
Event: 58.090 Thread 0x000002cb7cf011f0 Thread added: 0x000002cb7c4753e0
Event: 58.427 Thread 0x000002cb7cf011f0 Thread added: 0x000002cb7c472c80
Event: 58.635 Thread 0x000002cb7cf011f0 Thread added: 0x000002cb7c474d50
Event: 60.212 Thread 0x000002cb7c472c80 Thread added: 0x000002cb7c471f60


Dynamic libraries:
0x00007ff62f870000 - 0x00007ff62f87e000 	C:\Users\nhlan\.vscode\extensions\redhat.java-1.56.0-win32-x64\jre\21.0.12.1-win32-x86_64\bin\java.exe
0x00007fffa7220000 - 0x00007fffa7487000 	C:\WINDOWS\SYSTEM32\ntdll.dll
0x00007fffa6650000 - 0x00007fffa671b000 	C:\WINDOWS\System32\KERNEL32.DLL
0x00007fffa49d0000 - 0x00007fffa4dd2000 	C:\WINDOWS\System32\KERNELBASE.dll
0x00007fffa4420000 - 0x00007fffa456c000 	C:\WINDOWS\System32\ucrtbase.dll
0x00007fff9ef20000 - 0x00007fff9ef38000 	C:\Users\nhlan\.vscode\extensions\redhat.java-1.56.0-win32-x64\jre\21.0.12.1-win32-x86_64\bin\jli.dll
0x00007fffa6ab0000 - 0x00007fffa6c7f000 	C:\WINDOWS\System32\USER32.dll
0x00007fffa4de0000 - 0x00007fffa4e07000 	C:\WINDOWS\System32\win32u.dll
0x00007fffa71b0000 - 0x00007fffa71db000 	C:\WINDOWS\System32\GDI32.dll
0x00007fffa4e10000 - 0x00007fffa4f39000 	C:\WINDOWS\System32\gdi32full.dll
0x00007fffa4580000 - 0x00007fffa4623000 	C:\WINDOWS\System32\msvcp_win.dll
0x00007fff9ec50000 - 0x00007fff9ec6e000 	C:\Users\nhlan\.vscode\extensions\redhat.java-1.56.0-win32-x64\jre\21.0.12.1-win32-x86_64\bin\VCRUNTIME140.dll
0x00007fff8b470000 - 0x00007fff8b700000 	C:\WINDOWS\WinSxS\amd64_microsoft.windows.common-controls_6595b64144ccf1df_6.0.26100.9278_none_3e0d1ba8e3303201\COMCTL32.dll
0x00007fffa6980000 - 0x00007fffa6a29000 	C:\WINDOWS\System32\msvcrt.dll
0x00007fffa4f40000 - 0x00007fffa4f71000 	C:\WINDOWS\System32\IMM32.DLL
0x00007fff814d0000 - 0x00007fff815c2000 	C:\Program Files\Windhawk\Engine\1.7.3\64\windhawk.dll
0x00007fffa5d70000 - 0x00007fffa5e2c000 	C:\WINDOWS\System32\ADVAPI32.dll
0x00007fffa58f0000 - 0x00007fffa5999000 	C:\WINDOWS\System32\sechost.dll
0x00007fffa6760000 - 0x00007fffa6878000 	C:\WINDOWS\System32\RPCRT4.dll
0x00007fff81910000 - 0x00007fff81938000 	C:\ProgramData\Windhawk\Engine\Mods\64\explorer-details-better-file-sizes_1.4.11_675263.dll
0x00007fffa5570000 - 0x00007fffa570a000 	C:\WINDOWS\System32\ole32.dll
0x00007fffa59a0000 - 0x00007fffa5d25000 	C:\WINDOWS\System32\combase.dll
0x00007fffa5270000 - 0x00007fffa5349000 	C:\WINDOWS\System32\OLEAUT32.dll
0x00007fffa5ea0000 - 0x00007fffa6638000 	C:\WINDOWS\System32\SHELL32.dll
0x00007fff9c3e0000 - 0x00007fff9c4d5000 	C:\WINDOWS\SYSTEM32\PROPSYS.dll
0x00007fff81170000 - 0x00007fff81319000 	C:\ProgramData\Windhawk\Engine\Mods\64\libc++.whl
0x00007fff81320000 - 0x00007fff8135a000 	C:\ProgramData\Windhawk\Engine\Mods\64\libunwind.whl
0x00007fff9fa40000 - 0x00007fff9fa4c000 	C:\Users\nhlan\.vscode\extensions\redhat.java-1.56.0-win32-x64\jre\21.0.12.1-win32-x86_64\bin\vcruntime140_1.dll
0x00007fff70010000 - 0x00007fff7009d000 	C:\Users\nhlan\.vscode\extensions\redhat.java-1.56.0-win32-x64\jre\21.0.12.1-win32-x86_64\bin\msvcp140.dll
0x00007ffef3e00000 - 0x00007ffef4ba2000 	C:\Users\nhlan\.vscode\extensions\redhat.java-1.56.0-win32-x64\jre\21.0.12.1-win32-x86_64\bin\server\jvm.dll
0x00007fffa51e0000 - 0x00007fffa5260000 	C:\WINDOWS\System32\WS2_32.dll
0x00007fffa4280000 - 0x00007fffa42de000 	C:\WINDOWS\SYSTEM32\POWRPROF.dll
0x00007fff98d50000 - 0x00007fff98d86000 	C:\WINDOWS\SYSTEM32\WINMM.dll
0x00007fff98600000 - 0x00007fff9860b000 	C:\WINDOWS\SYSTEM32\VERSION.dll
0x00007fffa4260000 - 0x00007fffa4275000 	C:\WINDOWS\SYSTEM32\UMPDC.dll
0x00007fffa30f0000 - 0x00007fffa310b000 	C:\WINDOWS\SYSTEM32\kernel.appcore.dll
0x00007fff9f610000 - 0x00007fff9f61a000 	C:\Users\nhlan\.vscode\extensions\redhat.java-1.56.0-win32-x64\jre\21.0.12.1-win32-x86_64\bin\jimage.dll
0x00007fffa15f0000 - 0x00007fffa183c000 	C:\WINDOWS\SYSTEM32\DBGHELP.DLL
0x00007fff88780000 - 0x00007fff887bb000 	C:\WINDOWS\SYSTEM32\dbgcore.DLL
0x00007fffa4850000 - 0x00007fffa48fc000 	C:\WINDOWS\System32\bcryptPrimitives.dll
0x00007fff9f5b0000 - 0x00007fff9f5bf000 	C:\Users\nhlan\.vscode\extensions\redhat.java-1.56.0-win32-x64\jre\21.0.12.1-win32-x86_64\bin\instrument.dll
0x00007fff9eb70000 - 0x00007fff9eb90000 	C:\Users\nhlan\.vscode\extensions\redhat.java-1.56.0-win32-x64\jre\21.0.12.1-win32-x86_64\bin\java.dll
0x00007fffa1e50000 - 0x00007fffa26fe000 	C:\WINDOWS\SYSTEM32\windows.storage.dll
0x00007fffa5090000 - 0x00007fffa518b000 	C:\WINDOWS\System32\SHCORE.dll
0x00007fffa6a30000 - 0x00007fffa6a96000 	C:\WINDOWS\System32\shlwapi.dll
0x00007fffa4340000 - 0x00007fffa4369000 	C:\WINDOWS\SYSTEM32\profapi.dll
0x00007fff9e740000 - 0x00007fff9e758000 	C:\Users\nhlan\.vscode\extensions\redhat.java-1.56.0-win32-x64\jre\21.0.12.1-win32-x86_64\bin\zip.dll
0x00007fff9f5e0000 - 0x00007fff9f5f0000 	C:\Users\nhlan\.vscode\extensions\redhat.java-1.56.0-win32-x64\jre\21.0.12.1-win32-x86_64\bin\net.dll
0x00007fff98670000 - 0x00007fff9879a000 	C:\WINDOWS\SYSTEM32\WINHTTP.dll
0x00007fffa36b0000 - 0x00007fffa371c000 	C:\WINDOWS\system32\mswsock.dll
0x00007fff9da60000 - 0x00007fff9da76000 	C:\Users\nhlan\.vscode\extensions\redhat.java-1.56.0-win32-x64\jre\21.0.12.1-win32-x86_64\bin\nio.dll
0x00007fff9f330000 - 0x00007fff9f340000 	C:\Users\nhlan\.vscode\extensions\redhat.java-1.56.0-win32-x64\jre\21.0.12.1-win32-x86_64\bin\verify.dll
0x00007fff7fb50000 - 0x00007fff7fb77000 	C:\Users\nhlan\.gradle\native\c067742578af261105cb4f569cf0c3c89f3d7b1fecec35dd04571415982c5e48\windows-amd64\native-platform.dll
0x00007fff1fb20000 - 0x00007fff1fc64000 	C:\Users\nhlan\.gradle\native\100fb08df4bc3b14c8652ba06237920a3bd2aa13389f12d3474272988ae205f9\windows-amd64\native-platform-file-events.dll
0x00007fff9ee60000 - 0x00007fff9ee6a000 	C:\Users\nhlan\.vscode\extensions\redhat.java-1.56.0-win32-x64\jre\21.0.12.1-win32-x86_64\bin\management.dll
0x00007fff9ed80000 - 0x00007fff9ed8c000 	C:\Users\nhlan\.vscode\extensions\redhat.java-1.56.0-win32-x64\jre\21.0.12.1-win32-x86_64\bin\management_ext.dll
0x00007fffa6640000 - 0x00007fffa6648000 	C:\WINDOWS\System32\PSAPI.DLL
0x00007fffa39a0000 - 0x00007fffa39bb000 	C:\WINDOWS\SYSTEM32\CRYPTSP.dll
0x00007fffa3050000 - 0x00007fffa3089000 	C:\WINDOWS\system32\rsaenh.dll
0x00007fffa3760000 - 0x00007fffa3794000 	C:\WINDOWS\SYSTEM32\USERENV.dll
0x00007fffa4310000 - 0x00007fffa433a000 	C:\WINDOWS\SYSTEM32\bcrypt.dll
0x00007fffa39c0000 - 0x00007fffa39cc000 	C:\WINDOWS\SYSTEM32\CRYPTBASE.dll
0x00007fffa2b30000 - 0x00007fffa2b63000 	C:\WINDOWS\SYSTEM32\IPHLPAPI.DLL
0x00007fffa6aa0000 - 0x00007fffa6aaa000 	C:\WINDOWS\System32\NSI.dll
0x00007fff9e8d0000 - 0x00007fff9e8d9000 	C:\Users\nhlan\.vscode\extensions\redhat.java-1.56.0-win32-x64\jre\21.0.12.1-win32-x86_64\bin\extnet.dll
0x00007fff9ea40000 - 0x00007fff9ea4e000 	C:\Users\nhlan\.vscode\extensions\redhat.java-1.56.0-win32-x64\jre\21.0.12.1-win32-x86_64\bin\sunmscapi.dll
0x00007fffa4630000 - 0x00007fffa47ae000 	C:\WINDOWS\System32\CRYPT32.dll
0x00007fffa3be0000 - 0x00007fffa3c10000 	C:\WINDOWS\SYSTEM32\ncrypt.dll
0x00007fffa3b90000 - 0x00007fffa3bcf000 	C:\WINDOWS\SYSTEM32\NTASN1.dll
0x00007fff7e6f0000 - 0x00007fff7e6f8000 	C:\WINDOWS\system32\wshunix.dll

JVMTI agents:
C:\Users\nhlan\.gradle\wrapper\dists\gradle-8.9-bin\90cnw93cvbtalezasaz0blq0a\gradle-8.9\lib\agents\gradle-instrumentation-agent-8.9.jar path:C:\Users\nhlan\.vscode\extensions\redhat.java-1.56.0-win32-x64\jre\21.0.12.1-win32-x86_64\bin\instrument.dll, loaded, initialized, instrumentlib options:none

dbghelp: loaded successfully - version: 4.0.5 - missing functions: none
symbol engine: initialized successfully - sym options: 0x614 - pdb path: .;C:\Users\nhlan\.vscode\extensions\redhat.java-1.56.0-win32-x64\jre\21.0.12.1-win32-x86_64\bin;C:\WINDOWS\SYSTEM32;C:\WINDOWS\WinSxS\amd64_microsoft.windows.common-controls_6595b64144ccf1df_6.0.26100.9278_none_3e0d1ba8e3303201;C:\Program Files\Windhawk\Engine\1.7.3\64;C:\ProgramData\Windhawk\Engine\Mods\64;C:\Users\nhlan\.vscode\extensions\redhat.java-1.56.0-win32-x64\jre\21.0.12.1-win32-x86_64\bin\server;C:\Users\nhlan\.gradle\native\c067742578af261105cb4f569cf0c3c89f3d7b1fecec35dd04571415982c5e48\windows-amd64;C:\Users\nhlan\.gradle\native\100fb08df4bc3b14c8652ba06237920a3bd2aa13389f12d3474272988ae205f9\windows-amd64

VM Arguments:
jvm_args: --add-opens=java.base/java.util=ALL-UNNAMED --add-opens=java.base/java.lang=ALL-UNNAMED --add-opens=java.base/java.lang.invoke=ALL-UNNAMED --add-opens=java.prefs/java.util.prefs=ALL-UNNAMED --add-exports=jdk.compiler/com.sun.tools.javac.api=ALL-UNNAMED --add-exports=jdk.compiler/com.sun.tools.javac.util=ALL-UNNAMED --add-opens=java.base/java.nio.charset=ALL-UNNAMED --add-opens=java.base/java.net=ALL-UNNAMED --add-opens=java.base/java.util.concurrent.atomic=ALL-UNNAMED -Xmx2048m -Dfile.encoding=UTF-8 -Duser.country=ZA -Duser.language=en -Duser.variant -javaagent:C:\Users\nhlan\.gradle\wrapper\dists\gradle-8.9-bin\90cnw93cvbtalezasaz0blq0a\gradle-8.9\lib\agents\gradle-instrumentation-agent-8.9.jar 
java_command: org.gradle.launcher.daemon.bootstrap.GradleDaemon 8.9
java_class_path (initial): C:\Users\nhlan\.gradle\wrapper\dists\gradle-8.9-bin\90cnw93cvbtalezasaz0blq0a\gradle-8.9\lib\gradle-daemon-main-8.9.jar
Launcher Type: SUN_STANDARD

[Global flags]
     intx CICompilerCount                          = 4                                         {product} {ergonomic}
     uint ConcGCThreads                            = 2                                         {product} {ergonomic}
     uint G1ConcRefinementThreads                  = 8                                         {product} {ergonomic}
   size_t G1HeapRegionSize                         = 1048576                                   {product} {ergonomic}
    uintx GCDrainStackTargetSize                   = 64                                        {product} {ergonomic}
   size_t InitialHeapSize                          = 130023424                                 {product} {ergonomic}
   size_t MarkStackSize                            = 4194304                                   {product} {ergonomic}
   size_t MaxHeapSize                              = 2147483648                                {product} {command line}
   size_t MaxNewSize                               = 1287651328                                {product} {ergonomic}
   size_t MinHeapDeltaBytes                        = 1048576                                   {product} {ergonomic}
   size_t MinHeapSize                              = 8388608                                   {product} {ergonomic}
    uintx NonNMethodCodeHeapSize                   = 5839372                                {pd product} {ergonomic}
    uintx NonProfiledCodeHeapSize                  = 122909434                              {pd product} {ergonomic}
    uintx ProfiledCodeHeapSize                     = 122909434                              {pd product} {ergonomic}
    uintx ReservedCodeCacheSize                    = 251658240                              {pd product} {ergonomic}
     bool SegmentedCodeCache                       = true                                      {product} {ergonomic}
   size_t SoftMaxHeapSize                          = 2147483648                             {manageable} {ergonomic}
     bool UseCompressedOops                        = true                           {product lp64_product} {ergonomic}
     bool UseG1GC                                  = true                                      {product} {ergonomic}
     bool UseLargePagesIndividualAllocation        = false                                  {pd product} {ergonomic}

Logging:
Log output configuration:
 #0: stdout all=warning uptime,level,tags foldmultilines=false
 #1: stderr all=off uptime,level,tags foldmultilines=false

Release file:
JAVA_VERSION="21.0.12.1" 
MODULES="java.base java.compiler java.datatransfer java.xml java.prefs java.desktop java.instrument java.logging java.management java.security.sasl java.naming java.rmi java.management.rmi java.net.http java.scripting java.security.jgss java.transaction.xa java.sql java.sql.rowset java.xml.crypto java.se java.smartcardio jdk.accessibility jdk.internal.jvmstat jdk.attach jdk.charsets jdk.internal.opt jdk.zipfs jdk.compiler jdk.crypto.ec jdk.crypto.cryptoki jdk.crypto.mscapi jdk.dynalink jdk.internal.ed jdk.editpad jdk.hotspot.agent jdk.httpserver jdk.internal.le jdk.internal.vm.ci jdk.internal.vm.compiler jdk.internal.vm.compiler.management jdk.jartool jdk.javadoc jdk.jcmd jdk.management jdk.management.agent jdk.jconsole jdk.jdeps jdk.jdwp.agent jdk.jdi jdk.jfr jdk.jshell jdk.jsobject jdk.jstatd jdk.localedata jdk.management.jfr jdk.naming.dns jdk.naming.rmi jdk.net jdk.nio.mapmode jdk.random jdk.sctp jdk.security.auth jdk.security.jgss jdk.unsupported jdk.unsupported.desktop jdk.xml.dom" 

Environment Variables:
JAVA_HOME=C:\Program Files\Java\jdk-20
PATH=C:\Program Files\Common Files\Oracle\Java\javapath;C:\Windows\system32;C:\Windows;C:\Windows\System32\Wbem;C:\Windows\System32\WindowsPowerShell\v1.0\;C:\Windows\System32\OpenSSH\;C:\Program Files\dotnet\;C:\WINDOWS\system32;C:\WINDOWS;C:\WINDOWS\System32\Wbem;C:\WINDOWS\System32\WindowsPowerShell\v1.0\;C:\WINDOWS\System32\OpenSSH\;C:\Program Files\Java\jdk-20\bin;C:\Program Files (x86)\Microsoft SQL Server\160\DTS\Binn\;C:\Program Files (x86)\Microsoft SQL Server\160\Tools\Binn\;C:\Program Files\Microsoft SQL Server\160\Tools\Binn\;C:\Program Files\Microsoft SQL Server\Client SDK\ODBC\170\Tools\Binn\;C:\Program Files\Microsoft SQL Server\160\DTS\Binn\;C:\Program Files\RedHat\Podman\;C:\Program Files\Git\cmd;C:\Program Files\nodejs\;C:\Program Files\Amazon\AWSCLIV2\;C:\Program Files\GitHub CLI\;C:\Users\nhlan\AppData\Local\Microsoft\WindowsApps;C:\Users\nhlan\.dotnet\tools;C:\Users\nhlan\AppData\Local\Programs\Microsoft VS Code\bin;C:\Program Files\Azure Data Studio\bin;C:\Users\nhlan\AppData\Local\Microsoft\WinGet\Packages\Astronomer.Astro_Microsoft.Winget.Source_8wekyb3d8bbwe;C:\Users\nhlan\AppData\Local\Programs\Kiro\bin;C:\Users\nhlan\AppData\Local\GitHubDesktop\bin;C:\Users\nhlan\AppData\Roaming\npm
USERNAME=nhlanhla
OS=Windows_NT
PROCESSOR_IDENTIFIER=Intel64 Family 6 Model 140 Stepping 1, GenuineIntel
TMP=C:\Users\nhlan\AppData\Local\Temp
TEMP=C:\Users\nhlan\AppData\Local\Temp




Periodic native trim disabled

---------------  S Y S T E M  ---------------

OS:
 Windows 11 , 64 bit Build 26100 (10.0.26100.9444)
OS uptime: 19 days 15:18 hours
Hyper-V role detected

CPU: total 8 (initial active 8) (4 cores per cpu, 2 threads per core) family 6 model 140 stepping 1 microcode 0xb6, cx8, cmov, fxsr, ht, mmx, 3dnowpref, sse, sse2, sse3, ssse3, sse4.1, sse4.2, popcnt, lzcnt, tsc, tscinvbit, avx, avx2, aes, erms, clmul, bmi1, bmi2, adx, avx512f, avx512dq, avx512cd, avx512bw, avx512vl, sha, fma, vzeroupper, avx512_vpopcntdq, avx512_vpclmulqdq, avx512_vaes, avx512_vnni, clflush, clflushopt, clwb, avx512_vbmi2, avx512_vbmi, hv, rdtscp, rdpid, fsrm, gfni, avx512_bitalg, f16c, cet_ibt, cet_ss, avx512_ifma
Processor Information for the first 8 processors :
  Max Mhz: 2419, Current Mhz: 2419, Mhz Limit: 2419

Memory: 4k page, system-wide physical 7886M (22M free)
TotalPageFile size 32462M (AvailPageFile size 7M)
current process WorkingSet (physical memory assigned to process): 86M, peak: 148M
current process commit charge ("private bytes"): 270M, peak: 281M

vm_info: OpenJDK 64-Bit Server VM (21.0.12.1+1-LTS) for windows-amd64 JRE (21.0.12.1+1-LTS), built on 2026-08-18T00:00:00Z by "admin" with MS VC++ 17.12 (VS2022)

END.
