#
# There is insufficient memory for the Java Runtime Environment to continue.
# Native memory allocation (malloc) failed to allocate 262160 bytes. Error detail: Chunk::new
# Possible reasons:
#   The system is out of physical RAM or swap space
#   This process is running with CompressedOops enabled, and the Java Heap may be blocking the growth of the native heap
# Possible solutions:
#   Reduce memory load on the system
#   Increase physical memory or swap space
#   Check if swap backing store is full
#   Decrease Java heap size (-Xmx/-Xms)
#   Decrease number of Java threads
#   Decrease Java thread stack sizes (-Xss)
#   Set larger code cache with -XX:ReservedCodeCacheSize=
#   JVM is running with Unscaled Compressed Oops mode in which the Java heap is
#     placed in the first 4GB address space. The Java Heap base address is the
#     maximum limit for the native heap growth. Please use -XX:HeapBaseMinAddress
#     to set the Java Heap base and to place the Java Heap above 4GB virtual address.
# This output file may be truncated or incomplete.
#
#  Out of Memory Error (arena.cpp:168), pid=40784, tid=16116
#
# JRE version: OpenJDK Runtime Environment Temurin-21.0.12.1+1 (21.0.12.1+1) (build 21.0.12.1+1-LTS)
# Java VM: OpenJDK 64-Bit Server VM Temurin-21.0.12.1+1 (21.0.12.1+1-LTS, mixed mode, sharing, tiered, compressed oops, compressed class ptrs, g1 gc, windows-amd64)
# No core dump will be written. Minidumps are not enabled by default on client versions of Windows
#

---------------  S U M M A R Y ------------

Command Line: --add-opens=java.base/java.util=ALL-UNNAMED --add-opens=java.base/java.lang=ALL-UNNAMED --add-opens=java.base/java.lang.invoke=ALL-UNNAMED --add-opens=java.prefs/java.util.prefs=ALL-UNNAMED --add-exports=jdk.compiler/com.sun.tools.javac.api=ALL-UNNAMED --add-exports=jdk.compiler/com.sun.tools.javac.util=ALL-UNNAMED --add-opens=java.base/java.nio.charset=ALL-UNNAMED --add-opens=java.base/java.net=ALL-UNNAMED --add-opens=java.base/java.util.concurrent.atomic=ALL-UNNAMED -Xmx2048m -Dfile.encoding=UTF-8 -Duser.country=ZA -Duser.language=en -Duser.variant -javaagent:C:\Users\nhlan\.gradle\wrapper\dists\gradle-8.9-bin\90cnw93cvbtalezasaz0blq0a\gradle-8.9\lib\agents\gradle-instrumentation-agent-8.9.jar org.gradle.launcher.daemon.bootstrap.GradleDaemon 8.9

Host: 11th Gen Intel(R) Core(TM) i5-1135G7 @ 2.40GHz, 8 cores, 7G,  Windows 11 , 64 bit Build 26100 (10.0.26100.9444)
Time: Wed Sep 30 04:51:27 2026 South Africa Standard Time elapsed time: 130.173373 seconds (0d 0h 2m 10s)

---------------  T H R E A D  ---------------

Current thread (0x00000142627adf00):  JavaThread "C2 CompilerThread0" daemon [_thread_in_native, id=16116, stack(0x0000000627a00000,0x0000000627b00000) (1024K)]


Current CompileTask:
C2:130173 5323       4       java.lang.invoke.InvokerBytecodeGenerator::addMethod (725 bytes)

Stack: [0x0000000627a00000,0x0000000627b00000]
Native frames: (J=compiled Java code, j=interpreted, Vv=VM code, C=native code)
V  [jvm.dll+0x6d83e9]
V  [jvm.dll+0x8b5736]
V  [jvm.dll+0x8b7cee]
V  [jvm.dll+0x8b83d3]
V  [jvm.dll+0x284596]
V  [jvm.dll+0xc685d]
V  [jvm.dll+0xc6da1]
V  [jvm.dll+0xc6985]
V  [jvm.dll+0x6b33cc]
V  [jvm.dll+0x254339]
V  [jvm.dll+0x6fdc47]
V  [jvm.dll+0x2550e7]
V  [jvm.dll+0x24ba35]
V  [jvm.dll+0x1cb4ae]
V  [jvm.dll+0x25baad]
V  [jvm.dll+0x25a03a]
V  [jvm.dll+0x3f8aae]
V  [jvm.dll+0x8600cd]
V  [jvm.dll+0x6d6c1d]
C  [ucrtbase.dll+0x2cd30]
C  [KERNEL32.DLL+0x2cd87]
C  [ntdll.dll+0xacaec]


---------------  P R O C E S S  ---------------

Threads class SMR info:
_java_thread_list=0x000001426ae8b7f0, length=36, elements={
0x00000142488e3990, 0x00000142627a5000, 0x00000142627a67d0, 0x00000142627a9240,
0x00000142627abcb0, 0x00000142627ac710, 0x00000142627ad170, 0x00000142627adf00,
0x00000142627b6c10, 0x0000014262a68780, 0x00000142629f3fe0, 0x00000142684bd160,
0x000001426857c3a0, 0x000001426795d010, 0x000001426705f800, 0x0000014262a62990,
0x0000014262a65780, 0x0000014262a63020, 0x0000014262a650f0, 0x0000014262a62300,
0x0000014262a63d40, 0x0000014262a636b0, 0x0000014262a643d0, 0x0000014262a64a60,
0x0000014268e661f0, 0x0000014268e66f10, 0x0000014268e68fe0, 0x0000014268e675a0,
0x0000014268e69670, 0x0000014268e66880, 0x0000014268e6b0b0, 0x0000014268e6a390,
0x0000014268e67c30, 0x0000014268e6bdd0, 0x0000014268e68950, 0x0000014268e6c460
}

Java Threads: ( => current thread )
  0x00000142488e3990 JavaThread "main"                              [_thread_blocked, id=24920, stack(0x0000000626c00000,0x0000000626d00000) (1024K)]
  0x00000142627a5000 JavaThread "Reference Handler"          daemon [_thread_blocked, id=31640, stack(0x0000000627400000,0x0000000627500000) (1024K)]
  0x00000142627a67d0 JavaThread "Finalizer"                  daemon [_thread_blocked, id=15304, stack(0x0000000627500000,0x0000000627600000) (1024K)]
  0x00000142627a9240 JavaThread "Signal Dispatcher"          daemon [_thread_blocked, id=34532, stack(0x0000000627600000,0x0000000627700000) (1024K)]
  0x00000142627abcb0 JavaThread "Attach Listener"            daemon [_thread_blocked, id=35872, stack(0x0000000627700000,0x0000000627800000) (1024K)]
  0x00000142627ac710 JavaThread "Service Thread"             daemon [_thread_blocked, id=20348, stack(0x0000000627800000,0x0000000627900000) (1024K)]
  0x00000142627ad170 JavaThread "Monitor Deflation Thread"   daemon [_thread_blocked, id=12256, stack(0x0000000627900000,0x0000000627a00000) (1024K)]
=>0x00000142627adf00 JavaThread "C2 CompilerThread0"         daemon [_thread_in_native, id=16116, stack(0x0000000627a00000,0x0000000627b00000) (1024K)]
  0x00000142627b6c10 JavaThread "C1 CompilerThread0"         daemon [_thread_blocked, id=34472, stack(0x0000000627b00000,0x0000000627c00000) (1024K)]
  0x0000014262a68780 JavaThread "Common-Cleaner"             daemon [_thread_blocked, id=29772, stack(0x0000000627c00000,0x0000000627d00000) (1024K)]
  0x00000142629f3fe0 JavaThread "Notification Thread"        daemon [_thread_blocked, id=22816, stack(0x0000000627d00000,0x0000000627e00000) (1024K)]
  0x00000142684bd160 JavaThread "Daemon health stats"               [_thread_blocked, id=13648, stack(0x0000000628200000,0x0000000628300000) (1024K)]
  0x000001426857c3a0 JavaThread "Incoming local TCP Connector on port 17658"        [_thread_in_native, id=22652, stack(0x0000000628300000,0x0000000628400000) (1024K)]
  0x000001426795d010 JavaThread "Daemon periodic checks"            [_thread_blocked, id=19340, stack(0x0000000628400000,0x0000000628500000) (1024K)]
  0x000001426705f800 JavaThread "Daemon"                            [_thread_blocked, id=14004, stack(0x0000000628500000,0x0000000628600000) (1024K)]
  0x0000014262a62990 JavaThread "Daemon worker"                     [_thread_in_vm, id=22076, stack(0x0000000628800000,0x0000000628900000) (1024K)]
  0x0000014262a65780 JavaThread "Handler for socket connection from /127.0.0.1:17658 to /127.0.0.1:17732"        [_thread_in_native, id=43408, stack(0x0000000628600000,0x0000000628700000) (1024K)]
  0x0000014262a63020 JavaThread "Cancel handler"                    [_thread_blocked, id=28812, stack(0x0000000628700000,0x0000000628800000) (1024K)]
  0x0000014262a650f0 JavaThread "Asynchronous log dispatcher for DefaultDaemonConnection: socket connection from /127.0.0.1:17658 to /127.0.0.1:17732"        [_thread_blocked, id=12172, stack(0x0000000628900000,0x0000000628a00000) (1024K)]
  0x0000014262a62300 JavaThread "Stdin handler"                     [_thread_blocked, id=42988, stack(0x0000000628a00000,0x0000000628b00000) (1024K)]
  0x0000014262a63d40 JavaThread "Daemon client event forwarder"        [_thread_blocked, id=12524, stack(0x0000000628b00000,0x0000000628c00000) (1024K)]
  0x0000014262a636b0 JavaThread "Cache worker for journal cache (C:\Users\nhlan\.gradle\caches\journal-1)"        [_thread_blocked, id=21816, stack(0x0000000628f00000,0x0000000629000000) (1024K)]
  0x0000014262a643d0 JavaThread "File lock request listener"        [_thread_in_native, id=8712, stack(0x0000000629000000,0x0000000629100000) (1024K)]
  0x0000014262a64a60 JavaThread "Cache worker for file hash cache (C:\Users\nhlan\.gradle\caches\8.9\fileHashes)"        [_thread_blocked, id=3600, stack(0x0000000629100000,0x0000000629200000) (1024K)]
  0x0000014268e661f0 JavaThread "File lock release action executor"        [_thread_blocked, id=16056, stack(0x0000000629200000,0x0000000629300000) (1024K)]
  0x0000014268e66f10 JavaThread "Cache worker for file hash cache (C:\Users\nhlan\Documents\School\Richfield\BCS Articulation\Semester 2\Mobile App Development 700\SmartPantryManager\smart-pantry-manager (1)\android\.gradle\8.9\fileHashes)"        [_thread_blocked, id=38060, stack(0x0000000629400000,0x0000000629500000) (1024K)]
  0x0000014268e68fe0 JavaThread "Cache worker for Build Output Cleanup Cache (C:\Users\nhlan\Documents\School\Richfield\BCS Articulation\Semester 2\Mobile App Development 700\SmartPantryManager\smart-pantry-manager (1)\android\.gradle\buildOutputCleanup)"        [_thread_blocked, id=16944, stack(0x0000000629500000,0x0000000629600000) (1024K)]
  0x0000014268e675a0 JavaThread "File watcher server"        daemon [_thread_in_native, id=19740, stack(0x0000000629600000,0x0000000629700000) (1024K)]
  0x0000014268e69670 JavaThread "File watcher consumer"      daemon [_thread_blocked, id=43564, stack(0x0000000629700000,0x0000000629800000) (1024K)]
  0x0000014268e66880 JavaThread "Cache worker for checksums cache (C:\Users\nhlan\Documents\School\Richfield\BCS Articulation\Semester 2\Mobile App Development 700\SmartPantryManager\smart-pantry-manager (1)\android\.gradle\8.9\checksums)"        [_thread_blocked, id=692, stack(0x0000000629800000,0x0000000629900000) (1024K)]
  0x0000014268e6b0b0 JavaThread "Cache worker for file content cache (C:\Users\nhlan\.gradle\caches\8.9\fileContent)"        [_thread_blocked, id=19640, stack(0x0000000629900000,0x0000000629a00000) (1024K)]
  0x0000014268e6a390 JavaThread "Cache worker for cache directory md-rule (C:\Users\nhlan\.gradle\caches\8.9\md-rule)"        [_thread_blocked, id=37356, stack(0x0000000629a00000,0x0000000629b00000) (1024K)]
  0x0000014268e67c30 JavaThread "Cache worker for cache directory md-supplier (C:\Users\nhlan\.gradle\caches\8.9\md-supplier)"        [_thread_blocked, id=44872, stack(0x0000000629b00000,0x0000000629c00000) (1024K)]
  0x0000014268e6bdd0 JavaThread "jar transforms"                    [_thread_blocked, id=22000, stack(0x0000000626800000,0x0000000626900000) (1024K)]
  0x0000014268e68950 JavaThread "jar transforms Thread 2"           [_thread_blocked, id=5344, stack(0x0000000626900000,0x0000000626a00000) (1024K)]
  0x0000014268e6c460 JavaThread "jar transforms Thread 3"           [_thread_blocked, id=29948, stack(0x0000000626a00000,0x0000000626b00000) (1024K)]
Total: 36

Other Threads:
  0x00000142627830b0 VMThread "VM Thread"                           [id=6632, stack(0x0000000627300000,0x0000000627400000) (1024K)]
  0x000001426276af30 WatcherThread "VM Periodic Task Thread"        [id=40248, stack(0x0000000627200000,0x0000000627300000) (1024K)]
  0x000001424899d050 WorkerThread "GC Thread#0"                     [id=6184, stack(0x0000000626d00000,0x0000000626e00000) (1024K)]
  0x00000142675d4f70 WorkerThread "GC Thread#1"                     [id=37672, stack(0x0000000627e00000,0x0000000627f00000) (1024K)]
  0x00000142673109f0 WorkerThread "GC Thread#2"                     [id=43164, stack(0x0000000627f00000,0x0000000628000000) (1024K)]
  0x00000142677e4a90 WorkerThread "GC Thread#3"                     [id=9604, stack(0x0000000628000000,0x0000000628100000) (1024K)]
  0x00000142678fbde0 WorkerThread "GC Thread#4"                     [id=37180, stack(0x0000000628100000,0x0000000628200000) (1024K)]
  0x0000014262ae32e0 WorkerThread "GC Thread#5"                     [id=5596, stack(0x0000000628c00000,0x0000000628d00000) (1024K)]
  0x0000014262b1a2c0 WorkerThread "GC Thread#6"                     [id=33164, stack(0x0000000628d00000,0x0000000628e00000) (1024K)]
  0x0000014262b1a670 WorkerThread "GC Thread#7"                     [id=16572, stack(0x0000000628e00000,0x0000000628f00000) (1024K)]
  0x000001424899df20 ConcurrentGCThread "G1 Main Marker"            [id=37272, stack(0x0000000626e00000,0x0000000626f00000) (1024K)]
  0x000001424899e940 WorkerThread "G1 Conc#0"                       [id=40460, stack(0x0000000626f00000,0x0000000627000000) (1024K)]
  0x0000014262997920 WorkerThread "G1 Conc#1"                       [id=18060, stack(0x0000000629300000,0x0000000629400000) (1024K)]
  0x000001426263b6e0 ConcurrentGCThread "G1 Refine#0"               [id=32004, stack(0x0000000627000000,0x0000000627100000) (1024K)]
  0x000001426263c170 ConcurrentGCThread "G1 Service"                [id=32072, stack(0x0000000627100000,0x0000000627200000) (1024K)]
Total: 15

Threads with active compile tasks:
C2 CompilerThread0  130264 5323       4       java.lang.invoke.InvokerBytecodeGenerator::addMethod (725 bytes)
Total: 1

VM state: not at safepoint (normal execution)

VM Mutex/Monitor currently owned by a thread: None

Heap address: 0x0000000080000000, size: 2048 MB, Compressed Oops mode: 32-bit

CDS archive(s) mapped at: [0x0000014200000000-0x0000014200ba0000-0x0000014200ba0000), size 12189696, SharedBaseAddress: 0x0000014200000000, ArchiveRelocationMode: 1.
Compressed class space mapped at: 0x0000014201000000-0x0000014241000000, reserved size: 1073741824
Narrow klass base: 0x0000014200000000, Narrow klass shift: 0, Narrow klass range: 0x100000000

GC Precious Log:
 CardTable entry size: 512
 Card Set container configuration: InlinePtr #cards 5 size 8 Array Of Cards #cards 12 size 40 Howl #buckets 4 coarsen threshold 1843 Howl Bitmap #cards 512 size 80 coarsen threshold 460 Card regions per heap region 1 cards per card region 2048
 CPUs: 8 total, 8 available
 Memory: 7886M
 Large Page Support: Disabled
 NUMA Support: Disabled
 Compressed Oops: Enabled (32-bit)
 Heap Region Size: 1M
 Heap Min Capacity: 8M
 Heap Initial Capacity: 124M
 Heap Max Capacity: 2G
 Pre-touch: Disabled
 Parallel Workers: 8
 Concurrent Workers: 2
 Concurrent Refinement Workers: 8
 Periodic GC: Disabled

Heap:
 garbage-first heap   total 142336K, used 41235K [0x0000000080000000, 0x0000000100000000)
  region size 1024K, 7 young (7168K), 2 survivors (2048K)
 Metaspace       used 43656K, committed 45184K, reserved 1114112K
  class space    used 6256K, committed 6976K, reserved 1048576K

Heap Regions: E=young(eden), S=young(survivor), O=old, HS=humongous(starts), HC=humongous(continues), CS=collection set, F=free, TAMS=top-at-mark-start, PB=parsable bottom
|   0|0x0000000080000000, 0x0000000080100000, 0x0000000080100000|100%|HS|  |TAMS 0x0000000080000000| PB 0x0000000080000000| Complete 
|   1|0x0000000080100000, 0x0000000080200000, 0x0000000080200000|100%|HC|  |TAMS 0x0000000080100000| PB 0x0000000080100000| Complete 
|   2|0x0000000080200000, 0x0000000080300000, 0x0000000080300000|100%|HC|  |TAMS 0x0000000080200000| PB 0x0000000080200000| Complete 
|   3|0x0000000080300000, 0x0000000080400000, 0x0000000080400000|100%|HC|  |TAMS 0x0000000080300000| PB 0x0000000080300000| Complete 
|   4|0x0000000080400000, 0x0000000080500000, 0x0000000080500000|100%| O|  |TAMS 0x0000000080400000| PB 0x0000000080400000| Untracked 
|   5|0x0000000080500000, 0x0000000080600000, 0x0000000080600000|100%| O|  |TAMS 0x0000000080500000| PB 0x0000000080500000| Untracked 
|   6|0x0000000080600000, 0x0000000080700000, 0x0000000080700000|100%| O|  |TAMS 0x0000000080600000| PB 0x0000000080600000| Untracked 
|   7|0x0000000080700000, 0x0000000080800000, 0x0000000080800000|100%| O|  |TAMS 0x0000000080700000| PB 0x0000000080700000| Untracked 
|   8|0x0000000080800000, 0x0000000080900000, 0x0000000080900000|100%| O|  |TAMS 0x0000000080800000| PB 0x0000000080800000| Untracked 
|   9|0x0000000080900000, 0x0000000080a00000, 0x0000000080a00000|100%| O|  |TAMS 0x0000000080900000| PB 0x0000000080900000| Untracked 
|  10|0x0000000080a00000, 0x0000000080b00000, 0x0000000080b00000|100%|HS|  |TAMS 0x0000000080a00000| PB 0x0000000080a00000| Complete 
|  11|0x0000000080b00000, 0x0000000080c00000, 0x0000000080c00000|100%| O|  |TAMS 0x0000000080b00000| PB 0x0000000080b00000| Untracked 
|  12|0x0000000080c00000, 0x0000000080d00000, 0x0000000080d00000|100%| O|  |TAMS 0x0000000080c00000| PB 0x0000000080c00000| Untracked 
|  13|0x0000000080d00000, 0x0000000080e00000, 0x0000000080e00000|100%| O|  |TAMS 0x0000000080d00000| PB 0x0000000080d00000| Untracked 
|  14|0x0000000080e00000, 0x0000000080f00000, 0x0000000080f00000|100%| O|  |TAMS 0x0000000080e00000| PB 0x0000000080e00000| Untracked 
|  15|0x0000000080f00000, 0x0000000081000000, 0x0000000081000000|100%| O|  |TAMS 0x0000000080f00000| PB 0x0000000080f00000| Untracked 
|  16|0x0000000081000000, 0x0000000081100000, 0x0000000081100000|100%| O|  |TAMS 0x0000000081000000| PB 0x0000000081000000| Untracked 
|  17|0x0000000081100000, 0x0000000081200000, 0x0000000081200000|100%| O|  |TAMS 0x0000000081100000| PB 0x0000000081100000| Untracked 
|  18|0x0000000081200000, 0x0000000081300000, 0x0000000081300000|100%| O|  |TAMS 0x0000000081200000| PB 0x0000000081200000| Untracked 
|  19|0x0000000081300000, 0x0000000081400000, 0x0000000081400000|100%| O|  |TAMS 0x0000000081300000| PB 0x0000000081300000| Untracked 
|  20|0x0000000081400000, 0x0000000081500000, 0x0000000081500000|100%| O|  |TAMS 0x0000000081400000| PB 0x0000000081400000| Untracked 
|  21|0x0000000081500000, 0x0000000081600000, 0x0000000081600000|100%| O|  |TAMS 0x0000000081500000| PB 0x0000000081500000| Untracked 
|  22|0x0000000081600000, 0x0000000081700000, 0x0000000081700000|100%| O|  |TAMS 0x0000000081600000| PB 0x0000000081600000| Untracked 
|  23|0x0000000081700000, 0x0000000081800000, 0x0000000081800000|100%| O|  |TAMS 0x0000000081700000| PB 0x0000000081700000| Untracked 
|  24|0x0000000081800000, 0x0000000081900000, 0x0000000081900000|100%| O|  |TAMS 0x0000000081800000| PB 0x0000000081800000| Untracked 
|  25|0x0000000081900000, 0x0000000081a00000, 0x0000000081a00000|100%| O|  |TAMS 0x0000000081900000| PB 0x0000000081900000| Untracked 
|  26|0x0000000081a00000, 0x0000000081b00000, 0x0000000081b00000|100%| O|  |TAMS 0x0000000081a00000| PB 0x0000000081a00000| Untracked 
|  27|0x0000000081b00000, 0x0000000081c00000, 0x0000000081c00000|100%| O|  |TAMS 0x0000000081b00000| PB 0x0000000081b00000| Untracked 
|  28|0x0000000081c00000, 0x0000000081d00000, 0x0000000081d00000|100%| O|  |TAMS 0x0000000081c00000| PB 0x0000000081c00000| Untracked 
|  29|0x0000000081d00000, 0x0000000081e00000, 0x0000000081e00000|100%| O|  |TAMS 0x0000000081d00000| PB 0x0000000081d00000| Untracked 
|  30|0x0000000081e00000, 0x0000000081f00000, 0x0000000081f00000|100%| O|  |TAMS 0x0000000081e00000| PB 0x0000000081e00000| Untracked 
|  31|0x0000000081f00000, 0x0000000082000000, 0x0000000082000000|100%| O|  |TAMS 0x0000000081f00000| PB 0x0000000081f00000| Untracked 
|  32|0x0000000082000000, 0x0000000082100000, 0x0000000082100000|100%| O|  |TAMS 0x0000000082000000| PB 0x0000000082000000| Untracked 
|  33|0x0000000082100000, 0x0000000082200000, 0x0000000082200000|100%| O|  |TAMS 0x0000000082100000| PB 0x0000000082100000| Untracked 
|  34|0x0000000082200000, 0x000000008227ac50, 0x0000000082300000| 47%| O|  |TAMS 0x0000000082200000| PB 0x0000000082200000| Untracked 
|  35|0x0000000082300000, 0x0000000082300000, 0x0000000082400000|  0%| F|  |TAMS 0x0000000082300000| PB 0x0000000082300000| Untracked 
|  36|0x0000000082400000, 0x0000000082400000, 0x0000000082500000|  0%| F|  |TAMS 0x0000000082400000| PB 0x0000000082400000| Untracked 
|  37|0x0000000082500000, 0x0000000082500000, 0x0000000082600000|  0%| F|  |TAMS 0x0000000082500000| PB 0x0000000082500000| Untracked 
|  38|0x0000000082600000, 0x0000000082600000, 0x0000000082700000|  0%| F|  |TAMS 0x0000000082600000| PB 0x0000000082600000| Untracked 
|  39|0x0000000082700000, 0x0000000082700000, 0x0000000082800000|  0%| F|  |TAMS 0x0000000082700000| PB 0x0000000082700000| Untracked 
|  40|0x0000000082800000, 0x0000000082800000, 0x0000000082900000|  0%| F|  |TAMS 0x0000000082800000| PB 0x0000000082800000| Untracked 
|  41|0x0000000082900000, 0x0000000082900000, 0x0000000082a00000|  0%| F|  |TAMS 0x0000000082900000| PB 0x0000000082900000| Untracked 
|  42|0x0000000082a00000, 0x0000000082a00000, 0x0000000082b00000|  0%| F|  |TAMS 0x0000000082a00000| PB 0x0000000082a00000| Untracked 
|  43|0x0000000082b00000, 0x0000000082b00000, 0x0000000082c00000|  0%| F|  |TAMS 0x0000000082b00000| PB 0x0000000082b00000| Untracked 
|  44|0x0000000082c00000, 0x0000000082c00000, 0x0000000082d00000|  0%| F|  |TAMS 0x0000000082c00000| PB 0x0000000082c00000| Untracked 
|  45|0x0000000082d00000, 0x0000000082d00000, 0x0000000082e00000|  0%| F|  |TAMS 0x0000000082d00000| PB 0x0000000082d00000| Untracked 
|  46|0x0000000082e00000, 0x0000000082e00000, 0x0000000082f00000|  0%| F|  |TAMS 0x0000000082e00000| PB 0x0000000082e00000| Untracked 
|  47|0x0000000082f00000, 0x0000000082f00000, 0x0000000083000000|  0%| F|  |TAMS 0x0000000082f00000| PB 0x0000000082f00000| Untracked 
|  48|0x0000000083000000, 0x0000000083000000, 0x0000000083100000|  0%| F|  |TAMS 0x0000000083000000| PB 0x0000000083000000| Untracked 
|  49|0x0000000083100000, 0x0000000083100000, 0x0000000083200000|  0%| F|  |TAMS 0x0000000083100000| PB 0x0000000083100000| Untracked 
|  50|0x0000000083200000, 0x0000000083200000, 0x0000000083300000|  0%| F|  |TAMS 0x0000000083200000| PB 0x0000000083200000| Untracked 
|  51|0x0000000083300000, 0x0000000083300000, 0x0000000083400000|  0%| F|  |TAMS 0x0000000083300000| PB 0x0000000083300000| Untracked 
|  52|0x0000000083400000, 0x0000000083400000, 0x0000000083500000|  0%| F|  |TAMS 0x0000000083400000| PB 0x0000000083400000| Untracked 
|  53|0x0000000083500000, 0x0000000083500000, 0x0000000083600000|  0%| F|  |TAMS 0x0000000083500000| PB 0x0000000083500000| Untracked 
|  54|0x0000000083600000, 0x0000000083600000, 0x0000000083700000|  0%| F|  |TAMS 0x0000000083600000| PB 0x0000000083600000| Untracked 
|  55|0x0000000083700000, 0x0000000083700000, 0x0000000083800000|  0%| F|  |TAMS 0x0000000083700000| PB 0x0000000083700000| Untracked 
|  56|0x0000000083800000, 0x0000000083800000, 0x0000000083900000|  0%| F|  |TAMS 0x0000000083800000| PB 0x0000000083800000| Untracked 
|  57|0x0000000083900000, 0x0000000083900000, 0x0000000083a00000|  0%| F|  |TAMS 0x0000000083900000| PB 0x0000000083900000| Untracked 
|  58|0x0000000083a00000, 0x0000000083a00000, 0x0000000083b00000|  0%| F|  |TAMS 0x0000000083a00000| PB 0x0000000083a00000| Untracked 
|  59|0x0000000083b00000, 0x0000000083b00000, 0x0000000083c00000|  0%| F|  |TAMS 0x0000000083b00000| PB 0x0000000083b00000| Untracked 
|  60|0x0000000083c00000, 0x0000000083c00000, 0x0000000083d00000|  0%| F|  |TAMS 0x0000000083c00000| PB 0x0000000083c00000| Untracked 
|  61|0x0000000083d00000, 0x0000000083d00000, 0x0000000083e00000|  0%| F|  |TAMS 0x0000000083d00000| PB 0x0000000083d00000| Untracked 
|  62|0x0000000083e00000, 0x0000000083e00000, 0x0000000083f00000|  0%| F|  |TAMS 0x0000000083e00000| PB 0x0000000083e00000| Untracked 
|  63|0x0000000083f00000, 0x0000000083f00000, 0x0000000084000000|  0%| F|  |TAMS 0x0000000083f00000| PB 0x0000000083f00000| Untracked 
|  64|0x0000000084000000, 0x0000000084000000, 0x0000000084100000|  0%| F|  |TAMS 0x0000000084000000| PB 0x0000000084000000| Untracked 
|  65|0x0000000084100000, 0x0000000084100000, 0x0000000084200000|  0%| F|  |TAMS 0x0000000084100000| PB 0x0000000084100000| Untracked 
|  66|0x0000000084200000, 0x0000000084200000, 0x0000000084300000|  0%| F|  |TAMS 0x0000000084200000| PB 0x0000000084200000| Untracked 
|  67|0x0000000084300000, 0x0000000084300000, 0x0000000084400000|  0%| F|  |TAMS 0x0000000084300000| PB 0x0000000084300000| Untracked 
|  68|0x0000000084400000, 0x0000000084400000, 0x0000000084500000|  0%| F|  |TAMS 0x0000000084400000| PB 0x0000000084400000| Untracked 
|  69|0x0000000084500000, 0x0000000084500000, 0x0000000084600000|  0%| F|  |TAMS 0x0000000084500000| PB 0x0000000084500000| Untracked 
|  70|0x0000000084600000, 0x0000000084600000, 0x0000000084700000|  0%| F|  |TAMS 0x0000000084600000| PB 0x0000000084600000| Untracked 
|  71|0x0000000084700000, 0x0000000084700000, 0x0000000084800000|  0%| F|  |TAMS 0x0000000084700000| PB 0x0000000084700000| Untracked 
|  72|0x0000000084800000, 0x0000000084800000, 0x0000000084900000|  0%| F|  |TAMS 0x0000000084800000| PB 0x0000000084800000| Untracked 
|  73|0x0000000084900000, 0x0000000084900000, 0x0000000084a00000|  0%| F|  |TAMS 0x0000000084900000| PB 0x0000000084900000| Untracked 
|  74|0x0000000084a00000, 0x0000000084a00000, 0x0000000084b00000|  0%| F|  |TAMS 0x0000000084a00000| PB 0x0000000084a00000| Untracked 
|  75|0x0000000084b00000, 0x0000000084b00000, 0x0000000084c00000|  0%| F|  |TAMS 0x0000000084b00000| PB 0x0000000084b00000| Untracked 
|  76|0x0000000084c00000, 0x0000000084c00000, 0x0000000084d00000|  0%| F|  |TAMS 0x0000000084c00000| PB 0x0000000084c00000| Untracked 
|  77|0x0000000084d00000, 0x0000000084d00000, 0x0000000084e00000|  0%| F|  |TAMS 0x0000000084d00000| PB 0x0000000084d00000| Untracked 
|  78|0x0000000084e00000, 0x0000000084e00000, 0x0000000084f00000|  0%| F|  |TAMS 0x0000000084e00000| PB 0x0000000084e00000| Untracked 
|  79|0x0000000084f00000, 0x0000000084f00000, 0x0000000085000000|  0%| F|  |TAMS 0x0000000084f00000| PB 0x0000000084f00000| Untracked 
|  80|0x0000000085000000, 0x0000000085000000, 0x0000000085100000|  0%| F|  |TAMS 0x0000000085000000| PB 0x0000000085000000| Untracked 
|  81|0x0000000085100000, 0x0000000085100000, 0x0000000085200000|  0%| F|  |TAMS 0x0000000085100000| PB 0x0000000085100000| Untracked 
|  82|0x0000000085200000, 0x0000000085200000, 0x0000000085300000|  0%| F|  |TAMS 0x0000000085200000| PB 0x0000000085200000| Untracked 
|  83|0x0000000085300000, 0x0000000085300000, 0x0000000085400000|  0%| F|  |TAMS 0x0000000085300000| PB 0x0000000085300000| Untracked 
|  84|0x0000000085400000, 0x0000000085400000, 0x0000000085500000|  0%| F|  |TAMS 0x0000000085400000| PB 0x0000000085400000| Untracked 
|  85|0x0000000085500000, 0x0000000085500000, 0x0000000085600000|  0%| F|  |TAMS 0x0000000085500000| PB 0x0000000085500000| Untracked 
|  86|0x0000000085600000, 0x0000000085600000, 0x0000000085700000|  0%| F|  |TAMS 0x0000000085600000| PB 0x0000000085600000| Untracked 
|  87|0x0000000085700000, 0x0000000085700000, 0x0000000085800000|  0%| F|  |TAMS 0x0000000085700000| PB 0x0000000085700000| Untracked 
|  88|0x0000000085800000, 0x0000000085800000, 0x0000000085900000|  0%| F|  |TAMS 0x0000000085800000| PB 0x0000000085800000| Untracked 
|  89|0x0000000085900000, 0x0000000085900000, 0x0000000085a00000|  0%| F|  |TAMS 0x0000000085900000| PB 0x0000000085900000| Untracked 
|  90|0x0000000085a00000, 0x0000000085a00000, 0x0000000085b00000|  0%| F|  |TAMS 0x0000000085a00000| PB 0x0000000085a00000| Untracked 
|  91|0x0000000085b00000, 0x0000000085b00000, 0x0000000085c00000|  0%| F|  |TAMS 0x0000000085b00000| PB 0x0000000085b00000| Untracked 
|  92|0x0000000085c00000, 0x0000000085c00000, 0x0000000085d00000|  0%| F|  |TAMS 0x0000000085c00000| PB 0x0000000085c00000| Untracked 
|  93|0x0000000085d00000, 0x0000000085d00000, 0x0000000085e00000|  0%| F|  |TAMS 0x0000000085d00000| PB 0x0000000085d00000| Untracked 
|  94|0x0000000085e00000, 0x0000000085e00000, 0x0000000085f00000|  0%| F|  |TAMS 0x0000000085e00000| PB 0x0000000085e00000| Untracked 
|  95|0x0000000085f00000, 0x0000000085f00000, 0x0000000086000000|  0%| F|  |TAMS 0x0000000085f00000| PB 0x0000000085f00000| Untracked 
|  96|0x0000000086000000, 0x0000000086000000, 0x0000000086100000|  0%| F|  |TAMS 0x0000000086000000| PB 0x0000000086000000| Untracked 
|  97|0x0000000086100000, 0x0000000086100000, 0x0000000086200000|  0%| F|  |TAMS 0x0000000086100000| PB 0x0000000086100000| Untracked 
|  98|0x0000000086200000, 0x0000000086200000, 0x0000000086300000|  0%| F|  |TAMS 0x0000000086200000| PB 0x0000000086200000| Untracked 
|  99|0x0000000086300000, 0x0000000086300000, 0x0000000086400000|  0%| F|  |TAMS 0x0000000086300000| PB 0x0000000086300000| Untracked 
| 100|0x0000000086400000, 0x0000000086400000, 0x0000000086500000|  0%| F|  |TAMS 0x0000000086400000| PB 0x0000000086400000| Untracked 
| 101|0x0000000086500000, 0x0000000086500000, 0x0000000086600000|  0%| F|  |TAMS 0x0000000086500000| PB 0x0000000086500000| Untracked 
| 102|0x0000000086600000, 0x0000000086600000, 0x0000000086700000|  0%| F|  |TAMS 0x0000000086600000| PB 0x0000000086600000| Untracked 
| 103|0x0000000086700000, 0x0000000086700000, 0x0000000086800000|  0%| F|  |TAMS 0x0000000086700000| PB 0x0000000086700000| Untracked 
| 104|0x0000000086800000, 0x0000000086800000, 0x0000000086900000|  0%| F|  |TAMS 0x0000000086800000| PB 0x0000000086800000| Untracked 
| 105|0x0000000086900000, 0x0000000086900000, 0x0000000086a00000|  0%| F|  |TAMS 0x0000000086900000| PB 0x0000000086900000| Untracked 
| 106|0x0000000086a00000, 0x0000000086a00000, 0x0000000086b00000|  0%| F|  |TAMS 0x0000000086a00000| PB 0x0000000086a00000| Untracked 
| 107|0x0000000086b00000, 0x0000000086b00000, 0x0000000086c00000|  0%| F|  |TAMS 0x0000000086b00000| PB 0x0000000086b00000| Untracked 
| 108|0x0000000086c00000, 0x0000000086c00000, 0x0000000086d00000|  0%| F|  |TAMS 0x0000000086c00000| PB 0x0000000086c00000| Untracked 
| 109|0x0000000086d00000, 0x0000000086d00000, 0x0000000086e00000|  0%| F|  |TAMS 0x0000000086d00000| PB 0x0000000086d00000| Untracked 
| 110|0x0000000086e00000, 0x0000000086e00000, 0x0000000086f00000|  0%| F|  |TAMS 0x0000000086e00000| PB 0x0000000086e00000| Untracked 
| 111|0x0000000086f00000, 0x0000000086f00000, 0x0000000087000000|  0%| F|  |TAMS 0x0000000086f00000| PB 0x0000000086f00000| Untracked 
| 112|0x0000000087000000, 0x0000000087000000, 0x0000000087100000|  0%| F|  |TAMS 0x0000000087000000| PB 0x0000000087000000| Untracked 
| 113|0x0000000087100000, 0x0000000087100000, 0x0000000087200000|  0%| F|  |TAMS 0x0000000087100000| PB 0x0000000087100000| Untracked 
| 114|0x0000000087200000, 0x0000000087200000, 0x0000000087300000|  0%| F|  |TAMS 0x0000000087200000| PB 0x0000000087200000| Untracked 
| 115|0x0000000087300000, 0x00000000873ca020, 0x0000000087400000| 78%| S|CS|TAMS 0x0000000087300000| PB 0x0000000087300000| Complete 
| 116|0x0000000087400000, 0x0000000087500000, 0x0000000087500000|100%| S|CS|TAMS 0x0000000087400000| PB 0x0000000087400000| Complete 
| 117|0x0000000087500000, 0x0000000087500000, 0x0000000087600000|  0%| F|  |TAMS 0x0000000087500000| PB 0x0000000087500000| Untracked 
| 118|0x0000000087600000, 0x0000000087600000, 0x0000000087700000|  0%| F|  |TAMS 0x0000000087600000| PB 0x0000000087600000| Untracked 
| 119|0x0000000087700000, 0x0000000087700000, 0x0000000087800000|  0%| F|  |TAMS 0x0000000087700000| PB 0x0000000087700000| Untracked 
| 120|0x0000000087800000, 0x0000000087800000, 0x0000000087900000|  0%| F|  |TAMS 0x0000000087800000| PB 0x0000000087800000| Untracked 
| 121|0x0000000087900000, 0x0000000087900000, 0x0000000087a00000|  0%| F|  |TAMS 0x0000000087900000| PB 0x0000000087900000| Untracked 
| 122|0x0000000087a00000, 0x0000000087a00000, 0x0000000087b00000|  0%| F|  |TAMS 0x0000000087a00000| PB 0x0000000087a00000| Untracked 
| 123|0x0000000087b00000, 0x0000000087b00000, 0x0000000087c00000|  0%| F|  |TAMS 0x0000000087b00000| PB 0x0000000087b00000| Untracked 
| 124|0x0000000087c00000, 0x0000000087c00000, 0x0000000087d00000|  0%| F|  |TAMS 0x0000000087c00000| PB 0x0000000087c00000| Untracked 
| 125|0x0000000087d00000, 0x0000000087d00000, 0x0000000087e00000|  0%| F|  |TAMS 0x0000000087d00000| PB 0x0000000087d00000| Untracked 
| 126|0x0000000087e00000, 0x0000000087e00000, 0x0000000087f00000|  0%| F|  |TAMS 0x0000000087e00000| PB 0x0000000087e00000| Untracked 
| 127|0x0000000087f00000, 0x0000000087f00000, 0x0000000088000000|  0%| F|  |TAMS 0x0000000087f00000| PB 0x0000000087f00000| Untracked 
| 128|0x0000000088000000, 0x0000000088000000, 0x0000000088100000|  0%| F|  |TAMS 0x0000000088000000| PB 0x0000000088000000| Untracked 
| 129|0x0000000088100000, 0x0000000088100000, 0x0000000088200000|  0%| F|  |TAMS 0x0000000088100000| PB 0x0000000088100000| Untracked 
| 130|0x0000000088200000, 0x0000000088200000, 0x0000000088300000|  0%| F|  |TAMS 0x0000000088200000| PB 0x0000000088200000| Untracked 
| 131|0x0000000088300000, 0x0000000088300000, 0x0000000088400000|  0%| F|  |TAMS 0x0000000088300000| PB 0x0000000088300000| Untracked 
| 132|0x0000000088400000, 0x0000000088400000, 0x0000000088500000|  0%| F|  |TAMS 0x0000000088400000| PB 0x0000000088400000| Untracked 
| 133|0x0000000088500000, 0x0000000088500000, 0x0000000088600000|  0%| F|  |TAMS 0x0000000088500000| PB 0x0000000088500000| Untracked 
| 134|0x0000000088600000, 0x00000000886636e8, 0x0000000088700000| 38%| E|  |TAMS 0x0000000088600000| PB 0x0000000088600000| Complete 
| 135|0x0000000088700000, 0x0000000088800000, 0x0000000088800000|100%| E|CS|TAMS 0x0000000088700000| PB 0x0000000088700000| Complete 
| 136|0x0000000088800000, 0x0000000088900000, 0x0000000088900000|100%| E|CS|TAMS 0x0000000088800000| PB 0x0000000088800000| Complete 
| 137|0x0000000088900000, 0x0000000088a00000, 0x0000000088a00000|100%| E|CS|TAMS 0x0000000088900000| PB 0x0000000088900000| Complete 
| 138|0x0000000088a00000, 0x0000000088b00000, 0x0000000088b00000|100%| E|CS|TAMS 0x0000000088a00000| PB 0x0000000088a00000| Complete 

Card table byte_map: [0x000001425d940000,0x000001425dd40000] _byte_map_base: 0x000001425d540000

Marking Bits: (CMBitMap*) 0x000001424899d670
 Bits: [0x000001425dd40000, 0x000001425fd40000)

Polling page: 0x0000014248890000

Metaspace:

Usage:
  Non-class:     36.52 MB used.
      Class:      6.11 MB used.
       Both:     42.63 MB used.

Virtual space:
  Non-class space:       64.00 MB reserved,      37.31 MB ( 58%) committed,  1 nodes.
      Class space:        1.00 GB reserved,       6.81 MB ( <1%) committed,  1 nodes.
             Both:        1.06 GB reserved,      44.12 MB (  4%) committed. 

Chunk freelists:
   Non-Class:  9.98 MB
       Class:  9.01 MB
        Both:  18.99 MB

MaxMetaspaceSize: unlimited
CompressedClassSpaceSize: 1.00 GB
Initial GC threshold: 21.00 MB
Current GC threshold: 59.00 MB
CDS: on
 - commit_granule_bytes: 65536.
 - commit_granule_words: 8192.
 - virtual_space_node_default_size: 8388608.
 - enlarge_chunks_in_place: 1.
 - use_allocation_guard: 0.


Internal statistics:

num_allocs_failed_limit: 6.
num_arena_births: 2610.
num_arena_deaths: 0.
num_vsnodes_births: 2.
num_vsnodes_deaths: 0.
num_space_committed: 706.
num_space_uncommitted: 0.
num_chunks_returned_to_freelist: 6.
num_chunks_taken_from_freelist: 4624.
num_chunk_merges: 6.
num_chunk_splits: 2978.
num_chunks_enlarged: 1831.
num_inconsistent_stats: 0.

CodeHeap 'non-profiled nmethods': size=120000Kb used=2684Kb max_used=2684Kb free=117315Kb
 bounds [0x0000014255ce0000, 0x0000014255f80000, 0x000001425d210000]
CodeHeap 'profiled nmethods': size=120000Kb used=9284Kb max_used=9284Kb free=110715Kb
 bounds [0x000001424e210000, 0x000001424eb30000, 0x0000014255740000]
CodeHeap 'non-nmethods': size=5760Kb used=2764Kb max_used=2787Kb free=2995Kb
 bounds [0x0000014255740000, 0x0000014255a00000, 0x0000014255ce0000]
CodeCache: size=245760Kb, used=14732Kb, max_used=14755Kb, free=231025Kb
 total_blobs=5617, nmethods=4783, adapters=738, full_count=0
Compilation: enabled, stopped_count=0, restarted_count=0

Compilation events (20 events):
Event: 129.982 Thread 0x00000142627b6c10 5316       3       org.codehaus.groovy.reflection.ClassInfo::getClassInfo (13 bytes)
Event: 129.983 Thread 0x00000142627b6c10 nmethod 5316 0x000001424eb1ff90 code [0x000001424eb20140, 0x000001424eb203e8]
Event: 129.983 Thread 0x00000142627b6c10 5317       3       groovyjarjarasm.asm.Symbol::<init> (38 bytes)
Event: 129.983 Thread 0x00000142627adf00 nmethod 5315 0x0000014255f7da10 code [0x0000014255f7dba0, 0x0000014255f7dc48]
Event: 129.983 Thread 0x00000142627b6c10 nmethod 5317 0x000001424eb20490 code [0x000001424eb20640, 0x000001424eb208d0]
Event: 129.983 Thread 0x00000142627b6c10 5314  s    3       java.util.Hashtable::isEmpty (13 bytes)
Event: 129.984 Thread 0x00000142627b6c10 nmethod 5314 0x000001424eb20990 code [0x000001424eb20b40, 0x000001424eb20d60]
Event: 129.995 Thread 0x00000142627b6c10 5318       1       org.gradle.internal.instantiation.generator.AbstractClassGenerator$GeneratedClassImpl::getOuterType (5 bytes)
Event: 129.995 Thread 0x00000142627b6c10 nmethod 5318 0x0000014255f7dd10 code [0x0000014255f7dea0, 0x0000014255f7df68]
Event: 129.995 Thread 0x00000142627b6c10 5319       1       org.gradle.internal.instantiation.generator.DefaultInstantiationScheme::instantiator (5 bytes)
Event: 129.995 Thread 0x00000142627b6c10 nmethod 5319 0x0000014255f7e010 code [0x0000014255f7e1a0, 0x0000014255f7e268]
Event: 130.000 Thread 0x00000142627b6c10 5320       3       com.google.common.collect.CollectPreconditions::checkNonnegative (37 bytes)
Event: 130.001 Thread 0x00000142627b6c10 nmethod 5320 0x000001424eb20e10 code [0x000001424eb21060, 0x000001424eb216e0]
Event: 130.073 Thread 0x00000142627adf00 5321       4       jdk.internal.loader.URLClassPath$JarLoader::findResource (18 bytes)
Event: 130.078 Thread 0x00000142627adf00 nmethod 5321 0x0000014255f7e310 code [0x0000014255f7e520, 0x0000014255f7e958]
Event: 130.104 Thread 0x00000142627adf00 5322       4       jdk.internal.org.objectweb.asm.SymbolTable::addConstantMethodref (24 bytes)
Event: 130.104 Thread 0x00000142627adf00 nmethod 5322 0x0000014255f7ed10 code [0x0000014255f7eea0, 0x0000014255f7ef70]
Event: 130.134 Thread 0x00000142627adf00 5323       4       java.lang.invoke.InvokerBytecodeGenerator::addMethod (725 bytes)
Event: 130.145 Thread 0x00000142627b6c10 5324       1       com.google.common.cache.LocalCache$StrongValueReference::getWeight (2 bytes)
Event: 130.145 Thread 0x00000142627b6c10 nmethod 5324 0x0000014255f7f010 code [0x0000014255f7f1a0, 0x0000014255f7f268]

GC Heap History (20 events):
Event: 36.767 GC heap before
{Heap before GC invocations=3 (full 0):
 garbage-first heap   total 126976K, used 75295K [0x0000000080000000, 0x0000000100000000)
  region size 1024K, 64 young (65536K), 10 survivors (10240K)
 Metaspace       used 20814K, committed 21504K, reserved 1114112K
  class space    used 3035K, committed 3392K, reserved 1048576K
}
Event: 36.804 GC heap after
{Heap after GC invocations=4 (full 0):
 garbage-first heap   total 126976K, used 24945K [0x0000000080000000, 0x0000000100000000)
  region size 1024K, 4 young (4096K), 4 survivors (4096K)
 Metaspace       used 20814K, committed 21504K, reserved 1114112K
  class space    used 3035K, committed 3392K, reserved 1048576K
}
Event: 43.947 GC heap before
{Heap before GC invocations=5 (full 0):
 garbage-first heap   total 86016K, used 72049K [0x0000000080000000, 0x0000000100000000)
  region size 1024K, 50 young (51200K), 4 survivors (4096K)
 Metaspace       used 26983K, committed 27968K, reserved 1114112K
  class space    used 4041K, committed 4544K, reserved 1048576K
}
Event: 43.971 GC heap after
{Heap after GC invocations=6 (full 0):
 garbage-first heap   total 86016K, used 27199K [0x0000000080000000, 0x0000000100000000)
  region size 1024K, 7 young (7168K), 7 survivors (7168K)
 Metaspace       used 26983K, committed 27968K, reserved 1114112K
  class space    used 4041K, committed 4544K, reserved 1048576K
}
Event: 66.748 GC heap before
{Heap before GC invocations=6 (full 0):
 garbage-first heap   total 86016K, used 70207K [0x0000000080000000, 0x0000000100000000)
  region size 1024K, 49 young (50176K), 7 survivors (7168K)
 Metaspace       used 34472K, committed 35776K, reserved 1114112K
  class space    used 5033K, committed 5696K, reserved 1048576K
}
Event: 66.777 GC heap after
{Heap after GC invocations=7 (full 0):
 garbage-first heap   total 86016K, used 30671K [0x0000000080000000, 0x0000000100000000)
  region size 1024K, 7 young (7168K), 7 survivors (7168K)
 Metaspace       used 34472K, committed 35776K, reserved 1114112K
  class space    used 5033K, committed 5696K, reserved 1048576K
}
Event: 66.885 GC heap before
{Heap before GC invocations=7 (full 0):
 garbage-first heap   total 86016K, used 30671K [0x0000000080000000, 0x0000000100000000)
  region size 1024K, 9 young (9216K), 7 survivors (7168K)
 Metaspace       used 34735K, committed 35968K, reserved 1114112K
  class space    used 5038K, committed 5696K, reserved 1048576K
}
Event: 66.894 GC heap after
{Heap after GC invocations=8 (full 0):
 garbage-first heap   total 86016K, used 31744K [0x0000000080000000, 0x0000000100000000)
  region size 1024K, 1 young (1024K), 1 survivors (1024K)
 Metaspace       used 34735K, committed 35968K, reserved 1114112K
  class space    used 5038K, committed 5696K, reserved 1048576K
}
Event: 116.492 GC heap before
{Heap before GC invocations=9 (full 0):
 garbage-first heap   total 86016K, used 80896K [0x0000000080000000, 0x0000000100000000)
  region size 1024K, 44 young (45056K), 1 survivors (1024K)
 Metaspace       used 38258K, committed 39616K, reserved 1114112K
  class space    used 5494K, committed 6144K, reserved 1048576K
}
Event: 117.433 GC heap after
{Heap after GC invocations=10 (full 0):
 garbage-first heap   total 86016K, used 34564K [0x0000000080000000, 0x0000000100000000)
  region size 1024K, 4 young (4096K), 4 survivors (4096K)
 Metaspace       used 38258K, committed 39616K, reserved 1114112K
  class space    used 5494K, committed 6144K, reserved 1048576K
}
Event: 117.959 GC heap before
{Heap before GC invocations=10 (full 0):
 garbage-first heap   total 86016K, used 35588K [0x0000000080000000, 0x0000000100000000)
  region size 1024K, 5 young (5120K), 4 survivors (4096K)
 Metaspace       used 38297K, committed 39616K, reserved 1114112K
  class space    used 5501K, committed 6144K, reserved 1048576K
}
Event: 118.051 GC heap after
{Heap after GC invocations=11 (full 0):
 garbage-first heap   total 142336K, used 34304K [0x0000000080000000, 0x0000000100000000)
  region size 1024K, 1 young (1024K), 1 survivors (1024K)
 Metaspace       used 38297K, committed 39616K, reserved 1114112K
  class space    used 5501K, committed 6144K, reserved 1048576K
}
Event: 118.739 GC heap before
{Heap before GC invocations=11 (full 0):
 garbage-first heap   total 142336K, used 39424K [0x0000000080000000, 0x0000000100000000)
  region size 1024K, 6 young (6144K), 1 survivors (1024K)
 Metaspace       used 38443K, committed 39808K, reserved 1114112K
  class space    used 5518K, committed 6208K, reserved 1048576K
}
Event: 118.741 GC heap after
{Heap after GC invocations=12 (full 0):
 garbage-first heap   total 142336K, used 34273K [0x0000000080000000, 0x0000000100000000)
  region size 1024K, 1 young (1024K), 1 survivors (1024K)
 Metaspace       used 38443K, committed 39808K, reserved 1114112K
  class space    used 5518K, committed 6208K, reserved 1048576K
}
Event: 121.847 GC heap before
{Heap before GC invocations=12 (full 0):
 garbage-first heap   total 142336K, used 45537K [0x0000000080000000, 0x0000000100000000)
  region size 1024K, 12 young (12288K), 1 survivors (1024K)
 Metaspace       used 39104K, committed 40512K, reserved 1114112K
  class space    used 5633K, committed 6336K, reserved 1048576K
}
Event: 121.851 GC heap after
{Heap after GC invocations=13 (full 0):
 garbage-first heap   total 142336K, used 35367K [0x0000000080000000, 0x0000000100000000)
  region size 1024K, 2 young (2048K), 2 survivors (2048K)
 Metaspace       used 39104K, committed 40512K, reserved 1114112K
  class space    used 5633K, committed 6336K, reserved 1048576K
}
Event: 123.025 GC heap before
{Heap before GC invocations=13 (full 0):
 garbage-first heap   total 142336K, used 44583K [0x0000000080000000, 0x0000000100000000)
  region size 1024K, 11 young (11264K), 2 survivors (2048K)
 Metaspace       used 40108K, committed 41536K, reserved 1114112K
  class space    used 5764K, committed 6464K, reserved 1048576K
}
Event: 123.028 GC heap after
{Heap after GC invocations=14 (full 0):
 garbage-first heap   total 142336K, used 36272K [0x0000000080000000, 0x0000000100000000)
  region size 1024K, 1 young (1024K), 1 survivors (1024K)
 Metaspace       used 40108K, committed 41536K, reserved 1114112K
  class space    used 5764K, committed 6464K, reserved 1048576K
}
Event: 126.197 GC heap before
{Heap before GC invocations=14 (full 0):
 garbage-first heap   total 142336K, used 58800K [0x0000000080000000, 0x0000000100000000)
  region size 1024K, 22 young (22528K), 1 survivors (1024K)
 Metaspace       used 43294K, committed 44800K, reserved 1114112K
  class space    used 6194K, committed 6912K, reserved 1048576K
}
Event: 126.201 GC heap after
{Heap after GC invocations=15 (full 0):
 garbage-first heap   total 142336K, used 37139K [0x0000000080000000, 0x0000000100000000)
  region size 1024K, 2 young (2048K), 2 survivors (2048K)
 Metaspace       used 43294K, committed 44800K, reserved 1114112K
  class space    used 6194K, committed 6912K, reserved 1048576K
}

Dll operation events (20 events):
Event: 0.656 Attempting to load shared library C:\Users\nhlan\.vscode\extensions\redhat.java-1.56.0-win32-x64\jre\21.0.12.1-win32-x86_64\bin\nio.dll
Event: 0.658 Loaded shared library C:\Users\nhlan\.vscode\extensions\redhat.java-1.56.0-win32-x64\jre\21.0.12.1-win32-x86_64\bin\nio.dll
Event: 0.663 Attempting to load shared library C:\Users\nhlan\.vscode\extensions\redhat.java-1.56.0-win32-x64\jre\21.0.12.1-win32-x86_64\bin\zip.dll
Event: 0.663 Loaded shared library C:\Users\nhlan\.vscode\extensions\redhat.java-1.56.0-win32-x64\jre\21.0.12.1-win32-x86_64\bin\zip.dll
Event: 1.466 Attempting to load shared library C:\Users\nhlan\.vscode\extensions\redhat.java-1.56.0-win32-x64\jre\21.0.12.1-win32-x86_64\bin\jimage.dll
Event: 1.466 Loaded shared library C:\Users\nhlan\.vscode\extensions\redhat.java-1.56.0-win32-x64\jre\21.0.12.1-win32-x86_64\bin\jimage.dll
Event: 2.264 Attempting to load shared library C:\Users\nhlan\.vscode\extensions\redhat.java-1.56.0-win32-x64\jre\21.0.12.1-win32-x86_64\bin\verify.dll
Event: 2.265 Loaded shared library C:\Users\nhlan\.vscode\extensions\redhat.java-1.56.0-win32-x64\jre\21.0.12.1-win32-x86_64\bin\verify.dll
Event: 2.590 Attempting to load shared library C:\Users\nhlan\.gradle\native\c067742578af261105cb4f569cf0c3c89f3d7b1fecec35dd04571415982c5e48\windows-amd64\native-platform.dll
Event: 2.592 Loaded shared library C:\Users\nhlan\.gradle\native\c067742578af261105cb4f569cf0c3c89f3d7b1fecec35dd04571415982c5e48\windows-amd64\native-platform.dll
Event: 2.598 Attempting to load shared library C:\Users\nhlan\.gradle\native\100fb08df4bc3b14c8652ba06237920a3bd2aa13389f12d3474272988ae205f9\windows-amd64\native-platform-file-events.dll
Event: 2.600 Loaded shared library C:\Users\nhlan\.gradle\native\100fb08df4bc3b14c8652ba06237920a3bd2aa13389f12d3474272988ae205f9\windows-amd64\native-platform-file-events.dll
Event: 10.545 Attempting to load shared library C:\Users\nhlan\.vscode\extensions\redhat.java-1.56.0-win32-x64\jre\21.0.12.1-win32-x86_64\bin\management.dll
Event: 10.622 Loaded shared library C:\Users\nhlan\.vscode\extensions\redhat.java-1.56.0-win32-x64\jre\21.0.12.1-win32-x86_64\bin\management.dll
Event: 10.642 Attempting to load shared library C:\Users\nhlan\.vscode\extensions\redhat.java-1.56.0-win32-x64\jre\21.0.12.1-win32-x86_64\bin\management_ext.dll
Event: 10.660 Loaded shared library C:\Users\nhlan\.vscode\extensions\redhat.java-1.56.0-win32-x64\jre\21.0.12.1-win32-x86_64\bin\management_ext.dll
Event: 12.639 Attempting to load shared library C:\Users\nhlan\.vscode\extensions\redhat.java-1.56.0-win32-x64\jre\21.0.12.1-win32-x86_64\bin\extnet.dll
Event: 12.639 Loaded shared library C:\Users\nhlan\.vscode\extensions\redhat.java-1.56.0-win32-x64\jre\21.0.12.1-win32-x86_64\bin\extnet.dll
Event: 15.950 Attempting to load shared library C:\Users\nhlan\.vscode\extensions\redhat.java-1.56.0-win32-x64\jre\21.0.12.1-win32-x86_64\bin\sunmscapi.dll
Event: 15.968 Loaded shared library C:\Users\nhlan\.vscode\extensions\redhat.java-1.56.0-win32-x64\jre\21.0.12.1-win32-x86_64\bin\sunmscapi.dll

Deoptimization events (20 events):
Event: 125.891 Thread 0x0000014262a62990 Uncommon trap: trap_request=0xffffffde fr.pc=0x0000014255d76998 relative=0x0000000000000258
Event: 125.891 Thread 0x0000014262a62990 Uncommon trap: reason=class_check action=maybe_recompile pc=0x0000014255d76998 method=java.util.HashSet.contains(Ljava/lang/Object;)Z @ 5 c2
Event: 125.891 Thread 0x0000014262a62990 DEOPT PACKING pc=0x0000014255d76998 sp=0x00000006288f9840
Event: 125.891 Thread 0x0000014262a62990 DEOPT UNPACKING pc=0x0000014255797ba2 sp=0x00000006288f97e8 mode 2
Event: 126.033 Thread 0x0000014262a62990 Uncommon trap: trap_request=0xffffffde fr.pc=0x0000014255d76998 relative=0x0000000000000258
Event: 126.033 Thread 0x0000014262a62990 Uncommon trap: reason=class_check action=maybe_recompile pc=0x0000014255d76998 method=java.util.HashSet.contains(Ljava/lang/Object;)Z @ 5 c2
Event: 126.033 Thread 0x0000014262a62990 DEOPT PACKING pc=0x0000014255d76998 sp=0x00000006288f9840
Event: 126.033 Thread 0x0000014262a62990 DEOPT UNPACKING pc=0x0000014255797ba2 sp=0x00000006288f97e8 mode 2
Event: 126.033 Thread 0x0000014262a62990 Uncommon trap: trap_request=0xffffffde fr.pc=0x0000014255d76998 relative=0x0000000000000258
Event: 126.033 Thread 0x0000014262a62990 Uncommon trap: reason=class_check action=maybe_recompile pc=0x0000014255d76998 method=java.util.HashSet.contains(Ljava/lang/Object;)Z @ 5 c2
Event: 126.033 Thread 0x0000014262a62990 DEOPT PACKING pc=0x0000014255d76998 sp=0x00000006288f9840
Event: 126.033 Thread 0x0000014262a62990 DEOPT UNPACKING pc=0x0000014255797ba2 sp=0x00000006288f97e8 mode 2
Event: 129.960 Thread 0x0000014262a62990 Uncommon trap: trap_request=0xffffffc6 fr.pc=0x0000014255ea0adc relative=0x00000000000002fc
Event: 129.960 Thread 0x0000014262a62990 Uncommon trap: reason=bimorphic_or_optimized_type_check action=maybe_recompile pc=0x0000014255ea0adc method=com.google.common.base.CharMatcher.indexIn(Ljava/lang/CharSequence;I)I @ 31 c2
Event: 129.960 Thread 0x0000014262a62990 DEOPT PACKING pc=0x0000014255ea0adc sp=0x00000006288f8560
Event: 129.960 Thread 0x0000014262a62990 DEOPT UNPACKING pc=0x0000014255797ba2 sp=0x00000006288f8508 mode 2
Event: 130.035 Thread 0x0000014262a62990 Uncommon trap: trap_request=0xffffffc6 fr.pc=0x0000014255ea0adc relative=0x00000000000002fc
Event: 130.035 Thread 0x0000014262a62990 Uncommon trap: reason=bimorphic_or_optimized_type_check action=maybe_recompile pc=0x0000014255ea0adc method=com.google.common.base.CharMatcher.indexIn(Ljava/lang/CharSequence;I)I @ 31 c2
Event: 130.035 Thread 0x0000014262a62990 DEOPT PACKING pc=0x0000014255ea0adc sp=0x00000006288f9290
Event: 130.035 Thread 0x0000014262a62990 DEOPT UNPACKING pc=0x0000014255797ba2 sp=0x00000006288f9238 mode 2

Classes loaded (20 events):
Event: 125.073 Loading class java/util/DualPivotQuicksort
Event: 125.077 Loading class java/util/DualPivotQuicksort done
Event: 125.899 Loading class javax/net/ssl/HostnameVerifier
Event: 125.899 Loading class javax/net/ssl/HostnameVerifier done
Event: 125.907 Loading class javax/net/ssl/TrustManager
Event: 125.907 Loading class javax/net/ssl/TrustManager done
Event: 125.908 Loading class javax/net/ssl/X509TrustManager
Event: 125.908 Loading class javax/net/ssl/X509TrustManager done
Event: 125.914 Loading class javax/net/ssl/SSLException
Event: 125.914 Loading class javax/net/ssl/SSLException done
Event: 125.915 Loading class java/security/cert/CertificateParsingException
Event: 125.915 Loading class java/security/cert/CertificateException
Event: 125.916 Loading class java/security/cert/CertificateException done
Event: 125.916 Loading class java/security/cert/CertificateParsingException done
Event: 125.916 Loading class javax/net/ssl/SSLPeerUnverifiedException
Event: 125.916 Loading class javax/net/ssl/SSLPeerUnverifiedException done
Event: 125.916 Loading class javax/naming/NamingException
Event: 125.917 Loading class javax/naming/NamingException done
Event: 125.917 Loading class javax/naming/InvalidNameException
Event: 125.917 Loading class javax/naming/InvalidNameException done

Classes unloaded (0 events):
No events

Classes redefined (0 events):
No events

Internal exceptions (20 events):
Event: 122.015 Thread 0x0000014262a62990 Exception <a 'java/lang/ClassNotFoundException'{0x0000000088849790}: org/gradle/api/internal/provider/AbstractPropertyCustomizer> (0x0000000088849790) 
thrown [s\src\hotspot\share\classfile\systemDictionary.cpp, line 313]
Event: 122.019 Thread 0x0000014262a62990 Exception <a 'java/lang/ClassNotFoundException'{0x0000000088873ed8}: org/gradle/api/internal/provider/DefaultPropertyCustomizer> (0x0000000088873ed8) 
thrown [s\src\hotspot\share\classfile\systemDictionary.cpp, line 313]
Event: 122.111 Thread 0x0000014262a62990 Exception <a 'java/lang/ClassNotFoundException'{0x0000000088684498}: org/gradle/initialization/DefaultProjectDescriptorBeanInfo> (0x0000000088684498) 
thrown [s\src\hotspot\share\classfile\systemDictionary.cpp, line 313]
Event: 122.112 Thread 0x0000014262a62990 Exception <a 'java/lang/ClassNotFoundException'{0x0000000088691980}: org/gradle/initialization/DefaultProjectDescriptorCustomizer> (0x0000000088691980) 
thrown [s\src\hotspot\share\classfile\systemDictionary.cpp, line 313]
Event: 122.122 Thread 0x0000014262a62990 Exception <a 'java/lang/IncompatibleClassChangeError'{0x00000000886b4528}: Found class java.lang.Object, but interface was expected> (0x00000000886b4528) 
thrown [s\src\hotspot\share\interpreter\linkResolver.cpp, line 840]
Event: 122.124 Thread 0x0000014262a62990 Implicit null exception at 0x0000014255ee1dfc to 0x0000014255ee1eb4
Event: 124.865 Thread 0x0000014262a62990 Exception <a 'java/lang/NoSuchMethodError'{0x0000000087f557c0}: 'long java.lang.invoke.DirectMethodHandle$Holder.invokeStatic(java.lang.Object, long)'> (0x0000000087f557c0) 
thrown [s\src\hotspot\share\interpreter\linkResolver.cpp, line 773]
Event: 125.871 Thread 0x0000014262a62990 Exception <a 'java/lang/NoSuchMethodError'{0x0000000087781a48}: 'java.lang.Object java.lang.invoke.DirectMethodHandle$Holder.invokeVirtual(java.lang.Object, java.lang.Object, java.lang.Object, java.lang.Object, java.lang.Object, java.lang.Object, java.lang.Object, java.lang.Object, java.lang.Object, java.lang.Object, java.lang.Object, java.lang.Object, java.lang.Object, java.lang.Object, java.lang.Object, java.lang.Object, java.lang.Object)'> (0x0000000087781a48) 
thrown [s\src\hotspot\share\interpreter\li
Event: 125.873 Thread 0x0000014262a62990 Exception <a 'java/lang/NoSuchMethodError'{0x0000000087787a50}: 'java.lang.Object java.lang.invoke.DirectMethodHandle$Holder.invokeSpecial(java.lang.Object, java.lang.Object, java.lang.Object, java.lang.Object, java.lang.Object, java.lang.Object, java.lang.Object, java.lang.Object, java.lang.Object, java.lang.Object, java.lang.Object, java.lang.Object, java.lang.Object, java.lang.Object, java.lang.Object, java.lang.Object, java.lang.Object, java.lang.Object)'> (0x0000000087787a50) 
thrown [s\src\hotspot\sh
Event: 125.873 Thread 0x0000014262a62990 Exception <a 'java/lang/NoSuchMethodError'{0x000000008778d600}: 'java.lang.Object java.lang.invoke.DelegatingMethodHandle$Holder.reinvoke_L(java.lang.Object, java.lang.Object, java.lang.Object, java.lang.Object, java.lang.Object, java.lang.Object, java.lang.Object, java.lang.Object, java.lang.Object, java.lang.Object, java.lang.Object, java.lang.Object, java.lang.Object, java.lang.Object, java.lang.Object, java.lang.Object, java.lang.Object)'> (0x000000008778d600) 
thrown [s\src\hotspot\share\interpreter\l
Event: 126.046 Thread 0x0000014262a62990 Exception <a 'java/lang/NoSuchMethodError'{0x00000000875ca090}: 'void java.lang.invoke.DirectMethodHandle$Holder.invokeStatic(java.lang.Object, java.lang.Object, java.lang.Object, java.lang.Object, java.lang.Object, java.lang.Object)'> (0x00000000875ca090) 
thrown [s\src\hotspot\share\interpreter\linkResolver.cpp, line 773]
Event: 129.845 Thread 0x0000014262a62990 Exception <a 'java/lang/ClassNotFoundException'{0x0000000088948ed0}: build_eo60ts1k0u27tzf4jvjt9w8f0BeanInfo> (0x0000000088948ed0) 
thrown [s\src\hotspot\share\classfile\systemDictionary.cpp, line 313]
Event: 129.846 Thread 0x0000014262a62990 Exception <a 'java/lang/ClassNotFoundException'{0x00000000889524a8}: org/gradle/api/internal/project/ProjectScriptBeanInfo> (0x00000000889524a8) 
thrown [s\src\hotspot\share\classfile\systemDictionary.cpp, line 313]
Event: 129.847 Thread 0x0000014262a62990 Exception <a 'java/lang/ClassNotFoundException'{0x000000008895bb40}: org/gradle/api/internal/project/ProjectScriptCustomizer> (0x000000008895bb40) 
thrown [s\src\hotspot\share\classfile\systemDictionary.cpp, line 313]
Event: 129.852 Thread 0x0000014262a62990 Exception <a 'java/lang/ClassNotFoundException'{0x0000000088973060}: build_eo60ts1k0u27tzf4jvjt9w8f0Customizer> (0x0000000088973060) 
thrown [s\src\hotspot\share\classfile\systemDictionary.cpp, line 313]
Event: 129.923 Thread 0x0000014262a62990 Exception <a 'java/lang/ClassNotFoundException'{0x00000000889efc18}: org/gradle/plugin/use/internal/PluginRequestCollector$PluginDependenciesSpecImplBeanInfo> (0x00000000889efc18) 
thrown [s\src\hotspot\share\classfile\systemDictionary.cpp, line 313]
Event: 129.924 Thread 0x0000014262a62990 Exception <a 'java/lang/ClassNotFoundException'{0x00000000889ff660}: org/gradle/plugin/use/internal/PluginRequestCollector$PluginDependenciesSpecImplCustomizer> (0x00000000889ff660) 
thrown [s\src\hotspot\share\classfile\systemDictionary.cpp, line 313]
Event: 129.931 Thread 0x0000014262a62990 Exception <a 'java/lang/NoSuchMethodError'{0x000000008880ddf8}: 'java.lang.Object java.lang.invoke.DirectMethodHandle$Holder.invokeVirtual(java.lang.Object, java.lang.Object, java.lang.Object, int)'> (0x000000008880ddf8) 
thrown [s\src\hotspot\share\interpreter\linkResolver.cpp, line 773]
Event: 129.979 Thread 0x0000014262a62990 Exception <a 'java/lang/ClassNotFoundException'{0x0000000088854a78}: org/gradle/plugin/use/internal/PluginRequestCollector$PluginDependencySpecImplBeanInfo> (0x0000000088854a78) 
thrown [s\src\hotspot\share\classfile\systemDictionary.cpp, line 313]
Event: 129.980 Thread 0x0000014262a62990 Exception <a 'java/lang/ClassNotFoundException'{0x0000000088865780}: org/gradle/plugin/use/internal/PluginRequestCollector$PluginDependencySpecImplCustomizer> (0x0000000088865780) 
thrown [s\src\hotspot\share\classfile\systemDictionary.cpp, line 313]

ZGC Phase Switch (0 events):
No events

VM Operations (20 events):
Event: 121.847 Executing safepoint VM operation: G1CollectForAllocation (G1 Evacuation Pause)
Event: 121.851 Executing safepoint VM operation: G1CollectForAllocation (G1 Evacuation Pause) done
Event: 122.864 Executing safepoint VM operation: Cleanup
Event: 122.864 Executing safepoint VM operation: Cleanup done
Event: 123.025 Executing safepoint VM operation: G1CollectForAllocation (G1 Evacuation Pause)
Event: 123.028 Executing safepoint VM operation: G1CollectForAllocation (G1 Evacuation Pause) done
Event: 123.519 Executing non-safepoint VM operation: HandshakeAllThreads (Deoptimize)
Event: 123.519 Executing non-safepoint VM operation: HandshakeAllThreads (Deoptimize) done
Event: 124.530 Executing safepoint VM operation: Cleanup
Event: 124.530 Executing safepoint VM operation: Cleanup done
Event: 125.034 Executing non-safepoint VM operation: HandshakeAllThreads (Deoptimize)
Event: 125.034 Executing non-safepoint VM operation: HandshakeAllThreads (Deoptimize) done
Event: 126.042 Executing safepoint VM operation: Cleanup
Event: 126.045 Executing safepoint VM operation: Cleanup done
Event: 126.197 Executing safepoint VM operation: G1CollectForAllocation (G1 Evacuation Pause)
Event: 126.201 Executing safepoint VM operation: G1CollectForAllocation (G1 Evacuation Pause) done
Event: 127.213 Executing safepoint VM operation: Cleanup
Event: 127.213 Executing safepoint VM operation: Cleanup done
Event: 129.233 Executing safepoint VM operation: Cleanup
Event: 129.233 Executing safepoint VM operation: Cleanup done

Memory protections (0 events):
No events

Nmethod flushes (20 events):
Event: 67.041 Thread 0x00000142627830b0 flushing  nmethod 0x000001424e2ae690
Event: 67.041 Thread 0x00000142627830b0 flushing  nmethod 0x000001424e2b1390
Event: 67.041 Thread 0x00000142627830b0 flushing  nmethod 0x000001424e2b1890
Event: 67.041 Thread 0x00000142627830b0 flushing  nmethod 0x000001424e2b1e10
Event: 67.041 Thread 0x00000142627830b0 flushing  nmethod 0x000001424e2b2a10
Event: 67.041 Thread 0x00000142627830b0 flushing  nmethod 0x000001424e2b3190
Event: 67.041 Thread 0x00000142627830b0 flushing  nmethod 0x000001424e392010
Event: 67.041 Thread 0x00000142627830b0 flushing  nmethod 0x000001424e439710
Event: 67.041 Thread 0x00000142627830b0 flushing  nmethod 0x000001424e439d90
Event: 67.041 Thread 0x00000142627830b0 flushing  nmethod 0x000001424e4e8010
Event: 67.041 Thread 0x00000142627830b0 flushing  nmethod 0x000001424e4edf90
Event: 67.041 Thread 0x00000142627830b0 flushing  nmethod 0x000001424e4f3810
Event: 67.041 Thread 0x00000142627830b0 flushing  nmethod 0x000001424e5a9e90
Event: 67.041 Thread 0x00000142627830b0 flushing  nmethod 0x000001424e5acb90
Event: 67.041 Thread 0x00000142627830b0 flushing  nmethod 0x000001424e5ae690
Event: 67.041 Thread 0x00000142627830b0 flushing  nmethod 0x000001424e5fe590
Event: 67.041 Thread 0x00000142627830b0 flushing  nmethod 0x0000014255d23b10
Event: 67.041 Thread 0x00000142627830b0 flushing  nmethod 0x0000014255d25110
Event: 67.041 Thread 0x00000142627830b0 flushing  nmethod 0x0000014255d26090
Event: 67.041 Thread 0x00000142627830b0 flushing osr nmethod 0x0000014255d2b690

Events (20 events):
Event: 21.506 Thread 0x000001426705f800 Thread added: 0x0000014262a65780
Event: 21.553 Thread 0x000001426705f800 Thread added: 0x0000014262a63020
Event: 21.581 Thread 0x0000014262a62990 Thread added: 0x0000014262a650f0
Event: 21.588 Thread 0x0000014262a62990 Thread added: 0x0000014262a62300
Event: 21.590 Thread 0x0000014262a62990 Thread added: 0x0000014262a63d40
Event: 24.996 Thread 0x0000014262a62990 Thread added: 0x0000014262a636b0
Event: 25.599 Thread 0x0000014262a62990 Thread added: 0x0000014262a643d0
Event: 25.932 Thread 0x0000014262a62990 Thread added: 0x0000014262a64a60
Event: 25.980 Thread 0x0000014262a643d0 Thread added: 0x0000014268e661f0
Event: 37.426 Thread 0x0000014262a62990 Thread added: 0x0000014268e66f10
Event: 37.616 Thread 0x0000014262a62990 Thread added: 0x0000014268e68fe0
Event: 40.508 Thread 0x0000014262a62990 Thread added: 0x0000014268e675a0
Event: 40.603 Thread 0x0000014262a62990 Thread added: 0x0000014268e69670
Event: 42.440 Thread 0x0000014262a62990 Thread added: 0x0000014268e66880
Event: 43.158 Thread 0x0000014262a62990 Thread added: 0x0000014268e6b0b0
Event: 45.303 Thread 0x0000014262a62990 Thread added: 0x0000014268e6a390
Event: 52.984 Thread 0x0000014262a62990 Thread added: 0x0000014268e67c30
Event: 72.836 Thread 0x0000014262a62990 Thread added: 0x0000014268e6bdd0
Event: 120.789 Thread 0x0000014262a62990 Thread added: 0x0000014268e68950
Event: 127.639 Thread 0x0000014262a62990 Thread added: 0x0000014268e6c460


Dynamic libraries:
0x00007ff62f870000 - 0x00007ff62f87e000 	C:\Users\nhlan\.vscode\extensions\redhat.java-1.56.0-win32-x64\jre\21.0.12.1-win32-x86_64\bin\java.exe
0x00007fffa7220000 - 0x00007fffa7487000 	C:\WINDOWS\SYSTEM32\ntdll.dll
0x00007fffa6650000 - 0x00007fffa671b000 	C:\WINDOWS\System32\KERNEL32.DLL
0x00007fffa49d0000 - 0x00007fffa4dd2000 	C:\WINDOWS\System32\KERNELBASE.dll
0x00007fffa4420000 - 0x00007fffa456c000 	C:\WINDOWS\System32\ucrtbase.dll
0x00007fff9ef20000 - 0x00007fff9ef38000 	C:\Users\nhlan\.vscode\extensions\redhat.java-1.56.0-win32-x64\jre\21.0.12.1-win32-x86_64\bin\jli.dll
0x00007fffa6ab0000 - 0x00007fffa6c7f000 	C:\WINDOWS\System32\USER32.dll
0x00007fffa4de0000 - 0x00007fffa4e07000 	C:\WINDOWS\System32\win32u.dll
0x00007fffa71b0000 - 0x00007fffa71db000 	C:\WINDOWS\System32\GDI32.dll
0x00007fffa4e10000 - 0x00007fffa4f39000 	C:\WINDOWS\System32\gdi32full.dll
0x00007fffa4580000 - 0x00007fffa4623000 	C:\WINDOWS\System32\msvcp_win.dll
0x00007fff8b470000 - 0x00007fff8b700000 	C:\WINDOWS\WinSxS\amd64_microsoft.windows.common-controls_6595b64144ccf1df_6.0.26100.9278_none_3e0d1ba8e3303201\COMCTL32.dll
0x00007fffa6980000 - 0x00007fffa6a29000 	C:\WINDOWS\System32\msvcrt.dll
0x00007fff9ec50000 - 0x00007fff9ec6e000 	C:\Users\nhlan\.vscode\extensions\redhat.java-1.56.0-win32-x64\jre\21.0.12.1-win32-x86_64\bin\VCRUNTIME140.dll
0x00007fffa4f40000 - 0x00007fffa4f71000 	C:\WINDOWS\System32\IMM32.DLL
0x00007fff814d0000 - 0x00007fff815c2000 	C:\Program Files\Windhawk\Engine\1.7.3\64\windhawk.dll
0x00007fffa5d70000 - 0x00007fffa5e2c000 	C:\WINDOWS\System32\ADVAPI32.dll
0x00007fffa58f0000 - 0x00007fffa5999000 	C:\WINDOWS\System32\sechost.dll
0x00007fffa6760000 - 0x00007fffa6878000 	C:\WINDOWS\System32\RPCRT4.dll
0x00007fff81910000 - 0x00007fff81938000 	C:\ProgramData\Windhawk\Engine\Mods\64\explorer-details-better-file-sizes_1.4.11_675263.dll
0x00007fffa5570000 - 0x00007fffa570a000 	C:\WINDOWS\System32\ole32.dll
0x00007fffa59a0000 - 0x00007fffa5d25000 	C:\WINDOWS\System32\combase.dll
0x00007fffa5270000 - 0x00007fffa5349000 	C:\WINDOWS\System32\OLEAUT32.dll
0x00007fffa5ea0000 - 0x00007fffa6638000 	C:\WINDOWS\System32\SHELL32.dll
0x00007fff9c3e0000 - 0x00007fff9c4d5000 	C:\WINDOWS\SYSTEM32\PROPSYS.dll
0x00007fff81170000 - 0x00007fff81319000 	C:\ProgramData\Windhawk\Engine\Mods\64\libc++.whl
0x00007fff81320000 - 0x00007fff8135a000 	C:\ProgramData\Windhawk\Engine\Mods\64\libunwind.whl
0x00007fff9fa40000 - 0x00007fff9fa4c000 	C:\Users\nhlan\.vscode\extensions\redhat.java-1.56.0-win32-x64\jre\21.0.12.1-win32-x86_64\bin\vcruntime140_1.dll
0x00007fff70010000 - 0x00007fff7009d000 	C:\Users\nhlan\.vscode\extensions\redhat.java-1.56.0-win32-x64\jre\21.0.12.1-win32-x86_64\bin\msvcp140.dll
0x00007ffef3e00000 - 0x00007ffef4ba2000 	C:\Users\nhlan\.vscode\extensions\redhat.java-1.56.0-win32-x64\jre\21.0.12.1-win32-x86_64\bin\server\jvm.dll
0x00007fffa51e0000 - 0x00007fffa5260000 	C:\WINDOWS\System32\WS2_32.dll
0x00007fffa4280000 - 0x00007fffa42de000 	C:\WINDOWS\SYSTEM32\POWRPROF.dll
0x00007fff98600000 - 0x00007fff9860b000 	C:\WINDOWS\SYSTEM32\VERSION.dll
0x00007fff98d50000 - 0x00007fff98d86000 	C:\WINDOWS\SYSTEM32\WINMM.dll
0x00007fffa4260000 - 0x00007fffa4275000 	C:\WINDOWS\SYSTEM32\UMPDC.dll
0x00007fffa30f0000 - 0x00007fffa310b000 	C:\WINDOWS\SYSTEM32\kernel.appcore.dll
0x00007fff9f610000 - 0x00007fff9f61a000 	C:\Users\nhlan\.vscode\extensions\redhat.java-1.56.0-win32-x64\jre\21.0.12.1-win32-x86_64\bin\jimage.dll
0x00007fffa15f0000 - 0x00007fffa183c000 	C:\WINDOWS\SYSTEM32\DBGHELP.DLL
0x00007fff88780000 - 0x00007fff887bb000 	C:\WINDOWS\SYSTEM32\dbgcore.DLL
0x00007fffa4850000 - 0x00007fffa48fc000 	C:\WINDOWS\System32\bcryptPrimitives.dll
0x00007fff9f5b0000 - 0x00007fff9f5bf000 	C:\Users\nhlan\.vscode\extensions\redhat.java-1.56.0-win32-x64\jre\21.0.12.1-win32-x86_64\bin\instrument.dll
0x00007fff9eb70000 - 0x00007fff9eb90000 	C:\Users\nhlan\.vscode\extensions\redhat.java-1.56.0-win32-x64\jre\21.0.12.1-win32-x86_64\bin\java.dll
0x00007fffa1e50000 - 0x00007fffa26fe000 	C:\WINDOWS\SYSTEM32\windows.storage.dll
0x00007fffa5090000 - 0x00007fffa518b000 	C:\WINDOWS\System32\SHCORE.dll
0x00007fffa6a30000 - 0x00007fffa6a96000 	C:\WINDOWS\System32\shlwapi.dll
0x00007fffa4340000 - 0x00007fffa4369000 	C:\WINDOWS\SYSTEM32\profapi.dll
0x00007fff9e740000 - 0x00007fff9e758000 	C:\Users\nhlan\.vscode\extensions\redhat.java-1.56.0-win32-x64\jre\21.0.12.1-win32-x86_64\bin\zip.dll
0x00007fff9f5e0000 - 0x00007fff9f5f0000 	C:\Users\nhlan\.vscode\extensions\redhat.java-1.56.0-win32-x64\jre\21.0.12.1-win32-x86_64\bin\net.dll
0x00007fff98670000 - 0x00007fff9879a000 	C:\WINDOWS\SYSTEM32\WINHTTP.dll
0x00007fffa36b0000 - 0x00007fffa371c000 	C:\WINDOWS\system32\mswsock.dll
0x00007fff9da60000 - 0x00007fff9da76000 	C:\Users\nhlan\.vscode\extensions\redhat.java-1.56.0-win32-x64\jre\21.0.12.1-win32-x86_64\bin\nio.dll
0x00007fff9f330000 - 0x00007fff9f340000 	C:\Users\nhlan\.vscode\extensions\redhat.java-1.56.0-win32-x64\jre\21.0.12.1-win32-x86_64\bin\verify.dll
0x00007fff7fb50000 - 0x00007fff7fb77000 	C:\Users\nhlan\.gradle\native\c067742578af261105cb4f569cf0c3c89f3d7b1fecec35dd04571415982c5e48\windows-amd64\native-platform.dll
0x00007fff1fb20000 - 0x00007fff1fc64000 	C:\Users\nhlan\.gradle\native\100fb08df4bc3b14c8652ba06237920a3bd2aa13389f12d3474272988ae205f9\windows-amd64\native-platform-file-events.dll
0x00007fff9ee60000 - 0x00007fff9ee6a000 	C:\Users\nhlan\.vscode\extensions\redhat.java-1.56.0-win32-x64\jre\21.0.12.1-win32-x86_64\bin\management.dll
0x00007fff9ed80000 - 0x00007fff9ed8c000 	C:\Users\nhlan\.vscode\extensions\redhat.java-1.56.0-win32-x64\jre\21.0.12.1-win32-x86_64\bin\management_ext.dll
0x00007fffa6640000 - 0x00007fffa6648000 	C:\WINDOWS\System32\PSAPI.DLL
0x00007fffa39a0000 - 0x00007fffa39bb000 	C:\WINDOWS\SYSTEM32\CRYPTSP.dll
0x00007fffa3050000 - 0x00007fffa3089000 	C:\WINDOWS\system32\rsaenh.dll
0x00007fffa3760000 - 0x00007fffa3794000 	C:\WINDOWS\SYSTEM32\USERENV.dll
0x00007fffa4310000 - 0x00007fffa433a000 	C:\WINDOWS\SYSTEM32\bcrypt.dll
0x00007fffa39c0000 - 0x00007fffa39cc000 	C:\WINDOWS\SYSTEM32\CRYPTBASE.dll
0x00007fffa2b30000 - 0x00007fffa2b63000 	C:\WINDOWS\SYSTEM32\IPHLPAPI.DLL
0x00007fffa6aa0000 - 0x00007fffa6aaa000 	C:\WINDOWS\System32\NSI.dll
0x00007fff9e8d0000 - 0x00007fff9e8d9000 	C:\Users\nhlan\.vscode\extensions\redhat.java-1.56.0-win32-x64\jre\21.0.12.1-win32-x86_64\bin\extnet.dll
0x00007fff9ea40000 - 0x00007fff9ea4e000 	C:\Users\nhlan\.vscode\extensions\redhat.java-1.56.0-win32-x64\jre\21.0.12.1-win32-x86_64\bin\sunmscapi.dll
0x00007fffa4630000 - 0x00007fffa47ae000 	C:\WINDOWS\System32\CRYPT32.dll
0x00007fffa3be0000 - 0x00007fffa3c10000 	C:\WINDOWS\SYSTEM32\ncrypt.dll
0x00007fffa3b90000 - 0x00007fffa3bcf000 	C:\WINDOWS\SYSTEM32\NTASN1.dll
0x00007fff7e6f0000 - 0x00007fff7e6f8000 	C:\WINDOWS\system32\wshunix.dll

JVMTI agents:
C:\Users\nhlan\.gradle\wrapper\dists\gradle-8.9-bin\90cnw93cvbtalezasaz0blq0a\gradle-8.9\lib\agents\gradle-instrumentation-agent-8.9.jar path:C:\Users\nhlan\.vscode\extensions\redhat.java-1.56.0-win32-x64\jre\21.0.12.1-win32-x86_64\bin\instrument.dll, loaded, initialized, instrumentlib options:none

dbghelp: loaded successfully - version: 4.0.5 - missing functions: none
symbol engine: initialized successfully - sym options: 0x614 - pdb path: .;C:\Users\nhlan\.vscode\extensions\redhat.java-1.56.0-win32-x64\jre\21.0.12.1-win32-x86_64\bin;C:\WINDOWS\SYSTEM32;C:\WINDOWS\WinSxS\amd64_microsoft.windows.common-controls_6595b64144ccf1df_6.0.26100.9278_none_3e0d1ba8e3303201;C:\Program Files\Windhawk\Engine\1.7.3\64;C:\ProgramData\Windhawk\Engine\Mods\64;C:\Users\nhlan\.vscode\extensions\redhat.java-1.56.0-win32-x64\jre\21.0.12.1-win32-x86_64\bin\server;C:\Users\nhlan\.gradle\native\c067742578af261105cb4f569cf0c3c89f3d7b1fecec35dd04571415982c5e48\windows-amd64;C:\Users\nhlan\.gradle\native\100fb08df4bc3b14c8652ba06237920a3bd2aa13389f12d3474272988ae205f9\windows-amd64

VM Arguments:
jvm_args: --add-opens=java.base/java.util=ALL-UNNAMED --add-opens=java.base/java.lang=ALL-UNNAMED --add-opens=java.base/java.lang.invoke=ALL-UNNAMED --add-opens=java.prefs/java.util.prefs=ALL-UNNAMED --add-exports=jdk.compiler/com.sun.tools.javac.api=ALL-UNNAMED --add-exports=jdk.compiler/com.sun.tools.javac.util=ALL-UNNAMED --add-opens=java.base/java.nio.charset=ALL-UNNAMED --add-opens=java.base/java.net=ALL-UNNAMED --add-opens=java.base/java.util.concurrent.atomic=ALL-UNNAMED -Xmx2048m -Dfile.encoding=UTF-8 -Duser.country=ZA -Duser.language=en -Duser.variant -javaagent:C:\Users\nhlan\.gradle\wrapper\dists\gradle-8.9-bin\90cnw93cvbtalezasaz0blq0a\gradle-8.9\lib\agents\gradle-instrumentation-agent-8.9.jar 
java_command: org.gradle.launcher.daemon.bootstrap.GradleDaemon 8.9
java_class_path (initial): C:\Users\nhlan\.gradle\wrapper\dists\gradle-8.9-bin\90cnw93cvbtalezasaz0blq0a\gradle-8.9\lib\gradle-daemon-main-8.9.jar
Launcher Type: SUN_STANDARD

[Global flags]
     intx CICompilerCount                          = 4                                         {product} {ergonomic}
     uint ConcGCThreads                            = 2                                         {product} {ergonomic}
     uint G1ConcRefinementThreads                  = 8                                         {product} {ergonomic}
   size_t G1HeapRegionSize                         = 1048576                                   {product} {ergonomic}
    uintx GCDrainStackTargetSize                   = 64                                        {product} {ergonomic}
   size_t InitialHeapSize                          = 130023424                                 {product} {ergonomic}
   size_t MarkStackSize                            = 4194304                                   {product} {ergonomic}
   size_t MaxHeapSize                              = 2147483648                                {product} {command line}
   size_t MaxNewSize                               = 1287651328                                {product} {ergonomic}
   size_t MinHeapDeltaBytes                        = 1048576                                   {product} {ergonomic}
   size_t MinHeapSize                              = 8388608                                   {product} {ergonomic}
    uintx NonNMethodCodeHeapSize                   = 5839372                                {pd product} {ergonomic}
    uintx NonProfiledCodeHeapSize                  = 122909434                              {pd product} {ergonomic}
    uintx ProfiledCodeHeapSize                     = 122909434                              {pd product} {ergonomic}
    uintx ReservedCodeCacheSize                    = 251658240                              {pd product} {ergonomic}
     bool SegmentedCodeCache                       = true                                      {product} {ergonomic}
   size_t SoftMaxHeapSize                          = 2147483648                             {manageable} {ergonomic}
     bool UseCompressedOops                        = true                           {product lp64_product} {ergonomic}
     bool UseG1GC                                  = true                                      {product} {ergonomic}
     bool UseLargePagesIndividualAllocation        = false                                  {pd product} {ergonomic}

Logging:
Log output configuration:
 #0: stdout all=warning uptime,level,tags foldmultilines=false
 #1: stderr all=off uptime,level,tags foldmultilines=false

Release file:
JAVA_VERSION="21.0.12.1" 
MODULES="java.base java.compiler java.datatransfer java.xml java.prefs java.desktop java.instrument java.logging java.management java.security.sasl java.naming java.rmi java.management.rmi java.net.http java.scripting java.security.jgss java.transaction.xa java.sql java.sql.rowset java.xml.crypto java.se java.smartcardio jdk.accessibility jdk.internal.jvmstat jdk.attach jdk.charsets jdk.internal.opt jdk.zipfs jdk.compiler jdk.crypto.ec jdk.crypto.cryptoki jdk.crypto.mscapi jdk.dynalink jdk.internal.ed jdk.editpad jdk.hotspot.agent jdk.httpserver jdk.internal.le jdk.internal.vm.ci jdk.internal.vm.compiler jdk.internal.vm.compiler.management jdk.jartool jdk.javadoc jdk.jcmd jdk.management jdk.management.agent jdk.jconsole jdk.jdeps jdk.jdwp.agent jdk.jdi jdk.jfr jdk.jshell jdk.jsobject jdk.jstatd jdk.localedata jdk.management.jfr jdk.naming.dns jdk.naming.rmi jdk.net jdk.nio.mapmode jdk.random jdk.sctp jdk.security.auth jdk.security.jgss jdk.unsupported jdk.unsupported.desktop jdk.xml.dom" 

Environment Variables:
JAVA_HOME=C:\Program Files\Java\jdk-20
PATH=C:\Program Files\Common Files\Oracle\Java\javapath;C:\Windows\system32;C:\Windows;C:\Windows\System32\Wbem;C:\Windows\System32\WindowsPowerShell\v1.0\;C:\Windows\System32\OpenSSH\;C:\Program Files\dotnet\;C:\WINDOWS\system32;C:\WINDOWS;C:\WINDOWS\System32\Wbem;C:\WINDOWS\System32\WindowsPowerShell\v1.0\;C:\WINDOWS\System32\OpenSSH\;C:\Program Files\Java\jdk-20\bin;C:\Program Files (x86)\Microsoft SQL Server\160\DTS\Binn\;C:\Program Files (x86)\Microsoft SQL Server\160\Tools\Binn\;C:\Program Files\Microsoft SQL Server\160\Tools\Binn\;C:\Program Files\Microsoft SQL Server\Client SDK\ODBC\170\Tools\Binn\;C:\Program Files\Microsoft SQL Server\160\DTS\Binn\;C:\Program Files\RedHat\Podman\;C:\Program Files\Git\cmd;C:\Program Files\nodejs\;C:\Program Files\Amazon\AWSCLIV2\;C:\Program Files\GitHub CLI\;C:\Users\nhlan\AppData\Local\Microsoft\WindowsApps;C:\Users\nhlan\.dotnet\tools;C:\Users\nhlan\AppData\Local\Programs\Microsoft VS Code\bin;C:\Program Files\Azure Data Studio\bin;C:\Users\nhlan\AppData\Local\Microsoft\WinGet\Packages\Astronomer.Astro_Microsoft.Winget.Source_8wekyb3d8bbwe;C:\Users\nhlan\AppData\Local\Programs\Kiro\bin;C:\Users\nhlan\AppData\Local\GitHubDesktop\bin;C:\Users\nhlan\AppData\Roaming\npm
USERNAME=nhlanhla
OS=Windows_NT
PROCESSOR_IDENTIFIER=Intel64 Family 6 Model 140 Stepping 1, GenuineIntel
TMP=C:\Users\nhlan\AppData\Local\Temp
TEMP=C:\Users\nhlan\AppData\Local\Temp




Periodic native trim disabled

---------------  S Y S T E M  ---------------

OS:
 Windows 11 , 64 bit Build 26100 (10.0.26100.9444)
OS uptime: 19 days 15:17 hours
Hyper-V role detected

CPU: total 8 (initial active 8) (4 cores per cpu, 2 threads per core) family 6 model 140 stepping 1 microcode 0xb6, cx8, cmov, fxsr, ht, mmx, 3dnowpref, sse, sse2, sse3, ssse3, sse4.1, sse4.2, popcnt, lzcnt, tsc, tscinvbit, avx, avx2, aes, erms, clmul, bmi1, bmi2, adx, avx512f, avx512dq, avx512cd, avx512bw, avx512vl, sha, fma, vzeroupper, avx512_vpopcntdq, avx512_vpclmulqdq, avx512_vaes, avx512_vnni, clflush, clflushopt, clwb, avx512_vbmi2, avx512_vbmi, hv, rdtscp, rdpid, fsrm, gfni, avx512_bitalg, f16c, cet_ibt, cet_ss, avx512_ifma
Processor Information for the first 8 processors :
  Max Mhz: 2419, Current Mhz: 2419, Mhz Limit: 2419

Memory: 4k page, system-wide physical 7886M (314M free)
TotalPageFile size 32462M (AvailPageFile size 0M)
current process WorkingSet (physical memory assigned to process): 151M, peak: 170M
current process commit charge ("private bytes"): 325M, peak: 325M

vm_info: OpenJDK 64-Bit Server VM (21.0.12.1+1-LTS) for windows-amd64 JRE (21.0.12.1+1-LTS), built on 2026-08-18T00:00:00Z by "admin" with MS VC++ 17.12 (VS2022)

END.
