#
# There is insufficient memory for the Java Runtime Environment to continue.
# Native memory allocation (malloc) failed to allocate 99984 bytes. Error detail: Chunk::new
# Possible reasons:
#   The system is out of physical RAM or swap space
#   This process is running with CompressedOops enabled, and the Java Heap may be blocking the growth of the native heap
# Possible solutions:
#   Reduce memory load on the system
#   Increase physical memory or swap space
#   Check if swap backing store is full
#   Decrease Java heap size (-Xmx/-Xms)
#   Decrease number of Java threads
#   Decrease Java thread stack sizes (-Xss)
#   Set larger code cache with -XX:ReservedCodeCacheSize=
#   JVM is running with Unscaled Compressed Oops mode in which the Java heap is
#     placed in the first 4GB address space. The Java Heap base address is the
#     maximum limit for the native heap growth. Please use -XX:HeapBaseMinAddress
#     to set the Java Heap base and to place the Java Heap above 4GB virtual address.
# This output file may be truncated or incomplete.
#
#  Out of Memory Error (arena.cpp:168), pid=2308, tid=14340
#
# JRE version: OpenJDK Runtime Environment Temurin-21.0.12.1+1 (21.0.12.1+1) (build 21.0.12.1+1-LTS)
# Java VM: OpenJDK 64-Bit Server VM Temurin-21.0.12.1+1 (21.0.12.1+1-LTS, mixed mode, sharing, tiered, compressed oops, compressed class ptrs, g1 gc, windows-amd64)
# No core dump will be written. Minidumps are not enabled by default on client versions of Windows
#

---------------  S U M M A R Y ------------

Command Line: --add-opens=java.base/java.util=ALL-UNNAMED --add-opens=java.base/java.lang=ALL-UNNAMED --add-opens=java.base/java.lang.invoke=ALL-UNNAMED --add-opens=java.prefs/java.util.prefs=ALL-UNNAMED --add-exports=jdk.compiler/com.sun.tools.javac.api=ALL-UNNAMED --add-exports=jdk.compiler/com.sun.tools.javac.util=ALL-UNNAMED --add-opens=java.base/java.nio.charset=ALL-UNNAMED --add-opens=java.base/java.net=ALL-UNNAMED --add-opens=java.base/java.util.concurrent.atomic=ALL-UNNAMED -Xmx2048m -Dfile.encoding=UTF-8 -Duser.country=ZA -Duser.language=en -Duser.variant -javaagent:C:\Users\nhlan\.gradle\wrapper\dists\gradle-8.9-bin\90cnw93cvbtalezasaz0blq0a\gradle-8.9\lib\agents\gradle-instrumentation-agent-8.9.jar org.gradle.launcher.daemon.bootstrap.GradleDaemon 8.9

Host: 11th Gen Intel(R) Core(TM) i5-1135G7 @ 2.40GHz, 8 cores, 7G,  Windows 11 , 64 bit Build 26100 (10.0.26100.9444)
Time: Wed Sep 30 04:51:24 2026 South Africa Standard Time elapsed time: 109.319997 seconds (0d 0h 1m 49s)

---------------  T H R E A D  ---------------

Current thread (0x00000277bfa2e030):  JavaThread "C2 CompilerThread0" daemon [_thread_in_native, id=14340, stack(0x00000097ed900000,0x00000097eda00000) (1024K)]


Current CompileTask:
C2:109320 3287       4       jdk.internal.org.objectweb.asm.Frame::setLocal (65 bytes)

Stack: [0x00000097ed900000,0x00000097eda00000]
Native frames: (J=compiled Java code, j=interpreted, Vv=VM code, C=native code)
V  [jvm.dll+0x6d83e9]
V  [jvm.dll+0x8b5736]
V  [jvm.dll+0x8b7cee]
V  [jvm.dll+0x8b83d3]
V  [jvm.dll+0x284596]
V  [jvm.dll+0xc685d]
V  [jvm.dll+0xc6da1]
V  [jvm.dll+0x3bf18b]
V  [jvm.dll+0x38b6d2]
V  [jvm.dll+0x38ab1a]
V  [jvm.dll+0x24c700]
V  [jvm.dll+0x24bce0]
V  [jvm.dll+0x1cb4ae]
V  [jvm.dll+0x25baad]
V  [jvm.dll+0x25a03a]
V  [jvm.dll+0x3f8aae]
V  [jvm.dll+0x8600cd]
V  [jvm.dll+0x6d6c1d]
C  [ucrtbase.dll+0x2cd30]
C  [KERNEL32.DLL+0x2cd87]
C  [ntdll.dll+0xacaec]


---------------  P R O C E S S  ---------------

Threads class SMR info:
_java_thread_list=0x0000027806a6bda0, length=25, elements={
0x00000277a5ad3b60, 0x00000277bfa290b0, 0x00000277bfa2a520, 0x00000277bfa2b180,
0x00000277bfa2bde0, 0x00000277bfa2c840, 0x00000277bfa2d2a0, 0x00000277bfa2e030,
0x00000277bfa364a0, 0x00000277bfd1b930, 0x00000277bfcbb290, 0x0000027805c612b0,
0x00000277bfb3dd60, 0x00000277bfe00e00, 0x00000278063fe960, 0x00000278063866c0,
0x00000278063aa170, 0x0000027805e36480, 0x0000027805e38550, 0x0000027805e36b10,
0x0000027805e350d0, 0x0000027805e35df0, 0x0000027805e37ec0, 0x0000027805e371a0,
0x0000027805e37830
}

Java Threads: ( => current thread )
  0x00000277a5ad3b60 JavaThread "main"                              [_thread_blocked, id=14100, stack(0x00000097ecb00000,0x00000097ecc00000) (1024K)]
  0x00000277bfa290b0 JavaThread "Reference Handler"          daemon [_thread_blocked, id=25192, stack(0x00000097ed300000,0x00000097ed400000) (1024K)]
  0x00000277bfa2a520 JavaThread "Finalizer"                  daemon [_thread_blocked, id=39676, stack(0x00000097ed400000,0x00000097ed500000) (1024K)]
  0x00000277bfa2b180 JavaThread "Signal Dispatcher"          daemon [_thread_blocked, id=1120, stack(0x00000097ed500000,0x00000097ed600000) (1024K)]
  0x00000277bfa2bde0 JavaThread "Attach Listener"            daemon [_thread_blocked, id=21448, stack(0x00000097ed600000,0x00000097ed700000) (1024K)]
  0x00000277bfa2c840 JavaThread "Service Thread"             daemon [_thread_blocked, id=38084, stack(0x00000097ed700000,0x00000097ed800000) (1024K)]
  0x00000277bfa2d2a0 JavaThread "Monitor Deflation Thread"   daemon [_thread_blocked, id=40668, stack(0x00000097ed800000,0x00000097ed900000) (1024K)]
=>0x00000277bfa2e030 JavaThread "C2 CompilerThread0"         daemon [_thread_in_native, id=14340, stack(0x00000097ed900000,0x00000097eda00000) (1024K)]
  0x00000277bfa364a0 JavaThread "C1 CompilerThread0"         daemon [_thread_blocked, id=2788, stack(0x00000097eda00000,0x00000097edb00000) (1024K)]
  0x00000277bfd1b930 JavaThread "Common-Cleaner"             daemon [_thread_blocked, id=24120, stack(0x00000097edb00000,0x00000097edc00000) (1024K)]
  0x00000277bfcbb290 JavaThread "Notification Thread"        daemon [_thread_blocked, id=45024, stack(0x00000097edc00000,0x00000097edd00000) (1024K)]
  0x0000027805c612b0 JavaThread "Daemon health stats"               [_thread_blocked, id=31560, stack(0x00000097ee100000,0x00000097ee200000) (1024K)]
  0x00000277bfb3dd60 JavaThread "Incoming local TCP Connector on port 17798"        [_thread_in_native, id=13504, stack(0x00000097ee200000,0x00000097ee300000) (1024K)]
  0x00000277bfe00e00 JavaThread "Daemon periodic checks"            [_thread_blocked, id=18460, stack(0x00000097ee300000,0x00000097ee400000) (1024K)]
  0x00000278063fe960 JavaThread "Daemon"                            [_thread_blocked, id=22588, stack(0x00000097ec700000,0x00000097ec800000) (1024K)]
  0x00000278063866c0 JavaThread "Handler for socket connection from /127.0.0.1:17798 to /127.0.0.1:17813"        [_thread_in_native, id=28880, stack(0x00000097ee400000,0x00000097ee500000) (1024K)]
  0x00000278063aa170 JavaThread "Cancel handler"                    [_thread_blocked, id=43284, stack(0x00000097ee500000,0x00000097ee600000) (1024K)]
  0x0000027805e36480 JavaThread "Daemon worker"                     [_thread_in_Java, id=11268, stack(0x00000097ee600000,0x00000097ee700000) (1024K)]
  0x0000027805e38550 JavaThread "Asynchronous log dispatcher for DefaultDaemonConnection: socket connection from /127.0.0.1:17798 to /127.0.0.1:17813"        [_thread_blocked, id=9960, stack(0x00000097ee700000,0x00000097ee800000) (1024K)]
  0x0000027805e36b10 JavaThread "Stdin handler"                     [_thread_blocked, id=19804, stack(0x00000097ee800000,0x00000097ee900000) (1024K)]
  0x0000027805e350d0 JavaThread "Daemon client event forwarder"        [_thread_blocked, id=13936, stack(0x00000097ee900000,0x00000097eea00000) (1024K)]
  0x0000027805e35df0 JavaThread "Cache worker for journal cache (C:\Users\nhlan\.gradle\caches\journal-1)"        [_thread_blocked, id=35920, stack(0x00000097eed00000,0x00000097eee00000) (1024K)]
  0x0000027805e37ec0 JavaThread "File lock request listener"        [_thread_in_native, id=26016, stack(0x00000097eee00000,0x00000097eef00000) (1024K)]
  0x0000027805e371a0 JavaThread "Cache worker for file hash cache (C:\Users\nhlan\.gradle\caches\8.9\fileHashes)"        [_thread_blocked, id=19708, stack(0x00000097ec800000,0x00000097ec900000) (1024K)]
  0x0000027805e37830 JavaThread "File lock release action executor"        [_thread_blocked, id=18244, stack(0x00000097ec900000,0x00000097eca00000) (1024K)]
Total: 25

Other Threads:
  0x00000277bf29a4c0 VMThread "VM Thread"                           [id=43808, stack(0x00000097ed200000,0x00000097ed300000) (1024K)]
  0x00000277bf286780 WatcherThread "VM Periodic Task Thread"        [id=36684, stack(0x00000097ed100000,0x00000097ed200000) (1024K)]
  0x00000277a82fa190 WorkerThread "GC Thread#0"                     [id=12996, stack(0x00000097ecc00000,0x00000097ecd00000) (1024K)]
  0x00000278057feb30 WorkerThread "GC Thread#1"                     [id=42920, stack(0x00000097edd00000,0x00000097ede00000) (1024K)]
  0x0000027805903c00 WorkerThread "GC Thread#2"                     [id=32200, stack(0x00000097ede00000,0x00000097edf00000) (1024K)]
  0x000002780564c4d0 WorkerThread "GC Thread#3"                     [id=29892, stack(0x00000097edf00000,0x00000097ee000000) (1024K)]
  0x0000027805c8a0a0 WorkerThread "GC Thread#4"                     [id=30724, stack(0x00000097ee000000,0x00000097ee100000) (1024K)]
  0x00000278063449e0 WorkerThread "GC Thread#5"                     [id=44348, stack(0x00000097eea00000,0x00000097eeb00000) (1024K)]
  0x00000278062915d0 WorkerThread "GC Thread#6"                     [id=29160, stack(0x00000097eeb00000,0x00000097eec00000) (1024K)]
  0x0000027806679230 WorkerThread "GC Thread#7"                     [id=44200, stack(0x00000097eec00000,0x00000097eed00000) (1024K)]
  0x00000277a830e020 ConcurrentGCThread "G1 Main Marker"            [id=19068, stack(0x00000097ecd00000,0x00000097ece00000) (1024K)]
  0x00000277a8310180 WorkerThread "G1 Conc#0"                       [id=43152, stack(0x00000097ece00000,0x00000097ecf00000) (1024K)]
  0x00000277a832eb20 ConcurrentGCThread "G1 Refine#0"               [id=18744, stack(0x00000097ecf00000,0x00000097ed000000) (1024K)]
  0x00000277bf159710 ConcurrentGCThread "G1 Service"                [id=38180, stack(0x00000097ed000000,0x00000097ed100000) (1024K)]
Total: 14

Threads with active compile tasks:
C2 CompilerThread0  109366 3287       4       jdk.internal.org.objectweb.asm.Frame::setLocal (65 bytes)
Total: 1

VM state: not at safepoint (normal execution)

VM Mutex/Monitor currently owned by a thread: None

Heap address: 0x0000000080000000, size: 2048 MB, Compressed Oops mode: 32-bit

CDS archive(s) mapped at: [0x00000277c0000000-0x00000277c0ba0000-0x00000277c0ba0000), size 12189696, SharedBaseAddress: 0x00000277c0000000, ArchiveRelocationMode: 1.
Compressed class space mapped at: 0x00000277c1000000-0x0000027801000000, reserved size: 1073741824
Narrow klass base: 0x00000277c0000000, Narrow klass shift: 0, Narrow klass range: 0x100000000

GC Precious Log:
 CardTable entry size: 512
 Card Set container configuration: InlinePtr #cards 5 size 8 Array Of Cards #cards 12 size 40 Howl #buckets 4 coarsen threshold 1843 Howl Bitmap #cards 512 size 80 coarsen threshold 460 Card regions per heap region 1 cards per card region 2048
 CPUs: 8 total, 8 available
 Memory: 7886M
 Large Page Support: Disabled
 NUMA Support: Disabled
 Compressed Oops: Enabled (32-bit)
 Heap Region Size: 1M
 Heap Min Capacity: 8M
 Heap Initial Capacity: 124M
 Heap Max Capacity: 2G
 Pre-touch: Disabled
 Parallel Workers: 8
 Concurrent Workers: 2
 Concurrent Refinement Workers: 8
 Periodic GC: Disabled

Heap:
 garbage-first heap   total 126976K, used 72386K [0x0000000080000000, 0x0000000100000000)
  region size 1024K, 62 young (63488K), 10 survivors (10240K)
 Metaspace       used 20287K, committed 20928K, reserved 1114112K
  class space    used 2957K, committed 3264K, reserved 1048576K

Heap Regions: E=young(eden), S=young(survivor), O=old, HS=humongous(starts), HC=humongous(continues), CS=collection set, F=free, TAMS=top-at-mark-start, PB=parsable bottom
|   0|0x0000000080000000, 0x0000000080100000, 0x0000000080100000|100%|HS|  |TAMS 0x0000000080000000| PB 0x0000000080000000| Complete 
|   1|0x0000000080100000, 0x0000000080200000, 0x0000000080200000|100%|HC|  |TAMS 0x0000000080100000| PB 0x0000000080100000| Complete 
|   2|0x0000000080200000, 0x0000000080300000, 0x0000000080300000|100%|HC|  |TAMS 0x0000000080200000| PB 0x0000000080200000| Complete 
|   3|0x0000000080300000, 0x0000000080400000, 0x0000000080400000|100%|HC|  |TAMS 0x0000000080300000| PB 0x0000000080300000| Complete 
|   4|0x0000000080400000, 0x0000000080500000, 0x0000000080500000|100%| O|  |TAMS 0x0000000080400000| PB 0x0000000080400000| Untracked 
|   5|0x0000000080500000, 0x0000000080600000, 0x0000000080600000|100%| O|  |TAMS 0x0000000080500000| PB 0x0000000080500000| Untracked 
|   6|0x0000000080600000, 0x0000000080700000, 0x0000000080700000|100%| O|  |TAMS 0x0000000080600000| PB 0x0000000080600000| Untracked 
|   7|0x0000000080700000, 0x0000000080800000, 0x0000000080800000|100%| O|  |TAMS 0x0000000080700000| PB 0x0000000080700000| Untracked 
|   8|0x0000000080800000, 0x0000000080900000, 0x0000000080900000|100%| O|  |TAMS 0x0000000080800000| PB 0x0000000080800000| Untracked 
|   9|0x0000000080900000, 0x0000000080a00000, 0x0000000080a00000|100%| O|  |TAMS 0x0000000080900000| PB 0x0000000080900000| Untracked 
|  10|0x0000000080a00000, 0x0000000080a58978, 0x0000000080b00000| 34%| O|  |TAMS 0x0000000080a00000| PB 0x0000000080a00000| Untracked 
|  11|0x0000000080b00000, 0x0000000080c00000, 0x0000000080c00000|100%|HS|  |TAMS 0x0000000080b00000| PB 0x0000000080b00000| Complete 
|  12|0x0000000080c00000, 0x0000000080c00000, 0x0000000080d00000|  0%| F|  |TAMS 0x0000000080c00000| PB 0x0000000080c00000| Untracked 
|  13|0x0000000080d00000, 0x0000000080d00000, 0x0000000080e00000|  0%| F|  |TAMS 0x0000000080d00000| PB 0x0000000080d00000| Untracked 
|  14|0x0000000080e00000, 0x0000000080e00000, 0x0000000080f00000|  0%| F|  |TAMS 0x0000000080e00000| PB 0x0000000080e00000| Untracked 
|  15|0x0000000080f00000, 0x0000000080f00000, 0x0000000081000000|  0%| F|  |TAMS 0x0000000080f00000| PB 0x0000000080f00000| Untracked 
|  16|0x0000000081000000, 0x0000000081000000, 0x0000000081100000|  0%| F|  |TAMS 0x0000000081000000| PB 0x0000000081000000| Untracked 
|  17|0x0000000081100000, 0x0000000081100000, 0x0000000081200000|  0%| F|  |TAMS 0x0000000081100000| PB 0x0000000081100000| Untracked 
|  18|0x0000000081200000, 0x0000000081200000, 0x0000000081300000|  0%| F|  |TAMS 0x0000000081200000| PB 0x0000000081200000| Untracked 
|  19|0x0000000081300000, 0x0000000081300000, 0x0000000081400000|  0%| F|  |TAMS 0x0000000081300000| PB 0x0000000081300000| Untracked 
|  20|0x0000000081400000, 0x0000000081400000, 0x0000000081500000|  0%| F|  |TAMS 0x0000000081400000| PB 0x0000000081400000| Untracked 
|  21|0x0000000081500000, 0x0000000081500000, 0x0000000081600000|  0%| F|  |TAMS 0x0000000081500000| PB 0x0000000081500000| Untracked 
|  22|0x0000000081600000, 0x0000000081600000, 0x0000000081700000|  0%| F|  |TAMS 0x0000000081600000| PB 0x0000000081600000| Untracked 
|  23|0x0000000081700000, 0x0000000081700000, 0x0000000081800000|  0%| F|  |TAMS 0x0000000081700000| PB 0x0000000081700000| Untracked 
|  24|0x0000000081800000, 0x0000000081800000, 0x0000000081900000|  0%| F|  |TAMS 0x0000000081800000| PB 0x0000000081800000| Untracked 
|  25|0x0000000081900000, 0x0000000081900000, 0x0000000081a00000|  0%| F|  |TAMS 0x0000000081900000| PB 0x0000000081900000| Untracked 
|  26|0x0000000081a00000, 0x0000000081a00000, 0x0000000081b00000|  0%| F|  |TAMS 0x0000000081a00000| PB 0x0000000081a00000| Untracked 
|  27|0x0000000081b00000, 0x0000000081b00000, 0x0000000081c00000|  0%| F|  |TAMS 0x0000000081b00000| PB 0x0000000081b00000| Untracked 
|  28|0x0000000081c00000, 0x0000000081c00000, 0x0000000081d00000|  0%| F|  |TAMS 0x0000000081c00000| PB 0x0000000081c00000| Untracked 
|  29|0x0000000081d00000, 0x0000000081d00000, 0x0000000081e00000|  0%| F|  |TAMS 0x0000000081d00000| PB 0x0000000081d00000| Untracked 
|  30|0x0000000081e00000, 0x0000000081e00000, 0x0000000081f00000|  0%| F|  |TAMS 0x0000000081e00000| PB 0x0000000081e00000| Untracked 
|  31|0x0000000081f00000, 0x0000000081f00000, 0x0000000082000000|  0%| F|  |TAMS 0x0000000081f00000| PB 0x0000000081f00000| Untracked 
|  32|0x0000000082000000, 0x0000000082000000, 0x0000000082100000|  0%| F|  |TAMS 0x0000000082000000| PB 0x0000000082000000| Untracked 
|  33|0x0000000082100000, 0x0000000082100000, 0x0000000082200000|  0%| F|  |TAMS 0x0000000082100000| PB 0x0000000082100000| Untracked 
|  34|0x0000000082200000, 0x0000000082200000, 0x0000000082300000|  0%| F|  |TAMS 0x0000000082200000| PB 0x0000000082200000| Untracked 
|  35|0x0000000082300000, 0x0000000082300000, 0x0000000082400000|  0%| F|  |TAMS 0x0000000082300000| PB 0x0000000082300000| Untracked 
|  36|0x0000000082400000, 0x0000000082400000, 0x0000000082500000|  0%| F|  |TAMS 0x0000000082400000| PB 0x0000000082400000| Untracked 
|  37|0x0000000082500000, 0x0000000082500000, 0x0000000082600000|  0%| F|  |TAMS 0x0000000082500000| PB 0x0000000082500000| Untracked 
|  38|0x0000000082600000, 0x0000000082600000, 0x0000000082700000|  0%| F|  |TAMS 0x0000000082600000| PB 0x0000000082600000| Untracked 
|  39|0x0000000082700000, 0x0000000082700000, 0x0000000082800000|  0%| F|  |TAMS 0x0000000082700000| PB 0x0000000082700000| Untracked 
|  40|0x0000000082800000, 0x00000000828581b0, 0x0000000082900000| 34%| S|CS|TAMS 0x0000000082800000| PB 0x0000000082800000| Complete 
|  41|0x0000000082900000, 0x0000000082a00000, 0x0000000082a00000|100%| S|CS|TAMS 0x0000000082900000| PB 0x0000000082900000| Complete 
|  42|0x0000000082a00000, 0x0000000082b00000, 0x0000000082b00000|100%| S|CS|TAMS 0x0000000082a00000| PB 0x0000000082a00000| Complete 
|  43|0x0000000082b00000, 0x0000000082c00000, 0x0000000082c00000|100%| S|CS|TAMS 0x0000000082b00000| PB 0x0000000082b00000| Complete 
|  44|0x0000000082c00000, 0x0000000082d00000, 0x0000000082d00000|100%| S|CS|TAMS 0x0000000082c00000| PB 0x0000000082c00000| Complete 
|  45|0x0000000082d00000, 0x0000000082e00000, 0x0000000082e00000|100%| S|CS|TAMS 0x0000000082d00000| PB 0x0000000082d00000| Complete 
|  46|0x0000000082e00000, 0x0000000082f00000, 0x0000000082f00000|100%| S|CS|TAMS 0x0000000082e00000| PB 0x0000000082e00000| Complete 
|  47|0x0000000082f00000, 0x0000000083000000, 0x0000000083000000|100%| S|CS|TAMS 0x0000000082f00000| PB 0x0000000082f00000| Complete 
|  48|0x0000000083000000, 0x0000000083100000, 0x0000000083100000|100%| S|CS|TAMS 0x0000000083000000| PB 0x0000000083000000| Complete 
|  49|0x0000000083100000, 0x0000000083200000, 0x0000000083200000|100%| S|CS|TAMS 0x0000000083100000| PB 0x0000000083100000| Complete 
|  50|0x0000000083200000, 0x0000000083200000, 0x0000000083300000|  0%| F|  |TAMS 0x0000000083200000| PB 0x0000000083200000| Untracked 
|  51|0x0000000083300000, 0x0000000083300000, 0x0000000083400000|  0%| F|  |TAMS 0x0000000083300000| PB 0x0000000083300000| Untracked 
|  52|0x0000000083400000, 0x0000000083400000, 0x0000000083500000|  0%| F|  |TAMS 0x0000000083400000| PB 0x0000000083400000| Untracked 
|  53|0x0000000083500000, 0x0000000083500000, 0x0000000083600000|  0%| F|  |TAMS 0x0000000083500000| PB 0x0000000083500000| Untracked 
|  54|0x0000000083600000, 0x0000000083600000, 0x0000000083700000|  0%| F|  |TAMS 0x0000000083600000| PB 0x0000000083600000| Untracked 
|  55|0x0000000083700000, 0x0000000083700000, 0x0000000083800000|  0%| F|  |TAMS 0x0000000083700000| PB 0x0000000083700000| Untracked 
|  56|0x0000000083800000, 0x0000000083800000, 0x0000000083900000|  0%| F|  |TAMS 0x0000000083800000| PB 0x0000000083800000| Untracked 
|  57|0x0000000083900000, 0x0000000083900000, 0x0000000083a00000|  0%| F|  |TAMS 0x0000000083900000| PB 0x0000000083900000| Untracked 
|  58|0x0000000083a00000, 0x0000000083a00000, 0x0000000083b00000|  0%| F|  |TAMS 0x0000000083a00000| PB 0x0000000083a00000| Untracked 
|  59|0x0000000083b00000, 0x0000000083b00000, 0x0000000083c00000|  0%| F|  |TAMS 0x0000000083b00000| PB 0x0000000083b00000| Untracked 
|  60|0x0000000083c00000, 0x0000000083c00000, 0x0000000083d00000|  0%| F|  |TAMS 0x0000000083c00000| PB 0x0000000083c00000| Untracked 
|  61|0x0000000083d00000, 0x0000000083d00000, 0x0000000083e00000|  0%| F|  |TAMS 0x0000000083d00000| PB 0x0000000083d00000| Untracked 
|  62|0x0000000083e00000, 0x0000000083e00000, 0x0000000083f00000|  0%| F|  |TAMS 0x0000000083e00000| PB 0x0000000083e00000| Untracked 
|  63|0x0000000083f00000, 0x0000000083f00000, 0x0000000084000000|  0%| F|  |TAMS 0x0000000083f00000| PB 0x0000000083f00000| Untracked 
|  64|0x0000000084000000, 0x0000000084000000, 0x0000000084100000|  0%| F|  |TAMS 0x0000000084000000| PB 0x0000000084000000| Untracked 
|  65|0x0000000084100000, 0x0000000084100000, 0x0000000084200000|  0%| F|  |TAMS 0x0000000084100000| PB 0x0000000084100000| Untracked 
|  66|0x0000000084200000, 0x0000000084200000, 0x0000000084300000|  0%| F|  |TAMS 0x0000000084200000| PB 0x0000000084200000| Untracked 
|  67|0x0000000084300000, 0x0000000084300000, 0x0000000084400000|  0%| F|  |TAMS 0x0000000084300000| PB 0x0000000084300000| Untracked 
|  68|0x0000000084400000, 0x0000000084400000, 0x0000000084500000|  0%| F|  |TAMS 0x0000000084400000| PB 0x0000000084400000| Untracked 
|  69|0x0000000084500000, 0x0000000084500000, 0x0000000084600000|  0%| F|  |TAMS 0x0000000084500000| PB 0x0000000084500000| Untracked 
|  70|0x0000000084600000, 0x0000000084600000, 0x0000000084700000|  0%| F|  |TAMS 0x0000000084600000| PB 0x0000000084600000| Untracked 
|  71|0x0000000084700000, 0x0000000084700000, 0x0000000084800000|  0%| F|  |TAMS 0x0000000084700000| PB 0x0000000084700000| Untracked 
|  72|0x0000000084800000, 0x000000008484ec20, 0x0000000084900000| 30%| E|  |TAMS 0x0000000084800000| PB 0x0000000084800000| Complete 
|  73|0x0000000084900000, 0x0000000084a00000, 0x0000000084a00000|100%| E|CS|TAMS 0x0000000084900000| PB 0x0000000084900000| Complete 
|  74|0x0000000084a00000, 0x0000000084b00000, 0x0000000084b00000|100%| E|CS|TAMS 0x0000000084a00000| PB 0x0000000084a00000| Complete 
|  75|0x0000000084b00000, 0x0000000084c00000, 0x0000000084c00000|100%| E|CS|TAMS 0x0000000084b00000| PB 0x0000000084b00000| Complete 
|  76|0x0000000084c00000, 0x0000000084d00000, 0x0000000084d00000|100%| E|CS|TAMS 0x0000000084c00000| PB 0x0000000084c00000| Complete 
|  77|0x0000000084d00000, 0x0000000084e00000, 0x0000000084e00000|100%| E|CS|TAMS 0x0000000084d00000| PB 0x0000000084d00000| Complete 
|  78|0x0000000084e00000, 0x0000000084f00000, 0x0000000084f00000|100%| E|CS|TAMS 0x0000000084e00000| PB 0x0000000084e00000| Complete 
|  79|0x0000000084f00000, 0x0000000085000000, 0x0000000085000000|100%| E|CS|TAMS 0x0000000084f00000| PB 0x0000000084f00000| Complete 
|  80|0x0000000085000000, 0x0000000085100000, 0x0000000085100000|100%| E|CS|TAMS 0x0000000085000000| PB 0x0000000085000000| Complete 
|  81|0x0000000085100000, 0x0000000085200000, 0x0000000085200000|100%| E|CS|TAMS 0x0000000085100000| PB 0x0000000085100000| Complete 
|  82|0x0000000085200000, 0x0000000085300000, 0x0000000085300000|100%| E|CS|TAMS 0x0000000085200000| PB 0x0000000085200000| Complete 
|  83|0x0000000085300000, 0x0000000085400000, 0x0000000085400000|100%| E|CS|TAMS 0x0000000085300000| PB 0x0000000085300000| Complete 
|  84|0x0000000085400000, 0x0000000085500000, 0x0000000085500000|100%| E|CS|TAMS 0x0000000085400000| PB 0x0000000085400000| Complete 
|  85|0x0000000085500000, 0x0000000085600000, 0x0000000085600000|100%| E|CS|TAMS 0x0000000085500000| PB 0x0000000085500000| Complete 
|  86|0x0000000085600000, 0x0000000085700000, 0x0000000085700000|100%| E|CS|TAMS 0x0000000085600000| PB 0x0000000085600000| Complete 
|  87|0x0000000085700000, 0x0000000085800000, 0x0000000085800000|100%| E|CS|TAMS 0x0000000085700000| PB 0x0000000085700000| Complete 
|  88|0x0000000085800000, 0x0000000085900000, 0x0000000085900000|100%| E|CS|TAMS 0x0000000085800000| PB 0x0000000085800000| Complete 
|  89|0x0000000085900000, 0x0000000085a00000, 0x0000000085a00000|100%| E|CS|TAMS 0x0000000085900000| PB 0x0000000085900000| Complete 
|  90|0x0000000085a00000, 0x0000000085b00000, 0x0000000085b00000|100%| E|CS|TAMS 0x0000000085a00000| PB 0x0000000085a00000| Complete 
|  91|0x0000000085b00000, 0x0000000085c00000, 0x0000000085c00000|100%| E|CS|TAMS 0x0000000085b00000| PB 0x0000000085b00000| Complete 
|  92|0x0000000085c00000, 0x0000000085d00000, 0x0000000085d00000|100%| E|CS|TAMS 0x0000000085c00000| PB 0x0000000085c00000| Complete 
|  93|0x0000000085d00000, 0x0000000085e00000, 0x0000000085e00000|100%| E|CS|TAMS 0x0000000085d00000| PB 0x0000000085d00000| Complete 
|  94|0x0000000085e00000, 0x0000000085f00000, 0x0000000085f00000|100%| E|CS|TAMS 0x0000000085e00000| PB 0x0000000085e00000| Complete 
|  95|0x0000000085f00000, 0x0000000086000000, 0x0000000086000000|100%| E|CS|TAMS 0x0000000085f00000| PB 0x0000000085f00000| Complete 
|  96|0x0000000086000000, 0x0000000086100000, 0x0000000086100000|100%| E|CS|TAMS 0x0000000086000000| PB 0x0000000086000000| Complete 
|  97|0x0000000086100000, 0x0000000086200000, 0x0000000086200000|100%| E|CS|TAMS 0x0000000086100000| PB 0x0000000086100000| Complete 
|  98|0x0000000086200000, 0x0000000086300000, 0x0000000086300000|100%| E|CS|TAMS 0x0000000086200000| PB 0x0000000086200000| Complete 
|  99|0x0000000086300000, 0x0000000086400000, 0x0000000086400000|100%| E|CS|TAMS 0x0000000086300000| PB 0x0000000086300000| Complete 
| 100|0x0000000086400000, 0x0000000086500000, 0x0000000086500000|100%| E|CS|TAMS 0x0000000086400000| PB 0x0000000086400000| Complete 
| 101|0x0000000086500000, 0x0000000086600000, 0x0000000086600000|100%| E|CS|TAMS 0x0000000086500000| PB 0x0000000086500000| Complete 
| 102|0x0000000086600000, 0x0000000086700000, 0x0000000086700000|100%| E|CS|TAMS 0x0000000086600000| PB 0x0000000086600000| Complete 
| 103|0x0000000086700000, 0x0000000086800000, 0x0000000086800000|100%| E|CS|TAMS 0x0000000086700000| PB 0x0000000086700000| Complete 
| 104|0x0000000086800000, 0x0000000086900000, 0x0000000086900000|100%| E|CS|TAMS 0x0000000086800000| PB 0x0000000086800000| Complete 
| 105|0x0000000086900000, 0x0000000086a00000, 0x0000000086a00000|100%| E|CS|TAMS 0x0000000086900000| PB 0x0000000086900000| Complete 
| 106|0x0000000086a00000, 0x0000000086b00000, 0x0000000086b00000|100%| E|CS|TAMS 0x0000000086a00000| PB 0x0000000086a00000| Complete 
| 107|0x0000000086b00000, 0x0000000086c00000, 0x0000000086c00000|100%| E|CS|TAMS 0x0000000086b00000| PB 0x0000000086b00000| Complete 
| 108|0x0000000086c00000, 0x0000000086d00000, 0x0000000086d00000|100%| E|CS|TAMS 0x0000000086c00000| PB 0x0000000086c00000| Complete 
| 109|0x0000000086d00000, 0x0000000086e00000, 0x0000000086e00000|100%| E|CS|TAMS 0x0000000086d00000| PB 0x0000000086d00000| Complete 
| 110|0x0000000086e00000, 0x0000000086f00000, 0x0000000086f00000|100%| E|CS|TAMS 0x0000000086e00000| PB 0x0000000086e00000| Complete 
| 111|0x0000000086f00000, 0x0000000087000000, 0x0000000087000000|100%| E|CS|TAMS 0x0000000086f00000| PB 0x0000000086f00000| Complete 
| 112|0x0000000087000000, 0x0000000087100000, 0x0000000087100000|100%| E|CS|TAMS 0x0000000087000000| PB 0x0000000087000000| Complete 
| 113|0x0000000087100000, 0x0000000087200000, 0x0000000087200000|100%| E|CS|TAMS 0x0000000087100000| PB 0x0000000087100000| Complete 
| 114|0x0000000087200000, 0x0000000087300000, 0x0000000087300000|100%| E|  |TAMS 0x0000000087200000| PB 0x0000000087200000| Complete 
| 115|0x0000000087300000, 0x0000000087400000, 0x0000000087400000|100%| E|CS|TAMS 0x0000000087300000| PB 0x0000000087300000| Complete 
| 116|0x0000000087400000, 0x0000000087500000, 0x0000000087500000|100%| E|CS|TAMS 0x0000000087400000| PB 0x0000000087400000| Complete 
| 117|0x0000000087500000, 0x0000000087600000, 0x0000000087600000|100%| E|CS|TAMS 0x0000000087500000| PB 0x0000000087500000| Complete 
| 118|0x0000000087600000, 0x0000000087700000, 0x0000000087700000|100%| E|CS|TAMS 0x0000000087600000| PB 0x0000000087600000| Complete 
| 119|0x0000000087700000, 0x0000000087800000, 0x0000000087800000|100%| E|CS|TAMS 0x0000000087700000| PB 0x0000000087700000| Complete 
| 120|0x0000000087800000, 0x0000000087900000, 0x0000000087900000|100%| E|CS|TAMS 0x0000000087800000| PB 0x0000000087800000| Complete 
| 121|0x0000000087900000, 0x0000000087a00000, 0x0000000087a00000|100%| E|CS|TAMS 0x0000000087900000| PB 0x0000000087900000| Complete 
| 122|0x0000000087a00000, 0x0000000087b00000, 0x0000000087b00000|100%| E|CS|TAMS 0x0000000087a00000| PB 0x0000000087a00000| Complete 
| 123|0x0000000087b00000, 0x0000000087c00000, 0x0000000087c00000|100%| E|CS|TAMS 0x0000000087b00000| PB 0x0000000087b00000| Complete 

Card table byte_map: [0x00000277baba0000,0x00000277bafa0000] _byte_map_base: 0x00000277ba7a0000

Marking Bits: (CMBitMap*) 0x00000277a82fa8a0
 Bits: [0x00000277bafa0000, 0x00000277bcfa0000)

Polling page: 0x00000277a5f70000

Metaspace:

Usage:
  Non-class:     16.93 MB used.
      Class:      2.89 MB used.
       Both:     19.82 MB used.

Virtual space:
  Non-class space:       64.00 MB reserved,      17.25 MB ( 27%) committed,  1 nodes.
      Class space:        1.00 GB reserved,       3.19 MB ( <1%) committed,  1 nodes.
             Both:        1.06 GB reserved,      20.44 MB (  2%) committed. 

Chunk freelists:
   Non-Class:  14.14 MB
       Class:  12.85 MB
        Both:  26.99 MB

MaxMetaspaceSize: unlimited
CompressedClassSpaceSize: 1.00 GB
Initial GC threshold: 21.00 MB
Current GC threshold: 21.00 MB
CDS: on
 - commit_granule_bytes: 65536.
 - commit_granule_words: 8192.
 - virtual_space_node_default_size: 8388608.
 - enlarge_chunks_in_place: 1.
 - use_allocation_guard: 0.


Internal statistics:

num_allocs_failed_limit: 0.
num_arena_births: 916.
num_arena_deaths: 0.
num_vsnodes_births: 2.
num_vsnodes_deaths: 0.
num_space_committed: 327.
num_space_uncommitted: 0.
num_chunks_returned_to_freelist: 0.
num_chunks_taken_from_freelist: 1689.
num_chunk_merges: 0.
num_chunk_splits: 1102.
num_chunks_enlarged: 744.
num_inconsistent_stats: 0.

CodeHeap 'non-profiled nmethods': size=120000Kb used=1783Kb max_used=1783Kb free=118216Kb
 bounds [0x00000277b2f40000, 0x00000277b31b0000, 0x00000277ba470000]
CodeHeap 'profiled nmethods': size=120000Kb used=6580Kb max_used=6580Kb free=113419Kb
 bounds [0x00000277ab470000, 0x00000277abae0000, 0x00000277b29a0000]
CodeHeap 'non-nmethods': size=5760Kb used=1556Kb max_used=1596Kb free=4204Kb
 bounds [0x00000277b29a0000, 0x00000277b2c10000, 0x00000277b2f40000]
CodeCache: size=245760Kb, used=9919Kb, max_used=9959Kb, free=235839Kb
 total_blobs=3857, nmethods=3283, adapters=478, full_count=0
Compilation: enabled, stopped_count=0, restarted_count=0

Compilation events (20 events):
Event: 109.198 Thread 0x00000277bfa364a0 nmethod 3277 0x00000277abad5b10 code [0x00000277abad5da0, 0x00000277abad6b80]
Event: 109.218 Thread 0x00000277bfa364a0 3278       3       org.objectweb.asm.Type::<init> (26 bytes)
Event: 109.218 Thread 0x00000277bfa364a0 nmethod 3278 0x00000277abad6f90 code [0x00000277abad7140, 0x00000277abad7308]
Event: 109.222 Thread 0x00000277bfa364a0 3279       3       org.objectweb.asm.MethodWriter::visitAbstractType (8 bytes)
Event: 109.222 Thread 0x00000277bfa364a0 nmethod 3279 0x00000277abad7410 code [0x00000277abad75c0, 0x00000277abad76f8]
Event: 109.229 Thread 0x00000277bfa364a0 3280       3       org.objectweb.asm.MethodWriter::visitLabel (332 bytes)
Event: 109.229 Thread 0x00000277bfa364a0 nmethod 3280 0x00000277abad7810 code [0x00000277abad7aa0, 0x00000277abad87b0]
Event: 109.229 Thread 0x00000277bfa364a0 3282       3       org.objectweb.asm.Frame::accept (264 bytes)
Event: 109.230 Thread 0x00000277bfa364a0 nmethod 3282 0x00000277abad8a90 code [0x00000277abad8cc0, 0x00000277abad9560]
Event: 109.230 Thread 0x00000277bfa364a0 3281       3       org.objectweb.asm.Frame::getConcreteOutputType (111 bytes)
Event: 109.230 Thread 0x00000277bfa364a0 nmethod 3281 0x00000277abad9910 code [0x00000277abad9ae0, 0x00000277abad9e70]
Event: 109.230 Thread 0x00000277bfa364a0 3283       3       org.objectweb.asm.Type::getTypeInternal (203 bytes)
Event: 109.231 Thread 0x00000277bfa364a0 nmethod 3283 0x00000277abad9f90 code [0x00000277abada2e0, 0x00000277abadb598]
Event: 109.231 Thread 0x00000277bfa364a0 3284       3       org.objectweb.asm.SymbolTable::hash (15 bytes)
Event: 109.231 Thread 0x00000277bfa364a0 nmethod 3284 0x00000277abadbb90 code [0x00000277abadbd40, 0x00000277abadbec0]
Event: 109.248 Thread 0x00000277bfa364a0 3285       3       java.lang.invoke.DirectMethodHandle$Holder::invokeStatic (24 bytes)
Event: 109.248 Thread 0x00000277bfa364a0 nmethod 3285 0x00000277abadc010 code [0x00000277abadc1e0, 0x00000277abadc750]
Event: 109.254 Thread 0x00000277bfa364a0 3286       3       java.lang.invoke.LambdaForm$Name::cloneWithIndex (47 bytes)
Event: 109.255 Thread 0x00000277bfa364a0 nmethod 3286 0x00000277abadc890 code [0x00000277abadca80, 0x00000277abadcfd8]
Event: 109.255 Thread 0x00000277bfa2e030 3287       4       jdk.internal.org.objectweb.asm.Frame::setLocal (65 bytes)

GC Heap History (6 events):
Event: 5.839 GC heap before
{Heap before GC invocations=0 (full 0):
 garbage-first heap   total 126976K, used 26624K [0x0000000080000000, 0x0000000100000000)
  region size 1024K, 23 young (23552K), 0 survivors (0K)
 Metaspace       used 1114K, committed 1216K, reserved 1114112K
  class space    used 80K, committed 128K, reserved 1048576K
}
Event: 6.270 GC heap after
{Heap after GC invocations=1 (full 0):
 garbage-first heap   total 126976K, used 10240K [0x0000000080000000, 0x0000000100000000)
  region size 1024K, 3 young (3072K), 3 survivors (3072K)
 Metaspace       used 1114K, committed 1216K, reserved 1114112K
  class space    used 80K, committed 128K, reserved 1048576K
}
Event: 9.503 GC heap before
{Heap before GC invocations=1 (full 0):
 garbage-first heap   total 126976K, used 40960K [0x0000000080000000, 0x0000000100000000)
  region size 1024K, 33 young (33792K), 3 survivors (3072K)
 Metaspace       used 4275K, committed 4480K, reserved 1114112K
  class space    used 545K, committed 640K, reserved 1048576K
}
Event: 9.511 GC heap after
{Heap after GC invocations=2 (full 0):
 garbage-first heap   total 126976K, used 12069K [0x0000000080000000, 0x0000000100000000)
  region size 1024K, 2 young (2048K), 2 survivors (2048K)
 Metaspace       used 4275K, committed 4480K, reserved 1114112K
  class space    used 545K, committed 640K, reserved 1048576K
}
Event: 52.169 GC heap before
{Heap before GC invocations=2 (full 0):
 garbage-first heap   total 126976K, used 87845K [0x0000000080000000, 0x0000000100000000)
  region size 1024K, 74 young (75776K), 2 survivors (2048K)
 Metaspace       used 12912K, committed 13312K, reserved 1114112K
  class space    used 1744K, committed 1920K, reserved 1048576K
}
Event: 52.406 GC heap after
{Heap after GC invocations=3 (full 0):
 garbage-first heap   total 126976K, used 21186K [0x0000000080000000, 0x0000000100000000)
  region size 1024K, 10 young (10240K), 10 survivors (10240K)
 Metaspace       used 12912K, committed 13312K, reserved 1114112K
  class space    used 1744K, committed 1920K, reserved 1048576K
}

Dll operation events (20 events):
Event: 2.067 Attempting to load shared library C:\Users\nhlan\.vscode\extensions\redhat.java-1.56.0-win32-x64\jre\21.0.12.1-win32-x86_64\bin\nio.dll
Event: 2.068 Loaded shared library C:\Users\nhlan\.vscode\extensions\redhat.java-1.56.0-win32-x64\jre\21.0.12.1-win32-x86_64\bin\nio.dll
Event: 2.080 Attempting to load shared library C:\Users\nhlan\.vscode\extensions\redhat.java-1.56.0-win32-x64\jre\21.0.12.1-win32-x86_64\bin\zip.dll
Event: 2.080 Loaded shared library C:\Users\nhlan\.vscode\extensions\redhat.java-1.56.0-win32-x64\jre\21.0.12.1-win32-x86_64\bin\zip.dll
Event: 4.752 Attempting to load shared library C:\Users\nhlan\.vscode\extensions\redhat.java-1.56.0-win32-x64\jre\21.0.12.1-win32-x86_64\bin\jimage.dll
Event: 4.752 Loaded shared library C:\Users\nhlan\.vscode\extensions\redhat.java-1.56.0-win32-x64\jre\21.0.12.1-win32-x86_64\bin\jimage.dll
Event: 6.281 Attempting to load shared library C:\Users\nhlan\.vscode\extensions\redhat.java-1.56.0-win32-x64\jre\21.0.12.1-win32-x86_64\bin\verify.dll
Event: 6.282 Loaded shared library C:\Users\nhlan\.vscode\extensions\redhat.java-1.56.0-win32-x64\jre\21.0.12.1-win32-x86_64\bin\verify.dll
Event: 6.542 Attempting to load shared library C:\Users\nhlan\.gradle\native\c067742578af261105cb4f569cf0c3c89f3d7b1fecec35dd04571415982c5e48\windows-amd64\native-platform.dll
Event: 6.735 Loaded shared library C:\Users\nhlan\.gradle\native\c067742578af261105cb4f569cf0c3c89f3d7b1fecec35dd04571415982c5e48\windows-amd64\native-platform.dll
Event: 6.757 Attempting to load shared library C:\Users\nhlan\.gradle\native\100fb08df4bc3b14c8652ba06237920a3bd2aa13389f12d3474272988ae205f9\windows-amd64\native-platform-file-events.dll
Event: 6.758 Loaded shared library C:\Users\nhlan\.gradle\native\100fb08df4bc3b14c8652ba06237920a3bd2aa13389f12d3474272988ae205f9\windows-amd64\native-platform-file-events.dll
Event: 16.421 Attempting to load shared library C:\Users\nhlan\.vscode\extensions\redhat.java-1.56.0-win32-x64\jre\21.0.12.1-win32-x86_64\bin\management.dll
Event: 16.424 Loaded shared library C:\Users\nhlan\.vscode\extensions\redhat.java-1.56.0-win32-x64\jre\21.0.12.1-win32-x86_64\bin\management.dll
Event: 16.427 Attempting to load shared library C:\Users\nhlan\.vscode\extensions\redhat.java-1.56.0-win32-x64\jre\21.0.12.1-win32-x86_64\bin\management_ext.dll
Event: 16.428 Loaded shared library C:\Users\nhlan\.vscode\extensions\redhat.java-1.56.0-win32-x64\jre\21.0.12.1-win32-x86_64\bin\management_ext.dll
Event: 19.872 Attempting to load shared library C:\Users\nhlan\.vscode\extensions\redhat.java-1.56.0-win32-x64\jre\21.0.12.1-win32-x86_64\bin\extnet.dll
Event: 20.288 Loaded shared library C:\Users\nhlan\.vscode\extensions\redhat.java-1.56.0-win32-x64\jre\21.0.12.1-win32-x86_64\bin\extnet.dll
Event: 29.503 Attempting to load shared library C:\Users\nhlan\.vscode\extensions\redhat.java-1.56.0-win32-x64\jre\21.0.12.1-win32-x86_64\bin\sunmscapi.dll
Event: 35.057 Loaded shared library C:\Users\nhlan\.vscode\extensions\redhat.java-1.56.0-win32-x64\jre\21.0.12.1-win32-x86_64\bin\sunmscapi.dll

Deoptimization events (20 events):
Event: 101.214 Thread 0x0000027805e36480 Uncommon trap: trap_request=0xffffff45 fr.pc=0x00000277b2f6d394 relative=0x00000000000000f4
Event: 101.214 Thread 0x0000027805e36480 Uncommon trap: reason=unstable_if action=reinterpret pc=0x00000277b2f6d394 method=java.util.HashMap.hash(Ljava/lang/Object;)I @ 1 c2
Event: 101.214 Thread 0x0000027805e36480 DEOPT PACKING pc=0x00000277b2f6d394 sp=0x00000097ee6fc600
Event: 101.214 Thread 0x0000027805e36480 DEOPT UNPACKING pc=0x00000277b29f7ba2 sp=0x00000097ee6fc540 mode 2
Event: 104.795 Thread 0x0000027805e36480 DEOPT PACKING pc=0x00000277ab906f82 sp=0x00000097ee6fc120
Event: 104.795 Thread 0x0000027805e36480 DEOPT UNPACKING pc=0x00000277b29f86e2 sp=0x00000097ee6fb630 mode 0
Event: 104.970 Thread 0x0000027805e36480 DEOPT PACKING pc=0x00000277ab54f3d9 sp=0x00000097ee6fb670
Event: 104.970 Thread 0x0000027805e36480 DEOPT UNPACKING pc=0x00000277b29f86e2 sp=0x00000097ee6fab08 mode 0
Event: 107.932 Thread 0x0000027805e36480 Uncommon trap: trap_request=0xffffff45 fr.pc=0x00000277b30cfe08 relative=0x00000000000000e8
Event: 107.932 Thread 0x0000027805e36480 Uncommon trap: reason=unstable_if action=reinterpret pc=0x00000277b30cfe08 method=java.util.Arrays.equals([Ljava/lang/Object;[Ljava/lang/Object;)Z @ 44 c2
Event: 107.932 Thread 0x0000027805e36480 DEOPT PACKING pc=0x00000277b30cfe08 sp=0x00000097ee6fb640
Event: 107.932 Thread 0x0000027805e36480 DEOPT UNPACKING pc=0x00000277b29f7ba2 sp=0x00000097ee6fb5e0 mode 2
Event: 107.932 Thread 0x0000027805e36480 Uncommon trap: trap_request=0xffffff45 fr.pc=0x00000277b30fab34 relative=0x00000000000001d4
Event: 107.932 Thread 0x0000027805e36480 Uncommon trap: reason=unstable_if action=reinterpret pc=0x00000277b30fab34 method=java.util.HashMap.getNode(Ljava/lang/Object;)Ljava/util/HashMap$Node; @ 131 c2
Event: 107.932 Thread 0x0000027805e36480 DEOPT PACKING pc=0x00000277b30fab34 sp=0x00000097ee6fb700
Event: 107.932 Thread 0x0000027805e36480 DEOPT UNPACKING pc=0x00000277b29f7ba2 sp=0x00000097ee6fb670 mode 2
Event: 107.932 Thread 0x0000027805e36480 Uncommon trap: trap_request=0xffffff45 fr.pc=0x00000277b30caa34 relative=0x0000000000000734
Event: 107.932 Thread 0x0000027805e36480 Uncommon trap: reason=unstable_if action=reinterpret pc=0x00000277b30caa34 method=java.util.HashMap.putVal(ILjava/lang/Object;Ljava/lang/Object;ZZ)Ljava/lang/Object; @ 206 c2
Event: 107.932 Thread 0x0000027805e36480 DEOPT PACKING pc=0x00000277b30caa34 sp=0x00000097ee6fb670
Event: 107.932 Thread 0x0000027805e36480 DEOPT UNPACKING pc=0x00000277b29f7ba2 sp=0x00000097ee6fb5f8 mode 2

Classes loaded (20 events):
Event: 104.953 Loading class java/io/ObjectOutputStream
Event: 104.954 Loading class java/io/ObjectOutput
Event: 104.954 Loading class java/io/ObjectOutput done
Event: 104.954 Loading class java/io/ObjectStreamConstants
Event: 104.955 Loading class java/io/ObjectStreamConstants done
Event: 104.955 Loading class java/io/ObjectOutputStream done
Event: 104.956 Loading class java/io/ObjectInputStream
Event: 104.957 Loading class java/io/ObjectInput
Event: 104.960 Loading class java/io/ObjectInput done
Event: 104.960 Loading class java/io/ObjectInputStream done
Event: 107.436 Loading class javax/xml/parsers/ParserConfigurationException
Event: 107.437 Loading class javax/xml/parsers/ParserConfigurationException done
Event: 107.437 Loading class org/xml/sax/SAXException
Event: 107.438 Loading class org/xml/sax/SAXException done
Event: 107.438 Loading class javax/xml/xpath/XPathExpressionException
Event: 107.438 Loading class javax/xml/xpath/XPathException
Event: 107.439 Loading class javax/xml/xpath/XPathException done
Event: 107.439 Loading class javax/xml/xpath/XPathExpressionException done
Event: 107.439 Loading class org/xml/sax/ErrorHandler
Event: 107.441 Loading class org/xml/sax/ErrorHandler done

Classes unloaded (0 events):
No events

Classes redefined (0 events):
No events

Internal exceptions (20 events):
Event: 101.894 Thread 0x0000027805e36480 Exception <a 'java/lang/NoSuchMethodError'{0x000000008658e720}: 'java.lang.Object java.lang.invoke.DirectMethodHandle$Holder.invokeStatic(java.lang.Object, java.lang.Object, java.lang.Object, java.lang.Object, java.lang.Object, java.lang.Object, java.lang.Object, java.lang.Object, java.lang.Object, java.lang.Object, java.lang.Object, java.lang.Object, java.lang.Object, java.lang.Object, java.lang.Object, java.lang.Object, java.lang.Object)'> (0x000000008658e720) 
thrown [s\src\hotspot\share\interpreter\lin
Event: 101.916 Thread 0x0000027805e36480 Exception <a 'java/lang/NoSuchMethodError'{0x00000000865b7740}: 'java.lang.Object java.lang.invoke.DirectMethodHandle$Holder.invokeStatic(java.lang.Object, java.lang.Object, java.lang.Object, java.lang.Object, java.lang.Object, java.lang.Object, java.lang.Object, java.lang.Object, java.lang.Object, java.lang.Object, java.lang.Object, java.lang.Object, java.lang.Object, java.lang.Object, java.lang.Object, java.lang.Object, java.lang.Object, java.lang.Object)'> (0x00000000865b7740) 
thrown [s\src\hotspot\sha
Event: 101.921 Thread 0x0000027805e36480 Exception <a 'java/lang/NoSuchMethodError'{0x00000000865e1808}: 'java.lang.Object java.lang.invoke.DirectMethodHandle$Holder.invokeStatic(java.lang.Object, java.lang.Object, java.lang.Object, java.lang.Object, java.lang.Object, java.lang.Object, java.lang.Object, java.lang.Object, java.lang.Object, java.lang.Object, java.lang.Object, java.lang.Object, java.lang.Object, java.lang.Object, java.lang.Object, java.lang.Object, java.lang.Object, java.lang.Object, java.lang.Object)'> (0x00000000865e1808) 
thrown 
Event: 101.926 Thread 0x0000027805e36480 Exception <a 'java/lang/NoSuchMethodError'{0x000000008640d190}: 'java.lang.Object java.lang.invoke.DirectMethodHandle$Holder.invokeStatic(java.lang.Object, java.lang.Object, java.lang.Object, java.lang.Object, java.lang.Object, java.lang.Object, java.lang.Object, java.lang.Object, java.lang.Object, java.lang.Object, java.lang.Object, java.lang.Object, java.lang.Object, java.lang.Object, java.lang.Object, java.lang.Object, java.lang.Object, java.lang.Object, java.lang.Object, java.lang.Object)'> (0x00000000
Event: 101.930 Thread 0x0000027805e36480 Exception <a 'java/lang/NoSuchMethodError'{0x00000000864398c8}: 'java.lang.Object java.lang.invoke.DirectMethodHandle$Holder.invokeStatic(java.lang.Object, java.lang.Object, java.lang.Object, java.lang.Object, java.lang.Object, java.lang.Object, java.lang.Object, java.lang.Object, java.lang.Object, java.lang.Object, java.lang.Object, java.lang.Object, java.lang.Object, java.lang.Object, java.lang.Object, java.lang.Object, java.lang.Object, java.lang.Object, java.lang.Object, java.lang.Object, java.lang.Obj
Event: 101.934 Thread 0x0000027805e36480 Exception <a 'java/lang/NoSuchMethodError'{0x0000000086467330}: 'java.lang.Object java.lang.invoke.DirectMethodHandle$Holder.invokeStatic(java.lang.Object, java.lang.Object, java.lang.Object, java.lang.Object, java.lang.Object, java.lang.Object, java.lang.Object, java.lang.Object, java.lang.Object, java.lang.Object, java.lang.Object, java.lang.Object, java.lang.Object, java.lang.Object, java.lang.Object, java.lang.Object, java.lang.Object, java.lang.Object, java.lang.Object, java.lang.Object, java.lang.Obj
Event: 101.938 Thread 0x0000027805e36480 Exception <a 'java/lang/NoSuchMethodError'{0x0000000086495628}: 'java.lang.Object java.lang.invoke.DirectMethodHandle$Holder.invokeStatic(java.lang.Object, java.lang.Object, java.lang.Object, java.lang.Object, java.lang.Object, java.lang.Object, java.lang.Object, java.lang.Object, java.lang.Object, java.lang.Object, java.lang.Object, java.lang.Object, java.lang.Object, java.lang.Object, java.lang.Object, java.lang.Object, java.lang.Object, java.lang.Object, java.lang.Object, java.lang.Object, java.lang.Obj
Event: 101.941 Thread 0x0000027805e36480 Exception <a 'java/lang/NoSuchMethodError'{0x00000000864c4ad0}: 'java.lang.Object java.lang.invoke.DirectMethodHandle$Holder.invokeStatic(java.lang.Object, java.lang.Object, java.lang.Object, java.lang.Object, java.lang.Object, java.lang.Object, java.lang.Object, java.lang.Object, java.lang.Object, java.lang.Object, java.lang.Object, java.lang.Object, java.lang.Object, java.lang.Object, java.lang.Object, java.lang.Object, java.lang.Object, java.lang.Object, java.lang.Object, java.lang.Object, java.lang.Obj
Event: 101.947 Thread 0x0000027805e36480 Exception <a 'java/lang/NoSuchMethodError'{0x00000000864f4e98}: 'java.lang.Object java.lang.invoke.DirectMethodHandle$Holder.invokeStatic(java.lang.Object, java.lang.Object, java.lang.Object, java.lang.Object, java.lang.Object, java.lang.Object, java.lang.Object, java.lang.Object, java.lang.Object, java.lang.Object, java.lang.Object, java.lang.Object, java.lang.Object, java.lang.Object, java.lang.Object, java.lang.Object, java.lang.Object, java.lang.Object, java.lang.Object, java.lang.Object, java.lang.Obj
Event: 101.953 Thread 0x0000027805e36480 Exception <a 'java/lang/NoSuchMethodError'{0x0000000086326c88}: 'java.lang.Object java.lang.invoke.DirectMethodHandle$Holder.invokeStatic(java.lang.Object, java.lang.Object, java.lang.Object, java.lang.Object, java.lang.Object, java.lang.Object, java.lang.Object, java.lang.Object, java.lang.Object, java.lang.Object, java.lang.Object, java.lang.Object, java.lang.Object, java.lang.Object, java.lang.Object, java.lang.Object, java.lang.Object, java.lang.Object, java.lang.Object, java.lang.Object, java.lang.Obj
Event: 104.849 Thread 0x0000027805e36480 Exception <a 'java/lang/IncompatibleClassChangeError'{0x0000000085b87858}: Found class java.lang.Object, but interface was expected> (0x0000000085b87858) 
thrown [s\src\hotspot\share\interpreter\linkResolver.cpp, line 840]
Event: 104.884 Thread 0x0000027805e36480 Exception <a 'java/lang/NoSuchMethodError'{0x0000000085bbbc28}: 'java.lang.Object java.lang.invoke.DirectMethodHandle$Holder.newInvokeSpecial(java.lang.Object, java.lang.Object, java.lang.Object, java.lang.Object, java.lang.Object, java.lang.Object, java.lang.Object, java.lang.Object, java.lang.Object, java.lang.Object, java.lang.Object, java.lang.Object, java.lang.Object)'> (0x0000000085bbbc28) 
thrown [s\src\hotspot\share\interpreter\linkResolver.cpp, line 773]
Event: 104.885 Thread 0x0000027805e36480 Exception <a 'java/lang/NoSuchMethodError'{0x0000000085bc1108}: 'java.lang.Object java.lang.invoke.DirectMethodHandle$Holder.invokeSpecial(java.lang.Object, java.lang.Object, java.lang.Object, java.lang.Object, java.lang.Object, java.lang.Object, java.lang.Object, java.lang.Object, java.lang.Object, java.lang.Object, java.lang.Object, java.lang.Object, java.lang.Object, java.lang.Object)'> (0x0000000085bc1108) 
thrown [s\src\hotspot\share\interpreter\linkResolver.cpp, line 773]
Event: 104.886 Thread 0x0000027805e36480 Exception <a 'java/lang/NoSuchMethodError'{0x0000000085bc58f8}: 'java.lang.Object java.lang.invoke.DelegatingMethodHandle$Holder.reinvoke_L(java.lang.Object, java.lang.Object, java.lang.Object, java.lang.Object, java.lang.Object, java.lang.Object, java.lang.Object, java.lang.Object, java.lang.Object, java.lang.Object, java.lang.Object, java.lang.Object, java.lang.Object)'> (0x0000000085bc58f8) 
thrown [s\src\hotspot\share\interpreter\linkResolver.cpp, line 773]
Event: 104.987 Thread 0x0000027805e36480 Exception <a 'java/lang/NoSuchMethodError'{0x0000000085afc230}: 'java.lang.Object java.lang.invoke.DirectMethodHandle$Holder.newInvokeSpecial(java.lang.Object, java.lang.Object, java.lang.Object, java.lang.Object, java.lang.Object, java.lang.Object, java.lang.Object, java.lang.Object)'> (0x0000000085afc230) 
thrown [s\src\hotspot\share\interpreter\linkResolver.cpp, line 773]
Event: 105.132 Thread 0x0000027805e36480 Exception <a 'java/lang/NoSuchMethodError'{0x0000000085948fb8}: 'int java.lang.invoke.DirectMethodHandle$Holder.invokeStaticInit(java.lang.Object, java.lang.Object, java.lang.Object)'> (0x0000000085948fb8) 
thrown [s\src\hotspot\share\interpreter\linkResolver.cpp, line 773]
Event: 106.318 Thread 0x0000027805e36480 Exception <a 'java/lang/NoSuchMethodError'{0x000000008549f068}: 'java.lang.Object java.lang.invoke.DirectMethodHandle$Holder.invokeVirtual(java.lang.Object, java.lang.Object, java.lang.Object, java.lang.Object, java.lang.Object, java.lang.Object, java.lang.Object, java.lang.Object, java.lang.Object, java.lang.Object, java.lang.Object, java.lang.Object, java.lang.Object, java.lang.Object, java.lang.Object, java.lang.Object, java.lang.Object, java.lang.Object, java.lang.Object, java.lang.Object, java.lang.Ob
Event: 106.429 Thread 0x0000027805e36480 Exception <a 'java/lang/NoSuchMethodError'{0x0000000085315e68}: 'java.lang.Object java.lang.invoke.DirectMethodHandle$Holder.invokeSpecial(java.lang.Object, java.lang.Object, java.lang.Object, java.lang.Object, java.lang.Object, java.lang.Object, java.lang.Object, java.lang.Object, java.lang.Object, java.lang.Object, java.lang.Object, java.lang.Object, java.lang.Object, java.lang.Object, java.lang.Object, java.lang.Object, java.lang.Object, java.lang.Object, java.lang.Object, java.lang.Object, java.lang.Ob
Event: 108.106 Thread 0x0000027805e36480 Exception <a 'java/lang/NoSuchMethodError'{0x0000000084b1fc60}: 'java.lang.Object java.lang.invoke.DirectMethodHandle$Holder.newInvokeSpecial(java.lang.Object, java.lang.Object, java.lang.Object, java.lang.Object, java.lang.Object, java.lang.Object, java.lang.Object)'> (0x0000000084b1fc60) 
thrown [s\src\hotspot\share\interpreter\linkResolver.cpp, line 773]
Event: 109.036 Thread 0x0000027805e36480 Exception <a 'java/lang/NoSuchMethodError'{0x0000000084aeb7f8}: 'java.lang.Object java.lang.invoke.DirectMethodHandle$Holder.invokeVirtual(java.lang.Object, java.lang.Object, java.lang.Object, java.lang.Object, java.lang.Object, java.lang.Object, java.lang.Object, java.lang.Object, java.lang.Object, java.lang.Object, java.lang.Object)'> (0x0000000084aeb7f8) 
thrown [s\src\hotspot\share\interpreter\linkResolver.cpp, line 773]

ZGC Phase Switch (0 events):
No events

VM Operations (20 events):
Event: 99.264 Executing safepoint VM operation: Cleanup
Event: 99.279 Executing safepoint VM operation: Cleanup done
Event: 100.289 Executing safepoint VM operation: Cleanup
Event: 100.306 Executing safepoint VM operation: Cleanup done
Event: 101.324 Executing safepoint VM operation: Cleanup
Event: 101.353 Executing safepoint VM operation: Cleanup done
Event: 102.186 Executing non-safepoint VM operation: HandshakeAllThreads (Deoptimize)
Event: 102.186 Executing non-safepoint VM operation: HandshakeAllThreads (Deoptimize) done
Event: 102.187 Executing non-safepoint VM operation: HandshakeAllThreads (Deoptimize)
Event: 102.187 Executing non-safepoint VM operation: HandshakeAllThreads (Deoptimize) done
Event: 103.196 Executing safepoint VM operation: Cleanup
Event: 103.196 Executing safepoint VM operation: Cleanup done
Event: 105.215 Executing safepoint VM operation: Cleanup
Event: 105.230 Executing safepoint VM operation: Cleanup done
Event: 106.243 Executing safepoint VM operation: Cleanup
Event: 106.258 Executing safepoint VM operation: Cleanup done
Event: 107.270 Executing safepoint VM operation: Cleanup
Event: 107.286 Executing safepoint VM operation: Cleanup done
Event: 108.287 Executing safepoint VM operation: Cleanup
Event: 108.287 Executing safepoint VM operation: Cleanup done

Memory protections (0 events):
No events

Nmethod flushes (0 events):
No events

Events (20 events):
Event: 0.733 Thread 0x00000277a5ad3b60 Thread added: 0x00000277bfa2c840
Event: 0.733 Thread 0x00000277a5ad3b60 Thread added: 0x00000277bfa2d2a0
Event: 0.733 Thread 0x00000277a5ad3b60 Thread added: 0x00000277bfa2e030
Event: 0.787 Thread 0x00000277a5ad3b60 Thread added: 0x00000277bfa364a0
Event: 2.059 Thread 0x00000277a5ad3b60 Thread added: 0x00000277bfd1b930
Event: 2.195 Thread 0x00000277a5ad3b60 Thread added: 0x00000277bfcbb290
Event: 16.501 Thread 0x00000277a5ad3b60 Thread added: 0x0000027805c612b0
Event: 23.351 Thread 0x00000277a5ad3b60 Thread added: 0x00000277bfb3dd60
Event: 23.787 Thread 0x00000277a5ad3b60 Thread added: 0x00000277bfe00e00
Event: 38.436 Thread 0x00000277bfb3dd60 Thread added: 0x00000278063fe960
Event: 38.455 Thread 0x00000278063fe960 Thread added: 0x00000278063866c0
Event: 42.098 Thread 0x00000278063fe960 Thread added: 0x00000278063aa170
Event: 44.590 Thread 0x00000278063fe960 Thread added: 0x0000027805e36480
Event: 46.613 Thread 0x0000027805e36480 Thread added: 0x0000027805e38550
Event: 46.645 Thread 0x0000027805e36480 Thread added: 0x0000027805e36b10
Event: 46.676 Thread 0x0000027805e36480 Thread added: 0x0000027805e350d0
Event: 63.629 Thread 0x0000027805e36480 Thread added: 0x0000027805e35df0
Event: 83.444 Thread 0x0000027805e36480 Thread added: 0x0000027805e37ec0
Event: 98.501 Thread 0x0000027805e36480 Thread added: 0x0000027805e371a0
Event: 101.206 Thread 0x0000027805e37ec0 Thread added: 0x0000027805e37830


Dynamic libraries:
0x00007ff62f870000 - 0x00007ff62f87e000 	C:\Users\nhlan\.vscode\extensions\redhat.java-1.56.0-win32-x64\jre\21.0.12.1-win32-x86_64\bin\java.exe
0x00007fffa7220000 - 0x00007fffa7487000 	C:\WINDOWS\SYSTEM32\ntdll.dll
0x00007fffa6650000 - 0x00007fffa671b000 	C:\WINDOWS\System32\KERNEL32.DLL
0x00007fffa49d0000 - 0x00007fffa4dd2000 	C:\WINDOWS\System32\KERNELBASE.dll
0x00007fffa4420000 - 0x00007fffa456c000 	C:\WINDOWS\System32\ucrtbase.dll
0x00007fff9ec50000 - 0x00007fff9ec6e000 	C:\Users\nhlan\.vscode\extensions\redhat.java-1.56.0-win32-x64\jre\21.0.12.1-win32-x86_64\bin\VCRUNTIME140.dll
0x00007fff9ef20000 - 0x00007fff9ef38000 	C:\Users\nhlan\.vscode\extensions\redhat.java-1.56.0-win32-x64\jre\21.0.12.1-win32-x86_64\bin\jli.dll
0x00007fffa6ab0000 - 0x00007fffa6c7f000 	C:\WINDOWS\System32\USER32.dll
0x00007fffa4de0000 - 0x00007fffa4e07000 	C:\WINDOWS\System32\win32u.dll
0x00007fffa71b0000 - 0x00007fffa71db000 	C:\WINDOWS\System32\GDI32.dll
0x00007fffa4e10000 - 0x00007fffa4f39000 	C:\WINDOWS\System32\gdi32full.dll
0x00007fff8b470000 - 0x00007fff8b700000 	C:\WINDOWS\WinSxS\amd64_microsoft.windows.common-controls_6595b64144ccf1df_6.0.26100.9278_none_3e0d1ba8e3303201\COMCTL32.dll
0x00007fffa6980000 - 0x00007fffa6a29000 	C:\WINDOWS\System32\msvcrt.dll
0x00007fffa4580000 - 0x00007fffa4623000 	C:\WINDOWS\System32\msvcp_win.dll
0x00007fffa4f40000 - 0x00007fffa4f71000 	C:\WINDOWS\System32\IMM32.DLL
0x00007fff814d0000 - 0x00007fff815c2000 	C:\Program Files\Windhawk\Engine\1.7.3\64\windhawk.dll
0x00007fffa5d70000 - 0x00007fffa5e2c000 	C:\WINDOWS\System32\ADVAPI32.dll
0x00007fffa58f0000 - 0x00007fffa5999000 	C:\WINDOWS\System32\sechost.dll
0x00007fffa6760000 - 0x00007fffa6878000 	C:\WINDOWS\System32\RPCRT4.dll
0x00007fff81910000 - 0x00007fff81938000 	C:\ProgramData\Windhawk\Engine\Mods\64\explorer-details-better-file-sizes_1.4.11_675263.dll
0x00007fffa5570000 - 0x00007fffa570a000 	C:\WINDOWS\System32\ole32.dll
0x00007fffa59a0000 - 0x00007fffa5d25000 	C:\WINDOWS\System32\combase.dll
0x00007fffa5270000 - 0x00007fffa5349000 	C:\WINDOWS\System32\OLEAUT32.dll
0x00007fffa5ea0000 - 0x00007fffa6638000 	C:\WINDOWS\System32\SHELL32.dll
0x00007fff9c3e0000 - 0x00007fff9c4d5000 	C:\WINDOWS\SYSTEM32\PROPSYS.dll
0x00007fff81170000 - 0x00007fff81319000 	C:\ProgramData\Windhawk\Engine\Mods\64\libc++.whl
0x00007fff81320000 - 0x00007fff8135a000 	C:\ProgramData\Windhawk\Engine\Mods\64\libunwind.whl
0x00007fff9fa40000 - 0x00007fff9fa4c000 	C:\Users\nhlan\.vscode\extensions\redhat.java-1.56.0-win32-x64\jre\21.0.12.1-win32-x86_64\bin\vcruntime140_1.dll
0x00007fff70010000 - 0x00007fff7009d000 	C:\Users\nhlan\.vscode\extensions\redhat.java-1.56.0-win32-x64\jre\21.0.12.1-win32-x86_64\bin\msvcp140.dll
0x00007ffef3e00000 - 0x00007ffef4ba2000 	C:\Users\nhlan\.vscode\extensions\redhat.java-1.56.0-win32-x64\jre\21.0.12.1-win32-x86_64\bin\server\jvm.dll
0x00007fffa51e0000 - 0x00007fffa5260000 	C:\WINDOWS\System32\WS2_32.dll
0x00007fffa4280000 - 0x00007fffa42de000 	C:\WINDOWS\SYSTEM32\POWRPROF.dll
0x00007fff98d50000 - 0x00007fff98d86000 	C:\WINDOWS\SYSTEM32\WINMM.dll
0x00007fff98600000 - 0x00007fff9860b000 	C:\WINDOWS\SYSTEM32\VERSION.dll
0x00007fffa4260000 - 0x00007fffa4275000 	C:\WINDOWS\SYSTEM32\UMPDC.dll
0x00007fffa30f0000 - 0x00007fffa310b000 	C:\WINDOWS\SYSTEM32\kernel.appcore.dll
0x00007fff9f610000 - 0x00007fff9f61a000 	C:\Users\nhlan\.vscode\extensions\redhat.java-1.56.0-win32-x64\jre\21.0.12.1-win32-x86_64\bin\jimage.dll
0x00007fffa15f0000 - 0x00007fffa183c000 	C:\WINDOWS\SYSTEM32\DBGHELP.DLL
0x00007fff88780000 - 0x00007fff887bb000 	C:\WINDOWS\SYSTEM32\dbgcore.DLL
0x00007fffa4850000 - 0x00007fffa48fc000 	C:\WINDOWS\System32\bcryptPrimitives.dll
0x00007fff9f5b0000 - 0x00007fff9f5bf000 	C:\Users\nhlan\.vscode\extensions\redhat.java-1.56.0-win32-x64\jre\21.0.12.1-win32-x86_64\bin\instrument.dll
0x00007fff9eb70000 - 0x00007fff9eb90000 	C:\Users\nhlan\.vscode\extensions\redhat.java-1.56.0-win32-x64\jre\21.0.12.1-win32-x86_64\bin\java.dll
0x00007fffa1e50000 - 0x00007fffa26fe000 	C:\WINDOWS\SYSTEM32\windows.storage.dll
0x00007fffa5090000 - 0x00007fffa518b000 	C:\WINDOWS\System32\SHCORE.dll
0x00007fffa6a30000 - 0x00007fffa6a96000 	C:\WINDOWS\System32\shlwapi.dll
0x00007fffa4340000 - 0x00007fffa4369000 	C:\WINDOWS\SYSTEM32\profapi.dll
0x00007fff9e740000 - 0x00007fff9e758000 	C:\Users\nhlan\.vscode\extensions\redhat.java-1.56.0-win32-x64\jre\21.0.12.1-win32-x86_64\bin\zip.dll
0x00007fff9f5e0000 - 0x00007fff9f5f0000 	C:\Users\nhlan\.vscode\extensions\redhat.java-1.56.0-win32-x64\jre\21.0.12.1-win32-x86_64\bin\net.dll
0x00007fff98670000 - 0x00007fff9879a000 	C:\WINDOWS\SYSTEM32\WINHTTP.dll
0x00007fffa36b0000 - 0x00007fffa371c000 	C:\WINDOWS\system32\mswsock.dll
0x00007fff9da60000 - 0x00007fff9da76000 	C:\Users\nhlan\.vscode\extensions\redhat.java-1.56.0-win32-x64\jre\21.0.12.1-win32-x86_64\bin\nio.dll
0x00007fff9f330000 - 0x00007fff9f340000 	C:\Users\nhlan\.vscode\extensions\redhat.java-1.56.0-win32-x64\jre\21.0.12.1-win32-x86_64\bin\verify.dll
0x00007fff7fb50000 - 0x00007fff7fb77000 	C:\Users\nhlan\.gradle\native\c067742578af261105cb4f569cf0c3c89f3d7b1fecec35dd04571415982c5e48\windows-amd64\native-platform.dll
0x00007fff1fb20000 - 0x00007fff1fc64000 	C:\Users\nhlan\.gradle\native\100fb08df4bc3b14c8652ba06237920a3bd2aa13389f12d3474272988ae205f9\windows-amd64\native-platform-file-events.dll
0x00007fff9ee60000 - 0x00007fff9ee6a000 	C:\Users\nhlan\.vscode\extensions\redhat.java-1.56.0-win32-x64\jre\21.0.12.1-win32-x86_64\bin\management.dll
0x00007fff9ed80000 - 0x00007fff9ed8c000 	C:\Users\nhlan\.vscode\extensions\redhat.java-1.56.0-win32-x64\jre\21.0.12.1-win32-x86_64\bin\management_ext.dll
0x00007fffa6640000 - 0x00007fffa6648000 	C:\WINDOWS\System32\PSAPI.DLL
0x00007fffa39a0000 - 0x00007fffa39bb000 	C:\WINDOWS\SYSTEM32\CRYPTSP.dll
0x00007fffa3050000 - 0x00007fffa3089000 	C:\WINDOWS\system32\rsaenh.dll
0x00007fffa3760000 - 0x00007fffa3794000 	C:\WINDOWS\SYSTEM32\USERENV.dll
0x00007fffa4310000 - 0x00007fffa433a000 	C:\WINDOWS\SYSTEM32\bcrypt.dll
0x00007fffa39c0000 - 0x00007fffa39cc000 	C:\WINDOWS\SYSTEM32\CRYPTBASE.dll
0x00007fffa2b30000 - 0x00007fffa2b63000 	C:\WINDOWS\SYSTEM32\IPHLPAPI.DLL
0x00007fffa6aa0000 - 0x00007fffa6aaa000 	C:\WINDOWS\System32\NSI.dll
0x00007fff9e8d0000 - 0x00007fff9e8d9000 	C:\Users\nhlan\.vscode\extensions\redhat.java-1.56.0-win32-x64\jre\21.0.12.1-win32-x86_64\bin\extnet.dll
0x00007fff9ea40000 - 0x00007fff9ea4e000 	C:\Users\nhlan\.vscode\extensions\redhat.java-1.56.0-win32-x64\jre\21.0.12.1-win32-x86_64\bin\sunmscapi.dll
0x00007fffa4630000 - 0x00007fffa47ae000 	C:\WINDOWS\System32\CRYPT32.dll
0x00007fffa3be0000 - 0x00007fffa3c10000 	C:\WINDOWS\SYSTEM32\ncrypt.dll
0x00007fffa3b90000 - 0x00007fffa3bcf000 	C:\WINDOWS\SYSTEM32\NTASN1.dll
0x00007fff7e6f0000 - 0x00007fff7e6f8000 	C:\WINDOWS\system32\wshunix.dll

JVMTI agents:
C:\Users\nhlan\.gradle\wrapper\dists\gradle-8.9-bin\90cnw93cvbtalezasaz0blq0a\gradle-8.9\lib\agents\gradle-instrumentation-agent-8.9.jar path:C:\Users\nhlan\.vscode\extensions\redhat.java-1.56.0-win32-x64\jre\21.0.12.1-win32-x86_64\bin\instrument.dll, loaded, initialized, instrumentlib options:none

dbghelp: loaded successfully - version: 4.0.5 - missing functions: none
symbol engine: initialized successfully - sym options: 0x614 - pdb path: .;C:\Users\nhlan\.vscode\extensions\redhat.java-1.56.0-win32-x64\jre\21.0.12.1-win32-x86_64\bin;C:\WINDOWS\SYSTEM32;C:\WINDOWS\WinSxS\amd64_microsoft.windows.common-controls_6595b64144ccf1df_6.0.26100.9278_none_3e0d1ba8e3303201;C:\Program Files\Windhawk\Engine\1.7.3\64;C:\ProgramData\Windhawk\Engine\Mods\64;C:\Users\nhlan\.vscode\extensions\redhat.java-1.56.0-win32-x64\jre\21.0.12.1-win32-x86_64\bin\server;C:\Users\nhlan\.gradle\native\c067742578af261105cb4f569cf0c3c89f3d7b1fecec35dd04571415982c5e48\windows-amd64;C:\Users\nhlan\.gradle\native\100fb08df4bc3b14c8652ba06237920a3bd2aa13389f12d3474272988ae205f9\windows-amd64

VM Arguments:
jvm_args: --add-opens=java.base/java.util=ALL-UNNAMED --add-opens=java.base/java.lang=ALL-UNNAMED --add-opens=java.base/java.lang.invoke=ALL-UNNAMED --add-opens=java.prefs/java.util.prefs=ALL-UNNAMED --add-exports=jdk.compiler/com.sun.tools.javac.api=ALL-UNNAMED --add-exports=jdk.compiler/com.sun.tools.javac.util=ALL-UNNAMED --add-opens=java.base/java.nio.charset=ALL-UNNAMED --add-opens=java.base/java.net=ALL-UNNAMED --add-opens=java.base/java.util.concurrent.atomic=ALL-UNNAMED -Xmx2048m -Dfile.encoding=UTF-8 -Duser.country=ZA -Duser.language=en -Duser.variant -javaagent:C:\Users\nhlan\.gradle\wrapper\dists\gradle-8.9-bin\90cnw93cvbtalezasaz0blq0a\gradle-8.9\lib\agents\gradle-instrumentation-agent-8.9.jar 
java_command: org.gradle.launcher.daemon.bootstrap.GradleDaemon 8.9
java_class_path (initial): C:\Users\nhlan\.gradle\wrapper\dists\gradle-8.9-bin\90cnw93cvbtalezasaz0blq0a\gradle-8.9\lib\gradle-daemon-main-8.9.jar
Launcher Type: SUN_STANDARD

[Global flags]
     intx CICompilerCount                          = 4                                         {product} {ergonomic}
     uint ConcGCThreads                            = 2                                         {product} {ergonomic}
     uint G1ConcRefinementThreads                  = 8                                         {product} {ergonomic}
   size_t G1HeapRegionSize                         = 1048576                                   {product} {ergonomic}
    uintx GCDrainStackTargetSize                   = 64                                        {product} {ergonomic}
   size_t InitialHeapSize                          = 130023424                                 {product} {ergonomic}
   size_t MarkStackSize                            = 4194304                                   {product} {ergonomic}
   size_t MaxHeapSize                              = 2147483648                                {product} {command line}
   size_t MaxNewSize                               = 1287651328                                {product} {ergonomic}
   size_t MinHeapDeltaBytes                        = 1048576                                   {product} {ergonomic}
   size_t MinHeapSize                              = 8388608                                   {product} {ergonomic}
    uintx NonNMethodCodeHeapSize                   = 5839372                                {pd product} {ergonomic}
    uintx NonProfiledCodeHeapSize                  = 122909434                              {pd product} {ergonomic}
    uintx ProfiledCodeHeapSize                     = 122909434                              {pd product} {ergonomic}
    uintx ReservedCodeCacheSize                    = 251658240                              {pd product} {ergonomic}
     bool SegmentedCodeCache                       = true                                      {product} {ergonomic}
   size_t SoftMaxHeapSize                          = 2147483648                             {manageable} {ergonomic}
     bool UseCompressedOops                        = true                           {product lp64_product} {ergonomic}
     bool UseG1GC                                  = true                                      {product} {ergonomic}
     bool UseLargePagesIndividualAllocation        = false                                  {pd product} {ergonomic}

Logging:
Log output configuration:
 #0: stdout all=warning uptime,level,tags foldmultilines=false
 #1: stderr all=off uptime,level,tags foldmultilines=false

Release file:
JAVA_VERSION="21.0.12.1" 
MODULES="java.base java.compiler java.datatransfer java.xml java.prefs java.desktop java.instrument java.logging java.management java.security.sasl java.naming java.rmi java.management.rmi java.net.http java.scripting java.security.jgss java.transaction.xa java.sql java.sql.rowset java.xml.crypto java.se java.smartcardio jdk.accessibility jdk.internal.jvmstat jdk.attach jdk.charsets jdk.internal.opt jdk.zipfs jdk.compiler jdk.crypto.ec jdk.crypto.cryptoki jdk.crypto.mscapi jdk.dynalink jdk.internal.ed jdk.editpad jdk.hotspot.agent jdk.httpserver jdk.internal.le jdk.internal.vm.ci jdk.internal.vm.compiler jdk.internal.vm.compiler.management jdk.jartool jdk.javadoc jdk.jcmd jdk.management jdk.management.agent jdk.jconsole jdk.jdeps jdk.jdwp.agent jdk.jdi jdk.jfr jdk.jshell jdk.jsobject jdk.jstatd jdk.localedata jdk.management.jfr jdk.naming.dns jdk.naming.rmi jdk.net jdk.nio.mapmode jdk.random jdk.sctp jdk.security.auth jdk.security.jgss jdk.unsupported jdk.unsupported.desktop jdk.xml.dom" 

Environment Variables:
JAVA_HOME=C:\Program Files\Java\jdk-20
PATH=C:\Program Files\Common Files\Oracle\Java\javapath;C:\Windows\system32;C:\Windows;C:\Windows\System32\Wbem;C:\Windows\System32\WindowsPowerShell\v1.0\;C:\Windows\System32\OpenSSH\;C:\Program Files\dotnet\;C:\WINDOWS\system32;C:\WINDOWS;C:\WINDOWS\System32\Wbem;C:\WINDOWS\System32\WindowsPowerShell\v1.0\;C:\WINDOWS\System32\OpenSSH\;C:\Program Files\Java\jdk-20\bin;C:\Program Files (x86)\Microsoft SQL Server\160\DTS\Binn\;C:\Program Files (x86)\Microsoft SQL Server\160\Tools\Binn\;C:\Program Files\Microsoft SQL Server\160\Tools\Binn\;C:\Program Files\Microsoft SQL Server\Client SDK\ODBC\170\Tools\Binn\;C:\Program Files\Microsoft SQL Server\160\DTS\Binn\;C:\Program Files\RedHat\Podman\;C:\Program Files\Git\cmd;C:\Program Files\nodejs\;C:\Program Files\Amazon\AWSCLIV2\;C:\Program Files\GitHub CLI\;C:\Users\nhlan\AppData\Local\Microsoft\WindowsApps;C:\Users\nhlan\.dotnet\tools;C:\Users\nhlan\AppData\Local\Programs\Microsoft VS Code\bin;C:\Program Files\Azure Data Studio\bin;C:\Users\nhlan\AppData\Local\Microsoft\WinGet\Packages\Astronomer.Astro_Microsoft.Winget.Source_8wekyb3d8bbwe;C:\Users\nhlan\AppData\Local\Programs\Kiro\bin;C:\Users\nhlan\AppData\Local\GitHubDesktop\bin;C:\Users\nhlan\AppData\Roaming\npm
USERNAME=nhlanhla
OS=Windows_NT
PROCESSOR_IDENTIFIER=Intel64 Family 6 Model 140 Stepping 1, GenuineIntel
TMP=C:\Users\nhlan\AppData\Local\Temp
TEMP=C:\Users\nhlan\AppData\Local\Temp




Periodic native trim disabled

---------------  S Y S T E M  ---------------

OS:
 Windows 11 , 64 bit Build 26100 (10.0.26100.9444)
OS uptime: 19 days 15:17 hours
Hyper-V role detected

CPU: total 8 (initial active 8) (4 cores per cpu, 2 threads per core) family 6 model 140 stepping 1 microcode 0xb6, cx8, cmov, fxsr, ht, mmx, 3dnowpref, sse, sse2, sse3, ssse3, sse4.1, sse4.2, popcnt, lzcnt, tsc, tscinvbit, avx, avx2, aes, erms, clmul, bmi1, bmi2, adx, avx512f, avx512dq, avx512cd, avx512bw, avx512vl, sha, fma, vzeroupper, avx512_vpopcntdq, avx512_vpclmulqdq, avx512_vaes, avx512_vnni, clflush, clflushopt, clwb, avx512_vbmi2, avx512_vbmi, hv, rdtscp, rdpid, fsrm, gfni, avx512_bitalg, f16c, cet_ibt, cet_ss, avx512_ifma
Processor Information for the first 8 processors :
  Max Mhz: 2419, Current Mhz: 2419, Mhz Limit: 2419

Memory: 4k page, system-wide physical 7886M (93M free)
TotalPageFile size 32462M (AvailPageFile size 0M)
current process WorkingSet (physical memory assigned to process): 105M, peak: 123M
current process commit charge ("private bytes"): 261M, peak: 283M

vm_info: OpenJDK 64-Bit Server VM (21.0.12.1+1-LTS) for windows-amd64 JRE (21.0.12.1+1-LTS), built on 2026-08-18T00:00:00Z by "admin" with MS VC++ 17.12 (VS2022)

END.
