#
# There is insufficient memory for the Java Runtime Environment to continue.
# Native memory allocation (malloc) failed to allocate 32784 bytes. Error detail: Chunk::new
# Possible reasons:
#   The system is out of physical RAM or swap space
#   This process is running with CompressedOops enabled, and the Java Heap may be blocking the growth of the native heap
# Possible solutions:
#   Reduce memory load on the system
#   Increase physical memory or swap space
#   Check if swap backing store is full
#   Decrease Java heap size (-Xmx/-Xms)
#   Decrease number of Java threads
#   Decrease Java thread stack sizes (-Xss)
#   Set larger code cache with -XX:ReservedCodeCacheSize=
#   JVM is running with Unscaled Compressed Oops mode in which the Java heap is
#     placed in the first 4GB address space. The Java Heap base address is the
#     maximum limit for the native heap growth. Please use -XX:HeapBaseMinAddress
#     to set the Java Heap base and to place the Java Heap above 4GB virtual address.
# This output file may be truncated or incomplete.
#
#  Out of Memory Error (arena.cpp:168), pid=14008, tid=14504
#
# JRE version: OpenJDK Runtime Environment Temurin-21.0.12.1+1 (21.0.12.1+1) (build 21.0.12.1+1-LTS)
# Java VM: OpenJDK 64-Bit Server VM Temurin-21.0.12.1+1 (21.0.12.1+1-LTS, mixed mode, sharing, tiered, compressed oops, compressed class ptrs, parallel gc, windows-amd64)
# No core dump will be written. Minidumps are not enabled by default on client versions of Windows
#

---------------  S U M M A R Y ------------

Command Line: --add-modules=ALL-SYSTEM --add-opens=java.base/java.util=ALL-UNNAMED --add-opens=java.base/java.lang=ALL-UNNAMED --add-opens=java.base/sun.nio.fs=ALL-UNNAMED -Declipse.application=org.eclipse.jdt.ls.core.id1 -Dosgi.bundles.defaultStartLevel=4 -Declipse.product=org.eclipse.jdt.ls.core.product -Djava.import.generatesMetadataFilesAtProjectRoot=false -Dm2e.project.cache.size=50 -DDetectVMInstallationsJob.disabled=true -Dfile.encoding=utf8 -XX:+UseParallelGC -XX:GCTimeRatio=4 -XX:AdaptiveSizePolicyWeight=90 -Dsun.zip.disableMemoryMapping=true -Xmx2G -Xms100m -Xlog:disable -javaagent:c:\Users\nhlan\.vscode\extensions\redhat.java-1.56.0-win32-x64\lombok\lombok-1.18.39-4050.jar c:\Users\nhlan\.vscode\extensions\redhat.java-1.56.0-win32-x64\server\plugins\org.eclipse.equinox.launcher_1.8.0.v20260804-1928.jar -configuration c:\Users\nhlan\AppData\Roaming\Code\User\globalStorage\redhat.java\1.56.0\config_ss_win -data c:\Users\nhlan\AppData\Roaming\Code\User\workspaceStorage\ceacd8e2e28691283a472f4d1d450c7e\redhat.java\ss_ws --pipe=\\.\pipe\lsp-85a455f01cd82218c3cdb35d719d2a8c-sock

Host: 11th Gen Intel(R) Core(TM) i5-1135G7 @ 2.40GHz, 8 cores, 7G,  Windows 11 , 64 bit Build 26100 (10.0.26100.9444)
Time: Wed Sep 30 04:49:37 2026 South Africa Standard Time elapsed time: 124.774748 seconds (0d 0h 2m 4s)

---------------  T H R E A D  ---------------

Current thread (0x000001c45f563710):  JavaThread "C2 CompilerThread0" daemon [_thread_in_native, id=14504, stack(0x0000006eb9f00000,0x0000006eba000000) (1024K)]


Current CompileTask:
C2:124774 5798 %     4       sun.nio.fs.WindowsPathParser::normalize @ 18 (233 bytes)

Stack: [0x0000006eb9f00000,0x0000006eba000000]
Native frames: (J=compiled Java code, j=interpreted, Vv=VM code, C=native code)
V  [jvm.dll+0x6d83e9]
V  [jvm.dll+0x8b5736]
V  [jvm.dll+0x8b7cee]
V  [jvm.dll+0x8b83d3]
V  [jvm.dll+0x284596]
V  [jvm.dll+0xc685d]
V  [jvm.dll+0xc6da1]
V  [jvm.dll+0xc6985]
V  [jvm.dll+0x6ff5d1]
V  [jvm.dll+0x3a17fb]
V  [jvm.dll+0x3a577d]
V  [jvm.dll+0x1ce013]
V  [jvm.dll+0x2fa7dc]
V  [jvm.dll+0x6f2873]
V  [jvm.dll+0x6ea969]
V  [jvm.dll+0x6ea069]
V  [jvm.dll+0x6e80ee]
V  [jvm.dll+0x1ce4fc]
V  [jvm.dll+0x2fa7dc]
V  [jvm.dll+0x6f2873]
V  [jvm.dll+0x6ea969]
V  [jvm.dll+0x6ea069]
V  [jvm.dll+0x6e80ee]
V  [jvm.dll+0x1ce4fc]
V  [jvm.dll+0x1cf09e]
V  [jvm.dll+0x2fa7dc]
V  [jvm.dll+0x6f2873]
V  [jvm.dll+0x6ea969]
V  [jvm.dll+0x6ea069]
V  [jvm.dll+0x6e80ee]
V  [jvm.dll+0x1ce4fc]
V  [jvm.dll+0x24b919]
V  [jvm.dll+0x1cb4ae]
V  [jvm.dll+0x25baad]
V  [jvm.dll+0x25a03a]
V  [jvm.dll+0x3f8aae]
V  [jvm.dll+0x8600cd]
V  [jvm.dll+0x6d6c1d]
C  [ucrtbase.dll+0x2cd30]
C  [KERNEL32.DLL+0x2cd87]
C  [ntdll.dll+0xacaec]


---------------  P R O C E S S  ---------------

Threads class SMR info:
_java_thread_list=0x000001c45f6416d0, length=34, elements={
0x000001c406273380, 0x000001c4061dd000, 0x000001c4061e3310, 0x000001c4061ea6d0,
0x000001c4061ed240, 0x000001c45f552830, 0x000001c45f554f30, 0x000001c45f563710,
0x000001c45f5687c0, 0x000001c45f7453f0, 0x000001c45f786fd0, 0x000001c464a1f780,
0x000001c464a054a0, 0x000001c4648271f0, 0x000001c45f7b8410, 0x000001c45f8a7550,
0x000001c464979de0, 0x000001c4645e5b90, 0x000001c4645e68b0, 0x000001c4645e6f40,
0x000001c4645e5500, 0x000001c4645e6220, 0x000001c4645e75d0, 0x000001c4645e47e0,
0x000001c4645e4150, 0x000001c4645e4e70, 0x000001c46536f010, 0x000001c46536f6a0,
0x000001c465372490, 0x000001c465372b20, 0x000001c465370a50, 0x000001c46536fd30,
0x000001c4653731b0, 0x000001c4653703c0
}

Java Threads: ( => current thread )
  0x000001c406273380 JavaThread "main"                              [_thread_blocked, id=11508, stack(0x0000006eb9500000,0x0000006eb9600000) (1024K)]
  0x000001c4061dd000 JavaThread "Reference Handler"          daemon [_thread_blocked, id=33836, stack(0x0000006eb9900000,0x0000006eb9a00000) (1024K)]
  0x000001c4061e3310 JavaThread "Finalizer"                  daemon [_thread_blocked, id=15892, stack(0x0000006eb9a00000,0x0000006eb9b00000) (1024K)]
  0x000001c4061ea6d0 JavaThread "Signal Dispatcher"          daemon [_thread_blocked, id=6572, stack(0x0000006eb9b00000,0x0000006eb9c00000) (1024K)]
  0x000001c4061ed240 JavaThread "Attach Listener"            daemon [_thread_blocked, id=16108, stack(0x0000006eb9c00000,0x0000006eb9d00000) (1024K)]
  0x000001c45f552830 JavaThread "Service Thread"             daemon [_thread_blocked, id=44304, stack(0x0000006eb9d00000,0x0000006eb9e00000) (1024K)]
  0x000001c45f554f30 JavaThread "Monitor Deflation Thread"   daemon [_thread_blocked, id=39544, stack(0x0000006eb9e00000,0x0000006eb9f00000) (1024K)]
=>0x000001c45f563710 JavaThread "C2 CompilerThread0"         daemon [_thread_in_native, id=14504, stack(0x0000006eb9f00000,0x0000006eba000000) (1024K)]
  0x000001c45f5687c0 JavaThread "C1 CompilerThread0"         daemon [_thread_blocked, id=44872, stack(0x0000006eba000000,0x0000006eba100000) (1024K)]
  0x000001c45f7453f0 JavaThread "Common-Cleaner"             daemon [_thread_blocked, id=18912, stack(0x0000006eba100000,0x0000006eba200000) (1024K)]
  0x000001c45f786fd0 JavaThread "Notification Thread"        daemon [_thread_blocked, id=44856, stack(0x0000006eba300000,0x0000006eba400000) (1024K)]
  0x000001c464a1f780 JavaThread "Active Thread: Equinox Container: 2560c872-c678-4c97-aeaf-799f5fb70379"        [_thread_blocked, id=34040, stack(0x0000006eba200000,0x0000006eba300000) (1024K)]
  0x000001c464a054a0 JavaThread "Framework Event Dispatcher: Equinox Container: 2560c872-c678-4c97-aeaf-799f5fb70379" daemon [_thread_blocked, id=41256, stack(0x0000006eba400000,0x0000006eba500000) (1024K)]
  0x000001c4648271f0 JavaThread "Start Level: Equinox Container: 2560c872-c678-4c97-aeaf-799f5fb70379" daemon [_thread_blocked, id=43304, stack(0x0000006ebab00000,0x0000006ebac00000) (1024K)]
  0x000001c45f7b8410 JavaThread "SCR Component Actor"        daemon [_thread_blocked, id=44676, stack(0x0000006ebad00000,0x0000006ebae00000) (1024K)]
  0x000001c45f8a7550 JavaThread "Worker-JM"                         [_thread_blocked, id=36784, stack(0x0000006ebae00000,0x0000006ebaf00000) (1024K)]
  0x000001c464979de0 JavaThread "JNA Cleaner"                daemon [_thread_blocked, id=36528, stack(0x0000006ebaf00000,0x0000006ebb000000) (1024K)]
  0x000001c4645e5b90 JavaThread "Worker-1"                          [_thread_blocked, id=33852, stack(0x0000006ebb100000,0x0000006ebb200000) (1024K)]
  0x000001c4645e68b0 JavaThread "Thread-1"                   daemon [_thread_in_native, id=41492, stack(0x0000006ebb500000,0x0000006ebb600000) (1024K)]
  0x000001c4645e6f40 JavaThread "Thread-2"                   daemon [_thread_in_native, id=13232, stack(0x0000006ebb600000,0x0000006ebb700000) (1024K)]
  0x000001c4645e5500 JavaThread "Thread-3"                   daemon [_thread_in_native, id=11836, stack(0x0000006ebb700000,0x0000006ebb800000) (1024K)]
  0x000001c4645e6220 JavaThread "Thread-4"                   daemon [_thread_in_native, id=5100, stack(0x0000006ebb800000,0x0000006ebb900000) (1024K)]
  0x000001c4645e75d0 JavaThread "Thread-5"                   daemon [_thread_in_native, id=35908, stack(0x0000006ebb900000,0x0000006ebba00000) (1024K)]
  0x000001c4645e47e0 JavaThread "Thread-6"                   daemon [_thread_in_native, id=36624, stack(0x0000006ebba00000,0x0000006ebbb00000) (1024K)]
  0x000001c4645e4150 JavaThread "Thread-7"                   daemon [_thread_in_native, id=11876, stack(0x0000006ebbb00000,0x0000006ebbc00000) (1024K)]
  0x000001c4645e4e70 JavaThread "Thread-8"                   daemon [_thread_in_native, id=11160, stack(0x0000006ebbc00000,0x0000006ebbd00000) (1024K)]
  0x000001c46536f010 JavaThread "Thread-9"                   daemon [_thread_in_native, id=16636, stack(0x0000006ebbd00000,0x0000006ebbe00000) (1024K)]
  0x000001c46536f6a0 JavaThread "pool-2-thread-1"                   [_thread_blocked, id=29084, stack(0x0000006ebbe00000,0x0000006ebbf00000) (1024K)]
  0x000001c465372490 JavaThread "Worker-2"                          [_thread_blocked, id=31852, stack(0x0000006ebbf00000,0x0000006ebc000000) (1024K)]
  0x000001c465372b20 JavaThread "WorkspaceEventsHandler"            [_thread_blocked, id=3080, stack(0x0000006ebc000000,0x0000006ebc100000) (1024K)]
  0x000001c465370a50 JavaThread "pool-1-thread-1"                   [_thread_in_native, id=28336, stack(0x0000006ebc100000,0x0000006ebc200000) (1024K)]
  0x000001c46536fd30 JavaThread "ForkJoinPool.commonPool-worker-1" daemon [_thread_blocked, id=37276, stack(0x0000006ebb200000,0x0000006ebb300000) (1024K)]
  0x000001c4653731b0 JavaThread "ForkJoinPool.commonPool-worker-2" daemon [_thread_blocked, id=35240, stack(0x0000006ebc200000,0x0000006ebc300000) (1024K)]
  0x000001c4653703c0 JavaThread "ForkJoinPool.commonPool-worker-4" daemon [_thread_in_Java, id=18100, stack(0x0000006ebc400000,0x0000006ebc500000) (1024K)]
Total: 34

Other Threads:
  0x000001c4061d3eb0 VMThread "VM Thread"                           [id=28028, stack(0x0000006eb9800000,0x0000006eb9900000) (1024K)]
  0x000001c4062d5ca0 WatcherThread "VM Periodic Task Thread"        [id=44632, stack(0x0000006eb9700000,0x0000006eb9800000) (1024K)]
  0x000001c406288790 WorkerThread "GC Thread#0"                     [id=21452, stack(0x0000006eb9600000,0x0000006eb9700000) (1024K)]
  0x000001c4640bf130 WorkerThread "GC Thread#1"                     [id=22576, stack(0x0000006eba500000,0x0000006eba600000) (1024K)]
  0x000001c4647f1120 WorkerThread "GC Thread#2"                     [id=20672, stack(0x0000006eba600000,0x0000006eba700000) (1024K)]
  0x000001c4644ecd80 WorkerThread "GC Thread#3"                     [id=32864, stack(0x0000006eba700000,0x0000006eba800000) (1024K)]
  0x000001c4644ed940 WorkerThread "GC Thread#4"                     [id=39728, stack(0x0000006eba800000,0x0000006eba900000) (1024K)]
  0x000001c4644edcf0 WorkerThread "GC Thread#5"                     [id=26868, stack(0x0000006eba900000,0x0000006ebaa00000) (1024K)]
  0x000001c4640c3970 WorkerThread "GC Thread#6"                     [id=5896, stack(0x0000006ebaa00000,0x0000006ebab00000) (1024K)]
  0x000001c4647ccf80 WorkerThread "GC Thread#7"                     [id=20580, stack(0x0000006ebac00000,0x0000006ebad00000) (1024K)]
Total: 10

Threads with active compile tasks:
C2 CompilerThread0  124845 5798 %     4       sun.nio.fs.WindowsPathParser::normalize @ 18 (233 bytes)
Total: 1

VM state: not at safepoint (normal execution)

VM Mutex/Monitor currently owned by a thread: None

Heap address: 0x0000000080000000, size: 2048 MB, Compressed Oops mode: 32-bit

CDS archive(s) mapped at: [0x000001c41d000000-0x000001c41dba0000-0x000001c41dba0000), size 12189696, SharedBaseAddress: 0x000001c41d000000, ArchiveRelocationMode: 1.
Compressed class space mapped at: 0x000001c41e000000-0x000001c45e000000, reserved size: 1073741824
Narrow klass base: 0x000001c41d000000, Narrow klass shift: 0, Narrow klass range: 0x100000000

GC Precious Log:
 CardTable entry size: 512
 CPUs: 8 total, 8 available
 Memory: 7886M
 Large Page Support: Disabled
 NUMA Support: Disabled
 Compressed Oops: Enabled (32-bit)
 Alignments: Space 512K, Generation 512K, Heap 2M
 Heap Min Capacity: 100M
 Heap Initial Capacity: 100M
 Heap Max Capacity: 2G
 Pre-touch: Disabled
 Parallel Workers: 8

Heap:
 PSYoungGen      total 20480K, used 7143K [0x00000000d5580000, 0x00000000d6b80000, 0x0000000100000000)
  eden space 19968K, 34% used [0x00000000d5580000,0x00000000d5c31e98,0x00000000d6900000)
  from space 512K, 56% used [0x00000000d6b00000,0x00000000d6b48000,0x00000000d6b80000)
  to   space 1024K, 0% used [0x00000000d6980000,0x00000000d6980000,0x00000000d6a80000)
 ParOldGen       total 68608K, used 33448K [0x0000000080000000, 0x0000000084300000, 0x00000000d5580000)
  object space 68608K, 48% used [0x0000000080000000,0x00000000820aa110,0x0000000084300000)
 Metaspace       used 43033K, committed 44160K, reserved 1114112K
  class space    used 4340K, committed 4864K, reserved 1048576K

Card table byte_map: [0x000001c405be0000,0x000001c405ff0000] _byte_map_base: 0x000001c4057e0000

Marking Bits: (ParMarkBitMap*) 0x00007ffef4ac44a0
 Begin Bits: [0x000001c4186f0000, 0x000001c41a6f0000)
 End Bits:   [0x000001c41a6f0000, 0x000001c41c6f0000)

Polling page: 0x000001c403c90000

Metaspace:

Usage:
  Non-class:     37.79 MB used.
      Class:      4.24 MB used.
       Both:     42.02 MB used.

Virtual space:
  Non-class space:       64.00 MB reserved,      38.38 MB ( 60%) committed,  1 nodes.
      Class space:        1.00 GB reserved,       4.75 MB ( <1%) committed,  1 nodes.
             Both:        1.06 GB reserved,      43.12 MB (  4%) committed. 

Chunk freelists:
   Non-Class:  9.54 MB
       Class:  11.25 MB
        Both:  20.79 MB

MaxMetaspaceSize: unlimited
CompressedClassSpaceSize: 1.00 GB
Initial GC threshold: 21.00 MB
Current GC threshold: 58.88 MB
CDS: on
 - commit_granule_bytes: 65536.
 - commit_granule_words: 8192.
 - virtual_space_node_default_size: 8388608.
 - enlarge_chunks_in_place: 1.
 - use_allocation_guard: 0.


Internal statistics:

num_allocs_failed_limit: 10.
num_arena_births: 912.
num_arena_deaths: 64.
num_vsnodes_births: 2.
num_vsnodes_deaths: 0.
num_space_committed: 690.
num_space_uncommitted: 0.
num_chunks_returned_to_freelist: 91.
num_chunks_taken_from_freelist: 2792.
num_chunk_merges: 34.
num_chunk_splits: 1757.
num_chunks_enlarged: 1067.
num_inconsistent_stats: 0.

CodeHeap 'non-profiled nmethods': size=120000Kb used=3114Kb max_used=3114Kb free=116885Kb
 bounds [0x000001c410f10000, 0x000001c411220000, 0x000001c418440000]
CodeHeap 'profiled nmethods': size=120000Kb used=11778Kb max_used=11778Kb free=108222Kb
 bounds [0x000001c409440000, 0x000001c409fd0000, 0x000001c410970000]
CodeHeap 'non-nmethods': size=5760Kb used=1415Kb max_used=1458Kb free=4344Kb
 bounds [0x000001c410970000, 0x000001c410be0000, 0x000001c410f10000]
CodeCache: size=245760Kb, used=16307Kb, max_used=16350Kb, free=229451Kb
 total_blobs=6114, nmethods=5400, adapters=620, full_count=0
Compilation: enabled, stopped_count=0, restarted_count=0

Compilation events (20 events):
Event: 50.343 Thread 0x000001c45f5687c0 5789       3       com.google.gson.internal.bind.TypeAdapters$16::write (10 bytes)
Event: 50.344 Thread 0x000001c45f5687c0 nmethod 5789 0x000001c409fbb490 code [0x000001c409fbb6a0, 0x000001c409fbbcb0]
Event: 50.344 Thread 0x000001c45f5687c0 5790       3       com.google.gson.internal.bind.TypeAdapters$16::write (7 bytes)
Event: 50.344 Thread 0x000001c45f5687c0 nmethod 5790 0x000001c409fbbe90 code [0x000001c409fbc0a0, 0x000001c409fbc540]
Event: 50.408 Thread 0x000001c45f563710 nmethod 5786% 0x000001c411210990 code [0x000001c411210de0, 0x000001c411213cd0]
Event: 50.409 Thread 0x000001c45f563710 5788       4       org.eclipse.jdt.internal.compiler.parser.Scanner::internalScanIdentifierOrKeyword (5041 bytes)
Event: 50.461 Thread 0x000001c45f563710 nmethod 5788 0x000001c411215c10 code [0x000001c4112161e0, 0x000001c411218c40]
Event: 124.417 Thread 0x000001c45f5687c0 5792       3       java.lang.invoke.MethodType::genericMethodType (6 bytes)
Event: 124.419 Thread 0x000001c45f5687c0 nmethod 5792 0x000001c409fbc710 code [0x000001c409fbc8c0, 0x000001c409fbc9e0]
Event: 124.419 Thread 0x000001c45f5687c0 5793       3       com.google.gson.internal.bind.ReflectiveTypeAdapterFactory$FieldReflectionAdapter::readField (7 bytes)
Event: 124.420 Thread 0x000001c45f5687c0 nmethod 5793 0x000001c409fbca90 code [0x000001c409fbcc40, 0x000001c409fbce28]
Event: 124.420 Thread 0x000001c45f5687c0 5794       3       com.google.gson.internal.bind.ReflectiveTypeAdapterFactory$2::readIntoField (93 bytes)
Event: 124.430 Thread 0x000001c45f563710 5795       4       java.lang.reflect.Method::isCallerSensitive (38 bytes)
Event: 124.431 Thread 0x000001c45f5687c0 nmethod 5794 0x000001c409fbcf10 code [0x000001c409fbd220, 0x000001c409fbdf80]
Event: 124.436 Thread 0x000001c45f563710 nmethod 5795 0x000001c411219e90 code [0x000001c41121a040, 0x000001c41121a180]
Event: 124.453 Thread 0x000001c45f5687c0 5796       1       sun.util.calendar.CalendarDate::getMonth (5 bytes)
Event: 124.453 Thread 0x000001c45f5687c0 nmethod 5796 0x000001c41121a310 code [0x000001c41121a4a0, 0x000001c41121a568]
Event: 124.454 Thread 0x000001c45f5687c0 5797       1       java.text.NumberFormat::isGroupingUsed (5 bytes)
Event: 124.454 Thread 0x000001c45f5687c0 nmethod 5797 0x000001c41121a610 code [0x000001c41121a7a0, 0x000001c41121a870]
Event: 124.754 Thread 0x000001c45f563710 5798 %     4       sun.nio.fs.WindowsPathParser::normalize @ 18 (233 bytes)

GC Heap History (20 events):
Event: 23.113 GC heap before
{Heap before GC invocations=17 (full 1):
 PSYoungGen      total 24064K, used 23648K [0x00000000d5580000, 0x00000000d6f80000, 0x0000000100000000)
  eden space 21504K, 100% used [0x00000000d5580000,0x00000000d6a80000,0x00000000d6a80000)
  from space 2560K, 83% used [0x00000000d6a80000,0x00000000d6c98010,0x00000000d6d00000)
  to   space 2560K, 0% used [0x00000000d6d00000,0x00000000d6d00000,0x00000000d6f80000)
 ParOldGen       total 68608K, used 25484K [0x0000000080000000, 0x0000000084300000, 0x00000000d5580000)
  object space 68608K, 37% used [0x0000000080000000,0x00000000818e3338,0x0000000084300000)
 Metaspace       used 32781K, committed 33792K, reserved 1114112K
  class space    used 3332K, committed 3776K, reserved 1048576K
}
Event: 23.117 GC heap after
{Heap after GC invocations=17 (full 1):
 PSYoungGen      total 23552K, used 1944K [0x00000000d5580000, 0x00000000d6f00000, 0x0000000100000000)
  eden space 21504K, 0% used [0x00000000d5580000,0x00000000d5580000,0x00000000d6a80000)
  from space 2048K, 94% used [0x00000000d6d00000,0x00000000d6ee6200,0x00000000d6f00000)
  to   space 2048K, 0% used [0x00000000d6b00000,0x00000000d6b00000,0x00000000d6d00000)
 ParOldGen       total 68608K, used 27532K [0x0000000080000000, 0x0000000084300000, 0x00000000d5580000)
  object space 68608K, 40% used [0x0000000080000000,0x0000000081ae3348,0x0000000084300000)
 Metaspace       used 32781K, committed 33792K, reserved 1114112K
  class space    used 3332K, committed 3776K, reserved 1048576K
}
Event: 23.672 GC heap before
{Heap before GC invocations=18 (full 1):
 PSYoungGen      total 23552K, used 23448K [0x00000000d5580000, 0x00000000d6f00000, 0x0000000100000000)
  eden space 21504K, 100% used [0x00000000d5580000,0x00000000d6a80000,0x00000000d6a80000)
  from space 2048K, 94% used [0x00000000d6d00000,0x00000000d6ee6200,0x00000000d6f00000)
  to   space 2048K, 0% used [0x00000000d6b00000,0x00000000d6b00000,0x00000000d6d00000)
 ParOldGen       total 68608K, used 27532K [0x0000000080000000, 0x0000000084300000, 0x00000000d5580000)
  object space 68608K, 40% used [0x0000000080000000,0x0000000081ae3348,0x0000000084300000)
 Metaspace       used 34244K, committed 35200K, reserved 1114112K
  class space    used 3525K, committed 3968K, reserved 1048576K
}
Event: 23.677 GC heap after
{Heap after GC invocations=18 (full 1):
 PSYoungGen      total 23040K, used 1515K [0x00000000d5580000, 0x00000000d6e80000, 0x0000000100000000)
  eden space 21504K, 0% used [0x00000000d5580000,0x00000000d5580000,0x00000000d6a80000)
  from space 1536K, 98% used [0x00000000d6b00000,0x00000000d6c7ae58,0x00000000d6c80000)
  to   space 2048K, 0% used [0x00000000d6c80000,0x00000000d6c80000,0x00000000d6e80000)
 ParOldGen       total 68608K, used 29373K [0x0000000080000000, 0x0000000084300000, 0x00000000d5580000)
  object space 68608K, 42% used [0x0000000080000000,0x0000000081caf548,0x0000000084300000)
 Metaspace       used 34244K, committed 35200K, reserved 1114112K
  class space    used 3525K, committed 3968K, reserved 1048576K
}
Event: 23.793 GC heap before
{Heap before GC invocations=19 (full 1):
 PSYoungGen      total 23040K, used 3754K [0x00000000d5580000, 0x00000000d6e80000, 0x0000000100000000)
  eden space 21504K, 10% used [0x00000000d5580000,0x00000000d57afc30,0x00000000d6a80000)
  from space 1536K, 98% used [0x00000000d6b00000,0x00000000d6c7ae58,0x00000000d6c80000)
  to   space 2048K, 0% used [0x00000000d6c80000,0x00000000d6c80000,0x00000000d6e80000)
 ParOldGen       total 68608K, used 29373K [0x0000000080000000, 0x0000000084300000, 0x00000000d5580000)
  object space 68608K, 42% used [0x0000000080000000,0x0000000081caf548,0x0000000084300000)
 Metaspace       used 34867K, committed 35904K, reserved 1114112K
  class space    used 3563K, committed 4032K, reserved 1048576K
}
Event: 23.795 GC heap after
{Heap after GC invocations=19 (full 1):
 PSYoungGen      total 22016K, used 192K [0x00000000d5580000, 0x00000000d6d00000, 0x0000000100000000)
  eden space 21504K, 0% used [0x00000000d5580000,0x00000000d5580000,0x00000000d6a80000)
  from space 512K, 37% used [0x00000000d6c80000,0x00000000d6cb0000,0x00000000d6d00000)
  to   space 1024K, 0% used [0x00000000d6b00000,0x00000000d6b00000,0x00000000d6c00000)
 ParOldGen       total 68608K, used 30743K [0x0000000080000000, 0x0000000084300000, 0x00000000d5580000)
  object space 68608K, 44% used [0x0000000080000000,0x0000000081e05f98,0x0000000084300000)
 Metaspace       used 34867K, committed 35904K, reserved 1114112K
  class space    used 3563K, committed 4032K, reserved 1048576K
}
Event: 24.020 GC heap before
{Heap before GC invocations=20 (full 1):
 PSYoungGen      total 22016K, used 4878K [0x00000000d5580000, 0x00000000d6d00000, 0x0000000100000000)
  eden space 21504K, 21% used [0x00000000d5580000,0x00000000d5a13980,0x00000000d6a80000)
  from space 512K, 37% used [0x00000000d6c80000,0x00000000d6cb0000,0x00000000d6d00000)
  to   space 1024K, 0% used [0x00000000d6b00000,0x00000000d6b00000,0x00000000d6c00000)
 ParOldGen       total 68608K, used 30743K [0x0000000080000000, 0x0000000084300000, 0x00000000d5580000)
  object space 68608K, 44% used [0x0000000080000000,0x0000000081e05f98,0x0000000084300000)
 Metaspace       used 35153K, committed 36160K, reserved 1114112K
  class space    used 3593K, committed 4032K, reserved 1048576K
}
Event: 24.021 GC heap after
{Heap after GC invocations=20 (full 1):
 PSYoungGen      total 22528K, used 224K [0x00000000d5580000, 0x00000000d6d00000, 0x0000000100000000)
  eden space 21504K, 0% used [0x00000000d5580000,0x00000000d5580000,0x00000000d6a80000)
  from space 1024K, 21% used [0x00000000d6b00000,0x00000000d6b38000,0x00000000d6c00000)
  to   space 512K, 0% used [0x00000000d6c80000,0x00000000d6c80000,0x00000000d6d00000)
 ParOldGen       total 68608K, used 30823K [0x0000000080000000, 0x0000000084300000, 0x00000000d5580000)
  object space 68608K, 44% used [0x0000000080000000,0x0000000081e19f98,0x0000000084300000)
 Metaspace       used 35153K, committed 36160K, reserved 1114112K
  class space    used 3593K, committed 4032K, reserved 1048576K
}
Event: 24.021 GC heap before
{Heap before GC invocations=21 (full 2):
 PSYoungGen      total 22528K, used 224K [0x00000000d5580000, 0x00000000d6d00000, 0x0000000100000000)
  eden space 21504K, 0% used [0x00000000d5580000,0x00000000d5580000,0x00000000d6a80000)
  from space 1024K, 21% used [0x00000000d6b00000,0x00000000d6b38000,0x00000000d6c00000)
  to   space 512K, 0% used [0x00000000d6c80000,0x00000000d6c80000,0x00000000d6d00000)
 ParOldGen       total 68608K, used 30823K [0x0000000080000000, 0x0000000084300000, 0x00000000d5580000)
  object space 68608K, 44% used [0x0000000080000000,0x0000000081e19f98,0x0000000084300000)
 Metaspace       used 35153K, committed 36160K, reserved 1114112K
  class space    used 3593K, committed 4032K, reserved 1048576K
}
Event: 24.078 GC heap after
{Heap after GC invocations=21 (full 2):
 PSYoungGen      total 22528K, used 0K [0x00000000d5580000, 0x00000000d6d00000, 0x0000000100000000)
  eden space 21504K, 0% used [0x00000000d5580000,0x00000000d5580000,0x00000000d6a80000)
  from space 1024K, 0% used [0x00000000d6b00000,0x00000000d6b00000,0x00000000d6c00000)
  to   space 512K, 0% used [0x00000000d6c80000,0x00000000d6c80000,0x00000000d6d00000)
 ParOldGen       total 68608K, used 29527K [0x0000000080000000, 0x0000000084300000, 0x00000000d5580000)
  object space 68608K, 43% used [0x0000000080000000,0x0000000081cd5cc0,0x0000000084300000)
 Metaspace       used 35109K, committed 36160K, reserved 1114112K
  class space    used 3580K, committed 4032K, reserved 1048576K
}
Event: 25.483 GC heap before
{Heap before GC invocations=22 (full 2):
 PSYoungGen      total 22528K, used 21504K [0x00000000d5580000, 0x00000000d6d00000, 0x0000000100000000)
  eden space 21504K, 100% used [0x00000000d5580000,0x00000000d6a80000,0x00000000d6a80000)
  from space 1024K, 0% used [0x00000000d6b00000,0x00000000d6b00000,0x00000000d6c00000)
  to   space 512K, 0% used [0x00000000d6c80000,0x00000000d6c80000,0x00000000d6d00000)
 ParOldGen       total 68608K, used 29527K [0x0000000080000000, 0x0000000084300000, 0x00000000d5580000)
  object space 68608K, 43% used [0x0000000080000000,0x0000000081cd5cc0,0x0000000084300000)
 Metaspace       used 36114K, committed 37120K, reserved 1114112K
  class space    used 3707K, committed 4160K, reserved 1048576K
}
Event: 25.484 GC heap after
{Heap after GC invocations=22 (full 2):
 PSYoungGen      total 22016K, used 416K [0x00000000d5580000, 0x00000000d6d00000, 0x0000000100000000)
  eden space 21504K, 0% used [0x00000000d5580000,0x00000000d5580000,0x00000000d6a80000)
  from space 512K, 81% used [0x00000000d6c80000,0x00000000d6ce8000,0x00000000d6d00000)
  to   space 512K, 0% used [0x00000000d6c00000,0x00000000d6c00000,0x00000000d6c80000)
 ParOldGen       total 68608K, used 29535K [0x0000000080000000, 0x0000000084300000, 0x00000000d5580000)
  object space 68608K, 43% used [0x0000000080000000,0x0000000081cd7cc0,0x0000000084300000)
 Metaspace       used 36114K, committed 37120K, reserved 1114112K
  class space    used 3707K, committed 4160K, reserved 1048576K
}
Event: 26.646 GC heap before
{Heap before GC invocations=23 (full 2):
 PSYoungGen      total 22016K, used 21920K [0x00000000d5580000, 0x00000000d6d00000, 0x0000000100000000)
  eden space 21504K, 100% used [0x00000000d5580000,0x00000000d6a80000,0x00000000d6a80000)
  from space 512K, 81% used [0x00000000d6c80000,0x00000000d6ce8000,0x00000000d6d00000)
  to   space 512K, 0% used [0x00000000d6c00000,0x00000000d6c00000,0x00000000d6c80000)
 ParOldGen       total 68608K, used 29535K [0x0000000080000000, 0x0000000084300000, 0x00000000d5580000)
  object space 68608K, 43% used [0x0000000080000000,0x0000000081cd7cc0,0x0000000084300000)
 Metaspace       used 38635K, committed 39680K, reserved 1114112K
  class space    used 3935K, committed 4416K, reserved 1048576K
}
Event: 26.648 GC heap after
{Heap after GC invocations=23 (full 2):
 PSYoungGen      total 22016K, used 480K [0x00000000d5580000, 0x00000000d6e80000, 0x0000000100000000)
  eden space 21504K, 0% used [0x00000000d5580000,0x00000000d5580000,0x00000000d6a80000)
  from space 512K, 93% used [0x00000000d6c00000,0x00000000d6c78020,0x00000000d6c80000)
  to   space 2048K, 0% used [0x00000000d6c80000,0x00000000d6c80000,0x00000000d6e80000)
 ParOldGen       total 68608K, used 30672K [0x0000000080000000, 0x0000000084300000, 0x00000000d5580000)
  object space 68608K, 44% used [0x0000000080000000,0x0000000081df43f0,0x0000000084300000)
 Metaspace       used 38635K, committed 39680K, reserved 1114112K
  class space    used 3935K, committed 4416K, reserved 1048576K
}
Event: 27.400 GC heap before
{Heap before GC invocations=24 (full 2):
 PSYoungGen      total 22016K, used 21984K [0x00000000d5580000, 0x00000000d6e80000, 0x0000000100000000)
  eden space 21504K, 100% used [0x00000000d5580000,0x00000000d6a80000,0x00000000d6a80000)
  from space 512K, 93% used [0x00000000d6c00000,0x00000000d6c78020,0x00000000d6c80000)
  to   space 2048K, 0% used [0x00000000d6c80000,0x00000000d6c80000,0x00000000d6e80000)
 ParOldGen       total 68608K, used 30672K [0x0000000080000000, 0x0000000084300000, 0x00000000d5580000)
  object space 68608K, 44% used [0x0000000080000000,0x0000000081df43f0,0x0000000084300000)
 Metaspace       used 40808K, committed 41856K, reserved 1114112K
  class space    used 4155K, committed 4608K, reserved 1048576K
}
Event: 27.405 GC heap after
{Heap after GC invocations=24 (full 2):
 PSYoungGen      total 22016K, used 2037K [0x00000000d5580000, 0x00000000d7180000, 0x0000000100000000)
  eden space 19968K, 0% used [0x00000000d5580000,0x00000000d5580000,0x00000000d6900000)
  from space 2048K, 99% used [0x00000000d6c80000,0x00000000d6e7d468,0x00000000d6e80000)
  to   space 3584K, 0% used [0x00000000d6900000,0x00000000d6900000,0x00000000d6c80000)
 ParOldGen       total 68608K, used 31821K [0x0000000080000000, 0x0000000084300000, 0x00000000d5580000)
  object space 68608K, 46% used [0x0000000080000000,0x0000000081f137c8,0x0000000084300000)
 Metaspace       used 40808K, committed 41856K, reserved 1114112K
  class space    used 4155K, committed 4608K, reserved 1048576K
}
Event: 27.501 GC heap before
{Heap before GC invocations=25 (full 2):
 PSYoungGen      total 22016K, used 22005K [0x00000000d5580000, 0x00000000d7180000, 0x0000000100000000)
  eden space 19968K, 100% used [0x00000000d5580000,0x00000000d6900000,0x00000000d6900000)
  from space 2048K, 99% used [0x00000000d6c80000,0x00000000d6e7d468,0x00000000d6e80000)
  to   space 3584K, 0% used [0x00000000d6900000,0x00000000d6900000,0x00000000d6c80000)
 ParOldGen       total 68608K, used 31821K [0x0000000080000000, 0x0000000084300000, 0x00000000d5580000)
  object space 68608K, 46% used [0x0000000080000000,0x0000000081f137c8,0x0000000084300000)
 Metaspace       used 40907K, committed 42048K, reserved 1114112K
  class space    used 4162K, committed 4672K, reserved 1048576K
}
Event: 27.504 GC heap after
{Heap after GC invocations=25 (full 2):
 PSYoungGen      total 21504K, used 1145K [0x00000000d5580000, 0x00000000d6d00000, 0x0000000100000000)
  eden space 19968K, 0% used [0x00000000d5580000,0x00000000d5580000,0x00000000d6900000)
  from space 1536K, 74% used [0x00000000d6900000,0x00000000d6a1e6f0,0x00000000d6a80000)
  to   space 2048K, 0% used [0x00000000d6b00000,0x00000000d6b00000,0x00000000d6d00000)
 ParOldGen       total 68608K, used 33367K [0x0000000080000000, 0x0000000084300000, 0x00000000d5580000)
  object space 68608K, 48% used [0x0000000080000000,0x0000000082095ca0,0x0000000084300000)
 Metaspace       used 40907K, committed 42048K, reserved 1114112K
  class space    used 4162K, committed 4672K, reserved 1048576K
}
Event: 27.824 GC heap before
{Heap before GC invocations=26 (full 2):
 PSYoungGen      total 21504K, used 21113K [0x00000000d5580000, 0x00000000d6d00000, 0x0000000100000000)
  eden space 19968K, 100% used [0x00000000d5580000,0x00000000d6900000,0x00000000d6900000)
  from space 1536K, 74% used [0x00000000d6900000,0x00000000d6a1e6f0,0x00000000d6a80000)
  to   space 2048K, 0% used [0x00000000d6b00000,0x00000000d6b00000,0x00000000d6d00000)
 ParOldGen       total 68608K, used 33367K [0x0000000080000000, 0x0000000084300000, 0x00000000d5580000)
  object space 68608K, 48% used [0x0000000080000000,0x0000000082095ca0,0x0000000084300000)
 Metaspace       used 42198K, committed 43264K, reserved 1114112K
  class space    used 4267K, committed 4736K, reserved 1048576K
}
Event: 27.825 GC heap after
{Heap after GC invocations=26 (full 2):
 PSYoungGen      total 20480K, used 288K [0x00000000d5580000, 0x00000000d6b80000, 0x0000000100000000)
  eden space 19968K, 0% used [0x00000000d5580000,0x00000000d5580000,0x00000000d6900000)
  from space 512K, 56% used [0x00000000d6b00000,0x00000000d6b48000,0x00000000d6b80000)
  to   space 1024K, 0% used [0x00000000d6980000,0x00000000d6980000,0x00000000d6a80000)
 ParOldGen       total 68608K, used 33448K [0x0000000080000000, 0x0000000084300000, 0x00000000d5580000)
  object space 68608K, 48% used [0x0000000080000000,0x00000000820aa110,0x0000000084300000)
 Metaspace       used 42198K, committed 43264K, reserved 1114112K
  class space    used 4267K, committed 4736K, reserved 1048576K
}

Dll operation events (20 events):
Event: 4.204 Attempting to load shared library c:\Users\nhlan\.vscode\extensions\redhat.java-1.56.0-win32-x64\jre\21.0.12.1-win32-x86_64\bin\java.dll
Event: 4.204 Loaded shared library c:\Users\nhlan\.vscode\extensions\redhat.java-1.56.0-win32-x64\jre\21.0.12.1-win32-x86_64\bin\java.dll
Event: 4.302 Attempting to load shared library c:\Users\nhlan\.vscode\extensions\redhat.java-1.56.0-win32-x64\jre\21.0.12.1-win32-x86_64\bin\zip.dll
Event: 4.303 Loaded shared library c:\Users\nhlan\.vscode\extensions\redhat.java-1.56.0-win32-x64\jre\21.0.12.1-win32-x86_64\bin\zip.dll
Event: 4.330 Attempting to load shared library C:\Users\nhlan\.vscode\extensions\redhat.java-1.56.0-win32-x64\jre\21.0.12.1-win32-x86_64\bin\instrument.dll
Event: 4.330 Loaded shared library C:\Users\nhlan\.vscode\extensions\redhat.java-1.56.0-win32-x64\jre\21.0.12.1-win32-x86_64\bin\instrument.dll
Event: 4.334 Attempting to load shared library C:\Users\nhlan\.vscode\extensions\redhat.java-1.56.0-win32-x64\jre\21.0.12.1-win32-x86_64\bin\net.dll
Event: 4.448 Loaded shared library C:\Users\nhlan\.vscode\extensions\redhat.java-1.56.0-win32-x64\jre\21.0.12.1-win32-x86_64\bin\net.dll
Event: 4.450 Attempting to load shared library C:\Users\nhlan\.vscode\extensions\redhat.java-1.56.0-win32-x64\jre\21.0.12.1-win32-x86_64\bin\nio.dll
Event: 4.590 Loaded shared library C:\Users\nhlan\.vscode\extensions\redhat.java-1.56.0-win32-x64\jre\21.0.12.1-win32-x86_64\bin\nio.dll
Event: 4.601 Attempting to load shared library C:\Users\nhlan\.vscode\extensions\redhat.java-1.56.0-win32-x64\jre\21.0.12.1-win32-x86_64\bin\zip.dll
Event: 4.601 Loaded shared library C:\Users\nhlan\.vscode\extensions\redhat.java-1.56.0-win32-x64\jre\21.0.12.1-win32-x86_64\bin\zip.dll
Event: 4.632 Attempting to load shared library C:\Users\nhlan\.vscode\extensions\redhat.java-1.56.0-win32-x64\jre\21.0.12.1-win32-x86_64\bin\jimage.dll
Event: 4.632 Loaded shared library C:\Users\nhlan\.vscode\extensions\redhat.java-1.56.0-win32-x64\jre\21.0.12.1-win32-x86_64\bin\jimage.dll
Event: 4.728 Attempting to load shared library c:\Users\nhlan\.vscode\extensions\redhat.java-1.56.0-win32-x64\jre\21.0.12.1-win32-x86_64\bin\verify.dll
Event: 4.791 Loaded shared library c:\Users\nhlan\.vscode\extensions\redhat.java-1.56.0-win32-x64\jre\21.0.12.1-win32-x86_64\bin\verify.dll
Event: 11.896 Attempting to load shared library C:\Users\nhlan\AppData\Roaming\Code\User\globalStorage\redhat.java\1.56.0\config_ss_win\org.eclipse.equinox.launcher\org.eclipse.equinox.launcher.win32.win32.x86_64_1.3.100.v20260804-1928\eclipse_11924.dll
Event: 12.126 Loaded shared library C:\Users\nhlan\AppData\Roaming\Code\User\globalStorage\redhat.java\1.56.0\config_ss_win\org.eclipse.equinox.launcher\org.eclipse.equinox.launcher.win32.win32.x86_64_1.3.100.v20260804-1928\eclipse_11924.dll
Event: 13.242 Attempting to load shared library C:\Users\nhlan\AppData\Local\Temp\jna--568378914\jna7944525573889416762.dll
Event: 13.366 Loaded shared library C:\Users\nhlan\AppData\Local\Temp\jna--568378914\jna7944525573889416762.dll

Deoptimization events (20 events):
Event: 27.551 Thread 0x000001c464b7e450 Uncommon trap: trap_request=0xffffff45 fr.pc=0x000001c410f537b8 relative=0x0000000000000098
Event: 27.551 Thread 0x000001c464b7e450 Uncommon trap: reason=unstable_if action=reinterpret pc=0x000001c410f537b8 method=java.util.Hashtable$Enumerator.nextElement()Ljava/lang/Object; @ 87 c2
Event: 27.551 Thread 0x000001c464b7e450 DEOPT PACKING pc=0x000001c410f537b8 sp=0x0000006ebb0feef0
Event: 27.551 Thread 0x000001c464b7e450 DEOPT UNPACKING pc=0x000001c4109c6da2 sp=0x0000006ebb0fee70 mode 2
Event: 27.980 Thread 0x000001c465371770 Uncommon trap: trap_request=0xffffff45 fr.pc=0x000001c410fad3a4 relative=0x0000000000000344
Event: 27.980 Thread 0x000001c465371770 Uncommon trap: reason=unstable_if action=reinterpret pc=0x000001c410fad3a4 method=java.lang.ThreadLocal$ThreadLocalMap.set(Ljava/lang/ThreadLocal;Ljava/lang/Object;)V @ 116 c2
Event: 27.980 Thread 0x000001c465371770 DEOPT PACKING pc=0x000001c410fad3a4 sp=0x0000006ebc3fedd0
Event: 27.980 Thread 0x000001c465371770 DEOPT UNPACKING pc=0x000001c4109c6da2 sp=0x0000006ebc3fed70 mode 2
Event: 27.985 Thread 0x000001c465371770 Uncommon trap: trap_request=0xffffff45 fr.pc=0x000001c410fcbadc relative=0x000000000000019c
Event: 27.985 Thread 0x000001c465371770 Uncommon trap: reason=unstable_if action=reinterpret pc=0x000001c410fcbadc method=java.util.concurrent.ConcurrentHashMap.get(Ljava/lang/Object;)Ljava/lang/Object; @ 152 c2
Event: 27.985 Thread 0x000001c465371770 DEOPT PACKING pc=0x000001c410fcbadc sp=0x0000006ebc3fea70
Event: 27.985 Thread 0x000001c465371770 DEOPT UNPACKING pc=0x000001c4109c6da2 sp=0x0000006ebc3fe9e8 mode 2
Event: 27.987 Thread 0x000001c465371770 Uncommon trap: trap_request=0xffffff45 fr.pc=0x000001c4110a73a0 relative=0x0000000000000ba0
Event: 27.987 Thread 0x000001c465371770 Uncommon trap: reason=unstable_if action=reinterpret pc=0x000001c4110a73a0 method=java.util.concurrent.ConcurrentHashMap.transfer([Ljava/util/concurrent/ConcurrentHashMap$Node;[Ljava/util/concurrent/ConcurrentHashMap$Node;)V @ 352 c2
Event: 27.987 Thread 0x000001c465371770 DEOPT PACKING pc=0x000001c4110a73a0 sp=0x0000006ebc3fe6f0
Event: 27.987 Thread 0x000001c465371770 DEOPT UNPACKING pc=0x000001c4109c6da2 sp=0x0000006ebc3fe658 mode 2
Event: 27.992 Thread 0x000001c465371770 Uncommon trap: trap_request=0xffffff45 fr.pc=0x000001c4111f5a18 relative=0x0000000000000c18
Event: 27.992 Thread 0x000001c465371770 Uncommon trap: reason=unstable_if action=reinterpret pc=0x000001c4111f5a18 method=java.util.concurrent.ConcurrentHashMap.putVal(Ljava/lang/Object;Ljava/lang/Object;Z)Ljava/lang/Object; @ 245 c2
Event: 27.992 Thread 0x000001c465371770 DEOPT PACKING pc=0x000001c4111f5a18 sp=0x0000006ebc3fe740
Event: 27.992 Thread 0x000001c465371770 DEOPT UNPACKING pc=0x000001c4109c6da2 sp=0x0000006ebc3fe6b8 mode 2

Classes loaded (20 events):
Event: 26.580 Loading class java/lang/UnsupportedClassVersionError
Event: 26.580 Loading class java/lang/UnsupportedClassVersionError done
Event: 26.783 Loading class java/util/stream/ReduceOps$4
Event: 26.783 Loading class java/util/stream/ReduceOps$4 done
Event: 26.783 Loading class java/util/stream/ReduceOps$4ReducingSink
Event: 26.784 Loading class java/util/stream/ReduceOps$4ReducingSink done
Event: 27.016 Loading class java/util/stream/ReferencePipeline$4
Event: 27.016 Loading class java/util/stream/ReferencePipeline$4 done
Event: 27.017 Loading class java/util/stream/Nodes$IntFixedNodeBuilder
Event: 27.034 Loading class java/util/stream/Node$Builder$OfInt
Event: 27.034 Loading class java/util/stream/Node$Builder$OfInt done
Event: 27.034 Loading class java/util/stream/Nodes$IntArrayNode
Event: 27.034 Loading class java/util/stream/Nodes$IntArrayNode done
Event: 27.034 Loading class java/util/stream/Nodes$IntFixedNodeBuilder done
Event: 27.034 Loading class java/util/stream/ReferencePipeline$4$1
Event: 27.034 Loading class java/util/stream/ReferencePipeline$4$1 done
Event: 27.985 Loading class java/util/concurrent/ConcurrentHashMap$TreeNode
Event: 27.986 Loading class java/util/concurrent/ConcurrentHashMap$TreeNode done
Event: 27.986 Loading class java/util/concurrent/ConcurrentHashMap$TreeBin
Event: 27.986 Loading class java/util/concurrent/ConcurrentHashMap$TreeBin done

Classes unloaded (20 events):
Event: 24.031 Thread 0x000001c4061d3eb0 Unloading class 0x000001c41e3a2800 'java/lang/invoke/LambdaForm$DMH+0x000001c41e3a2800'
Event: 24.031 Thread 0x000001c4061d3eb0 Unloading class 0x000001c41e3a1c00 'java/lang/invoke/LambdaForm$MH+0x000001c41e3a1c00'
Event: 24.031 Thread 0x000001c4061d3eb0 Unloading class 0x000001c41e3a1800 'java/lang/invoke/LambdaForm$MH+0x000001c41e3a1800'
Event: 24.031 Thread 0x000001c4061d3eb0 Unloading class 0x000001c41e39e000 'java/lang/invoke/LambdaForm$MH+0x000001c41e39e000'
Event: 24.031 Thread 0x000001c4061d3eb0 Unloading class 0x000001c41e39dc00 'java/lang/invoke/LambdaForm$MH+0x000001c41e39dc00'
Event: 24.031 Thread 0x000001c4061d3eb0 Unloading class 0x000001c41e39d400 'java/lang/invoke/LambdaForm$MH+0x000001c41e39d400'
Event: 24.031 Thread 0x000001c4061d3eb0 Unloading class 0x000001c41e39d000 'java/lang/invoke/LambdaForm$MH+0x000001c41e39d000'
Event: 24.031 Thread 0x000001c4061d3eb0 Unloading class 0x000001c41e39c400 'java/lang/invoke/LambdaForm$MH+0x000001c41e39c400'
Event: 24.031 Thread 0x000001c4061d3eb0 Unloading class 0x000001c41e39c000 'java/lang/invoke/LambdaForm$MH+0x000001c41e39c000'
Event: 24.031 Thread 0x000001c4061d3eb0 Unloading class 0x000001c41e39bc00 'java/lang/invoke/LambdaForm$MH+0x000001c41e39bc00'
Event: 24.031 Thread 0x000001c4061d3eb0 Unloading class 0x000001c41e39b400 'java/lang/invoke/LambdaForm$MH+0x000001c41e39b400'
Event: 24.031 Thread 0x000001c4061d3eb0 Unloading class 0x000001c41e39b000 'java/lang/invoke/LambdaForm$MH+0x000001c41e39b000'
Event: 24.031 Thread 0x000001c4061d3eb0 Unloading class 0x000001c41e39a800 'java/lang/invoke/LambdaForm$MH+0x000001c41e39a800'
Event: 24.031 Thread 0x000001c4061d3eb0 Unloading class 0x000001c41e39a400 'java/lang/invoke/LambdaForm$MH+0x000001c41e39a400'
Event: 24.031 Thread 0x000001c4061d3eb0 Unloading class 0x000001c41e399c00 'java/lang/invoke/LambdaForm$MH+0x000001c41e399c00'
Event: 24.031 Thread 0x000001c4061d3eb0 Unloading class 0x000001c41e399800 'java/lang/invoke/LambdaForm$MH+0x000001c41e399800'
Event: 24.031 Thread 0x000001c4061d3eb0 Unloading class 0x000001c41e399400 'java/lang/invoke/LambdaForm$MH+0x000001c41e399400'
Event: 24.031 Thread 0x000001c4061d3eb0 Unloading class 0x000001c41e399000 'java/lang/invoke/LambdaForm$MH+0x000001c41e399000'
Event: 24.031 Thread 0x000001c4061d3eb0 Unloading class 0x000001c41e398800 'java/lang/invoke/LambdaForm$DMH+0x000001c41e398800'
Event: 24.031 Thread 0x000001c4061d3eb0 Unloading class 0x000001c41e398000 'java/lang/invoke/LambdaForm$DMH+0x000001c41e398000'

Classes redefined (0 events):
No events

Internal exceptions (20 events):
Event: 27.287 Thread 0x000001c464b7e450 Exception <a 'java/lang/NullPointerException'{0x00000000d64e9198}> (0x00000000d64e9198) 
thrown [s\src\hotspot\share\interpreter\linkResolver.cpp, line 1372]
Event: 27.288 Thread 0x000001c464b7e450 Exception <a 'java/lang/NullPointerException'{0x00000000d64e98e0}> (0x00000000d64e98e0) 
thrown [s\src\hotspot\share\interpreter\linkResolver.cpp, line 1372]
Event: 27.297 Thread 0x000001c465371770 Exception <a 'java/lang/NullPointerException'{0x00000000d6576c40}> (0x00000000d6576c40) 
thrown [s\src\hotspot\share\interpreter\linkResolver.cpp, line 1372]
Event: 27.297 Thread 0x000001c465371770 Exception <a 'java/lang/NullPointerException'{0x00000000d65774a8}> (0x00000000d65774a8) 
thrown [s\src\hotspot\share\interpreter\linkResolver.cpp, line 1372]
Event: 27.298 Thread 0x000001c465371770 Exception <a 'java/lang/NullPointerException'{0x00000000d6577d10}> (0x00000000d6577d10) 
thrown [s\src\hotspot\share\interpreter\linkResolver.cpp, line 1372]
Event: 27.487 Thread 0x000001c464b7e450 Exception <a 'java/io/FileNotFoundException'{0x00000000d668cad0}> (0x00000000d668cad0) 
thrown [s\src\hotspot\share\prims\jni.cpp, line 520]
Event: 27.488 Thread 0x000001c464b7e450 Exception <a 'java/io/FileNotFoundException'{0x00000000d668dad0}> (0x00000000d668dad0) 
thrown [s\src\hotspot\share\prims\jni.cpp, line 520]
Event: 27.489 Thread 0x000001c464b7e450 Exception <a 'java/io/FileNotFoundException'{0x00000000d668eac8}> (0x00000000d668eac8) 
thrown [s\src\hotspot\share\prims\jni.cpp, line 520]
Event: 27.505 Thread 0x000001c464b7e450 Exception <a 'java/lang/NullPointerException'{0x00000000d69073d8}> (0x00000000d69073d8) 
thrown [s\src\hotspot\share\interpreter\linkResolver.cpp, line 1372]
Event: 27.514 Thread 0x000001c464b7e450 Exception <a 'java/lang/NullPointerException'{0x00000000d599e800}> (0x00000000d599e800) 
thrown [s\src\hotspot\share\interpreter\linkResolver.cpp, line 1372]
Event: 27.515 Thread 0x000001c464b7e450 Exception <a 'java/lang/NullPointerException'{0x00000000d599fbf8}> (0x00000000d599fbf8) 
thrown [s\src\hotspot\share\interpreter\linkResolver.cpp, line 1372]
Event: 27.515 Thread 0x000001c464b7e450 Exception <a 'java/lang/NullPointerException'{0x00000000d59a3bc8}> (0x00000000d59a3bc8) 
thrown [s\src\hotspot\share\interpreter\linkResolver.cpp, line 1372]
Event: 27.516 Thread 0x000001c464b7e450 Exception <a 'java/lang/NullPointerException'{0x00000000d59a4620}> (0x00000000d59a4620) 
thrown [s\src\hotspot\share\interpreter\linkResolver.cpp, line 1372]
Event: 27.516 Thread 0x000001c464b7e450 Exception <a 'java/lang/NullPointerException'{0x00000000d59a6130}> (0x00000000d59a6130) 
thrown [s\src\hotspot\share\interpreter\linkResolver.cpp, line 1372]
Event: 27.516 Thread 0x000001c464b7e450 Exception <a 'java/lang/NullPointerException'{0x00000000d59a6c40}> (0x00000000d59a6c40) 
thrown [s\src\hotspot\share\interpreter\linkResolver.cpp, line 1372]
Event: 27.516 Thread 0x000001c464b7e450 Exception <a 'java/lang/NullPointerException'{0x00000000d59a7188}> (0x00000000d59a7188) 
thrown [s\src\hotspot\share\interpreter\linkResolver.cpp, line 1372]
Event: 27.516 Thread 0x000001c464b7e450 Exception <a 'java/lang/NullPointerException'{0x00000000d59a76d0}> (0x00000000d59a76d0) 
thrown [s\src\hotspot\share\interpreter\linkResolver.cpp, line 1372]
Event: 27.517 Thread 0x000001c464b7e450 Exception <a 'java/lang/NullPointerException'{0x00000000d59a9130}> (0x00000000d59a9130) 
thrown [s\src\hotspot\share\interpreter\linkResolver.cpp, line 1372]
Event: 124.437 Thread 0x000001c465370a50 Exception <a 'java/lang/IncompatibleClassChangeError'{0x00000000d5b5c9a8}: Found class java.lang.Object, but interface was expected> (0x00000000d5b5c9a8) 
thrown [s\src\hotspot\share\interpreter\linkResolver.cpp, line 840]
Event: 124.746 Thread 0x000001c4653703c0 Exception <a 'java/io/IOException'{0x00000000d5c0cb50}> (0x00000000d5c0cb50) 
thrown [s\src\hotspot\share\prims\jni.cpp, line 520]

ZGC Phase Switch (0 events):
No events

VM Operations (20 events):
Event: 29.844 Executing safepoint VM operation: Cleanup
Event: 29.844 Executing safepoint VM operation: Cleanup done
Event: 31.862 Executing safepoint VM operation: Cleanup
Event: 31.862 Executing safepoint VM operation: Cleanup done
Event: 34.891 Executing safepoint VM operation: Cleanup
Event: 34.891 Executing safepoint VM operation: Cleanup done
Event: 47.015 Executing safepoint VM operation: Cleanup
Event: 47.015 Executing safepoint VM operation: Cleanup done
Event: 51.064 Executing safepoint VM operation: Cleanup
Event: 51.064 Executing safepoint VM operation: Cleanup done
Event: 65.565 Executing non-safepoint VM operation: HandshakeAllThreads (HandshakeForDeflation)
Event: 65.565 Executing non-safepoint VM operation: HandshakeAllThreads (HandshakeForDeflation) done
Event: 65.565 Executing non-safepoint VM operation: RendezvousGCThreads
Event: 65.565 Executing non-safepoint VM operation: RendezvousGCThreads done
Event: 124.447 Executing non-safepoint VM operation: HandshakeAllThreads (HandshakeForDeflation)
Event: 124.447 Executing non-safepoint VM operation: HandshakeAllThreads (HandshakeForDeflation) done
Event: 124.447 Executing safepoint VM operation: Cleanup
Event: 124.447 Executing safepoint VM operation: Cleanup done
Event: 124.447 Executing non-safepoint VM operation: RendezvousGCThreads
Event: 124.447 Executing non-safepoint VM operation: RendezvousGCThreads done

Memory protections (0 events):
No events

Nmethod flushes (20 events):
Event: 24.042 Thread 0x000001c4061d3eb0 flushing  nmethod 0x000001c4098b1790
Event: 24.042 Thread 0x000001c4061d3eb0 flushing  nmethod 0x000001c4098cd390
Event: 24.042 Thread 0x000001c4061d3eb0 flushing  nmethod 0x000001c4098cde10
Event: 24.042 Thread 0x000001c4061d3eb0 flushing  nmethod 0x000001c4098ce290
Event: 24.042 Thread 0x000001c4061d3eb0 flushing  nmethod 0x000001c4098cf890
Event: 24.042 Thread 0x000001c4061d3eb0 flushing  nmethod 0x000001c4098d4690
Event: 24.042 Thread 0x000001c4061d3eb0 flushing  nmethod 0x000001c4098d5290
Event: 24.042 Thread 0x000001c4061d3eb0 flushing  nmethod 0x000001c4098d8390
Event: 24.042 Thread 0x000001c4061d3eb0 flushing  nmethod 0x000001c4098d8b90
Event: 24.042 Thread 0x000001c4061d3eb0 flushing  nmethod 0x000001c4098f2c90
Event: 24.042 Thread 0x000001c4061d3eb0 flushing  nmethod 0x000001c4098f2f90
Event: 24.042 Thread 0x000001c4061d3eb0 flushing  nmethod 0x000001c4098f5b90
Event: 24.042 Thread 0x000001c4061d3eb0 flushing  nmethod 0x000001c409928d10
Event: 24.042 Thread 0x000001c4061d3eb0 flushing  nmethod 0x000001c40992a310
Event: 24.042 Thread 0x000001c4061d3eb0 flushing  nmethod 0x000001c40992a710
Event: 24.042 Thread 0x000001c4061d3eb0 flushing  nmethod 0x000001c40992b310
Event: 24.042 Thread 0x000001c4061d3eb0 flushing  nmethod 0x000001c409941310
Event: 24.042 Thread 0x000001c4061d3eb0 flushing  nmethod 0x000001c409941d90
Event: 24.042 Thread 0x000001c4061d3eb0 flushing  nmethod 0x000001c409943590
Event: 24.042 Thread 0x000001c4061d3eb0 flushing  nmethod 0x000001c409948010

Events (20 events):
Event: 17.077 Thread 0x000001c406273380 Thread added: 0x000001c4645e75d0
Event: 17.077 Thread 0x000001c406273380 Thread added: 0x000001c4645e47e0
Event: 17.077 Thread 0x000001c406273380 Thread added: 0x000001c4645e4150
Event: 17.077 Thread 0x000001c406273380 Thread added: 0x000001c4645e4e70
Event: 17.077 Thread 0x000001c406273380 Thread added: 0x000001c46536f010
Event: 17.132 Thread 0x000001c406273380 Thread added: 0x000001c46536f6a0
Event: 17.319 Thread 0x000001c4645e5b90 Thread added: 0x000001c465372490
Event: 17.351 Thread 0x000001c406273380 Thread added: 0x000001c465372b20
Event: 17.351 Thread 0x000001c406273380 Thread added: 0x000001c465370a50
Event: 17.897 Thread 0x000001c464e34fd0 Thread exited: 0x000001c464e34fd0
Event: 20.337 Thread 0x000001c45f5687c0 Thread added: 0x000001c465b55a20
Event: 20.456 Thread 0x000001c465b55a20 Thread exited: 0x000001c465b55a20
Event: 20.618 Thread 0x000001c45f5687c0 Thread added: 0x000001c464406b30
Event: 22.135 Thread 0x000001c464406b30 Thread exited: 0x000001c464406b30
Event: 22.216 Thread 0x000001c465370a50 Thread added: 0x000001c46536fd30
Event: 22.223 Thread 0x000001c46536fd30 Thread added: 0x000001c4653731b0
Event: 26.025 Thread 0x000001c465370a50 Thread added: 0x000001c465371770
Event: 26.030 Thread 0x000001c465371770 Thread added: 0x000001c4653703c0
Event: 87.640 Thread 0x000001c464b7e450 Thread exited: 0x000001c464b7e450
Event: 110.426 Thread 0x000001c465371770 Thread exited: 0x000001c465371770


Dynamic libraries:
0x00007ff62f870000 - 0x00007ff62f87e000 	c:\Users\nhlan\.vscode\extensions\redhat.java-1.56.0-win32-x64\jre\21.0.12.1-win32-x86_64\bin\java.exe
0x00007fffa7220000 - 0x00007fffa7487000 	C:\WINDOWS\SYSTEM32\ntdll.dll
0x00007fffa6650000 - 0x00007fffa671b000 	C:\WINDOWS\System32\KERNEL32.DLL
0x00007fffa49d0000 - 0x00007fffa4dd2000 	C:\WINDOWS\System32\KERNELBASE.dll
0x00007fffa4420000 - 0x00007fffa456c000 	C:\WINDOWS\System32\ucrtbase.dll
0x00007fff9ef20000 - 0x00007fff9ef38000 	c:\Users\nhlan\.vscode\extensions\redhat.java-1.56.0-win32-x64\jre\21.0.12.1-win32-x86_64\bin\jli.dll
0x00007fffa6ab0000 - 0x00007fffa6c7f000 	C:\WINDOWS\System32\USER32.dll
0x00007fffa4de0000 - 0x00007fffa4e07000 	C:\WINDOWS\System32\win32u.dll
0x00007fff8b470000 - 0x00007fff8b700000 	C:\WINDOWS\WinSxS\amd64_microsoft.windows.common-controls_6595b64144ccf1df_6.0.26100.9278_none_3e0d1ba8e3303201\COMCTL32.dll
0x00007fffa71b0000 - 0x00007fffa71db000 	C:\WINDOWS\System32\GDI32.dll
0x00007fffa6980000 - 0x00007fffa6a29000 	C:\WINDOWS\System32\msvcrt.dll
0x00007fffa4e10000 - 0x00007fffa4f39000 	C:\WINDOWS\System32\gdi32full.dll
0x00007fff9ec50000 - 0x00007fff9ec6e000 	c:\Users\nhlan\.vscode\extensions\redhat.java-1.56.0-win32-x64\jre\21.0.12.1-win32-x86_64\bin\VCRUNTIME140.dll
0x00007fffa4580000 - 0x00007fffa4623000 	C:\WINDOWS\System32\msvcp_win.dll
0x00007fffa4f40000 - 0x00007fffa4f71000 	C:\WINDOWS\System32\IMM32.DLL
0x00007fff814d0000 - 0x00007fff815c2000 	C:\Program Files\Windhawk\Engine\1.7.3\64\windhawk.dll
0x00007fffa5d70000 - 0x00007fffa5e2c000 	C:\WINDOWS\System32\ADVAPI32.dll
0x00007fffa58f0000 - 0x00007fffa5999000 	C:\WINDOWS\System32\sechost.dll
0x00007fffa6760000 - 0x00007fffa6878000 	C:\WINDOWS\System32\RPCRT4.dll
0x00007fff81910000 - 0x00007fff81938000 	C:\ProgramData\Windhawk\Engine\Mods\64\explorer-details-better-file-sizes_1.4.11_675263.dll
0x00007fffa5570000 - 0x00007fffa570a000 	C:\WINDOWS\System32\ole32.dll
0x00007fffa59a0000 - 0x00007fffa5d25000 	C:\WINDOWS\System32\combase.dll
0x00007fffa5270000 - 0x00007fffa5349000 	C:\WINDOWS\System32\OLEAUT32.dll
0x00007fffa5ea0000 - 0x00007fffa6638000 	C:\WINDOWS\System32\SHELL32.dll
0x00007fff9c3e0000 - 0x00007fff9c4d5000 	C:\WINDOWS\SYSTEM32\PROPSYS.dll
0x00007fff81320000 - 0x00007fff8135a000 	C:\ProgramData\Windhawk\Engine\Mods\64\libunwind.whl
0x00007fff81170000 - 0x00007fff81319000 	C:\ProgramData\Windhawk\Engine\Mods\64\libc++.whl
0x00007fff9fa40000 - 0x00007fff9fa4c000 	c:\Users\nhlan\.vscode\extensions\redhat.java-1.56.0-win32-x64\jre\21.0.12.1-win32-x86_64\bin\vcruntime140_1.dll
0x00007fff70010000 - 0x00007fff7009d000 	c:\Users\nhlan\.vscode\extensions\redhat.java-1.56.0-win32-x64\jre\21.0.12.1-win32-x86_64\bin\msvcp140.dll
0x00007ffef3e00000 - 0x00007ffef4ba2000 	c:\Users\nhlan\.vscode\extensions\redhat.java-1.56.0-win32-x64\jre\21.0.12.1-win32-x86_64\bin\server\jvm.dll
0x00007fffa51e0000 - 0x00007fffa5260000 	C:\WINDOWS\System32\WS2_32.dll
0x00007fffa4280000 - 0x00007fffa42de000 	C:\WINDOWS\SYSTEM32\POWRPROF.dll
0x00007fff98600000 - 0x00007fff9860b000 	C:\WINDOWS\SYSTEM32\VERSION.dll
0x00007fff98d50000 - 0x00007fff98d86000 	C:\WINDOWS\SYSTEM32\WINMM.dll
0x00007fffa4260000 - 0x00007fffa4275000 	C:\WINDOWS\SYSTEM32\UMPDC.dll
0x00007fffa30f0000 - 0x00007fffa310b000 	C:\WINDOWS\SYSTEM32\kernel.appcore.dll
0x00007fff9f610000 - 0x00007fff9f61a000 	c:\Users\nhlan\.vscode\extensions\redhat.java-1.56.0-win32-x64\jre\21.0.12.1-win32-x86_64\bin\jimage.dll
0x00007fffa15f0000 - 0x00007fffa183c000 	C:\WINDOWS\SYSTEM32\DBGHELP.DLL
0x00007fff88780000 - 0x00007fff887bb000 	C:\WINDOWS\SYSTEM32\dbgcore.DLL
0x00007fffa4850000 - 0x00007fffa48fc000 	C:\WINDOWS\System32\bcryptPrimitives.dll
0x00007fff9f5b0000 - 0x00007fff9f5bf000 	c:\Users\nhlan\.vscode\extensions\redhat.java-1.56.0-win32-x64\jre\21.0.12.1-win32-x86_64\bin\instrument.dll
0x00007fff9eb70000 - 0x00007fff9eb90000 	c:\Users\nhlan\.vscode\extensions\redhat.java-1.56.0-win32-x64\jre\21.0.12.1-win32-x86_64\bin\java.dll
0x00007fffa1e50000 - 0x00007fffa26fe000 	C:\WINDOWS\SYSTEM32\windows.storage.dll
0x00007fffa5090000 - 0x00007fffa518b000 	C:\WINDOWS\System32\SHCORE.dll
0x00007fffa6a30000 - 0x00007fffa6a96000 	C:\WINDOWS\System32\shlwapi.dll
0x00007fffa4340000 - 0x00007fffa4369000 	C:\WINDOWS\SYSTEM32\profapi.dll
0x00007fff9e740000 - 0x00007fff9e758000 	c:\Users\nhlan\.vscode\extensions\redhat.java-1.56.0-win32-x64\jre\21.0.12.1-win32-x86_64\bin\zip.dll
0x00007fff9f5e0000 - 0x00007fff9f5f0000 	C:\Users\nhlan\.vscode\extensions\redhat.java-1.56.0-win32-x64\jre\21.0.12.1-win32-x86_64\bin\net.dll
0x00007fff98670000 - 0x00007fff9879a000 	C:\WINDOWS\SYSTEM32\WINHTTP.dll
0x00007fffa36b0000 - 0x00007fffa371c000 	C:\WINDOWS\system32\mswsock.dll
0x00007fff9da60000 - 0x00007fff9da76000 	C:\Users\nhlan\.vscode\extensions\redhat.java-1.56.0-win32-x64\jre\21.0.12.1-win32-x86_64\bin\nio.dll
0x00007fff9f330000 - 0x00007fff9f340000 	c:\Users\nhlan\.vscode\extensions\redhat.java-1.56.0-win32-x64\jre\21.0.12.1-win32-x86_64\bin\verify.dll
0x00007fff5a700000 - 0x00007fff5a745000 	C:\Users\nhlan\AppData\Roaming\Code\User\globalStorage\redhat.java\1.56.0\config_ss_win\org.eclipse.equinox.launcher\org.eclipse.equinox.launcher.win32.win32.x86_64_1.3.100.v20260804-1928\eclipse_11924.dll
0x00007fffa39a0000 - 0x00007fffa39bb000 	C:\WINDOWS\SYSTEM32\CRYPTSP.dll
0x00007fffa3050000 - 0x00007fffa3089000 	C:\WINDOWS\system32\rsaenh.dll
0x00007fffa3760000 - 0x00007fffa3794000 	C:\WINDOWS\SYSTEM32\USERENV.dll
0x00007fffa4310000 - 0x00007fffa433a000 	C:\WINDOWS\SYSTEM32\bcrypt.dll
0x00007fffa39c0000 - 0x00007fffa39cc000 	C:\WINDOWS\SYSTEM32\CRYPTBASE.dll
0x00007fffa2b30000 - 0x00007fffa2b63000 	C:\WINDOWS\SYSTEM32\IPHLPAPI.DLL
0x00007fffa6aa0000 - 0x00007fffa6aaa000 	C:\WINDOWS\System32\NSI.dll
0x00007fff59230000 - 0x00007fff59279000 	C:\Users\nhlan\AppData\Local\Temp\jna--568378914\jna7944525573889416762.dll
0x00007fffa6640000 - 0x00007fffa6648000 	C:\WINDOWS\System32\PSAPI.DLL
0x00007fff9b090000 - 0x00007fff9b0ad000 	C:\WINDOWS\SYSTEM32\dhcpcsvc6.DLL
0x00007fff9b060000 - 0x00007fff9b085000 	C:\WINDOWS\SYSTEM32\dhcpcsvc.DLL

JVMTI agents:
c:\Users\nhlan\.vscode\extensions\redhat.java-1.56.0-win32-x64\lombok\lombok-1.18.39-4050.jar path:c:\Users\nhlan\.vscode\extensions\redhat.java-1.56.0-win32-x64\jre\21.0.12.1-win32-x86_64\bin\instrument.dll, loaded, initialized, instrumentlib options:none

dbghelp: loaded successfully - version: 4.0.5 - missing functions: none
symbol engine: initialized successfully - sym options: 0x614 - pdb path: .;c:\Users\nhlan\.vscode\extensions\redhat.java-1.56.0-win32-x64\jre\21.0.12.1-win32-x86_64\bin;C:\WINDOWS\SYSTEM32;C:\WINDOWS\WinSxS\amd64_microsoft.windows.common-controls_6595b64144ccf1df_6.0.26100.9278_none_3e0d1ba8e3303201;C:\Program Files\Windhawk\Engine\1.7.3\64;C:\ProgramData\Windhawk\Engine\Mods\64;c:\Users\nhlan\.vscode\extensions\redhat.java-1.56.0-win32-x64\jre\21.0.12.1-win32-x86_64\bin\server;C:\Users\nhlan\AppData\Roaming\Code\User\globalStorage\redhat.java\1.56.0\config_ss_win\org.eclipse.equinox.launcher\org.eclipse.equinox.launcher.win32.win32.x86_64_1.3.100.v20260804-1928;C:\Users\nhlan\AppData\Local\Temp\jna--568378914

VM Arguments:
jvm_args: --add-modules=ALL-SYSTEM --add-opens=java.base/java.util=ALL-UNNAMED --add-opens=java.base/java.lang=ALL-UNNAMED --add-opens=java.base/sun.nio.fs=ALL-UNNAMED -Declipse.application=org.eclipse.jdt.ls.core.id1 -Dosgi.bundles.defaultStartLevel=4 -Declipse.product=org.eclipse.jdt.ls.core.product -Djava.import.generatesMetadataFilesAtProjectRoot=false -Dm2e.project.cache.size=50 -DDetectVMInstallationsJob.disabled=true -Dfile.encoding=utf8 -XX:+UseParallelGC -XX:GCTimeRatio=4 -XX:AdaptiveSizePolicyWeight=90 -Dsun.zip.disableMemoryMapping=true -Xmx2G -Xms100m -Xlog:disable -javaagent:c:\Users\nhlan\.vscode\extensions\redhat.java-1.56.0-win32-x64\lombok\lombok-1.18.39-4050.jar 
java_command: c:\Users\nhlan\.vscode\extensions\redhat.java-1.56.0-win32-x64\server\plugins\org.eclipse.equinox.launcher_1.8.0.v20260804-1928.jar -configuration c:\Users\nhlan\AppData\Roaming\Code\User\globalStorage\redhat.java\1.56.0\config_ss_win -data c:\Users\nhlan\AppData\Roaming\Code\User\workspaceStorage\ceacd8e2e28691283a472f4d1d450c7e\redhat.java\ss_ws --pipe=\\.\pipe\lsp-85a455f01cd82218c3cdb35d719d2a8c-sock
java_class_path (initial): c:\Users\nhlan\.vscode\extensions\redhat.java-1.56.0-win32-x64\server\plugins\org.eclipse.equinox.launcher_1.8.0.v20260804-1928.jar
Launcher Type: SUN_STANDARD

[Global flags]
    uintx AdaptiveSizePolicyWeight                 = 90                                        {product} {command line}
     intx CICompilerCount                          = 4                                         {product} {ergonomic}
    uintx GCTimeRatio                              = 4                                         {product} {command line}
   size_t InitialHeapSize                          = 104857600                                 {product} {command line}
   size_t MaxHeapSize                              = 2147483648                                {product} {command line}
   size_t MaxNewSize                               = 715653120                                 {product} {ergonomic}
   size_t MinHeapDeltaBytes                        = 524288                                    {product} {ergonomic}
   size_t MinHeapSize                              = 104857600                                 {product} {command line}
   size_t NewSize                                  = 34603008                                  {product} {ergonomic}
    uintx NonNMethodCodeHeapSize                   = 5839372                                {pd product} {ergonomic}
    uintx NonProfiledCodeHeapSize                  = 122909434                              {pd product} {ergonomic}
   size_t OldSize                                  = 70254592                                  {product} {ergonomic}
    uintx ProfiledCodeHeapSize                     = 122909434                              {pd product} {ergonomic}
    uintx ReservedCodeCacheSize                    = 251658240                              {pd product} {ergonomic}
     bool SegmentedCodeCache                       = true                                      {product} {ergonomic}
   size_t SoftMaxHeapSize                          = 2147483648                             {manageable} {ergonomic}
     bool UseCompressedOops                        = true                           {product lp64_product} {ergonomic}
     bool UseLargePagesIndividualAllocation        = false                                  {pd product} {ergonomic}
     bool UseParallelGC                            = true                                      {product} {command line}

Logging:
Log output configuration:
 #0: stdout all=off uptime,level,tags foldmultilines=false
 #1: stderr all=off uptime,level,tags foldmultilines=false

Release file:
JAVA_VERSION="21.0.12.1" 
MODULES="java.base java.compiler java.datatransfer java.xml java.prefs java.desktop java.instrument java.logging java.management java.security.sasl java.naming java.rmi java.management.rmi java.net.http java.scripting java.security.jgss java.transaction.xa java.sql java.sql.rowset java.xml.crypto java.se java.smartcardio jdk.accessibility jdk.internal.jvmstat jdk.attach jdk.charsets jdk.internal.opt jdk.zipfs jdk.compiler jdk.crypto.ec jdk.crypto.cryptoki jdk.crypto.mscapi jdk.dynalink jdk.internal.ed jdk.editpad jdk.hotspot.agent jdk.httpserver jdk.internal.le jdk.internal.vm.ci jdk.internal.vm.compiler jdk.internal.vm.compiler.management jdk.jartool jdk.javadoc jdk.jcmd jdk.management jdk.management.agent jdk.jconsole jdk.jdeps jdk.jdwp.agent jdk.jdi jdk.jfr jdk.jshell jdk.jsobject jdk.jstatd jdk.localedata jdk.management.jfr jdk.naming.dns jdk.naming.rmi jdk.net jdk.nio.mapmode jdk.random jdk.sctp jdk.security.auth jdk.security.jgss jdk.unsupported jdk.unsupported.desktop jdk.xml.dom" 

Environment Variables:
JAVA_HOME=C:\Program Files\Java\jdk-20
PATH=C:\Program Files\Common Files\Oracle\Java\javapath;C:\Windows\system32;C:\Windows;C:\Windows\System32\Wbem;C:\Windows\System32\WindowsPowerShell\v1.0\;C:\Windows\System32\OpenSSH\;C:\Program Files\dotnet\;C:\WINDOWS\system32;C:\WINDOWS;C:\WINDOWS\System32\Wbem;C:\WINDOWS\System32\WindowsPowerShell\v1.0\;C:\WINDOWS\System32\OpenSSH\;C:\Program Files\Java\jdk-20\bin;C:\Program Files (x86)\Microsoft SQL Server\160\DTS\Binn\;C:\Program Files (x86)\Microsoft SQL Server\160\Tools\Binn\;C:\Program Files\Microsoft SQL Server\160\Tools\Binn\;C:\Program Files\Microsoft SQL Server\Client SDK\ODBC\170\Tools\Binn\;C:\Program Files\Microsoft SQL Server\160\DTS\Binn\;C:\Program Files\RedHat\Podman\;C:\Program Files\Git\cmd;C:\Program Files\nodejs\;C:\Program Files\Amazon\AWSCLIV2\;C:\Program Files\GitHub CLI\;C:\Users\nhlan\AppData\Local\Microsoft\WindowsApps;C:\Users\nhlan\.dotnet\tools;C:\Users\nhlan\AppData\Local\Programs\Microsoft VS Code\bin;C:\Program Files\Azure Data Studio\bin;C:\Users\nhlan\AppData\Local\Microsoft\WinGet\Packages\Astronomer.Astro_Microsoft.Winget.Source_8wekyb3d8bbwe;C:\Users\nhlan\AppData\Local\Programs\Kiro\bin;C:\Users\nhlan\AppData\Local\GitHubDesktop\bin;C:\Users\nhlan\AppData\Roaming\npm
USERNAME=nhlanhla
OS=Windows_NT
PROCESSOR_IDENTIFIER=Intel64 Family 6 Model 140 Stepping 1, GenuineIntel
TMP=C:\Users\nhlan\AppData\Local\Temp
TEMP=C:\Users\nhlan\AppData\Local\Temp




Periodic native trim disabled

---------------  S Y S T E M  ---------------

OS:
 Windows 11 , 64 bit Build 26100 (10.0.26100.9444)
OS uptime: 19 days 15:15 hours
Hyper-V role detected

CPU: total 8 (initial active 8) (4 cores per cpu, 2 threads per core) family 6 model 140 stepping 1 microcode 0xb6, cx8, cmov, fxsr, ht, mmx, 3dnowpref, sse, sse2, sse3, ssse3, sse4.1, sse4.2, popcnt, lzcnt, tsc, tscinvbit, avx, avx2, aes, erms, clmul, bmi1, bmi2, adx, avx512f, avx512dq, avx512cd, avx512bw, avx512vl, sha, fma, vzeroupper, avx512_vpopcntdq, avx512_vpclmulqdq, avx512_vaes, avx512_vnni, clflush, clflushopt, clwb, avx512_vbmi2, avx512_vbmi, hv, rdtscp, rdpid, fsrm, gfni, avx512_bitalg, f16c, cet_ibt, cet_ss, avx512_ifma
Processor Information for the first 8 processors :
  Max Mhz: 2419, Current Mhz: 2419, Mhz Limit: 2419

Memory: 4k page, system-wide physical 7886M (212M free)
TotalPageFile size 32462M (AvailPageFile size 195M)
current process WorkingSet (physical memory assigned to process): 34M, peak: 208M
current process commit charge ("private bytes"): 291M, peak: 314M

vm_info: OpenJDK 64-Bit Server VM (21.0.12.1+1-LTS) for windows-amd64 JRE (21.0.12.1+1-LTS), built on 2026-08-18T00:00:00Z by "admin" with MS VC++ 17.12 (VS2022)

END.
