#
# There is insufficient memory for the Java Runtime Environment to continue.
# Native memory allocation (malloc) failed to allocate 551216 bytes. Error detail: Chunk::new
# Possible reasons:
#   The system is out of physical RAM or swap space
#   This process is running with CompressedOops enabled, and the Java Heap may be blocking the growth of the native heap
# Possible solutions:
#   Reduce memory load on the system
#   Increase physical memory or swap space
#   Check if swap backing store is full
#   Decrease Java heap size (-Xmx/-Xms)
#   Decrease number of Java threads
#   Decrease Java thread stack sizes (-Xss)
#   Set larger code cache with -XX:ReservedCodeCacheSize=
#   JVM is running with Unscaled Compressed Oops mode in which the Java heap is
#     placed in the first 4GB address space. The Java Heap base address is the
#     maximum limit for the native heap growth. Please use -XX:HeapBaseMinAddress
#     to set the Java Heap base and to place the Java Heap above 4GB virtual address.
# This output file may be truncated or incomplete.
#
#  Out of Memory Error (arena.cpp:168), pid=23112, tid=18704
#
# JRE version: OpenJDK Runtime Environment Temurin-21.0.12.1+1 (21.0.12.1+1) (build 21.0.12.1+1-LTS)
# Java VM: OpenJDK 64-Bit Server VM Temurin-21.0.12.1+1 (21.0.12.1+1-LTS, mixed mode, sharing, tiered, compressed oops, compressed class ptrs, g1 gc, windows-amd64)
# No core dump will be written. Minidumps are not enabled by default on client versions of Windows
#

---------------  S U M M A R Y ------------

Command Line: --add-opens=java.base/java.util=ALL-UNNAMED --add-opens=java.base/java.lang=ALL-UNNAMED --add-opens=java.base/java.lang.invoke=ALL-UNNAMED --add-opens=java.prefs/java.util.prefs=ALL-UNNAMED --add-exports=jdk.compiler/com.sun.tools.javac.api=ALL-UNNAMED --add-exports=jdk.compiler/com.sun.tools.javac.util=ALL-UNNAMED --add-opens=java.base/java.nio.charset=ALL-UNNAMED --add-opens=java.base/java.net=ALL-UNNAMED --add-opens=java.base/java.util.concurrent.atomic=ALL-UNNAMED -Xmx2048m -Dfile.encoding=UTF-8 -Duser.country=ZA -Duser.language=en -Duser.variant -javaagent:C:\Users\nhlan\.gradle\wrapper\dists\gradle-8.9-bin\90cnw93cvbtalezasaz0blq0a\gradle-8.9\lib\agents\gradle-instrumentation-agent-8.9.jar org.gradle.launcher.daemon.bootstrap.GradleDaemon 8.9

Host: 11th Gen Intel(R) Core(TM) i5-1135G7 @ 2.40GHz, 8 cores, 7G,  Windows 11 , 64 bit Build 26100 (10.0.26100.9444)
Time: Wed Sep 30 04:51:36 2026 South Africa Standard Time elapsed time: 137.409009 seconds (0d 0h 2m 17s)

---------------  T H R E A D  ---------------

Current thread (0x000002351a126ce0):  JavaThread "C2 CompilerThread0" daemon [_thread_in_native, id=18704, stack(0x000000d7dc000000,0x000000d7dc100000) (1024K)]


Current CompileTask:
C2:137409 5318       4       java.security.SecureClassLoader::defineClass (16 bytes)

Stack: [0x000000d7dc000000,0x000000d7dc100000]
Native frames: (J=compiled Java code, j=interpreted, Vv=VM code, C=native code)
V  [jvm.dll+0x6d83e9]
V  [jvm.dll+0x8b5736]
V  [jvm.dll+0x8b7cee]
V  [jvm.dll+0x8b83d3]
V  [jvm.dll+0x284596]
V  [jvm.dll+0xc685d]
V  [jvm.dll+0xc6da1]
V  [jvm.dll+0x3bf151]
V  [jvm.dll+0x38b6d2]
V  [jvm.dll+0x38ab1a]
V  [jvm.dll+0x24c700]
V  [jvm.dll+0x24bce0]
V  [jvm.dll+0x1cb4ae]
V  [jvm.dll+0x25baad]
V  [jvm.dll+0x25a03a]
V  [jvm.dll+0x3f8aae]
V  [jvm.dll+0x8600cd]
V  [jvm.dll+0x6d6c1d]
C  [ucrtbase.dll+0x2cd30]
C  [KERNEL32.DLL+0x2cd87]
C  [ntdll.dll+0xacaec]


---------------  P R O C E S S  ---------------

Threads class SMR info:
_java_thread_list=0x000002356271bb70, length=52, elements={
0x0000023500354120, 0x000002351a11fa40, 0x000002351a1211c0, 0x000002351a121c20,
0x000002351a124a90, 0x000002351a1254f0, 0x000002351a125f50, 0x000002351a126ce0,
0x000002351a12cc10, 0x000002351a450e10, 0x000002351a545c40, 0x0000023560e492c0,
0x00000235601636f0, 0x000002351ad4ccd0, 0x000002351a73ed80, 0x000002351a73faa0,
0x000002351a740e50, 0x000002351a73e060, 0x000002356138b990, 0x000002356138cd40,
0x000002356138c6b0, 0x000002356138a5e0, 0x000002356138e0f0, 0x000002356138d3d0,
0x000002356138e780, 0x000002356138b300, 0x0000023561391570, 0x0000023561391c00,
0x0000023561390ee0, 0x00000235613901c0, 0x0000023561390850, 0x000002351a740130,
0x0000023560d1bca0, 0x0000023560d19540, 0x0000023560d1f120, 0x000002356138f4a0,
0x000002356138ac70, 0x0000023560d1d6e0, 0x000002351a73e6f0, 0x000002351a73f410,
0x000002351a7414e0, 0x0000023561a65510, 0x0000023561a647f0, 0x00000235627392a0,
0x0000023562737ef0, 0x000002356273b370, 0x0000023562739930, 0x000002356273a650,
0x000002356273ace0, 0x0000023562739fc0, 0x000002356273ba00, 0x000002356273c090
}

Java Threads: ( => current thread )
  0x0000023500354120 JavaThread "main"                              [_thread_blocked, id=35124, stack(0x000000d7db200000,0x000000d7db300000) (1024K)]
  0x000002351a11fa40 JavaThread "Reference Handler"          daemon [_thread_blocked, id=9264, stack(0x000000d7dba00000,0x000000d7dbb00000) (1024K)]
  0x000002351a1211c0 JavaThread "Finalizer"                  daemon [_thread_blocked, id=29492, stack(0x000000d7dbb00000,0x000000d7dbc00000) (1024K)]
  0x000002351a121c20 JavaThread "Signal Dispatcher"          daemon [_thread_blocked, id=43500, stack(0x000000d7dbc00000,0x000000d7dbd00000) (1024K)]
  0x000002351a124a90 JavaThread "Attach Listener"            daemon [_thread_blocked, id=11220, stack(0x000000d7dbd00000,0x000000d7dbe00000) (1024K)]
  0x000002351a1254f0 JavaThread "Service Thread"             daemon [_thread_blocked, id=14464, stack(0x000000d7dbe00000,0x000000d7dbf00000) (1024K)]
  0x000002351a125f50 JavaThread "Monitor Deflation Thread"   daemon [_thread_blocked, id=44100, stack(0x000000d7dbf00000,0x000000d7dc000000) (1024K)]
=>0x000002351a126ce0 JavaThread "C2 CompilerThread0"         daemon [_thread_in_native, id=18704, stack(0x000000d7dc000000,0x000000d7dc100000) (1024K)]
  0x000002351a12cc10 JavaThread "C1 CompilerThread0"         daemon [_thread_blocked, id=23496, stack(0x000000d7dc100000,0x000000d7dc200000) (1024K)]
  0x000002351a450e10 JavaThread "Common-Cleaner"             daemon [_thread_blocked, id=27472, stack(0x000000d7dc200000,0x000000d7dc300000) (1024K)]
  0x000002351a545c40 JavaThread "Notification Thread"        daemon [_thread_blocked, id=32028, stack(0x000000d7dc300000,0x000000d7dc400000) (1024K)]
  0x0000023560e492c0 JavaThread "Daemon health stats"               [_thread_blocked, id=37060, stack(0x000000d7dc800000,0x000000d7dc900000) (1024K)]
  0x00000235601636f0 JavaThread "Incoming local TCP Connector on port 17676"        [_thread_in_native, id=39660, stack(0x000000d7dc900000,0x000000d7dca00000) (1024K)]
  0x000002351ad4ccd0 JavaThread "Daemon periodic checks"            [_thread_blocked, id=39228, stack(0x000000d7dca00000,0x000000d7dcb00000) (1024K)]
  0x000002351a73ed80 JavaThread "Daemon worker"                     [_thread_in_native, id=19204, stack(0x000000d7dce00000,0x000000d7dcf00000) (1024K)]
  0x000002351a73faa0 JavaThread "Daemon Thread 2"                   [_thread_blocked, id=24712, stack(0x000000d7dcd00000,0x000000d7dce00000) (1024K)]
  0x000002351a740e50 JavaThread "Cache worker for journal cache (C:\Users\nhlan\.gradle\caches\journal-1)"        [_thread_blocked, id=35868, stack(0x000000d7dd600000,0x000000d7dd700000) (1024K)]
  0x000002351a73e060 JavaThread "File lock request listener"        [_thread_in_native, id=37920, stack(0x000000d7dd700000,0x000000d7dd800000) (1024K)]
  0x000002356138b990 JavaThread "Cache worker for file hash cache (C:\Users\nhlan\.gradle\caches\8.9\fileHashes)"        [_thread_blocked, id=22212, stack(0x000000d7dd900000,0x000000d7dda00000) (1024K)]
  0x000002356138cd40 JavaThread "File watcher server"        daemon [_thread_in_native, id=35352, stack(0x000000d7ddd00000,0x000000d7dde00000) (1024K)]
  0x000002356138c6b0 JavaThread "File watcher consumer"      daemon [_thread_blocked, id=40436, stack(0x000000d7dde00000,0x000000d7ddf00000) (1024K)]
  0x000002356138a5e0 JavaThread "Cache worker for file content cache (C:\Users\nhlan\.gradle\caches\8.9\fileContent)"        [_thread_blocked, id=4908, stack(0x000000d7de000000,0x000000d7de100000) (1024K)]
  0x000002356138e0f0 JavaThread "VFS cleanup"                       [_thread_blocked, id=10944, stack(0x000000d7dae00000,0x000000d7daf00000) (1024K)]
  0x000002356138d3d0 JavaThread "Daemon Thread 3"                   [_thread_blocked, id=16472, stack(0x000000d7daf00000,0x000000d7db000000) (1024K)]
  0x000002356138e780 JavaThread "Daemon Thread 4"                   [_thread_blocked, id=40324, stack(0x000000d7dcb00000,0x000000d7dcc00000) (1024K)]
  0x000002356138b300 JavaThread "Daemon Thread 5"                   [_thread_blocked, id=36644, stack(0x000000d7dd000000,0x000000d7dd100000) (1024K)]
  0x0000023561391570 JavaThread "Daemon Thread 6"                   [_thread_blocked, id=39672, stack(0x000000d7dd100000,0x000000d7dd200000) (1024K)]
  0x0000023561391c00 JavaThread "Daemon Thread 7"                   [_thread_blocked, id=30164, stack(0x000000d7dd300000,0x000000d7dd400000) (1024K)]
  0x0000023561390ee0 JavaThread "Daemon Thread 8"                   [_thread_blocked, id=7212, stack(0x000000d7dd800000,0x000000d7dd900000) (1024K)]
  0x00000235613901c0 JavaThread "Daemon Thread 9"                   [_thread_blocked, id=43380, stack(0x000000d7ddf00000,0x000000d7de000000) (1024K)]
  0x0000023561390850 JavaThread "Daemon Thread 10"                  [_thread_blocked, id=13668, stack(0x000000d7de100000,0x000000d7de200000) (1024K)]
  0x000002351a740130 JavaThread "Daemon Thread 11"                  [_thread_blocked, id=41496, stack(0x000000d7de200000,0x000000d7de300000) (1024K)]
  0x0000023560d1bca0 JavaThread "Daemon Thread 12"                  [_thread_blocked, id=39628, stack(0x000000d7dee00000,0x000000d7def00000) (1024K)]
  0x0000023560d19540 JavaThread "VFS cleanup Thread 2"              [_thread_blocked, id=16224, stack(0x000000d7def00000,0x000000d7df000000) (1024K)]
  0x0000023560d1f120 JavaThread "Handler for socket connection from /127.0.0.1:17676 to /127.0.0.1:54978"        [_thread_in_native, id=26300, stack(0x000000d7dea00000,0x000000d7deb00000) (1024K)]
  0x000002356138f4a0 JavaThread "VFS cleanup Thread 3"              [_thread_blocked, id=36236, stack(0x000000d7df300000,0x000000d7df400000) (1024K)]
  0x000002356138ac70 JavaThread "Cancel handler"                    [_thread_blocked, id=43536, stack(0x000000d7dcf00000,0x000000d7dd000000) (1024K)]
  0x0000023560d1d6e0 JavaThread "Daemon Thread 13"                  [_thread_blocked, id=37196, stack(0x000000d7df200000,0x000000d7df300000) (1024K)]
  0x000002351a73e6f0 JavaThread "Daemon Thread 14"                  [_thread_blocked, id=44544, stack(0x000000d7df600000,0x000000d7df700000) (1024K)]
  0x000002351a73f410 JavaThread "Daemon Thread 15"                  [_thread_blocked, id=40124, stack(0x000000d7df700000,0x000000d7df800000) (1024K)]
  0x000002351a7414e0 JavaThread "Daemon Thread 16"                  [_thread_blocked, id=20064, stack(0x000000d7df900000,0x000000d7dfa00000) (1024K)]
  0x0000023561a65510 JavaThread "Daemon Thread 17"                  [_thread_blocked, id=36544, stack(0x000000d7dfb00000,0x000000d7dfc00000) (1024K)]
  0x0000023561a647f0 JavaThread "Daemon Thread 18"                  [_thread_blocked, id=26500, stack(0x000000d7e0200000,0x000000d7e0300000) (1024K)]
  0x00000235627392a0 JavaThread "Asynchronous log dispatcher for DefaultDaemonConnection: socket connection from /127.0.0.1:17676 to /127.0.0.1:54978"        [_thread_blocked, id=36900, stack(0x000000d7e0300000,0x000000d7e0400000) (1024K)]
  0x0000023562737ef0 JavaThread "Stdin handler"                     [_thread_blocked, id=19800, stack(0x000000d7e0400000,0x000000d7e0500000) (1024K)]
  0x000002356273b370 JavaThread "Daemon client event forwarder"        [_thread_blocked, id=12348, stack(0x000000d7e0500000,0x000000d7e0600000) (1024K)]
  0x0000023562739930 JavaThread "Cache worker for file hash cache (C:\Users\nhlan\Documents\School\Richfield\BCS Articulation\Semester 2\Mobile App Development 700\SmartPantryManager\smart-pantry-manager (1)\android\.gradle\8.9\fileHashes)"        [_thread_blocked, id=16020, stack(0x000000d7db100000,0x000000d7db200000) (1024K)]
  0x000002356273a650 JavaThread "Cache worker for Build Output Cleanup Cache (C:\Users\nhlan\Documents\School\Richfield\BCS Articulation\Semester 2\Mobile App Development 700\SmartPantryManager\smart-pantry-manager (1)\android\.gradle\buildOutputCleanup)"        [_thread_blocked, id=11896, stack(0x000000d7dd200000,0x000000d7dd300000) (1024K)]
  0x000002356273ace0 JavaThread "Cache worker for checksums cache (C:\Users\nhlan\Documents\School\Richfield\BCS Articulation\Semester 2\Mobile App Development 700\SmartPantryManager\smart-pantry-manager (1)\android\.gradle\8.9\checksums)"        [_thread_blocked, id=20940, stack(0x000000d7ddb00000,0x000000d7ddc00000) (1024K)]
  0x0000023562739fc0 JavaThread "Cache worker for cache directory md-rule (C:\Users\nhlan\.gradle\caches\8.9\md-rule)"        [_thread_blocked, id=15320, stack(0x000000d7ddc00000,0x000000d7ddd00000) (1024K)]
  0x000002356273ba00 JavaThread "Cache worker for cache directory md-supplier (C:\Users\nhlan\.gradle\caches\8.9\md-supplier)"        [_thread_blocked, id=27800, stack(0x000000d7de300000,0x000000d7de400000) (1024K)]
  0x000002356273c090 JavaThread "jar transforms"                    [_thread_blocked, id=39740, stack(0x000000d7de400000,0x000000d7de500000) (1024K)]
Total: 52

Other Threads:
  0x000002351a0fa3d0 VMThread "VM Thread"                           [id=11740, stack(0x000000d7db900000,0x000000d7dba00000) (1024K)]
  0x000002351a0e9120 WatcherThread "VM Periodic Task Thread"        [id=23176, stack(0x000000d7db800000,0x000000d7db900000) (1024K)]
  0x000002350230deb0 WorkerThread "GC Thread#0"                     [id=42256, stack(0x000000d7db300000,0x000000d7db400000) (1024K)]
  0x000002351a87b740 WorkerThread "GC Thread#1"                     [id=8776, stack(0x000000d7dc400000,0x000000d7dc500000) (1024K)]
  0x000002351a8b0890 WorkerThread "GC Thread#2"                     [id=36964, stack(0x000000d7dc500000,0x000000d7dc600000) (1024K)]
  0x000002351a6530d0 WorkerThread "GC Thread#3"                     [id=24904, stack(0x000000d7dc600000,0x000000d7dc700000) (1024K)]
  0x000002351a323e60 WorkerThread "GC Thread#4"                     [id=11780, stack(0x000000d7dc700000,0x000000d7dc800000) (1024K)]
  0x00000235600a4530 WorkerThread "GC Thread#5"                     [id=36308, stack(0x000000d7dcc00000,0x000000d7dcd00000) (1024K)]
  0x0000023560106570 WorkerThread "GC Thread#6"                     [id=4016, stack(0x000000d7dd400000,0x000000d7dd500000) (1024K)]
  0x00000235601061c0 WorkerThread "GC Thread#7"                     [id=39796, stack(0x000000d7dd500000,0x000000d7dd600000) (1024K)]
  0x000002350231fdc0 ConcurrentGCThread "G1 Main Marker"            [id=8560, stack(0x000000d7db400000,0x000000d7db500000) (1024K)]
  0x00000235023207e0 WorkerThread "G1 Conc#0"                       [id=5460, stack(0x000000d7db500000,0x000000d7db600000) (1024K)]
  0x000002351a30ab70 WorkerThread "G1 Conc#1"                       [id=32000, stack(0x000000d7dda00000,0x000000d7ddb00000) (1024K)]
  0x0000023519fbd770 ConcurrentGCThread "G1 Refine#0"               [id=34440, stack(0x000000d7db600000,0x000000d7db700000) (1024K)]
  0x0000023519fbf080 ConcurrentGCThread "G1 Service"                [id=32240, stack(0x000000d7db700000,0x000000d7db800000) (1024K)]
Total: 15

Threads with active compile tasks:
C2 CompilerThread0  138303 5318       4       java.security.SecureClassLoader::defineClass (16 bytes)
Total: 1

VM state: not at safepoint (normal execution)

VM Mutex/Monitor currently owned by a thread: None

Heap address: 0x0000000080000000, size: 2048 MB, Compressed Oops mode: 32-bit

CDS archive(s) mapped at: [0x000002351b000000-0x000002351bba0000-0x000002351bba0000), size 12189696, SharedBaseAddress: 0x000002351b000000, ArchiveRelocationMode: 1.
Compressed class space mapped at: 0x000002351c000000-0x000002355c000000, reserved size: 1073741824
Narrow klass base: 0x000002351b000000, Narrow klass shift: 0, Narrow klass range: 0x100000000

GC Precious Log:
 CardTable entry size: 512
 Card Set container configuration: InlinePtr #cards 5 size 8 Array Of Cards #cards 12 size 40 Howl #buckets 4 coarsen threshold 1843 Howl Bitmap #cards 512 size 80 coarsen threshold 460 Card regions per heap region 1 cards per card region 2048
 CPUs: 8 total, 8 available
 Memory: 7886M
 Large Page Support: Disabled
 NUMA Support: Disabled
 Compressed Oops: Enabled (32-bit)
 Heap Region Size: 1M
 Heap Min Capacity: 8M
 Heap Initial Capacity: 124M
 Heap Max Capacity: 2G
 Pre-touch: Disabled
 Parallel Workers: 8
 Concurrent Workers: 2
 Concurrent Refinement Workers: 8
 Periodic GC: Disabled

Heap:
 garbage-first heap   total 86016K, used 66059K [0x0000000080000000, 0x0000000100000000)
  region size 1024K, 40 young (40960K), 4 survivors (4096K)
 Metaspace       used 37878K, committed 39232K, reserved 1114112K
  class space    used 5479K, committed 6144K, reserved 1048576K

Heap Regions: E=young(eden), S=young(survivor), O=old, HS=humongous(starts), HC=humongous(continues), CS=collection set, F=free, TAMS=top-at-mark-start, PB=parsable bottom
|   0|0x0000000080000000, 0x0000000080100000, 0x0000000080100000|100%|HS|  |TAMS 0x0000000080000000| PB 0x0000000080000000| Complete 
|   1|0x0000000080100000, 0x0000000080200000, 0x0000000080200000|100%|HC|  |TAMS 0x0000000080100000| PB 0x0000000080100000| Complete 
|   2|0x0000000080200000, 0x0000000080300000, 0x0000000080300000|100%|HC|  |TAMS 0x0000000080200000| PB 0x0000000080200000| Complete 
|   3|0x0000000080300000, 0x0000000080400000, 0x0000000080400000|100%|HC|  |TAMS 0x0000000080300000| PB 0x0000000080300000| Complete 
|   4|0x0000000080400000, 0x0000000080500000, 0x0000000080500000|100%| O|  |TAMS 0x0000000080400000| PB 0x0000000080400000| Untracked 
|   5|0x0000000080500000, 0x0000000080600000, 0x0000000080600000|100%| O|  |TAMS 0x0000000080500000| PB 0x0000000080500000| Untracked 
|   6|0x0000000080600000, 0x0000000080700000, 0x0000000080700000|100%| O|  |TAMS 0x0000000080600000| PB 0x0000000080600000| Untracked 
|   7|0x0000000080700000, 0x0000000080800000, 0x0000000080800000|100%| O|  |TAMS 0x0000000080700000| PB 0x0000000080700000| Untracked 
|   8|0x0000000080800000, 0x0000000080900000, 0x0000000080900000|100%| O|  |TAMS 0x0000000080800000| PB 0x0000000080800000| Untracked 
|   9|0x0000000080900000, 0x0000000080a00000, 0x0000000080a00000|100%| O|  |TAMS 0x0000000080900000| PB 0x0000000080900000| Untracked 
|  10|0x0000000080a00000, 0x0000000080b00000, 0x0000000080b00000|100%| O|  |TAMS 0x0000000080a00000| PB 0x0000000080a00000| Untracked 
|  11|0x0000000080b00000, 0x0000000080c00000, 0x0000000080c00000|100%|HS|  |TAMS 0x0000000080b00000| PB 0x0000000080b00000| Complete 
|  12|0x0000000080c00000, 0x0000000080d00000, 0x0000000080d00000|100%| O|  |TAMS 0x0000000080c00000| PB 0x0000000080c00000| Untracked 
|  13|0x0000000080d00000, 0x0000000080e00000, 0x0000000080e00000|100%| O|  |TAMS 0x0000000080d00000| PB 0x0000000080d00000| Untracked 
|  14|0x0000000080e00000, 0x0000000080f00000, 0x0000000080f00000|100%| O|  |TAMS 0x0000000080e00000| PB 0x0000000080e00000| Untracked 
|  15|0x0000000080f00000, 0x0000000081000000, 0x0000000081000000|100%| O|  |TAMS 0x0000000080f00000| PB 0x0000000080f00000| Untracked 
|  16|0x0000000081000000, 0x0000000081100000, 0x0000000081100000|100%| O|  |TAMS 0x0000000081000000| PB 0x0000000081000000| Untracked 
|  17|0x0000000081100000, 0x0000000081200000, 0x0000000081200000|100%| O|  |TAMS 0x0000000081100000| PB 0x0000000081100000| Untracked 
|  18|0x0000000081200000, 0x0000000081300000, 0x0000000081300000|100%| O|  |TAMS 0x0000000081200000| PB 0x0000000081200000| Untracked 
|  19|0x0000000081300000, 0x0000000081400000, 0x0000000081400000|100%| O|  |TAMS 0x0000000081300000| PB 0x0000000081300000| Untracked 
|  20|0x0000000081400000, 0x00000000814d9460, 0x0000000081500000| 84%| O|Cm|TAMS 0x0000000081400000| PB 0x0000000081400000| Complete 
|  21|0x0000000081500000, 0x0000000081600000, 0x0000000081600000|100%| O|  |TAMS 0x0000000081500000| PB 0x0000000081500000| Untracked 
|  22|0x0000000081600000, 0x0000000081700000, 0x0000000081700000|100%| O|  |TAMS 0x0000000081600000| PB 0x0000000081600000| Untracked 
|  23|0x0000000081700000, 0x0000000081800000, 0x0000000081800000|100%| O|  |TAMS 0x0000000081700000| PB 0x0000000081700000| Untracked 
|  24|0x0000000081800000, 0x0000000081900000, 0x0000000081900000|100%| O|  |TAMS 0x0000000081800000| PB 0x0000000081800000| Untracked 
|  25|0x0000000081900000, 0x0000000081a00000, 0x0000000081a00000|100%| O|  |TAMS 0x0000000081900000| PB 0x0000000081900000| Untracked 
|  26|0x0000000081a00000, 0x0000000081aa9880, 0x0000000081b00000| 66%| O|  |TAMS 0x0000000081a00000| PB 0x0000000081a00000| Untracked 
|  27|0x0000000081b00000, 0x0000000081b00000, 0x0000000081c00000|  0%| F|  |TAMS 0x0000000081b00000| PB 0x0000000081b00000| Untracked 
|  28|0x0000000081c00000, 0x0000000081c00000, 0x0000000081d00000|  0%| F|  |TAMS 0x0000000081c00000| PB 0x0000000081c00000| Untracked 
|  29|0x0000000081d00000, 0x0000000081d00000, 0x0000000081e00000|  0%| F|  |TAMS 0x0000000081d00000| PB 0x0000000081d00000| Untracked 
|  30|0x0000000081e00000, 0x0000000081e00000, 0x0000000081f00000|  0%| F|  |TAMS 0x0000000081e00000| PB 0x0000000081e00000| Untracked 
|  31|0x0000000081f00000, 0x0000000081f00000, 0x0000000082000000|  0%| F|  |TAMS 0x0000000081f00000| PB 0x0000000081f00000| Untracked 
|  32|0x0000000082000000, 0x0000000082000000, 0x0000000082100000|  0%| F|  |TAMS 0x0000000082000000| PB 0x0000000082000000| Untracked 
|  33|0x0000000082100000, 0x0000000082100000, 0x0000000082200000|  0%| F|  |TAMS 0x0000000082100000| PB 0x0000000082100000| Untracked 
|  34|0x0000000082200000, 0x0000000082200000, 0x0000000082300000|  0%| F|  |TAMS 0x0000000082200000| PB 0x0000000082200000| Untracked 
|  35|0x0000000082300000, 0x0000000082300000, 0x0000000082400000|  0%| F|  |TAMS 0x0000000082300000| PB 0x0000000082300000| Untracked 
|  36|0x0000000082400000, 0x0000000082400000, 0x0000000082500000|  0%| F|  |TAMS 0x0000000082400000| PB 0x0000000082400000| Untracked 
|  37|0x0000000082500000, 0x0000000082500000, 0x0000000082600000|  0%| F|  |TAMS 0x0000000082500000| PB 0x0000000082500000| Untracked 
|  38|0x0000000082600000, 0x0000000082600000, 0x0000000082700000|  0%| F|  |TAMS 0x0000000082600000| PB 0x0000000082600000| Untracked 
|  39|0x0000000082700000, 0x0000000082700000, 0x0000000082800000|  0%| F|  |TAMS 0x0000000082700000| PB 0x0000000082700000| Untracked 
|  40|0x0000000082800000, 0x0000000082800000, 0x0000000082900000|  0%| F|  |TAMS 0x0000000082800000| PB 0x0000000082800000| Untracked 
|  41|0x0000000082900000, 0x0000000082900000, 0x0000000082a00000|  0%| F|  |TAMS 0x0000000082900000| PB 0x0000000082900000| Untracked 
|  42|0x0000000082a00000, 0x0000000082a00000, 0x0000000082b00000|  0%| F|  |TAMS 0x0000000082a00000| PB 0x0000000082a00000| Untracked 
|  43|0x0000000082b00000, 0x0000000082b00000, 0x0000000082c00000|  0%| F|  |TAMS 0x0000000082b00000| PB 0x0000000082b00000| Untracked 
|  44|0x0000000082c00000, 0x0000000082d00000, 0x0000000082d00000|100%| E|  |TAMS 0x0000000082c00000| PB 0x0000000082c00000| Complete 
|  45|0x0000000082d00000, 0x0000000082e00000, 0x0000000082e00000|100%| E|CS|TAMS 0x0000000082d00000| PB 0x0000000082d00000| Complete 
|  46|0x0000000082e00000, 0x0000000082f00000, 0x0000000082f00000|100%| E|CS|TAMS 0x0000000082e00000| PB 0x0000000082e00000| Complete 
|  47|0x0000000082f00000, 0x0000000083000000, 0x0000000083000000|100%| E|CS|TAMS 0x0000000082f00000| PB 0x0000000082f00000| Complete 
|  48|0x0000000083000000, 0x0000000083100000, 0x0000000083100000|100%| E|CS|TAMS 0x0000000083000000| PB 0x0000000083000000| Complete 
|  49|0x0000000083100000, 0x0000000083200000, 0x0000000083200000|100%| E|  |TAMS 0x0000000083100000| PB 0x0000000083100000| Complete 
|  50|0x0000000083200000, 0x0000000083300000, 0x0000000083300000|100%| E|CS|TAMS 0x0000000083200000| PB 0x0000000083200000| Complete 
|  51|0x0000000083300000, 0x0000000083400000, 0x0000000083400000|100%| E|CS|TAMS 0x0000000083300000| PB 0x0000000083300000| Complete 
|  52|0x0000000083400000, 0x0000000083500000, 0x0000000083500000|100%| E|CS|TAMS 0x0000000083400000| PB 0x0000000083400000| Complete 
|  53|0x0000000083500000, 0x0000000083600000, 0x0000000083600000|100%| E|CS|TAMS 0x0000000083500000| PB 0x0000000083500000| Complete 
|  54|0x0000000083600000, 0x0000000083700000, 0x0000000083700000|100%| E|CS|TAMS 0x0000000083600000| PB 0x0000000083600000| Complete 
|  55|0x0000000083700000, 0x0000000083800000, 0x0000000083800000|100%| E|CS|TAMS 0x0000000083700000| PB 0x0000000083700000| Complete 
|  56|0x0000000083800000, 0x0000000083900000, 0x0000000083900000|100%| E|CS|TAMS 0x0000000083800000| PB 0x0000000083800000| Complete 
|  57|0x0000000083900000, 0x0000000083a00000, 0x0000000083a00000|100%| E|CS|TAMS 0x0000000083900000| PB 0x0000000083900000| Complete 
|  58|0x0000000083a00000, 0x0000000083b00000, 0x0000000083b00000|100%| E|CS|TAMS 0x0000000083a00000| PB 0x0000000083a00000| Complete 
|  59|0x0000000083b00000, 0x0000000083c00000, 0x0000000083c00000|100%| E|CS|TAMS 0x0000000083b00000| PB 0x0000000083b00000| Complete 
|  60|0x0000000083c00000, 0x0000000083d00000, 0x0000000083d00000|100%| E|CS|TAMS 0x0000000083c00000| PB 0x0000000083c00000| Complete 
|  61|0x0000000083d00000, 0x0000000083e00000, 0x0000000083e00000|100%| E|CS|TAMS 0x0000000083d00000| PB 0x0000000083d00000| Complete 
|  62|0x0000000083e00000, 0x0000000083f00000, 0x0000000083f00000|100%| S|CS|TAMS 0x0000000083e00000| PB 0x0000000083e00000| Complete 
|  63|0x0000000083f00000, 0x0000000084000000, 0x0000000084000000|100%| S|CS|TAMS 0x0000000083f00000| PB 0x0000000083f00000| Complete 
|  64|0x0000000084000000, 0x0000000084100000, 0x0000000084100000|100%| S|CS|TAMS 0x0000000084000000| PB 0x0000000084000000| Complete 
|  65|0x0000000084100000, 0x0000000084200000, 0x0000000084200000|100%| S|CS|TAMS 0x0000000084100000| PB 0x0000000084100000| Complete 
|  66|0x0000000084200000, 0x0000000084300000, 0x0000000084300000|100%| E|CS|TAMS 0x0000000084200000| PB 0x0000000084200000| Complete 
|  67|0x0000000084300000, 0x0000000084400000, 0x0000000084400000|100%| E|CS|TAMS 0x0000000084300000| PB 0x0000000084300000| Complete 
|  68|0x0000000084400000, 0x0000000084500000, 0x0000000084500000|100%| E|CS|TAMS 0x0000000084400000| PB 0x0000000084400000| Complete 
|  69|0x0000000084500000, 0x0000000084600000, 0x0000000084600000|100%| E|CS|TAMS 0x0000000084500000| PB 0x0000000084500000| Complete 
|  70|0x0000000084600000, 0x0000000084700000, 0x0000000084700000|100%| E|CS|TAMS 0x0000000084600000| PB 0x0000000084600000| Complete 
|  71|0x0000000084700000, 0x0000000084800000, 0x0000000084800000|100%| E|CS|TAMS 0x0000000084700000| PB 0x0000000084700000| Complete 
|  72|0x0000000084800000, 0x0000000084900000, 0x0000000084900000|100%| E|CS|TAMS 0x0000000084800000| PB 0x0000000084800000| Complete 
|  73|0x0000000084900000, 0x0000000084a00000, 0x0000000084a00000|100%| E|CS|TAMS 0x0000000084900000| PB 0x0000000084900000| Complete 
|  74|0x0000000084a00000, 0x0000000084b00000, 0x0000000084b00000|100%| E|CS|TAMS 0x0000000084a00000| PB 0x0000000084a00000| Complete 
|  75|0x0000000084b00000, 0x0000000084c00000, 0x0000000084c00000|100%| E|CS|TAMS 0x0000000084b00000| PB 0x0000000084b00000| Complete 
|  76|0x0000000084c00000, 0x0000000084d00000, 0x0000000084d00000|100%| E|CS|TAMS 0x0000000084c00000| PB 0x0000000084c00000| Complete 
|  77|0x0000000084d00000, 0x0000000084e00000, 0x0000000084e00000|100%| E|CS|TAMS 0x0000000084d00000| PB 0x0000000084d00000| Complete 
|  78|0x0000000084e00000, 0x0000000084f00000, 0x0000000084f00000|100%| E|CS|TAMS 0x0000000084e00000| PB 0x0000000084e00000| Complete 
|  79|0x0000000084f00000, 0x0000000085000000, 0x0000000085000000|100%| E|CS|TAMS 0x0000000084f00000| PB 0x0000000084f00000| Complete 
|  80|0x0000000085000000, 0x0000000085100000, 0x0000000085100000|100%| E|CS|TAMS 0x0000000085000000| PB 0x0000000085000000| Complete 
|  81|0x0000000085100000, 0x0000000085200000, 0x0000000085200000|100%| E|CS|TAMS 0x0000000085100000| PB 0x0000000085100000| Complete 
|  82|0x0000000085200000, 0x0000000085300000, 0x0000000085300000|100%| E|CS|TAMS 0x0000000085200000| PB 0x0000000085200000| Complete 
| 123|0x0000000087b00000, 0x0000000087c00000, 0x0000000087c00000|100%| E|CS|TAMS 0x0000000087b00000| PB 0x0000000087b00000| Complete 

Card table byte_map: [0x00000235153d0000,0x00000235157d0000] _byte_map_base: 0x0000023514fd0000

Marking Bits: (CMBitMap*) 0x000002350230e4d0
 Bits: [0x00000235157d0000, 0x00000235177d0000)

Polling page: 0x0000023500700000

Metaspace:

Usage:
  Non-class:     31.64 MB used.
      Class:      5.35 MB used.
       Both:     36.99 MB used.

Virtual space:
  Non-class space:       64.00 MB reserved,      32.31 MB ( 50%) committed,  1 nodes.
      Class space:        1.00 GB reserved,       6.00 MB ( <1%) committed,  1 nodes.
             Both:        1.06 GB reserved,      38.31 MB (  4%) committed. 

Chunk freelists:
   Non-Class:  15.04 MB
       Class:  9.91 MB
        Both:  24.95 MB

MaxMetaspaceSize: unlimited
CompressedClassSpaceSize: 1.00 GB
Initial GC threshold: 21.00 MB
Current GC threshold: 58.88 MB
CDS: on
 - commit_granule_bytes: 65536.
 - commit_granule_words: 8192.
 - virtual_space_node_default_size: 8388608.
 - enlarge_chunks_in_place: 1.
 - use_allocation_guard: 0.


Internal statistics:

num_allocs_failed_limit: 6.
num_arena_births: 2300.
num_arena_deaths: 0.
num_vsnodes_births: 2.
num_vsnodes_deaths: 0.
num_space_committed: 613.
num_space_uncommitted: 0.
num_chunks_returned_to_freelist: 6.
num_chunks_taken_from_freelist: 4017.
num_chunk_merges: 6.
num_chunk_splits: 2583.
num_chunks_enlarged: 1577.
num_inconsistent_stats: 0.

CodeHeap 'non-profiled nmethods': size=120000Kb used=2648Kb max_used=2651Kb free=117351Kb
 bounds [0x000002350d040000, 0x000002350d300000, 0x0000023514570000]
CodeHeap 'profiled nmethods': size=120000Kb used=9200Kb max_used=9738Kb free=110800Kb
 bounds [0x0000023505570000, 0x0000023505f00000, 0x000002350caa0000]
CodeHeap 'non-nmethods': size=5760Kb used=1976Kb max_used=2016Kb free=3784Kb
 bounds [0x000002350caa0000, 0x000002350cd10000, 0x000002350d040000]
CodeCache: size=245760Kb, used=13824Kb, max_used=14405Kb, free=231935Kb
 total_blobs=5479, nmethods=4791, adapters=591, full_count=0
Compilation: enabled, stopped_count=0, restarted_count=0

Compilation events (20 events):
Event: 137.173 Thread 0x000002351a126ce0 nmethod 5302 0x000002350d2e7510 code [0x000002350d2e7d60, 0x000002350d2ee1b8]
Event: 137.176 Thread 0x000002351a126ce0 5309   !   4       sun.nio.fs.WindowsPath::initOffsets (153 bytes)
Event: 137.200 Thread 0x000002351a126ce0 nmethod 5309 0x000002350d066d10 code [0x000002350d066fa0, 0x000002350d068088]
Event: 137.200 Thread 0x000002351a126ce0 5303       4       java.lang.invoke.Invokers$Holder::linkToTargetMethod (10 bytes)
Event: 137.201 Thread 0x000002351a126ce0 nmethod 5303 0x000002350d066990 code [0x000002350d066b20, 0x000002350d066c20]
Event: 137.306 Thread 0x000002351a12cc10 5312       3       org.gradle.internal.reflect.JavaPropertyReflectionUtil::getAnnotation (101 bytes)
Event: 137.307 Thread 0x000002351a12cc10 nmethod 5312 0x0000023505574e90 code [0x0000023505575160, 0x0000023505575e68]
Event: 137.332 Thread 0x000002351a12cc10 5313       3       org.gradle.internal.instantiation.generator.AbstractClassGenerator$MethodMetadata::shouldImplement (16 bytes)
Event: 137.332 Thread 0x000002351a12cc10 nmethod 5313 0x00000235056c2590 code [0x00000235056c2740, 0x00000235056c2970]
Event: 137.332 Thread 0x000002351a12cc10 5314       3       org.gradle.internal.instantiation.generator.AbstractClassGenerator::hasPropertyType (8 bytes)
Event: 137.333 Thread 0x000002351a12cc10 nmethod 5314 0x0000023505574190 code [0x00000235055743c0, 0x0000023505574bb0]
Event: 137.333 Thread 0x000002351a12cc10 5315       3       org.gradle.internal.instantiation.generator.AbstractClassGenerator::isPropertyType (33 bytes)
Event: 137.333 Thread 0x000002351a12cc10 nmethod 5315 0x00000235056c2010 code [0x00000235056c21e0, 0x00000235056c2428]
Event: 137.334 Thread 0x000002351a126ce0 5316       4       java.util.stream.MatchOps$$Lambda/0x000002351c13e8b8::get (12 bytes)
Event: 137.335 Thread 0x000002351a126ce0 nmethod 5316 0x000002350d066590 code [0x000002350d066720, 0x000002350d066840]
Event: 137.350 Thread 0x000002351a12cc10 5317       3       com.google.common.collect.AbstractMapBasedMultimap$WrappedCollection::refreshIfEmpty (78 bytes)
Event: 137.350 Thread 0x000002351a12cc10 nmethod 5317 0x0000023505573590 code [0x00000235055737a0, 0x0000023505573ee8]
Event: 137.353 Thread 0x000002351a126ce0 5318       4       java.security.SecureClassLoader::defineClass (16 bytes)
Event: 137.362 Thread 0x000002351a12cc10 5319  s    3       java.io.ByteArrayOutputStream::toByteArray (12 bytes)
Event: 137.362 Thread 0x000002351a12cc10 nmethod 5319 0x00000235055d4190 code [0x00000235055d4340, 0x00000235055d4550]

GC Heap History (14 events):
Event: 4.931 GC heap before
{Heap before GC invocations=0 (full 0):
 garbage-first heap   total 126976K, used 26624K [0x0000000080000000, 0x0000000100000000)
  region size 1024K, 23 young (23552K), 0 survivors (0K)
 Metaspace       used 1120K, committed 1216K, reserved 1114112K
  class space    used 83K, committed 128K, reserved 1048576K
}
Event: 5.335 GC heap after
{Heap after GC invocations=1 (full 0):
 garbage-first heap   total 126976K, used 10240K [0x0000000080000000, 0x0000000100000000)
  region size 1024K, 3 young (3072K), 3 survivors (3072K)
 Metaspace       used 1120K, committed 1216K, reserved 1114112K
  class space    used 83K, committed 128K, reserved 1048576K
}
Event: 8.935 GC heap before
{Heap before GC invocations=1 (full 0):
 garbage-first heap   total 126976K, used 39936K [0x0000000080000000, 0x0000000100000000)
  region size 1024K, 32 young (32768K), 3 survivors (3072K)
 Metaspace       used 4278K, committed 4480K, reserved 1114112K
  class space    used 546K, committed 640K, reserved 1048576K
}
Event: 8.943 GC heap after
{Heap after GC invocations=2 (full 0):
 garbage-first heap   total 126976K, used 12154K [0x0000000080000000, 0x0000000100000000)
  region size 1024K, 2 young (2048K), 2 survivors (2048K)
 Metaspace       used 4278K, committed 4480K, reserved 1114112K
  class space    used 546K, committed 640K, reserved 1048576K
}
Event: 16.923 GC heap before
{Heap before GC invocations=2 (full 0):
 garbage-first heap   total 126976K, used 86906K [0x0000000080000000, 0x0000000100000000)
  region size 1024K, 74 young (75776K), 2 survivors (2048K)
 Metaspace       used 12728K, committed 13120K, reserved 1114112K
  class space    used 1726K, committed 1920K, reserved 1048576K
}
Event: 17.628 GC heap after
{Heap after GC invocations=3 (full 0):
 garbage-first heap   total 126976K, used 21235K [0x0000000080000000, 0x0000000100000000)
  region size 1024K, 10 young (10240K), 10 survivors (10240K)
 Metaspace       used 12728K, committed 13120K, reserved 1114112K
  class space    used 1726K, committed 1920K, reserved 1048576K
}
Event: 34.838 GC heap before
{Heap before GC invocations=3 (full 0):
 garbage-first heap   total 126976K, used 74483K [0x0000000080000000, 0x0000000100000000)
  region size 1024K, 64 young (65536K), 10 survivors (10240K)
 Metaspace       used 20835K, committed 21504K, reserved 1114112K
  class space    used 3040K, committed 3328K, reserved 1048576K
}
Event: 34.861 GC heap after
{Heap after GC invocations=4 (full 0):
 garbage-first heap   total 126976K, used 25003K [0x0000000080000000, 0x0000000100000000)
  region size 1024K, 4 young (4096K), 4 survivors (4096K)
 Metaspace       used 20835K, committed 21504K, reserved 1114112K
  class space    used 3040K, committed 3328K, reserved 1048576K
}
Event: 42.991 GC heap before
{Heap before GC invocations=5 (full 0):
 garbage-first heap   total 86016K, used 72107K [0x0000000080000000, 0x0000000100000000)
  region size 1024K, 50 young (51200K), 4 survivors (4096K)
 Metaspace       used 26917K, committed 27968K, reserved 1114112K
  class space    used 4046K, committed 4544K, reserved 1048576K
}
Event: 43.024 GC heap after
{Heap after GC invocations=6 (full 0):
 garbage-first heap   total 86016K, used 27688K [0x0000000080000000, 0x0000000100000000)
  region size 1024K, 7 young (7168K), 7 survivors (7168K)
 Metaspace       used 26917K, committed 27968K, reserved 1114112K
  class space    used 4046K, committed 4544K, reserved 1048576K
}
Event: 128.142 GC heap before
{Heap before GC invocations=6 (full 0):
 garbage-first heap   total 86016K, used 69672K [0x0000000080000000, 0x0000000100000000)
  region size 1024K, 49 young (50176K), 7 survivors (7168K)
 Metaspace       used 30708K, committed 32000K, reserved 1114112K
  class space    used 4605K, committed 5248K, reserved 1048576K
}
Event: 128.230 GC heap after
{Heap after GC invocations=7 (full 0):
 garbage-first heap   total 86016K, used 28945K [0x0000000080000000, 0x0000000100000000)
  region size 1024K, 5 young (5120K), 5 survivors (5120K)
 Metaspace       used 30708K, committed 32000K, reserved 1114112K
  class space    used 4605K, committed 5248K, reserved 1048576K
}
Event: 133.839 GC heap before
{Heap before GC invocations=7 (full 0):
 garbage-first heap   total 86016K, used 46353K [0x0000000080000000, 0x0000000100000000)
  region size 1024K, 23 young (23552K), 5 survivors (5120K)
 Metaspace       used 34878K, committed 36096K, reserved 1114112K
  class space    used 5049K, committed 5632K, reserved 1048576K
}
Event: 133.857 GC heap after
{Heap after GC invocations=8 (full 0):
 garbage-first heap   total 86016K, used 31243K [0x0000000080000000, 0x0000000100000000)
  region size 1024K, 4 young (4096K), 4 survivors (4096K)
 Metaspace       used 34878K, committed 36096K, reserved 1114112K
  class space    used 5049K, committed 5632K, reserved 1048576K
}

Dll operation events (20 events):
Event: 2.237 Attempting to load shared library C:\Users\nhlan\.vscode\extensions\redhat.java-1.56.0-win32-x64\jre\21.0.12.1-win32-x86_64\bin\nio.dll
Event: 2.238 Loaded shared library C:\Users\nhlan\.vscode\extensions\redhat.java-1.56.0-win32-x64\jre\21.0.12.1-win32-x86_64\bin\nio.dll
Event: 2.242 Attempting to load shared library C:\Users\nhlan\.vscode\extensions\redhat.java-1.56.0-win32-x64\jre\21.0.12.1-win32-x86_64\bin\zip.dll
Event: 2.242 Loaded shared library C:\Users\nhlan\.vscode\extensions\redhat.java-1.56.0-win32-x64\jre\21.0.12.1-win32-x86_64\bin\zip.dll
Event: 4.250 Attempting to load shared library C:\Users\nhlan\.vscode\extensions\redhat.java-1.56.0-win32-x64\jre\21.0.12.1-win32-x86_64\bin\jimage.dll
Event: 4.250 Loaded shared library C:\Users\nhlan\.vscode\extensions\redhat.java-1.56.0-win32-x64\jre\21.0.12.1-win32-x86_64\bin\jimage.dll
Event: 5.347 Attempting to load shared library C:\Users\nhlan\.vscode\extensions\redhat.java-1.56.0-win32-x64\jre\21.0.12.1-win32-x86_64\bin\verify.dll
Event: 5.526 Loaded shared library C:\Users\nhlan\.vscode\extensions\redhat.java-1.56.0-win32-x64\jre\21.0.12.1-win32-x86_64\bin\verify.dll
Event: 6.023 Attempting to load shared library C:\Users\nhlan\.gradle\native\c067742578af261105cb4f569cf0c3c89f3d7b1fecec35dd04571415982c5e48\windows-amd64\native-platform.dll
Event: 6.045 Loaded shared library C:\Users\nhlan\.gradle\native\c067742578af261105cb4f569cf0c3c89f3d7b1fecec35dd04571415982c5e48\windows-amd64\native-platform.dll
Event: 6.070 Attempting to load shared library C:\Users\nhlan\.gradle\native\100fb08df4bc3b14c8652ba06237920a3bd2aa13389f12d3474272988ae205f9\windows-amd64\native-platform-file-events.dll
Event: 6.109 Loaded shared library C:\Users\nhlan\.gradle\native\100fb08df4bc3b14c8652ba06237920a3bd2aa13389f12d3474272988ae205f9\windows-amd64\native-platform-file-events.dll
Event: 11.311 Attempting to load shared library C:\Users\nhlan\.vscode\extensions\redhat.java-1.56.0-win32-x64\jre\21.0.12.1-win32-x86_64\bin\management.dll
Event: 11.314 Loaded shared library C:\Users\nhlan\.vscode\extensions\redhat.java-1.56.0-win32-x64\jre\21.0.12.1-win32-x86_64\bin\management.dll
Event: 11.317 Attempting to load shared library C:\Users\nhlan\.vscode\extensions\redhat.java-1.56.0-win32-x64\jre\21.0.12.1-win32-x86_64\bin\management_ext.dll
Event: 11.328 Loaded shared library C:\Users\nhlan\.vscode\extensions\redhat.java-1.56.0-win32-x64\jre\21.0.12.1-win32-x86_64\bin\management_ext.dll
Event: 12.652 Attempting to load shared library C:\Users\nhlan\.vscode\extensions\redhat.java-1.56.0-win32-x64\jre\21.0.12.1-win32-x86_64\bin\extnet.dll
Event: 12.679 Loaded shared library C:\Users\nhlan\.vscode\extensions\redhat.java-1.56.0-win32-x64\jre\21.0.12.1-win32-x86_64\bin\extnet.dll
Event: 13.816 Attempting to load shared library C:\Users\nhlan\.vscode\extensions\redhat.java-1.56.0-win32-x64\jre\21.0.12.1-win32-x86_64\bin\sunmscapi.dll
Event: 13.819 Loaded shared library C:\Users\nhlan\.vscode\extensions\redhat.java-1.56.0-win32-x64\jre\21.0.12.1-win32-x86_64\bin\sunmscapi.dll

Deoptimization events (20 events):
Event: 137.059 Thread 0x000002351a73ed80 Uncommon trap: trap_request=0xffffff45 fr.pc=0x000002350d1f8ddc relative=0x0000000000002ebc
Event: 137.059 Thread 0x000002351a73ed80 Uncommon trap: reason=unstable_if action=reinterpret pc=0x000002350d1f8ddc method=java.lang.String.regionMatches(ZILjava/lang/String;II)Z @ 36 c2
Event: 137.059 Thread 0x000002351a73ed80 DEOPT PACKING pc=0x000002350d1f8ddc sp=0x000000d7dcefa160
Event: 137.059 Thread 0x000002351a73ed80 DEOPT UNPACKING pc=0x000002350caf7ba2 sp=0x000000d7dcefa060 mode 2
Event: 137.068 Thread 0x000002351a73ed80 Uncommon trap: trap_request=0xffffffde fr.pc=0x000002350d2ccc08 relative=0x0000000000001048
Event: 137.068 Thread 0x000002351a73ed80 Uncommon trap: reason=class_check action=maybe_recompile pc=0x000002350d2ccc08 method=jdk.internal.loader.URLClassPath.getLoader(I)Ljdk/internal/loader/URLClassPath$Loader; @ 88 c2
Event: 137.068 Thread 0x000002351a73ed80 DEOPT PACKING pc=0x000002350d2ccc08 sp=0x000000d7dcefa420
Event: 137.068 Thread 0x000002351a73ed80 DEOPT UNPACKING pc=0x000002350caf7ba2 sp=0x000000d7dcefa400 mode 2
Event: 137.068 Thread 0x000002351a73ed80 Uncommon trap: trap_request=0xffffffde fr.pc=0x000002350d2dbbc4 relative=0x00000000000043a4
Event: 137.068 Thread 0x000002351a73ed80 Uncommon trap: reason=class_check action=maybe_recompile pc=0x000002350d2dbbc4 method=jdk.internal.loader.URLClassPath.getResource(Ljava/lang/String;Z)Ljdk/internal/loader/Resource; @ 53 c2
Event: 137.068 Thread 0x000002351a73ed80 DEOPT PACKING pc=0x000002350d2dbbc4 sp=0x000000d7dcefa4d0
Event: 137.068 Thread 0x000002351a73ed80 DEOPT UNPACKING pc=0x000002350caf7ba2 sp=0x000000d7dcefa2f0 mode 2
Event: 137.087 Thread 0x000002351a73ed80 Uncommon trap: trap_request=0xffffff45 fr.pc=0x000002350d14d0f0 relative=0x00000000000012b0
Event: 137.087 Thread 0x000002351a73ed80 Uncommon trap: reason=unstable_if action=reinterpret pc=0x000002350d14d0f0 method=java.lang.Class.getPackageName()Ljava/lang/String; @ 55 c2
Event: 137.087 Thread 0x000002351a73ed80 DEOPT PACKING pc=0x000002350d14d0f0 sp=0x000000d7dcefa0f0
Event: 137.087 Thread 0x000002351a73ed80 DEOPT UNPACKING pc=0x000002350caf7ba2 sp=0x000000d7dcefa060 mode 2
Event: 137.350 Thread 0x000002351a73ed80 Uncommon trap: trap_request=0xffffffde fr.pc=0x000002350d0d5490 relative=0x0000000000000070
Event: 137.351 Thread 0x000002351a73ed80 Uncommon trap: reason=class_check action=maybe_recompile pc=0x000002350d0d5490 method=java.util.stream.StreamOpFlag.fromCharacteristics(Ljava/util/Spliterator;)I @ 14 c2
Event: 137.351 Thread 0x000002351a73ed80 DEOPT PACKING pc=0x000002350d0d5490 sp=0x000000d7dcef9fa0
Event: 137.351 Thread 0x000002351a73ed80 DEOPT UNPACKING pc=0x000002350caf7ba2 sp=0x000000d7dcef9f38 mode 2

Classes loaded (20 events):
Event: 134.972 Loading class java/util/function/BooleanSupplier
Event: 134.972 Loading class java/util/function/BooleanSupplier done
Event: 134.972 Loading class jdk/internal/jimage/ImageReader$Resource
Event: 134.973 Loading class jdk/internal/jimage/ImageReader$Resource done
Event: 135.472 Loading class java/util/WeakHashMap$KeyIterator
Event: 135.474 Loading class java/util/WeakHashMap$HashIterator
Event: 135.474 Loading class java/util/WeakHashMap$HashIterator done
Event: 135.474 Loading class java/util/WeakHashMap$KeyIterator done
Event: 135.620 Loading class sun/nio/fs/WindowsPath$1
Event: 135.620 Loading class sun/nio/fs/WindowsPath$1 done
Event: 135.623 Loading class sun/nio/fs/WindowsException
Event: 135.626 Loading class sun/nio/fs/WindowsException done
Event: 136.291 Loading class java/security/CodeSigner
Event: 136.293 Loading class java/security/CodeSigner done
Event: 136.527 Loading class java/util/stream/Streams$RangeIntSpliterator
Event: 136.527 Loading class java/util/stream/Streams$RangeIntSpliterator done
Event: 137.016 Loading class jdk/internal/loader/URLClassPath$FileLoader
Event: 137.035 Loading class jdk/internal/loader/URLClassPath$FileLoader done
Event: 137.068 Loading class jdk/internal/loader/URLClassPath$FileLoader$1
Event: 137.069 Loading class jdk/internal/loader/URLClassPath$FileLoader$1 done

Classes unloaded (0 events):
No events

Classes redefined (0 events):
No events

Internal exceptions (20 events):
Event: 135.498 Thread 0x000002351a73ed80 Exception <a 'java/lang/ClassNotFoundException'{0x000000008332ccf8}: groovy/lang/GroovyObjectSupportBeanInfo> (0x000000008332ccf8) 
thrown [s\src\hotspot\share\classfile\systemDictionary.cpp, line 313]
Event: 135.499 Thread 0x000002351a73ed80 Exception <a 'java/lang/ClassNotFoundException'{0x0000000083334ec8}: groovy/lang/GroovyObjectSupportCustomizer> (0x0000000083334ec8) 
thrown [s\src\hotspot\share\classfile\systemDictionary.cpp, line 313]
Event: 135.505 Thread 0x000002351a73ed80 Exception <a 'java/lang/ClassNotFoundException'{0x000000008334ec48}: org/gradle/internal/extensibility/DefaultExtraPropertiesExtensionCustomizer> (0x000000008334ec48) 
thrown [s\src\hotspot\share\classfile\systemDictionary.cpp, line 313]
Event: 135.510 Thread 0x000002351a73ed80 Exception <a 'java/lang/IncompatibleClassChangeError'{0x0000000083369bc0}: Found class java.lang.Object, but interface was expected> (0x0000000083369bc0) 
thrown [s\src\hotspot\share\interpreter\linkResolver.cpp, line 840]
Event: 135.627 Thread 0x000002351a73ed80 Exception <a 'sun/nio/fs/WindowsException'{0x0000000083393020}> (0x0000000083393020) 
thrown [s\src\hotspot\share\prims\jni.cpp, line 520]
Event: 135.629 Thread 0x000002351a73ed80 Exception <a 'sun/nio/fs/WindowsException'{0x0000000083394548}> (0x0000000083394548) 
thrown [s\src\hotspot\share\prims\jni.cpp, line 520]
Event: 135.630 Thread 0x000002351a73ed80 Exception <a 'sun/nio/fs/WindowsException'{0x0000000083395a18}> (0x0000000083395a18) 
thrown [s\src\hotspot\share\prims\jni.cpp, line 520]
Event: 135.630 Thread 0x000002351a73ed80 Exception <a 'sun/nio/fs/WindowsException'{0x0000000083396b10}> (0x0000000083396b10) 
thrown [s\src\hotspot\share\prims\jni.cpp, line 520]
Event: 135.708 Thread 0x000002351a73ed80 Exception <a 'java/lang/IncompatibleClassChangeError'{0x00000000833fc158}: Found class java.lang.Object, but interface was expected> (0x00000000833fc158) 
thrown [s\src\hotspot\share\interpreter\linkResolver.cpp, line 840]
Event: 135.818 Thread 0x000002351a73ed80 Exception <a 'java/lang/NoSuchMethodError'{0x00000000832c4cc8}: 'java.lang.Object java.lang.invoke.DirectMethodHandle$Holder.newInvokeSpecial(java.lang.Object, java.lang.Object, long)'> (0x00000000832c4cc8) 
thrown [s\src\hotspot\share\interpreter\linkResolver.cpp, line 773]
Event: 135.818 Thread 0x000002351a73ed80 Exception <a 'java/lang/NoSuchMethodError'{0x00000000832c92e0}: 'java.lang.Object java.lang.invoke.Invokers$Holder.linkToTargetMethod(java.lang.Object, long, java.lang.Object)'> (0x00000000832c92e0) 
thrown [s\src\hotspot\share\interpreter\linkResolver.cpp, line 773]
Event: 136.065 Thread 0x000002356138b990 Implicit null exception at 0x000002350d288421 to 0x000002350d288c84
Event: 136.066 Thread 0x000002356138b990 Implicit null exception at 0x000002350d2c52b5 to 0x000002350d2c6680
Event: 136.330 Thread 0x000002351a73ed80 Exception <a 'java/lang/NoSuchMethodError'{0x00000000830e7728}: 'int java.lang.invoke.DirectMethodHandle$Holder.invokeInterface(java.lang.Object, java.lang.Object)'> (0x00000000830e7728) 
thrown [s\src\hotspot\share\interpreter\linkResolver.cpp, line 773]
Event: 136.514 Thread 0x000002351a73ed80 Exception <a 'java/lang/NoSuchMethodError'{0x0000000082f44b98}: 'java.lang.Object java.lang.invoke.DirectMethodHandle$Holder.invokeVirtual(java.lang.Object, java.lang.Object, int)'> (0x0000000082f44b98) 
thrown [s\src\hotspot\share\interpreter\linkResolver.cpp, line 773]
Event: 136.540 Thread 0x000002351a73ed80 Exception <a 'java/lang/NoSuchMethodError'{0x0000000082f6f5b0}: 'void java.lang.invoke.DirectMethodHandle$Holder.invokeStatic(java.lang.Object, java.lang.Object, java.lang.Object, int)'> (0x0000000082f6f5b0) 
thrown [s\src\hotspot\share\interpreter\linkResolver.cpp, line 773]
Event: 136.785 Thread 0x000002351a73ed80 Exception <a 'java/lang/NoSuchMethodError'{0x0000000082e00560}: 'java.lang.Object java.lang.invoke.DirectMethodHandle$Holder.newInvokeSpecial(java.lang.Object, java.lang.Object, int, java.lang.Object)'> (0x0000000082e00560) 
thrown [s\src\hotspot\share\interpreter\linkResolver.cpp, line 773]
Event: 136.785 Thread 0x000002351a73ed80 Exception <a 'java/lang/NoSuchMethodError'{0x0000000082e04c00}: 'java.lang.Object java.lang.invoke.DirectMethodHandle$Holder.invokeSpecial(java.lang.Object, java.lang.Object, java.lang.Object, int, java.lang.Object)'> (0x0000000082e04c00) 
thrown [s\src\hotspot\share\interpreter\linkResolver.cpp, line 773]
Event: 137.000 Thread 0x000002351a73ed80 Exception <a 'java/lang/NoSuchMethodError'{0x0000000082eec628}: 'void java.lang.invoke.DirectMethodHandle$Holder.invokeInterface(java.lang.Object, java.lang.Object, java.lang.Object, java.lang.Object, java.lang.Object, java.lang.Object, java.lang.Object)'> (0x0000000082eec628) 
thrown [s\src\hotspot\share\interpreter\linkResolver.cpp, line 773]
Event: 137.001 Thread 0x000002351a73ed80 Exception <a 'java/lang/NoSuchMethodError'{0x0000000082ef0fb0}: 'void java.lang.invoke.DelegatingMethodHandle$Holder.reinvoke_L(java.lang.Object, java.lang.Object, java.lang.Object, java.lang.Object, java.lang.Object, java.lang.Object, java.lang.Object)'> (0x0000000082ef0fb0) 
thrown [s\src\hotspot\share\interpreter\linkResolver.cpp, line 773]

ZGC Phase Switch (0 events):
No events

VM Operations (20 events):
Event: 134.774 Executing non-safepoint VM operation: HandshakeAllThreads (Deoptimize)
Event: 134.774 Executing non-safepoint VM operation: HandshakeAllThreads (Deoptimize) done
Event: 134.791 Executing non-safepoint VM operation: HandshakeAllThreads (Deoptimize)
Event: 134.791 Executing non-safepoint VM operation: HandshakeAllThreads (Deoptimize) done
Event: 134.808 Executing non-safepoint VM operation: HandshakeAllThreads (Deoptimize)
Event: 134.808 Executing non-safepoint VM operation: HandshakeAllThreads (Deoptimize) done
Event: 134.969 Executing non-safepoint VM operation: HandshakeAllThreads (Deoptimize)
Event: 134.969 Executing non-safepoint VM operation: HandshakeAllThreads (Deoptimize) done
Event: 134.969 Executing safepoint VM operation: Cleanup
Event: 134.969 Executing safepoint VM operation: Cleanup done
Event: 135.723 Executing non-safepoint VM operation: HandshakeAllThreads (Deoptimize)
Event: 135.723 Executing non-safepoint VM operation: HandshakeAllThreads (Deoptimize) done
Event: 135.995 Executing non-safepoint VM operation: HandshakeAllThreads (Deoptimize)
Event: 135.996 Executing non-safepoint VM operation: HandshakeAllThreads (Deoptimize) done
Event: 135.996 Executing safepoint VM operation: Cleanup
Event: 135.996 Executing safepoint VM operation: Cleanup done
Event: 136.006 Executing non-safepoint VM operation: HandshakeAllThreads (Deoptimize)
Event: 136.006 Executing non-safepoint VM operation: HandshakeAllThreads (Deoptimize) done
Event: 137.019 Executing safepoint VM operation: Cleanup
Event: 137.035 Executing safepoint VM operation: Cleanup done

Memory protections (0 events):
No events

Nmethod flushes (20 events):
Event: 133.923 Thread 0x000002351a0fa3d0 flushing  nmethod 0x00000235058de610
Event: 133.923 Thread 0x000002351a0fa3d0 flushing  nmethod 0x00000235058e0590
Event: 133.923 Thread 0x000002351a0fa3d0 flushing  nmethod 0x00000235058e5090
Event: 133.923 Thread 0x000002351a0fa3d0 flushing  nmethod 0x00000235058e6310
Event: 133.924 Thread 0x000002351a0fa3d0 flushing  nmethod 0x00000235058e7f90
Event: 133.924 Thread 0x000002351a0fa3d0 flushing  nmethod 0x00000235058e9c90
Event: 133.924 Thread 0x000002351a0fa3d0 flushing  nmethod 0x00000235058ebc10
Event: 133.924 Thread 0x000002351a0fa3d0 flushing  nmethod 0x00000235058ebf90
Event: 133.924 Thread 0x000002351a0fa3d0 flushing  nmethod 0x00000235058ec310
Event: 133.924 Thread 0x000002351a0fa3d0 flushing  nmethod 0x00000235058fc810
Event: 133.924 Thread 0x000002351a0fa3d0 flushing  nmethod 0x00000235058fde90
Event: 133.924 Thread 0x000002351a0fa3d0 flushing  nmethod 0x00000235058fea10
Event: 133.924 Thread 0x000002351a0fa3d0 flushing  nmethod 0x000002350593bb10
Event: 133.924 Thread 0x000002351a0fa3d0 flushing  nmethod 0x0000023505947f90
Event: 133.924 Thread 0x000002351a0fa3d0 flushing  nmethod 0x0000023505948a90
Event: 133.924 Thread 0x000002351a0fa3d0 flushing  nmethod 0x000002350596c090
Event: 133.924 Thread 0x000002351a0fa3d0 flushing  nmethod 0x00000235059fd510
Event: 133.924 Thread 0x000002351a0fa3d0 flushing  nmethod 0x00000235059fd990
Event: 133.924 Thread 0x000002351a0fa3d0 flushing  nmethod 0x0000023505a03690
Event: 133.924 Thread 0x000002351a0fa3d0 flushing  nmethod 0x0000023505a0cb90

Events (20 events):
Event: 122.640 Thread 0x0000023561a64e80 Thread exited: 0x0000023561a64e80
Event: 122.640 Thread 0x0000023561a65ba0 Thread exited: 0x0000023561a65ba0
Event: 122.642 Thread 0x0000023560d1f7b0 Thread exited: 0x0000023560d1f7b0
Event: 122.650 Thread 0x0000023560d1a8f0 Thread exited: 0x0000023560d1a8f0
Event: 122.937 Thread 0x000002356138c020 Thread exited: 0x000002356138c020
Event: 122.937 Thread 0x0000023560d1dd70 Thread exited: 0x0000023560d1dd70
Event: 122.940 Thread 0x0000023561a62db0 Thread exited: 0x0000023561a62db0
Event: 122.940 Thread 0x000002356138ee10 Thread exited: 0x000002356138ee10
Event: 122.941 Thread 0x0000023560d1e400 Thread exited: 0x0000023560d1e400
Event: 122.941 Thread 0x0000023562739930 Thread exited: 0x0000023562739930
Event: 122.957 Thread 0x000002356273ace0 Thread exited: 0x000002356273ace0
Event: 123.062 Thread 0x0000023561a65510 Thread added: 0x0000023562738580
Event: 123.187 Thread 0x0000023562738580 Thread exited: 0x0000023562738580
Event: 123.200 Thread 0x000002356273a650 Thread exited: 0x000002356273a650
Event: 123.607 Thread 0x000002351a73ed80 Thread added: 0x0000023562739930
Event: 123.654 Thread 0x000002351a73ed80 Thread added: 0x000002356273a650
Event: 129.765 Thread 0x000002351a73ed80 Thread added: 0x000002356273ace0
Event: 130.240 Thread 0x000002351a73ed80 Thread added: 0x0000023562739fc0
Event: 130.642 Thread 0x000002351a73ed80 Thread added: 0x000002356273ba00
Event: 136.787 Thread 0x000002351a73ed80 Thread added: 0x000002356273c090


Dynamic libraries:
0x00007ff62f870000 - 0x00007ff62f87e000 	C:\Users\nhlan\.vscode\extensions\redhat.java-1.56.0-win32-x64\jre\21.0.12.1-win32-x86_64\bin\java.exe
0x00007fffa7220000 - 0x00007fffa7487000 	C:\WINDOWS\SYSTEM32\ntdll.dll
0x00007fffa6650000 - 0x00007fffa671b000 	C:\WINDOWS\System32\KERNEL32.DLL
0x00007fffa49d0000 - 0x00007fffa4dd2000 	C:\WINDOWS\System32\KERNELBASE.dll
0x00007fffa4420000 - 0x00007fffa456c000 	C:\WINDOWS\System32\ucrtbase.dll
0x00007fff9ef20000 - 0x00007fff9ef38000 	C:\Users\nhlan\.vscode\extensions\redhat.java-1.56.0-win32-x64\jre\21.0.12.1-win32-x86_64\bin\jli.dll
0x00007fffa6ab0000 - 0x00007fffa6c7f000 	C:\WINDOWS\System32\USER32.dll
0x00007fffa4de0000 - 0x00007fffa4e07000 	C:\WINDOWS\System32\win32u.dll
0x00007fffa71b0000 - 0x00007fffa71db000 	C:\WINDOWS\System32\GDI32.dll
0x00007fffa4e10000 - 0x00007fffa4f39000 	C:\WINDOWS\System32\gdi32full.dll
0x00007fffa4580000 - 0x00007fffa4623000 	C:\WINDOWS\System32\msvcp_win.dll
0x00007fff9ec50000 - 0x00007fff9ec6e000 	C:\Users\nhlan\.vscode\extensions\redhat.java-1.56.0-win32-x64\jre\21.0.12.1-win32-x86_64\bin\VCRUNTIME140.dll
0x00007fff8b470000 - 0x00007fff8b700000 	C:\WINDOWS\WinSxS\amd64_microsoft.windows.common-controls_6595b64144ccf1df_6.0.26100.9278_none_3e0d1ba8e3303201\COMCTL32.dll
0x00007fffa6980000 - 0x00007fffa6a29000 	C:\WINDOWS\System32\msvcrt.dll
0x00007fffa4f40000 - 0x00007fffa4f71000 	C:\WINDOWS\System32\IMM32.DLL
0x00007fff814d0000 - 0x00007fff815c2000 	C:\Program Files\Windhawk\Engine\1.7.3\64\windhawk.dll
0x00007fffa5d70000 - 0x00007fffa5e2c000 	C:\WINDOWS\System32\ADVAPI32.dll
0x00007fffa58f0000 - 0x00007fffa5999000 	C:\WINDOWS\System32\sechost.dll
0x00007fffa6760000 - 0x00007fffa6878000 	C:\WINDOWS\System32\RPCRT4.dll
0x00007fff81910000 - 0x00007fff81938000 	C:\ProgramData\Windhawk\Engine\Mods\64\explorer-details-better-file-sizes_1.4.11_675263.dll
0x00007fffa5570000 - 0x00007fffa570a000 	C:\WINDOWS\System32\ole32.dll
0x00007fffa59a0000 - 0x00007fffa5d25000 	C:\WINDOWS\System32\combase.dll
0x00007fffa5270000 - 0x00007fffa5349000 	C:\WINDOWS\System32\OLEAUT32.dll
0x00007fffa5ea0000 - 0x00007fffa6638000 	C:\WINDOWS\System32\SHELL32.dll
0x00007fff9c3e0000 - 0x00007fff9c4d5000 	C:\WINDOWS\SYSTEM32\PROPSYS.dll
0x00007fff81170000 - 0x00007fff81319000 	C:\ProgramData\Windhawk\Engine\Mods\64\libc++.whl
0x00007fff81320000 - 0x00007fff8135a000 	C:\ProgramData\Windhawk\Engine\Mods\64\libunwind.whl
0x00007fff9fa40000 - 0x00007fff9fa4c000 	C:\Users\nhlan\.vscode\extensions\redhat.java-1.56.0-win32-x64\jre\21.0.12.1-win32-x86_64\bin\vcruntime140_1.dll
0x00007fff70010000 - 0x00007fff7009d000 	C:\Users\nhlan\.vscode\extensions\redhat.java-1.56.0-win32-x64\jre\21.0.12.1-win32-x86_64\bin\msvcp140.dll
0x00007ffef3e00000 - 0x00007ffef4ba2000 	C:\Users\nhlan\.vscode\extensions\redhat.java-1.56.0-win32-x64\jre\21.0.12.1-win32-x86_64\bin\server\jvm.dll
0x00007fffa51e0000 - 0x00007fffa5260000 	C:\WINDOWS\System32\WS2_32.dll
0x00007fffa4280000 - 0x00007fffa42de000 	C:\WINDOWS\SYSTEM32\POWRPROF.dll
0x00007fff98d50000 - 0x00007fff98d86000 	C:\WINDOWS\SYSTEM32\WINMM.dll
0x00007fff98600000 - 0x00007fff9860b000 	C:\WINDOWS\SYSTEM32\VERSION.dll
0x00007fffa4260000 - 0x00007fffa4275000 	C:\WINDOWS\SYSTEM32\UMPDC.dll
0x00007fffa30f0000 - 0x00007fffa310b000 	C:\WINDOWS\SYSTEM32\kernel.appcore.dll
0x00007fff9f610000 - 0x00007fff9f61a000 	C:\Users\nhlan\.vscode\extensions\redhat.java-1.56.0-win32-x64\jre\21.0.12.1-win32-x86_64\bin\jimage.dll
0x00007fffa15f0000 - 0x00007fffa183c000 	C:\WINDOWS\SYSTEM32\DBGHELP.DLL
0x00007fff88780000 - 0x00007fff887bb000 	C:\WINDOWS\SYSTEM32\dbgcore.DLL
0x00007fffa4850000 - 0x00007fffa48fc000 	C:\WINDOWS\System32\bcryptPrimitives.dll
0x00007fff9f5b0000 - 0x00007fff9f5bf000 	C:\Users\nhlan\.vscode\extensions\redhat.java-1.56.0-win32-x64\jre\21.0.12.1-win32-x86_64\bin\instrument.dll
0x00007fff9eb70000 - 0x00007fff9eb90000 	C:\Users\nhlan\.vscode\extensions\redhat.java-1.56.0-win32-x64\jre\21.0.12.1-win32-x86_64\bin\java.dll
0x00007fffa1e50000 - 0x00007fffa26fe000 	C:\WINDOWS\SYSTEM32\windows.storage.dll
0x00007fffa5090000 - 0x00007fffa518b000 	C:\WINDOWS\System32\SHCORE.dll
0x00007fffa6a30000 - 0x00007fffa6a96000 	C:\WINDOWS\System32\shlwapi.dll
0x00007fffa4340000 - 0x00007fffa4369000 	C:\WINDOWS\SYSTEM32\profapi.dll
0x00007fff9e740000 - 0x00007fff9e758000 	C:\Users\nhlan\.vscode\extensions\redhat.java-1.56.0-win32-x64\jre\21.0.12.1-win32-x86_64\bin\zip.dll
0x00007fff9f5e0000 - 0x00007fff9f5f0000 	C:\Users\nhlan\.vscode\extensions\redhat.java-1.56.0-win32-x64\jre\21.0.12.1-win32-x86_64\bin\net.dll
0x00007fff98670000 - 0x00007fff9879a000 	C:\WINDOWS\SYSTEM32\WINHTTP.dll
0x00007fffa36b0000 - 0x00007fffa371c000 	C:\WINDOWS\system32\mswsock.dll
0x00007fff9da60000 - 0x00007fff9da76000 	C:\Users\nhlan\.vscode\extensions\redhat.java-1.56.0-win32-x64\jre\21.0.12.1-win32-x86_64\bin\nio.dll
0x00007fff9f330000 - 0x00007fff9f340000 	C:\Users\nhlan\.vscode\extensions\redhat.java-1.56.0-win32-x64\jre\21.0.12.1-win32-x86_64\bin\verify.dll
0x00007fff7fb50000 - 0x00007fff7fb77000 	C:\Users\nhlan\.gradle\native\c067742578af261105cb4f569cf0c3c89f3d7b1fecec35dd04571415982c5e48\windows-amd64\native-platform.dll
0x00007fff1fb20000 - 0x00007fff1fc64000 	C:\Users\nhlan\.gradle\native\100fb08df4bc3b14c8652ba06237920a3bd2aa13389f12d3474272988ae205f9\windows-amd64\native-platform-file-events.dll
0x00007fff9ee60000 - 0x00007fff9ee6a000 	C:\Users\nhlan\.vscode\extensions\redhat.java-1.56.0-win32-x64\jre\21.0.12.1-win32-x86_64\bin\management.dll
0x00007fff9ed80000 - 0x00007fff9ed8c000 	C:\Users\nhlan\.vscode\extensions\redhat.java-1.56.0-win32-x64\jre\21.0.12.1-win32-x86_64\bin\management_ext.dll
0x00007fffa6640000 - 0x00007fffa6648000 	C:\WINDOWS\System32\PSAPI.DLL
0x00007fffa39a0000 - 0x00007fffa39bb000 	C:\WINDOWS\SYSTEM32\CRYPTSP.dll
0x00007fffa3050000 - 0x00007fffa3089000 	C:\WINDOWS\system32\rsaenh.dll
0x00007fffa3760000 - 0x00007fffa3794000 	C:\WINDOWS\SYSTEM32\USERENV.dll
0x00007fffa4310000 - 0x00007fffa433a000 	C:\WINDOWS\SYSTEM32\bcrypt.dll
0x00007fffa39c0000 - 0x00007fffa39cc000 	C:\WINDOWS\SYSTEM32\CRYPTBASE.dll
0x00007fffa2b30000 - 0x00007fffa2b63000 	C:\WINDOWS\SYSTEM32\IPHLPAPI.DLL
0x00007fffa6aa0000 - 0x00007fffa6aaa000 	C:\WINDOWS\System32\NSI.dll
0x00007fff9e8d0000 - 0x00007fff9e8d9000 	C:\Users\nhlan\.vscode\extensions\redhat.java-1.56.0-win32-x64\jre\21.0.12.1-win32-x86_64\bin\extnet.dll
0x00007fff9ea40000 - 0x00007fff9ea4e000 	C:\Users\nhlan\.vscode\extensions\redhat.java-1.56.0-win32-x64\jre\21.0.12.1-win32-x86_64\bin\sunmscapi.dll
0x00007fffa4630000 - 0x00007fffa47ae000 	C:\WINDOWS\System32\CRYPT32.dll
0x00007fffa3be0000 - 0x00007fffa3c10000 	C:\WINDOWS\SYSTEM32\ncrypt.dll
0x00007fffa3b90000 - 0x00007fffa3bcf000 	C:\WINDOWS\SYSTEM32\NTASN1.dll
0x00007fff7e6f0000 - 0x00007fff7e6f8000 	C:\WINDOWS\system32\wshunix.dll

JVMTI agents:
C:\Users\nhlan\.gradle\wrapper\dists\gradle-8.9-bin\90cnw93cvbtalezasaz0blq0a\gradle-8.9\lib\agents\gradle-instrumentation-agent-8.9.jar path:C:\Users\nhlan\.vscode\extensions\redhat.java-1.56.0-win32-x64\jre\21.0.12.1-win32-x86_64\bin\instrument.dll, loaded, initialized, instrumentlib options:none

dbghelp: loaded successfully - version: 4.0.5 - missing functions: none
symbol engine: initialized successfully - sym options: 0x614 - pdb path: .;C:\Users\nhlan\.vscode\extensions\redhat.java-1.56.0-win32-x64\jre\21.0.12.1-win32-x86_64\bin;C:\WINDOWS\SYSTEM32;C:\WINDOWS\WinSxS\amd64_microsoft.windows.common-controls_6595b64144ccf1df_6.0.26100.9278_none_3e0d1ba8e3303201;C:\Program Files\Windhawk\Engine\1.7.3\64;C:\ProgramData\Windhawk\Engine\Mods\64;C:\Users\nhlan\.vscode\extensions\redhat.java-1.56.0-win32-x64\jre\21.0.12.1-win32-x86_64\bin\server;C:\Users\nhlan\.gradle\native\c067742578af261105cb4f569cf0c3c89f3d7b1fecec35dd04571415982c5e48\windows-amd64;C:\Users\nhlan\.gradle\native\100fb08df4bc3b14c8652ba06237920a3bd2aa13389f12d3474272988ae205f9\windows-amd64

VM Arguments:
jvm_args: --add-opens=java.base/java.util=ALL-UNNAMED --add-opens=java.base/java.lang=ALL-UNNAMED --add-opens=java.base/java.lang.invoke=ALL-UNNAMED --add-opens=java.prefs/java.util.prefs=ALL-UNNAMED --add-exports=jdk.compiler/com.sun.tools.javac.api=ALL-UNNAMED --add-exports=jdk.compiler/com.sun.tools.javac.util=ALL-UNNAMED --add-opens=java.base/java.nio.charset=ALL-UNNAMED --add-opens=java.base/java.net=ALL-UNNAMED --add-opens=java.base/java.util.concurrent.atomic=ALL-UNNAMED -Xmx2048m -Dfile.encoding=UTF-8 -Duser.country=ZA -Duser.language=en -Duser.variant -javaagent:C:\Users\nhlan\.gradle\wrapper\dists\gradle-8.9-bin\90cnw93cvbtalezasaz0blq0a\gradle-8.9\lib\agents\gradle-instrumentation-agent-8.9.jar 
java_command: org.gradle.launcher.daemon.bootstrap.GradleDaemon 8.9
java_class_path (initial): C:\Users\nhlan\.gradle\wrapper\dists\gradle-8.9-bin\90cnw93cvbtalezasaz0blq0a\gradle-8.9\lib\gradle-daemon-main-8.9.jar
Launcher Type: SUN_STANDARD

[Global flags]
     intx CICompilerCount                          = 4                                         {product} {ergonomic}
     uint ConcGCThreads                            = 2                                         {product} {ergonomic}
     uint G1ConcRefinementThreads                  = 8                                         {product} {ergonomic}
   size_t G1HeapRegionSize                         = 1048576                                   {product} {ergonomic}
    uintx GCDrainStackTargetSize                   = 64                                        {product} {ergonomic}
   size_t InitialHeapSize                          = 130023424                                 {product} {ergonomic}
   size_t MarkStackSize                            = 4194304                                   {product} {ergonomic}
   size_t MaxHeapSize                              = 2147483648                                {product} {command line}
   size_t MaxNewSize                               = 1287651328                                {product} {ergonomic}
   size_t MinHeapDeltaBytes                        = 1048576                                   {product} {ergonomic}
   size_t MinHeapSize                              = 8388608                                   {product} {ergonomic}
    uintx NonNMethodCodeHeapSize                   = 5839372                                {pd product} {ergonomic}
    uintx NonProfiledCodeHeapSize                  = 122909434                              {pd product} {ergonomic}
    uintx ProfiledCodeHeapSize                     = 122909434                              {pd product} {ergonomic}
    uintx ReservedCodeCacheSize                    = 251658240                              {pd product} {ergonomic}
     bool SegmentedCodeCache                       = true                                      {product} {ergonomic}
   size_t SoftMaxHeapSize                          = 2147483648                             {manageable} {ergonomic}
     bool UseCompressedOops                        = true                           {product lp64_product} {ergonomic}
     bool UseG1GC                                  = true                                      {product} {ergonomic}
     bool UseLargePagesIndividualAllocation        = false                                  {pd product} {ergonomic}

Logging:
Log output configuration:
 #0: stdout all=warning uptime,level,tags foldmultilines=false
 #1: stderr all=off uptime,level,tags foldmultilines=false

Release file:
JAVA_VERSION="21.0.12.1" 
MODULES="java.base java.compiler java.datatransfer java.xml java.prefs java.desktop java.instrument java.logging java.management java.security.sasl java.naming java.rmi java.management.rmi java.net.http java.scripting java.security.jgss java.transaction.xa java.sql java.sql.rowset java.xml.crypto java.se java.smartcardio jdk.accessibility jdk.internal.jvmstat jdk.attach jdk.charsets jdk.internal.opt jdk.zipfs jdk.compiler jdk.crypto.ec jdk.crypto.cryptoki jdk.crypto.mscapi jdk.dynalink jdk.internal.ed jdk.editpad jdk.hotspot.agent jdk.httpserver jdk.internal.le jdk.internal.vm.ci jdk.internal.vm.compiler jdk.internal.vm.compiler.management jdk.jartool jdk.javadoc jdk.jcmd jdk.management jdk.management.agent jdk.jconsole jdk.jdeps jdk.jdwp.agent jdk.jdi jdk.jfr jdk.jshell jdk.jsobject jdk.jstatd jdk.localedata jdk.management.jfr jdk.naming.dns jdk.naming.rmi jdk.net jdk.nio.mapmode jdk.random jdk.sctp jdk.security.auth jdk.security.jgss jdk.unsupported jdk.unsupported.desktop jdk.xml.dom" 

Environment Variables:
JAVA_HOME=C:\Program Files\Java\jdk-20
PATH=C:\Program Files\Common Files\Oracle\Java\javapath;C:\Windows\system32;C:\Windows;C:\Windows\System32\Wbem;C:\Windows\System32\WindowsPowerShell\v1.0\;C:\Windows\System32\OpenSSH\;C:\Program Files\dotnet\;C:\WINDOWS\system32;C:\WINDOWS;C:\WINDOWS\System32\Wbem;C:\WINDOWS\System32\WindowsPowerShell\v1.0\;C:\WINDOWS\System32\OpenSSH\;C:\Program Files\Java\jdk-20\bin;C:\Program Files (x86)\Microsoft SQL Server\160\DTS\Binn\;C:\Program Files (x86)\Microsoft SQL Server\160\Tools\Binn\;C:\Program Files\Microsoft SQL Server\160\Tools\Binn\;C:\Program Files\Microsoft SQL Server\Client SDK\ODBC\170\Tools\Binn\;C:\Program Files\Microsoft SQL Server\160\DTS\Binn\;C:\Program Files\RedHat\Podman\;C:\Program Files\Git\cmd;C:\Program Files\nodejs\;C:\Program Files\Amazon\AWSCLIV2\;C:\Program Files\GitHub CLI\;C:\Users\nhlan\AppData\Local\Microsoft\WindowsApps;C:\Users\nhlan\.dotnet\tools;C:\Users\nhlan\AppData\Local\Programs\Microsoft VS Code\bin;C:\Program Files\Azure Data Studio\bin;C:\Users\nhlan\AppData\Local\Microsoft\WinGet\Packages\Astronomer.Astro_Microsoft.Winget.Source_8wekyb3d8bbwe;C:\Users\nhlan\AppData\Local\Programs\Kiro\bin;C:\Users\nhlan\AppData\Local\GitHubDesktop\bin;C:\Users\nhlan\AppData\Roaming\npm
USERNAME=nhlanhla
OS=Windows_NT
PROCESSOR_IDENTIFIER=Intel64 Family 6 Model 140 Stepping 1, GenuineIntel
TMP=C:\Users\nhlan\AppData\Local\Temp
TEMP=C:\Users\nhlan\AppData\Local\Temp




Periodic native trim disabled

---------------  S Y S T E M  ---------------

OS:
 Windows 11 , 64 bit Build 26100 (10.0.26100.9444)
OS uptime: 19 days 15:17 hours
Hyper-V role detected

CPU: total 8 (initial active 8) (4 cores per cpu, 2 threads per core) family 6 model 140 stepping 1 microcode 0xb6, cx8, cmov, fxsr, ht, mmx, 3dnowpref, sse, sse2, sse3, ssse3, sse4.1, sse4.2, popcnt, lzcnt, tsc, tscinvbit, avx, avx2, aes, erms, clmul, bmi1, bmi2, adx, avx512f, avx512dq, avx512cd, avx512bw, avx512vl, sha, fma, vzeroupper, avx512_vpopcntdq, avx512_vpclmulqdq, avx512_vaes, avx512_vnni, clflush, clflushopt, clwb, avx512_vbmi2, avx512_vbmi, hv, rdtscp, rdpid, fsrm, gfni, avx512_bitalg, f16c, cet_ibt, cet_ss, avx512_ifma
Processor Information for the first 8 processors :
  Max Mhz: 2419, Current Mhz: 2419, Mhz Limit: 2419

Memory: 4k page, system-wide physical 7886M (257M free)
TotalPageFile size 32462M (AvailPageFile size 304M)
current process WorkingSet (physical memory assigned to process): 169M, peak: 172M
current process commit charge ("private bytes"): 272M, peak: 280M

vm_info: OpenJDK 64-Bit Server VM (21.0.12.1+1-LTS) for windows-amd64 JRE (21.0.12.1+1-LTS), built on 2026-08-18T00:00:00Z by "admin" with MS VC++ 17.12 (VS2022)

END.
